time     running waiting
14:04:15 0 0
14:04:16 0 0
14:04:17 0 0
14:04:18 0 0
14:04:19 0 0
14:04:20 0 0
14:04:21 0 0
14:04:22 0 0
14:04:23 0 0
14:04:24 0 0
14:04:25 0 0
14:04:26 0 0
14:04:27 0 0
14:04:28 0 0
14:04:29 0 0
14:04:30 0 0
14:04:31 0 0
14:04:32 0 0
14:04:33 0 0
14:04:34 0 0
14:04:35 0 0
14:04:36 0 0
14:04:37 0 0
14:04:38 0 0
14:04:39 0 0
14:04:40 0 0
14:04:41 0 0
14:04:42 0 0
14:04:43 0 0
14:04:44 0 0
14:04:45 0 0
14:04:46 0 0
14:04:47 0 0
14:04:48 0 0
14:04:49 0 0
14:04:50 0 0
14:04:51 0 0
14:04:52 0 0
14:04:53 0 0
14:04:54 0 0
14:04:55 0 0
14:04:56 0 0
14:04:57 0 0
14:04:58 0 0
14:04:59 0 0
14:05:00 0 0
14:05:01 0 0
14:05:02 0 0
14:05:03 0 0
14:05:04 0 0
14:05:05 0 0
14:05:06 0 0
14:05:07 0 0
14:05:08 0 0
14:05:09 0 0
14:05:10 0 0
14:05:11 0 0
14:05:12 0 0
14:05:13 1 0
14:05:14 0 0
14:05:15 1 0
14:05:16 0 0
14:05:17 1 0
14:05:18 2 0
14:05:19 4 0
14:05:20 3 0
14:05:21 5 0
14:05:22 2 0
14:05:23 0 0
14:05:24 3 0
14:05:25 4 0
14:05:26 5 0
14:05:27 1 0
14:05:28 0 0
14:05:29 2 0
14:05:30 3 0
14:05:31 1 0
14:05:32 0 0
14:05:33 0 0
14:05:34 1 0
14:05:35 2 0
14:05:36 2 0
14:05:37 4 0
14:05:38 4 0
14:05:39 5 0
14:05:40 3 0
14:05:41 2 0
14:05:42 3 0
14:05:43 3 0
14:05:44 0 0
14:05:45 1 0
14:05:46 0 0
14:05:47 1 0
14:05:48 2 0
14:05:49 4 0
14:05:50 6 0
14:05:51 7 0
14:05:52 4 0
14:05:53 0 0
14:05:54 0 0
14:05:55 1 0
14:05:56 2 0
14:05:57 4 0
14:05:58 5 0
14:05:59 6 0
14:06:00 2 0
14:06:01 0 0
14:06:02 3 0
14:06:03 5 1
14:06:04 8 0
14:06:05 10 0
14:06:06 11 0
14:06:07 12 0
14:06:08 2 0
14:06:09 4 0
14:06:10 6 0
14:06:11 5 0
14:06:12 6 0
14:06:13 0 0
14:06:14 0 0
14:06:15 0 0
14:06:16 0 0
14:06:17 0 0
14:06:18 0 0
14:06:19 0 0
14:06:20 0 0
14:06:21 0 0
14:06:22 0 0
14:06:23 0 0
14:06:24 0 0
14:06:25 0 0
14:06:26 0 0
14:06:27 0 0
14:06:28 0 0
14:06:29 0 0
14:06:30 0 0
14:06:31 0 0
14:06:32 0 0
