time     running waiting
14:06:35 0 0
14:06:36 0 0
14:06:37 0 0
14:06:38 0 0
14:06:39 0 0
14:06:40 0 0
14:06:41 0 0
14:06:42 0 0
14:06:43 0 0
14:06:44 0 0
14:06:45 0 0
14:06:46 0 0
14:06:47 0 0
14:06:48 0 0
14:06:49 0 0
14:06:50 0 0
14:06:51 0 0
14:06:52 0 0
14:06:53 0 0
14:06:54 0 0
14:06:55 0 0
14:06:56 0 0
14:06:57 0 0
14:06:58 0 0
14:06:59 0 0
14:07:00 0 0
14:07:01 0 0
14:07:02 0 0
14:07:03 0 0
14:07:04 0 0
14:07:05 0 0
14:07:06 0 0
14:07:07 0 0
14:07:08 0 0
14:07:09 0 0
14:07:10 0 0
14:07:11 0 0
14:07:12 0 0
14:07:13 0 0
14:07:14 0 0
14:07:15 0 0
14:07:16 0 0
14:07:17 0 0
14:07:18 0 0
14:07:19 0 0
14:07:20 0 0
14:07:21 0 0
14:07:22 0 0
14:07:23 0 0
14:07:24 0 0
14:07:25 0 0
14:07:26 0 0
14:07:27 0 0
14:07:28 0 0
14:07:29 0 0
14:07:30 0 0
14:07:31 1 0
14:07:32 2 0
14:07:33 4 0
14:07:34 4 0
14:07:35 4 0
14:07:36 6 0
14:07:37 5 0
14:07:38 5 0
14:07:39 7 0
14:07:40 7 0
14:07:41 5 0
14:07:42 6 0
14:07:43 0 0
14:07:44 2 0
14:07:45 3 0
14:07:46 4 0
14:07:47 6 0
14:07:48 9 0
14:07:49 11 0
14:07:50 8 0
14:07:51 9 0
14:07:52 11 0
14:07:53 11 0
14:07:54 6 0
14:07:55 6 0
14:07:56 0 0
14:07:57 1 0
14:07:58 0 0
14:07:59 2 0
14:08:00 4 0
14:08:01 4 0
14:08:02 0 0
14:08:04 2 0
14:08:05 3 0
14:08:06 5 0
14:08:07 7 0
14:08:08 6 0
14:08:09 5 0
14:08:10 0 0
14:08:11 0 0
14:08:12 2 0
14:08:13 3 0
14:08:14 4 0
14:08:15 2 0
14:08:16 1 0
14:08:17 0 0
14:08:18 0 0
14:08:19 1 0
14:08:20 0 0
14:08:21 0 0
14:08:22 2 0
14:08:23 4 0
14:08:24 5 0
14:08:25 6 0
14:08:26 8 0
14:08:27 3 0
14:08:28 1 0
14:08:29 0 0
14:08:30 0 0
14:08:31 0 0
14:08:32 0 0
14:08:33 0 0
14:08:34 0 0
14:08:35 0 0
14:08:36 0 0
14:08:37 0 0
14:08:38 0 0
14:08:39 0 0
14:08:40 0 0
14:08:41 0 0
14:08:42 0 0
14:08:43 0 0
14:08:44 0 0
14:08:45 0 0
14:08:46 0 0
14:08:47 0 0
14:08:48 0 0
