time     running waiting
14:02:10 0 0
14:02:11 0 0
14:02:12 0 0
14:02:13 0 0
14:02:14 0 0
14:02:15 0 0
14:02:16 0 0
14:02:17 0 0
14:02:18 0 0
14:02:19 0 0
14:02:20 0 0
14:02:21 0 0
14:02:22 0 0
14:02:23 0 0
14:02:24 0 0
14:02:25 0 0
14:02:26 0 0
14:02:27 0 0
14:02:28 0 0
14:02:29 0 0
14:02:30 0 0
14:02:31 0 0
14:02:32 0 0
14:02:33 0 0
14:02:34 0 0
14:02:35 0 0
14:02:36 0 0
14:02:37 0 0
14:02:38 0 0
14:02:39 0 0
14:02:40 0 0
14:02:41 0 0
14:02:42 0 0
14:02:43 0 0
14:02:44 0 0
14:02:45 0 0
14:02:46 0 0
14:02:47 0 0
14:02:48 0 0
14:02:49 0 0
14:02:50 0 0
14:02:51 0 0
14:02:52 0 0
14:02:53 0 0
14:02:54 0 0
14:02:55 0 0
14:02:56 0 0
14:02:57 0 0
14:02:58 0 0
14:02:59 0 0
14:03:00 0 0
14:03:01 0 0
14:03:02 0 0
14:03:03 0 0
14:03:04 0 0
14:03:05 0 0
14:03:06 1 0
14:03:07 0 0
14:03:08 2 0
14:03:09 4 0
14:03:10 6 0
14:03:11 7 0
14:03:12 8 0
14:03:13 1 0
14:03:14 1 0
14:03:15 3 0
14:03:16 5 0
14:03:17 6 0
14:03:18 7 0
14:03:19 7 0
14:03:20 4 0
14:03:21 5 0
14:03:22 7 0
14:03:23 9 0
14:03:24 7 0
14:03:25 7 0
14:03:26 1 0
14:03:27 3 0
14:03:28 6 0
14:03:29 8 0
14:03:30 9 0
14:03:31 9 0
14:03:32 11 0
14:03:33 2 0
14:03:34 0 0
14:03:35 2 0
14:03:36 4 0
14:03:37 5 0
14:03:38 3 0
14:03:39 3 0
14:03:40 3 0
14:03:42 5 0
14:03:43 6 0
14:03:44 3 0
14:03:45 1 0
14:03:46 2 0
14:03:47 4 0
14:03:48 6 0
14:03:49 9 0
14:03:50 11 0
14:03:51 12 0
14:03:52 11 0
14:03:53 1 0
14:03:54 0 0
14:03:55 0 0
14:03:56 0 0
14:03:57 0 0
14:03:58 0 0
14:03:59 0 0
14:04:00 0 0
14:04:01 0 0
14:04:02 0 0
14:04:03 0 0
14:04:04 0 0
14:04:05 0 0
14:04:06 0 0
14:04:07 0 0
14:04:08 0 0
14:04:09 0 0
14:04:10 0 0
14:04:11 0 0
14:04:12 0 0
14:04:13 0 0
