time     running waiting
14:08:51 0 0
14:08:52 0 0
14:08:53 0 0
14:08:54 0 0
14:08:55 0 0
14:08:56 0 0
14:08:57 0 0
14:08:58 0 0
14:08:59 0 0
14:09:00 0 0
14:09:01 0 0
14:09:02 0 0
14:09:03 0 0
14:09:04 0 0
14:09:05 0 0
14:09:06 0 0
14:09:07 0 0
14:09:08 0 0
14:09:09 0 0
14:09:10 0 0
14:09:11 0 0
14:09:12 0 0
14:09:13 0 0
14:09:14 0 0
14:09:15 0 0
14:09:16 0 0
14:09:17 0 0
14:09:18 0 0
14:09:19 0 0
14:09:20 0 0
14:09:21 0 0
14:09:22 0 0
14:09:23 0 0
14:09:24 0 0
14:09:25 0 0
14:09:26 0 0
14:09:27 0 0
14:09:28 0 0
14:09:29 0 0
14:09:30 0 0
14:09:31 0 0
14:09:32 0 0
14:09:33 0 0
14:09:34 0 0
14:09:35 0 0
14:09:36 0 0
14:09:37 0 0
14:09:38 0 0
14:09:39 0 0
14:09:40 0 0
14:09:41 0 0
14:09:42 0 0
14:09:43 0 0
14:09:44 0 0
14:09:45 1 0
14:09:46 0 0
14:09:47 1 0
14:09:48 1 0
14:09:49 0 0
14:09:50 1 0
14:09:51 2 0
14:09:52 4 0
14:09:53 3 0
14:09:54 0 0
14:09:55 0 0
14:09:56 3 0
14:09:57 4 0
14:09:58 6 0
14:09:59 7 0
14:10:00 8 0
14:10:01 4 0
14:10:02 1 0
14:10:03 3 0
14:10:04 6 0
14:10:05 8 0
14:10:06 8 0
14:10:07 9 0
14:10:08 11 0
14:10:09 13 0
14:10:10 15 0
14:10:11 17 0
14:10:12 20 1
14:10:13 22 0
14:10:14 15 0
14:10:15 14 0
14:10:16 0 0
14:10:17 0 0
14:10:18 0 0
14:10:19 3 0
14:10:20 5 0
14:10:21 6 0
14:10:22 8 0
14:10:23 6 0
14:10:24 6 0
14:10:25 2 0
14:10:26 0 0
14:10:27 1 0
14:10:28 0 0
14:10:29 0 0
14:10:30 2 0
14:10:31 3 0
14:10:32 5 0
14:10:33 7 0
14:10:34 5 0
14:10:35 0 0
14:10:36 2 0
14:10:37 0 0
14:10:38 2 0
14:10:39 2 0
14:10:40 0 0
14:10:41 0 0
14:10:42 0 0
14:10:43 0 0
14:10:44 0 0
14:10:45 0 0
14:10:46 0 0
14:10:47 0 0
14:10:48 0 0
14:10:49 0 0
14:10:50 0 0
14:10:51 0 0
14:10:52 0 0
14:10:53 0 0
14:10:54 0 0
14:10:55 0 0
14:10:56 0 0
14:10:57 0 0
14:10:58 0 0
14:10:59 0 0
