time     running waiting
23:32:34 0 0
23:32:35 0 0
23:32:36 0 0
23:32:37 0 0
23:32:38 0 0
23:32:39 0 0
23:32:40 0 0
23:32:41 0 0
23:32:42 0 0
23:32:43 0 0
23:32:44 0 0
23:32:45 0 0
23:32:46 0 0
23:32:47 0 0
23:32:48 0 0
23:32:49 0 0
23:32:50 0 0
23:32:51 0 0
23:32:52 0 0
23:32:53 0 0
23:32:54 0 0
23:32:55 0 0
23:32:56 0 0
23:32:57 0 0
23:32:58 0 0
23:32:59 0 0
23:33:00 0 0
23:33:01 0 0
23:33:02 0 0
23:33:03 0 0
23:33:05 0 0
23:33:06 0 0
23:33:07 0 0
23:33:08 0 0
23:33:09 0 0
23:33:10 0 0
23:33:11 0 0
23:33:12 0 0
23:33:13 0 0
23:33:14 0 0
23:33:15 0 0
23:33:16 0 0
23:33:17 0 0
23:33:18 0 0
23:33:19 0 0
23:33:20 0 0
23:33:21 0 0
23:33:22 0 0
23:33:23 0 0
23:33:24 0 0
23:33:25 0 0
23:33:26 0 0
23:33:27 0 0
23:33:28 0 0
23:33:29 1 0
23:33:30 0 0
23:33:31 0 0
23:33:32 1 0
23:33:33 2 0
23:33:34 2 0
23:33:35 2 0
23:33:36 0 0
23:33:37 0 0
23:33:38 1 0
23:33:39 1 0
23:33:40 1 0
23:33:41 2 0
23:33:42 2 0
23:33:43 4 0
23:33:44 5 0
23:33:45 0 0
23:33:46 2 0
23:33:47 3 0
23:33:48 0 0
23:33:49 2 0
23:33:50 2 0
23:33:51 0 0
23:33:52 0 0
23:33:53 0 0
23:33:54 0 0
23:33:55 1 0
23:33:56 2 0
23:33:57 1 0
23:33:58 0 0
23:33:59 0 0
23:34:00 1 0
23:34:01 1 0
23:34:02 2 0
23:34:03 2 0
23:34:04 0 0
23:34:05 0 0
23:34:06 2 0
23:34:07 2 0
23:34:08 0 0
23:34:09 1 0
23:34:10 1 0
23:34:11 0 0
23:34:12 0 0
23:34:13 1 0
23:34:14 2 0
23:34:15 1 0
23:34:16 0 0
23:34:17 1 0
23:34:18 2 0
23:34:19 1 0
23:34:20 0 0
23:34:21 1 0
23:34:22 1 0
23:34:23 0 0
23:34:24 0 0
23:34:25 0 0
23:34:26 0 0
23:34:27 0 0
23:34:28 1 0
23:34:29 1 0
23:34:30 0 0
23:34:31 1 0
23:34:32 0 0
23:34:33 1 0
23:34:34 0 0
23:34:35 0 0
23:34:36 2 0
23:34:37 2 0
23:34:38 0 1
23:34:39 1 0
23:34:40 1 0
23:34:41 2 0
23:34:42 0 0
23:34:43 0 0
23:34:44 2 0
23:34:45 2 0
23:34:46 0 0
23:34:47 1 0
23:34:48 3 0
23:34:49 3 0
23:34:50 0 0
23:34:51 0 0
23:34:52 0 0
23:34:53 0 0
23:34:54 1 0
23:34:55 2 0
23:34:56 3 0
23:34:57 2 0
23:34:58 0 0
23:34:59 0 0
23:35:00 2 0
23:35:01 3 0
23:35:02 1 0
23:35:03 0 0
23:35:04 0 0
23:35:05 0 0
23:35:06 0 0
23:35:07 1 0
23:35:08 0 0
23:35:09 0 0
23:35:10 1 0
23:35:11 2 0
23:35:12 2 0
23:35:13 1 0
23:35:14 2 1
23:35:15 3 0
23:35:16 0 0
23:35:17 0 0
23:35:18 0 0
23:35:19 1 0
23:35:20 2 0
23:35:21 1 0
23:35:22 0 0
23:35:23 0 0
23:35:24 0 0
23:35:25 0 0
23:35:26 0 0
23:35:27 0 0
23:35:28 0 0
23:35:29 0 0
23:35:30 0 0
23:35:31 0 0
23:35:32 0 0
23:35:33 0 0
23:35:34 0 0
23:35:35 0 0
23:35:36 0 0
23:35:37 0 0
23:35:38 0 0
23:35:39 0 0
23:35:40 0 0
23:35:41 0 0
23:35:42 0 0
23:35:43 0 0
23:35:44 0 0
23:35:45 0 0
23:35:46 0 0
23:35:47 0 0
23:35:48 0 0
23:35:49 0 0
23:35:51 0 0
23:35:52 0 0
23:35:53 0 0
23:35:54 0 0
23:35:55 0 0
23:35:56 0 0
23:35:57 0 0
23:35:58 0 0
23:35:59 0 0
23:36:00 0 0
23:36:01 0 0
23:36:02 0 0
23:36:03 0 0
23:36:04 0 0
23:36:05 0 0
23:36:06 0 0
23:36:07 0 0
