time     running waiting
00:44:13 0 0
00:44:14 0 0
00:44:15 0 0
00:44:16 0 0
00:44:17 0 0
00:44:18 0 0
00:44:19 0 0
00:44:20 0 0
00:44:21 0 0
00:44:22 0 0
00:44:23 0 0
00:44:24 0 0
00:44:25 0 0
00:44:26 0 0
00:44:27 0 0
00:44:28 0 0
00:44:29 0 0
00:44:30 0 0
00:44:31 0 0
00:44:32 0 0
00:44:33 0 0
00:44:34 0 0
00:44:35 0 0
00:44:36 0 0
00:44:37 0 0
00:44:38 0 0
00:44:39 0 0
00:44:40 0 0
00:44:41 0 0
00:44:42 0 0
00:44:43 0 0
00:44:44 0 0
00:44:45 0 0
00:44:46 0 0
00:44:47 0 0
00:44:48 0 0
00:44:49 0 0
00:44:50 0 0
00:44:51 0 0
00:44:52 0 0
00:44:53 0 0
00:44:54 0 0
00:44:55 0 0
00:44:56 0 0
00:44:57 0 0
00:44:58 0 0
00:44:59 0 0
00:45:00 0 0
00:45:01 0 0
00:45:02 0 0
00:45:03 0 0
00:45:04 0 0
00:45:05 0 0
00:45:06 0 0
00:45:07 0 0
00:45:08 1 0
00:45:09 0 0
00:45:10 0 0
00:45:11 1 0
00:45:12 1 0
00:45:13 3 0
00:45:14 2 0
00:45:15 0 0
00:45:16 1 0
00:45:17 2 0
00:45:18 0 0
00:45:19 1 0
00:45:20 1 0
00:45:21 2 0
00:45:22 3 0
00:45:23 5 0
00:45:24 6 0
00:45:25 2 0
00:45:26 0 0
00:45:27 0 0
00:45:28 1 0
00:45:29 1 1
00:45:30 1 0
00:45:31 1 0
00:45:32 1 0
00:45:33 0 0
00:45:34 1 0
00:45:35 2 0
00:45:36 2 0
00:45:37 1 0
00:45:38 0 0
00:45:39 0 0
00:45:40 0 0
00:45:41 0 0
00:45:42 3 0
00:45:43 5 0
00:45:44 5 0
00:45:45 0 0
00:45:46 0 0
00:45:47 0 0
00:45:48 1 0
00:45:49 2 0
00:45:50 3 0
00:45:51 2 0
00:45:52 1 0
00:45:53 2 0
00:45:54 3 0
00:45:55 2 0
00:45:56 2 0
00:45:57 0 0
00:45:58 1 0
00:45:59 1 0
00:46:00 0 0
00:46:01 0 0
00:46:02 1 0
00:46:03 0 0
00:46:04 0 0
00:46:05 0 0
00:46:06 1 0
00:46:07 1 0
00:46:08 0 0
00:46:09 0 0
00:46:10 1 0
00:46:11 3 0
00:46:12 5 0
00:46:13 6 0
00:46:14 2 0
00:46:15 1 0
00:46:16 0 0
00:46:17 0 0
00:46:18 1 0
00:46:19 1 0
00:46:20 0 0
00:46:21 0 0
00:46:22 2 0
00:46:24 2 0
00:46:25 0 0
00:46:26 0 0
00:46:27 0 0
00:46:28 0 0
00:46:29 1 0
00:46:30 0 0
00:46:31 2 0
00:46:32 3 0
00:46:33 0 0
00:46:34 1 0
00:46:35 2 0
00:46:36 1 0
00:46:37 0 0
00:46:38 1 0
00:46:39 1 0
00:46:40 0 0
00:46:41 0 0
00:46:42 0 0
00:46:43 0 0
00:46:44 1 0
00:46:45 0 0
00:46:46 0 0
00:46:47 0 0
00:46:48 1 0
00:46:49 0 0
00:46:50 0 0
00:46:51 0 0
00:46:52 0 0
00:46:53 0 0
00:46:54 1 0
00:46:55 2 0
00:46:56 3 0
00:46:57 0 0
00:46:58 0 0
00:46:59 0 0
00:47:00 0 0
00:47:01 1 0
00:47:02 0 0
00:47:03 1 0
00:47:04 1 0
00:47:05 0 0
00:47:06 0 0
00:47:07 0 0
00:47:08 0 0
00:47:09 0 0
00:47:10 0 0
00:47:11 0 0
00:47:12 0 0
00:47:13 0 0
00:47:14 0 0
00:47:15 0 0
00:47:16 0 0
00:47:17 0 0
00:47:18 0 0
00:47:19 0 0
00:47:20 0 0
00:47:21 0 0
00:47:22 0 0
00:47:23 0 0
00:47:24 0 0
00:47:25 0 0
00:47:26 0 0
00:47:27 0 0
00:47:28 0 0
00:47:29 0 0
00:47:30 0 0
00:47:31 0 0
00:47:32 0 0
00:47:33 0 0
00:47:34 0 0
00:47:35 0 0
00:47:36 0 0
00:47:37 0 0
00:47:38 0 0
00:47:39 0 0
00:47:40 0 0
00:47:41 0 0
00:47:42 0 0
00:47:43 0 0
00:47:44 0 0
00:47:45 0 0
00:47:46 0 0
00:47:47 0 0
00:47:48 0 0
00:47:49 0 0
