time     running waiting
23:43:05 0 0
23:43:06 0 0
23:43:07 0 0
23:43:08 0 0
23:43:09 0 0
23:43:10 0 0
23:43:11 0 0
23:43:12 0 0
23:43:13 0 0
23:43:14 0 0
23:43:15 0 0
23:43:16 0 0
23:43:17 0 0
23:43:18 0 0
23:43:19 0 0
23:43:20 0 0
23:43:21 0 0
23:43:22 0 0
23:43:23 0 0
23:43:24 0 0
23:43:25 0 0
23:43:26 0 0
23:43:27 0 0
23:43:28 0 0
23:43:29 0 0
23:43:30 0 0
23:43:31 0 0
23:43:32 0 0
23:43:33 0 0
23:43:34 0 0
23:43:35 0 0
23:43:36 0 0
23:43:37 0 0
23:43:38 0 0
23:43:39 0 0
23:43:40 0 0
23:43:41 0 0
23:43:42 0 0
23:43:43 0 0
23:43:44 0 0
23:43:45 0 0
23:43:46 0 0
23:43:47 0 0
23:43:48 0 0
23:43:49 0 0
23:43:50 0 0
23:43:51 0 0
23:43:52 0 0
23:43:53 0 0
23:43:54 0 0
23:43:55 0 0
23:43:56 0 0
23:43:57 0 0
23:43:58 0 0
23:43:59 0 1
23:44:00 0 0
23:44:01 0 0
23:44:02 1 0
23:44:03 0 0
23:44:04 0 0
23:44:05 0 0
23:44:06 1 0
23:44:07 2 0
23:44:08 0 0
23:44:09 1 0
23:44:10 0 0
23:44:11 0 0
23:44:12 0 0
23:44:13 0 0
23:44:14 0 0
23:44:15 0 0
23:44:16 0 0
23:44:18 0 0
23:44:19 1 0
23:44:20 1 0
23:44:21 0 0
23:44:22 1 0
23:44:23 0 0
23:44:24 0 1
23:44:25 1 0
23:44:26 1 0
23:44:27 0 0
23:44:28 0 0
23:44:29 1 0
23:44:30 0 0
23:44:31 1 0
23:44:32 0 0
23:44:33 1 0
23:44:34 1 0
23:44:35 1 0
23:44:36 2 0
23:44:37 2 0
23:44:38 2 0
23:44:39 2 0
23:44:40 0 0
23:44:41 0 0
23:44:42 0 0
23:44:43 0 0
23:44:44 0 0
23:44:45 2 0
23:44:46 2 0
23:44:47 1 0
23:44:48 1 0
23:44:49 0 0
23:44:50 1 0
23:44:51 1 0
23:44:52 0 0
23:44:53 0 0
23:44:54 0 0
23:44:55 0 0
23:44:56 2 0
23:44:57 3 0
23:44:58 1 0
23:44:59 0 0
23:45:00 0 0
23:45:01 0 0
23:45:02 0 0
23:45:03 0 0
23:45:04 1 0
23:45:05 1 0
23:45:06 1 0
23:45:07 0 0
23:45:08 0 0
23:45:09 0 0
23:45:10 0 0
23:45:11 0 0
23:45:12 1 0
23:45:13 0 0
23:45:14 0 0
23:45:15 0 0
23:45:16 1 0
23:45:17 2 0
23:45:18 3 0
23:45:19 1 0
23:45:20 1 0
23:45:21 1 0
23:45:22 2 0
23:45:23 0 0
23:45:24 1 0
23:45:25 2 0
23:45:26 1 0
23:45:27 1 0
23:45:28 0 0
23:45:29 0 0
23:45:30 0 0
23:45:31 0 0
23:45:32 1 0
23:45:33 0 0
23:45:34 0 0
23:45:35 0 0
23:45:36 0 0
23:45:37 0 0
23:45:38 0 0
23:45:39 1 0
23:45:40 2 1
23:45:41 2 0
23:45:42 0 0
23:45:43 0 0
23:45:44 0 0
23:45:45 0 0
23:45:46 0 0
23:45:47 0 0
23:45:48 0 0
23:45:49 0 0
23:45:50 1 0
23:45:51 1 0
23:45:52 1 0
23:45:53 0 0
23:45:54 2 0
23:45:55 4 0
23:45:56 5 0
23:45:57 2 0
23:45:58 0 0
23:45:59 0 0
23:46:00 0 0
23:46:01 0 0
23:46:02 0 0
23:46:03 0 0
23:46:04 0 0
23:46:05 2 0
23:46:06 3 0
23:46:07 4 0
23:46:08 3 0
23:46:09 3 0
23:46:10 1 0
23:46:11 1 0
23:46:12 0 0
23:46:13 0 0
23:46:14 0 0
23:46:15 0 0
23:46:16 2 0
23:46:17 3 0
23:46:18 3 0
23:46:19 2 0
23:46:20 0 0
23:46:21 0 0
23:46:22 0 0
23:46:23 0 0
23:46:24 0 0
23:46:25 0 0
23:46:26 0 0
23:46:27 0 0
23:46:28 1 0
23:46:29 1 0
23:46:30 0 0
23:46:31 0 0
23:46:32 0 0
23:46:33 0 0
23:46:34 0 0
23:46:35 0 0
23:46:36 0 0
23:46:37 0 0
23:46:38 0 0
23:46:39 0 0
23:46:40 0 0
23:46:41 0 0
23:46:42 0 0
23:46:43 0 0
23:46:44 0 0
23:46:45 0 0
23:46:46 0 0
23:46:47 0 0
23:46:48 0 0
23:46:49 0 0
23:46:50 0 0
23:46:51 0 0
23:46:52 0 0
23:46:53 0 0
23:46:54 0 0
23:46:55 0 0
23:46:56 0 0
23:46:57 0 0
23:46:58 0 0
23:46:59 0 0
23:47:00 0 0
23:47:01 0 0
23:47:02 0 0
23:47:03 0 0
23:47:04 0 0
23:47:05 0 0
23:47:06 0 0
23:47:07 0 0
23:47:08 0 0
23:47:09 0 0
23:47:10 0 0
23:47:11 0 0
23:47:13 0 0
23:47:14 0 0
23:47:15 0 0
