time     running waiting
23:22:01 0 0
23:22:02 0 0
23:22:03 0 0
23:22:04 0 0
23:22:05 0 0
23:22:06 0 0
23:22:07 0 0
23:22:08 0 0
23:22:09 0 0
23:22:10 0 0
23:22:11 0 0
23:22:12 0 0
23:22:13 0 0
23:22:14 0 0
23:22:15 0 0
23:22:16 0 0
23:22:17 0 0
23:22:18 0 0
23:22:19 0 0
23:22:20 0 0
23:22:21 0 0
23:22:22 0 0
23:22:23 0 0
23:22:24 0 0
23:22:25 0 0
23:22:26 0 0
23:22:27 0 0
23:22:28 0 0
23:22:29 0 0
23:22:30 0 0
23:22:31 0 0
23:22:32 0 0
23:22:33 0 0
23:22:34 0 0
23:22:35 0 0
23:22:36 0 0
23:22:37 0 0
23:22:38 0 0
23:22:39 0 0
23:22:40 0 0
23:22:41 0 0
23:22:42 0 0
23:22:43 0 0
23:22:44 0 0
23:22:45 0 0
23:22:46 0 0
23:22:47 0 0
23:22:48 0 0
23:22:49 0 0
23:22:50 0 0
23:22:51 0 0
23:22:52 1 0
23:22:53 0 0
23:22:54 0 0
23:22:55 1 0
23:22:56 0 0
23:22:57 0 0
23:22:58 0 0
23:22:59 0 0
23:23:00 1 0
23:23:01 3 0
23:23:02 3 0
23:23:03 0 0
23:23:04 0 0
23:23:05 2 0
23:23:06 2 0
23:23:07 0 0
23:23:08 0 0
23:23:09 0 0
23:23:10 0 0
23:23:11 0 0
23:23:12 0 0
23:23:13 0 0
23:23:14 0 0
23:23:15 1 0
23:23:16 1 0
23:23:17 0 0
23:23:18 0 0
23:23:19 0 0
23:23:20 0 0
23:23:21 0 0
23:23:22 0 0
23:23:23 0 0
23:23:24 0 0
23:23:25 0 0
23:23:26 1 0
23:23:27 1 0
23:23:28 0 0
23:23:29 0 0
23:23:30 1 0
23:23:31 3 0
23:23:33 5 0
23:23:34 6 0
23:23:35 5 0
23:23:36 1 0
23:23:37 1 0
23:23:38 0 0
23:23:39 0 0
23:23:40 1 0
23:23:41 2 0
23:23:42 0 0
23:23:43 0 0
23:23:44 1 0
23:23:45 1 0
23:23:46 1 0
23:23:47 1 0
23:23:48 1 0
23:23:49 2 0
23:23:50 1 0
23:23:51 1 0
23:23:52 2 0
23:23:53 2 0
23:23:54 1 0
23:23:55 0 0
23:23:56 2 0
23:23:57 1 0
23:23:58 1 0
23:23:59 1 0
23:24:00 0 0
23:24:01 0 0
23:24:02 0 0
23:24:03 1 0
23:24:04 0 0
23:24:05 0 0
23:24:06 1 0
23:24:07 2 0
23:24:08 2 0
23:24:09 4 0
23:24:10 2 0
23:24:11 0 0
23:24:12 1 0
23:24:13 2 0
23:24:14 1 0
23:24:15 1 0
23:24:16 0 0
23:24:17 1 0
23:24:18 4 1
23:24:19 6 0
23:24:20 7 0
23:24:21 7 0
23:24:22 0 0
23:24:23 1 0
23:24:24 1 0
23:24:25 2 0
23:24:26 3 0
23:24:27 2 0
23:24:28 0 0
23:24:29 0 0
23:24:30 1 0
23:24:31 2 0
23:24:32 0 0
23:24:33 0 0
23:24:34 0 0
23:24:35 0 0
23:24:36 1 0
23:24:37 2 0
23:24:38 3 0
23:24:39 4 0
23:24:40 6 0
23:24:41 5 0
23:24:42 5 0
23:24:43 0 0
23:24:44 0 0
23:24:45 0 0
23:24:46 0 0
23:24:47 1 0
23:24:48 2 0
23:24:49 0 0
23:24:50 0 0
23:24:51 0 0
23:24:52 0 0
23:24:53 0 0
23:24:54 0 0
23:24:55 0 0
23:24:56 0 0
23:24:57 0 0
23:24:58 0 0
23:24:59 0 0
23:25:00 0 0
23:25:01 0 0
23:25:02 0 0
23:25:03 0 0
23:25:04 0 0
23:25:05 0 0
23:25:06 0 0
23:25:07 0 0
23:25:08 0 0
23:25:09 0 0
23:25:10 0 0
23:25:11 0 0
23:25:12 0 0
23:25:13 0 0
23:25:14 0 0
23:25:15 0 0
23:25:16 0 0
23:25:17 0 0
23:25:18 0 0
23:25:19 0 0
23:25:20 0 0
23:25:21 0 0
23:25:22 0 0
23:25:23 0 0
23:25:24 0 0
23:25:25 0 0
23:25:26 0 0
23:25:27 0 0
23:25:28 0 0
23:25:29 0 0
23:25:30 0 0
23:25:31 0 0
23:25:32 0 0
23:25:33 0 0
