time     running waiting
02:51:16 0 0
02:51:17 0 0
02:51:18 0 0
02:51:19 0 0
02:51:20 0 0
02:51:21 0 0
02:51:22 0 0
02:51:23 0 0
02:51:24 0 0
02:51:25 0 0
02:51:26 0 0
02:51:27 0 0
02:51:28 0 0
02:51:29 0 0
02:51:30 0 0
02:51:31 0 0
02:51:32 0 0
02:51:33 0 0
02:51:34 0 0
02:51:35 0 0
02:51:36 0 0
02:51:37 0 0
02:51:38 0 0
02:51:39 0 0
02:51:40 0 0
02:51:41 0 0
02:51:42 0 0
02:51:43 0 0
02:51:44 0 0
02:51:45 0 0
02:51:46 0 0
02:51:47 0 0
02:51:48 0 0
02:51:49 0 0
02:51:50 0 0
02:51:51 0 0
02:51:52 0 0
02:51:53 0 0
02:51:54 0 0
02:51:55 0 0
02:51:56 0 0
02:51:57 0 0
02:51:58 0 0
02:51:59 0 0
02:52:00 0 0
02:52:01 0 0
02:52:02 0 0
02:52:03 0 0
02:52:04 0 0
02:52:05 0 0
02:52:06 0 0
02:52:07 0 0
02:52:08 0 0
02:52:09 0 0
02:52:10 0 0
02:52:11 0 0
02:52:12 0 0
02:52:13 0 0
02:52:14 0 0
02:52:15 0 0
02:52:16 0 0
02:52:17 0 0
02:52:18 0 0
02:52:19 0 0
02:52:20 0 0
02:52:21 0 0
02:52:22 0 0
02:52:23 0 0
02:52:24 0 0
02:52:25 0 0
02:52:26 0 0
02:52:27 0 0
02:52:28 0 0
02:52:29 0 0
02:52:30 0 0
02:52:32 0 0
02:52:33 0 0
02:52:34 0 0
02:52:35 0 0
02:52:36 0 0
02:52:37 0 0
02:52:38 0 0
02:52:39 0 0
02:52:40 0 0
02:52:41 0 0
02:52:42 0 0
02:52:43 0 0
02:52:44 0 0
02:52:45 0 0
02:52:46 0 0
02:52:47 0 0
02:52:48 0 0
02:52:49 0 0
02:52:50 0 0
02:52:51 0 0
02:52:52 0 0
02:52:53 0 0
02:52:54 0 0
02:52:55 0 0
02:52:56 0 0
02:52:57 0 0
02:52:58 0 0
02:52:59 0 0
02:53:00 0 0
02:53:01 0 0
02:53:02 0 0
02:53:03 0 0
02:53:04 0 0
02:53:05 0 0
02:53:06 0 0
02:53:07 0 0
02:53:08 0 0
02:53:09 0 0
02:53:10 0 0
02:53:11 0 0
02:53:12 0 0
02:53:13 0 0
02:53:14 0 0
02:53:15 0 0
02:53:16 0 0
02:53:17 0 0
02:53:18 0 0
02:53:19 0 0
02:53:20 0 0
02:53:21 0 0
02:53:22 0 0
02:53:23 0 0
02:53:24 0 0
02:53:25 0 0
02:53:26 0 0
02:53:27 0 0
02:53:28 0 0
02:53:29 0 0
02:53:30 0 0
02:53:31 0 0
02:53:32 0 0
02:53:33 0 0
02:53:34 0 0
02:53:35 0 0
02:53:36 0 0
02:53:37 0 0
02:53:38 0 0
02:53:39 0 0
02:53:40 0 0
02:53:41 0 0
02:53:42 0 0
02:53:43 0 0
02:53:44 0 0
02:53:45 0 0
02:53:46 0 0
02:53:47 0 0
02:53:48 0 0
02:53:49 0 0
02:53:50 0 0
02:53:51 0 0
02:53:52 0 0
02:53:53 0 0
02:53:54 0 0
02:53:55 0 0
02:53:56 0 0
02:53:57 0 0
02:53:58 0 0
02:53:59 0 0
02:54:00 0 0
02:54:01 1 0
02:54:02 0 0
02:54:03 1 0
02:54:04 1 0
02:54:05 3 0
02:54:06 5 0
02:54:07 7 0
02:54:08 9 1
02:54:09 11 1
02:54:10 14 0
02:54:11 16 0
02:54:12 18 1
02:54:13 20 0
02:54:14 22 0
02:54:15 23 1
02:54:16 25 1
02:54:17 27 0
02:54:18 28 0
02:54:19 24 0
02:54:20 22 0
02:54:21 23 1
02:54:22 24 1
02:54:23 25 0
02:54:24 26 1
02:54:25 27 1
02:54:26 30 0
02:54:27 32 0
02:54:28 35 2
02:54:29 36 1
02:54:30 38 1
02:54:31 39 1
02:54:32 40 2
02:54:33 42 2
02:54:34 42 0
02:54:35 41 0
02:54:36 40 0
02:54:37 38 0
02:54:38 32 0
02:54:39 30 1
02:54:40 28 0
02:54:41 26 0
02:54:42 21 2
02:54:43 21 1
02:54:44 21 0
02:54:45 21 0
02:54:46 22 1
02:54:47 24 1
02:54:48 27 0
02:54:49 29 2
02:54:50 32 0
02:54:51 35 2
02:54:52 37 2
02:54:53 39 2
02:54:54 42 1
02:54:55 44 1
02:54:56 46 2
02:54:57 48 3
02:54:58 51 3
02:54:59 54 3
02:55:00 56 3
02:55:01 59 3
02:55:02 61 4
02:55:03 63 3
02:55:04 66 3
02:55:05 67 4
02:55:06 69 3
02:55:07 70 3
02:55:08 73 3
02:55:09 74 3
02:55:10 76 4
02:55:11 78 4
02:55:12 80 4
02:55:13 82 3
02:55:14 84 3
02:55:15 86 3
02:55:16 87 4
02:55:17 87 4
02:55:18 88 2
02:55:19 89 0
02:55:20 89 0
02:55:21 89 0
02:55:22 90 0
02:55:23 84 0
02:55:24 64 0
02:55:25 58 1
02:55:26 56 0
02:55:27 51 0
02:55:28 47 0
02:55:29 44 1
02:55:30 42 1
02:55:31 41 0
02:55:32 38 1
02:55:33 26 0
02:55:34 20 0
02:55:36 5 0
02:55:37 2 0
02:55:38 4 0
02:55:39 6 1
02:55:40 9 1
02:55:41 11 1
02:55:42 14 0
02:55:43 17 0
02:55:44 19 0
02:55:45 20 0
02:55:46 20 0
02:55:47 8 0
02:55:48 4 0
02:55:49 3 1
02:55:50 6 0
02:55:51 8 0
02:55:52 10 0
02:55:53 12 0
02:55:54 10 0
02:55:55 0 0
02:55:56 0 0
02:55:57 0 0
02:55:58 0 0
02:55:59 0 0
02:56:00 0 0
02:56:01 0 0
02:56:02 0 0
02:56:03 0 0
02:56:04 0 0
02:56:05 0 0
02:56:06 0 0
02:56:07 0 0
02:56:08 0 0
02:56:09 0 0
02:56:10 0 0
02:56:11 0 0
02:56:12 0 0
02:56:13 0 0
02:56:14 0 0
02:56:15 0 0
02:56:16 0 0
02:56:17 0 0
02:56:18 0 0
02:56:19 0 0
02:56:20 0 0
02:56:21 0 0
02:56:22 0 0
02:56:23 0 0
02:56:24 0 0
02:56:25 0 0
02:56:26 0 0
02:56:27 0 0
02:56:28 0 0
02:56:29 0 0
02:56:30 0 0
02:56:31 0 0
02:56:32 0 0
02:56:33 0 0
02:56:34 0 0
02:56:35 0 0
02:56:36 0 0
02:56:37 0 0
02:56:38 0 0
02:56:39 0 0
