time     running waiting
02:25:58 0 0
02:25:59 0 0
02:26:00 0 0
02:26:01 0 0
02:26:02 0 0
02:26:03 0 0
02:26:04 0 0
02:26:05 0 0
02:26:06 0 0
02:26:07 0 0
02:26:08 0 0
02:26:09 0 0
02:26:10 0 0
02:26:11 0 0
02:26:12 0 0
02:26:13 0 0
02:26:14 0 0
02:26:15 0 0
02:26:16 0 0
02:26:17 0 0
02:26:18 0 0
02:26:19 0 0
02:26:20 0 0
02:26:21 0 0
02:26:22 0 0
02:26:23 0 0
02:26:24 0 0
02:26:25 0 0
02:26:26 0 0
02:26:27 0 0
02:26:28 0 0
02:26:29 0 0
02:26:30 0 0
02:26:32 0 0
02:26:33 0 0
02:26:34 0 0
02:26:35 0 0
02:26:36 0 0
02:26:37 0 0
02:26:38 0 0
02:26:39 0 0
02:26:40 0 0
02:26:41 0 0
02:26:42 0 0
02:26:43 0 0
02:26:44 0 0
02:26:45 0 0
02:26:46 0 0
02:26:47 0 0
02:26:48 0 0
02:26:49 0 0
02:26:50 0 0
02:26:51 0 0
02:26:52 0 0
02:26:53 0 0
02:26:54 0 0
02:26:55 0 0
02:26:56 0 0
02:26:57 0 0
02:26:58 0 0
02:26:59 0 0
02:27:00 0 0
02:27:01 0 0
02:27:02 0 0
02:27:03 0 0
02:27:04 0 0
02:27:05 0 0
02:27:06 0 0
02:27:07 0 0
02:27:08 0 0
02:27:09 0 0
02:27:10 0 0
02:27:11 0 0
02:27:12 0 0
02:27:13 0 0
02:27:14 0 0
02:27:15 0 0
02:27:16 0 0
02:27:17 0 0
02:27:18 0 0
02:27:19 0 0
02:27:20 0 0
02:27:21 0 0
02:27:22 0 0
02:27:23 0 0
02:27:24 0 0
02:27:25 0 0
02:27:26 0 0
02:27:27 0 0
02:27:28 0 0
02:27:29 0 0
02:27:30 0 0
02:27:31 0 0
02:27:32 0 0
02:27:33 0 0
02:27:34 0 0
02:27:35 0 0
02:27:36 0 0
02:27:37 0 0
02:27:38 0 0
02:27:39 0 0
02:27:40 0 0
02:27:41 0 0
02:27:42 0 0
02:27:43 0 0
02:27:44 0 0
02:27:45 0 0
02:27:46 0 0
02:27:47 0 0
02:27:48 0 0
02:27:49 0 0
02:27:50 0 0
02:27:51 0 0
02:27:52 0 0
02:27:53 0 0
02:27:54 0 0
02:27:55 0 0
02:27:56 0 0
02:27:57 0 0
02:27:58 0 0
02:27:59 0 0
02:28:00 0 0
02:28:01 0 0
02:28:02 0 0
02:28:03 0 0
02:28:04 0 0
02:28:05 0 0
02:28:06 0 0
02:28:07 0 0
02:28:08 0 0
02:28:09 0 0
02:28:10 0 0
02:28:11 0 0
02:28:12 0 0
02:28:13 0 0
02:28:14 0 0
02:28:15 0 0
02:28:16 0 0
02:28:17 0 0
02:28:18 0 0
02:28:19 0 0
02:28:20 0 0
02:28:21 0 0
02:28:22 0 0
02:28:23 0 0
02:28:24 0 0
02:28:25 0 0
02:28:26 0 0
02:28:27 0 0
02:28:28 0 0
02:28:29 0 0
02:28:30 0 0
02:28:31 0 0
02:28:32 0 0
02:28:33 0 0
02:28:34 0 0
02:28:35 0 0
02:28:36 0 0
02:28:37 0 0
02:28:38 0 0
02:28:39 0 0
02:28:40 0 0
02:28:41 0 0
02:28:42 0 0
02:28:43 0 0
02:28:44 0 0
02:28:45 0 0
02:28:46 1 0
02:28:47 2 0
02:28:48 4 0
02:28:49 6 0
02:28:50 9 2
02:28:51 11 1
02:28:52 13 0
02:28:53 14 0
02:28:54 15 0
02:28:55 14 0
02:28:56 6 0
02:28:57 7 0
02:28:58 8 0
02:28:59 9 0
02:29:00 11 0
02:29:01 12 0
02:29:02 7 0
02:29:03 5 0
02:29:04 6 0
02:29:05 9 0
02:29:06 10 1
02:29:07 12 0
02:29:08 14 0
02:29:09 15 0
02:29:10 14 0
02:29:11 2 0
02:29:12 3 1
02:29:13 6 0
02:29:14 8 1
02:29:15 8 0
02:29:16 10 0
02:29:17 12 0
02:29:18 14 0
02:29:19 14 0
02:29:20 11 0
02:29:21 12 0
02:29:22 14 0
02:29:23 16 1
02:29:24 18 1
02:29:25 20 0
02:29:26 21 1
02:29:27 24 1
02:29:28 26 1
02:29:29 29 0
02:29:30 31 0
02:29:31 33 1
02:29:33 35 1
02:29:34 36 1
02:29:35 38 0
02:29:36 37 0
02:29:37 39 1
02:29:38 40 0
02:29:39 42 0
02:29:40 40 0
02:29:41 40 1
02:29:42 39 0
02:29:43 37 0
02:29:44 35 0
02:29:45 31 1
02:29:46 27 0
02:29:47 14 0
02:29:48 11 0
02:29:49 4 0
02:29:50 4 0
02:29:51 5 0
02:29:52 4 0
02:29:53 5 0
02:29:54 1 0
02:29:55 3 0
02:29:56 3 1
02:29:57 5 0
02:29:58 6 0
02:29:59 7 0
02:30:00 9 0
02:30:01 9 0
02:30:02 7 0
02:30:03 7 0
02:30:04 7 0
02:30:05 8 0
02:30:06 10 0
02:30:07 12 0
02:30:08 15 1
02:30:09 17 1
02:30:10 19 1
02:30:11 22 1
02:30:12 24 1
02:30:13 26 2
02:30:14 29 1
02:30:15 31 1
02:30:16 33 0
02:30:17 35 1
02:30:18 37 1
02:30:19 39 0
02:30:20 39 0
02:30:21 39 0
02:30:22 39 0
02:30:23 39 1
02:30:24 40 0
02:30:25 41 1
02:30:26 41 1
02:30:27 43 0
02:30:28 42 1
02:30:29 42 1
02:30:30 42 1
02:30:31 42 0
02:30:32 42 1
02:30:33 41 0
02:30:34 41 1
02:30:35 41 1
02:30:36 41 1
02:30:37 41 1
02:30:38 43 1
02:30:39 45 1
02:30:40 47 1
02:30:41 48 1
02:30:42 49 0
02:30:43 50 0
02:30:44 52 1
02:30:45 53 0
02:30:46 53 1
02:30:47 54 0
02:30:48 41 0
02:30:49 23 0
02:30:50 0 0
02:30:51 0 0
02:30:52 0 0
02:30:53 0 0
02:30:54 0 0
02:30:55 0 0
02:30:56 0 0
02:30:57 0 0
02:30:58 0 0
02:30:59 0 0
02:31:00 0 0
02:31:01 0 0
02:31:02 0 0
02:31:03 0 0
02:31:04 0 0
02:31:05 0 0
02:31:06 0 0
02:31:07 0 0
02:31:08 0 0
02:31:09 0 0
02:31:10 0 0
02:31:11 0 0
02:31:12 0 0
02:31:13 0 0
02:31:14 0 0
02:31:15 0 0
02:31:16 0 0
02:31:17 0 0
02:31:18 0 0
02:31:19 0 0
02:31:20 0 0
02:31:21 0 0
02:31:22 0 0
02:31:23 0 0
02:31:24 0 0
02:31:25 0 0
02:31:26 0 0
02:31:27 0 0
02:31:28 0 0
02:31:29 0 0
02:31:30 0 0
02:31:31 0 0
02:31:32 0 0
02:31:33 0 0
02:31:34 0 0
