time     running waiting
03:34:20 0 0
03:34:21 0 0
03:34:22 0 0
03:34:23 0 0
03:34:24 0 0
03:34:25 0 0
03:34:26 0 0
03:34:27 0 0
03:34:28 0 0
03:34:29 0 0
03:34:30 0 0
03:34:31 0 0
03:34:32 0 0
03:34:33 0 0
03:34:34 0 0
03:34:35 0 0
03:34:36 0 0
03:34:37 0 0
03:34:39 0 0
03:34:40 0 0
03:34:41 0 0
03:34:42 0 0
03:34:43 0 0
03:34:44 0 0
03:34:45 0 0
03:34:46 0 0
03:34:47 0 0
03:34:48 0 0
03:34:49 0 0
03:34:50 0 0
03:34:51 0 0
03:34:52 0 0
03:34:53 0 0
03:34:54 0 0
03:34:55 0 0
03:34:56 0 0
03:34:57 0 0
03:34:58 0 0
03:34:59 0 0
03:35:00 0 0
03:35:01 0 0
03:35:02 0 0
03:35:03 0 0
03:35:04 0 0
03:35:05 0 0
03:35:06 0 0
03:35:07 0 0
03:35:08 0 0
03:35:09 0 0
03:35:10 0 0
03:35:11 0 0
03:35:12 0 0
03:35:13 0 0
03:35:14 0 0
03:35:15 0 0
03:35:16 0 0
03:35:17 0 0
03:35:18 0 0
03:35:19 0 0
03:35:20 0 0
03:35:21 0 0
03:35:22 0 0
03:35:23 0 0
03:35:24 0 0
03:35:25 0 0
03:35:26 0 0
03:35:27 0 0
03:35:28 0 0
03:35:29 0 0
03:35:30 0 0
03:35:31 0 0
03:35:32 0 0
03:35:33 0 0
03:35:34 0 0
03:35:35 0 0
03:35:36 0 0
03:35:37 0 0
03:35:38 0 0
03:35:39 0 0
03:35:40 0 0
03:35:41 0 0
03:35:42 0 0
03:35:43 0 0
03:35:44 0 0
03:35:45 0 0
03:35:46 0 0
03:35:47 0 0
03:35:48 0 0
03:35:49 0 0
03:35:50 0 0
03:35:51 0 0
03:35:52 0 0
03:35:53 0 0
03:35:54 0 0
03:35:55 0 0
03:35:56 0 0
03:35:57 0 0
03:35:58 0 0
03:35:59 0 0
03:36:00 0 0
03:36:01 0 0
03:36:02 0 0
03:36:03 0 0
03:36:04 0 0
03:36:05 0 0
03:36:06 0 0
03:36:07 0 0
03:36:08 0 0
03:36:09 0 0
03:36:10 0 0
03:36:11 0 0
03:36:12 0 0
03:36:13 0 0
03:36:14 0 0
03:36:15 0 0
03:36:16 0 0
03:36:17 0 0
03:36:18 0 0
03:36:19 0 0
03:36:20 0 0
03:36:21 0 0
03:36:22 0 0
03:36:23 0 0
03:36:24 0 0
03:36:25 0 0
03:36:26 0 0
03:36:27 0 0
03:36:28 0 0
03:36:29 0 0
03:36:30 0 0
03:36:31 0 0
03:36:32 0 0
03:36:33 0 0
03:36:34 0 0
03:36:35 0 0
03:36:36 0 0
03:36:37 0 0
03:36:38 0 0
03:36:39 0 0
03:36:40 0 0
03:36:41 0 0
03:36:42 0 0
03:36:43 0 0
03:36:44 0 0
03:36:45 0 0
03:36:46 0 0
03:36:47 0 0
03:36:48 0 0
03:36:49 0 0
03:36:50 0 0
03:36:51 0 0
03:36:52 0 0
03:36:53 0 0
03:36:54 0 0
03:36:55 0 0
03:36:56 0 0
03:36:57 0 0
03:36:58 0 0
03:36:59 0 0
03:37:00 0 0
03:37:01 0 0
03:37:02 0 0
03:37:03 0 0
03:37:04 0 0
03:37:05 0 0
03:37:06 1 0
03:37:07 0 0
03:37:08 1 0
03:37:09 2 0
03:37:10 2 0
03:37:11 3 0
03:37:12 3 0
03:37:13 5 1
03:37:14 7 1
03:37:15 10 1
03:37:16 12 2
03:37:17 14 3
03:37:18 17 3
03:37:19 19 2
03:37:20 21 0
03:37:21 21 0
03:37:22 22 0
03:37:23 19 0
03:37:24 14 0
03:37:25 10 0
03:37:26 10 0
03:37:28 12 0
03:37:29 14 0
03:37:30 16 1
03:37:31 19 1
03:37:32 21 0
03:37:33 24 1
03:37:34 26 1
03:37:35 29 0
03:37:36 31 0
03:37:37 32 1
03:37:38 33 1
03:37:39 36 0
03:37:40 37 0
03:37:41 37 0
03:37:42 37 1
03:37:43 37 1
03:37:44 37 1
03:37:45 39 0
03:37:46 40 0
03:37:47 38 0
03:37:48 34 0
03:37:49 21 0
03:37:50 8 0
03:37:51 8 0
03:37:52 8 0
03:37:53 11 1
03:37:54 12 0
03:37:55 14 0
03:37:56 15 0
03:37:57 17 0
03:37:58 18 0
03:37:59 20 0
03:38:00 22 0
03:38:01 25 0
03:38:02 25 0
03:38:03 28 0
03:38:04 28 1
03:38:05 29 0
03:38:06 27 0
03:38:07 27 1
03:38:08 28 0
03:38:09 27 0
03:38:10 29 0
03:38:11 29 0
03:38:12 28 0
03:38:13 17 0
03:38:14 17 0
03:38:15 17 0
03:38:16 8 0
03:38:17 7 1
03:38:18 10 0
03:38:19 12 1
03:38:20 14 1
03:38:21 13 0
03:38:22 13 0
03:38:23 16 0
03:38:24 18 0
03:38:25 20 1
03:38:26 23 1
03:38:27 24 0
03:38:28 26 0
03:38:29 28 1
03:38:30 31 1
03:38:31 33 0
03:38:32 35 0
03:38:33 35 0
03:38:34 35 0
03:38:35 35 0
03:38:36 35 1
03:38:37 37 1
03:38:38 40 0
03:38:39 34 0
03:38:40 32 0
03:38:41 28 0
03:38:42 20 0
03:38:43 8 0
03:38:44 6 0
03:38:45 6 0
03:38:46 8 0
03:38:47 10 1
03:38:48 13 0
03:38:49 15 0
03:38:50 14 0
03:38:51 15 0
03:38:52 1 0
03:38:53 1 0
03:38:54 3 0
03:38:55 2 0
03:38:56 1 0
03:38:57 3 0
03:38:58 5 0
03:38:59 7 1
03:39:00 9 0
03:39:01 11 0
03:39:02 11 0
03:39:03 5 0
03:39:04 6 0
03:39:05 5 0
03:39:06 3 1
03:39:07 4 0
03:39:08 5 0
03:39:09 6 0
03:39:10 9 0
03:39:11 11 1
03:39:12 13 1
03:39:13 16 0
03:39:14 15 0
03:39:15 4 0
03:39:16 0 0
03:39:17 0 0
03:39:18 0 0
03:39:19 0 0
03:39:20 0 0
03:39:21 0 0
03:39:22 0 0
03:39:23 0 0
03:39:24 0 0
03:39:25 0 0
03:39:26 0 0
03:39:27 0 0
03:39:28 0 0
03:39:29 0 0
03:39:30 0 0
03:39:31 0 0
03:39:32 0 0
03:39:33 0 0
03:39:34 0 0
03:39:35 0 0
03:39:36 0 0
03:39:37 0 0
03:39:38 0 0
03:39:39 0 0
03:39:40 0 0
03:39:41 0 0
03:39:42 0 0
03:39:43 0 0
03:39:44 0 0
03:39:45 0 0
03:39:46 0 0
03:39:47 0 0
03:39:48 0 0
03:39:49 0 0
03:39:50 0 0
03:39:51 0 0
03:39:52 0 0
03:39:53 0 0
03:39:54 0 0
03:39:55 0 0
03:39:56 0 0
03:39:57 0 0
03:39:58 0 0
03:39:59 0 0
03:40:00 0 0
