time     running waiting
02:38:32 0 0
02:38:33 0 0
02:38:34 0 0
02:38:35 0 0
02:38:36 0 0
02:38:37 0 0
02:38:38 0 0
02:38:39 0 0
02:38:40 0 0
02:38:41 0 0
02:38:42 0 0
02:38:43 0 0
02:38:44 0 0
02:38:45 0 0
02:38:46 0 0
02:38:47 0 0
02:38:48 0 0
02:38:49 0 0
02:38:50 0 0
02:38:51 0 0
02:38:52 0 0
02:38:53 0 0
02:38:54 0 0
02:38:55 0 0
02:38:56 0 0
02:38:57 0 0
02:38:58 0 0
02:38:59 0 0
02:39:00 0 0
02:39:01 0 0
02:39:02 0 0
02:39:03 0 0
02:39:04 0 0
02:39:05 0 0
02:39:06 0 0
02:39:07 0 0
02:39:08 0 0
02:39:09 0 0
02:39:10 0 0
02:39:11 0 0
02:39:12 0 0
02:39:13 0 0
02:39:14 0 0
02:39:15 0 0
02:39:16 0 0
02:39:17 0 0
02:39:18 0 0
02:39:19 0 0
02:39:20 0 0
02:39:21 0 0
02:39:22 0 0
02:39:23 0 0
02:39:24 0 0
02:39:25 0 0
02:39:26 0 0
02:39:27 0 0
02:39:28 0 0
02:39:29 0 0
02:39:30 0 0
02:39:31 0 0
02:39:32 0 0
02:39:33 0 0
02:39:34 0 0
02:39:35 0 0
02:39:36 0 0
02:39:37 0 0
02:39:38 0 0
02:39:39 0 0
02:39:40 0 0
02:39:41 0 0
02:39:42 0 0
02:39:43 0 0
02:39:44 0 0
02:39:45 0 0
02:39:46 0 0
02:39:47 0 0
02:39:48 0 0
02:39:49 0 0
02:39:50 0 0
02:39:51 0 0
02:39:52 0 0
02:39:53 0 0
02:39:54 0 0
02:39:55 0 0
02:39:56 0 0
02:39:57 0 0
02:39:58 0 0
02:39:59 0 0
02:40:00 0 0
02:40:01 0 0
02:40:02 0 0
02:40:03 0 0
02:40:04 0 0
02:40:05 0 0
02:40:06 0 0
02:40:07 0 0
02:40:08 0 0
02:40:09 0 0
02:40:10 0 0
02:40:11 0 0
02:40:12 0 0
02:40:13 0 0
02:40:14 0 0
02:40:15 0 0
02:40:16 0 0
02:40:17 0 0
02:40:18 0 0
02:40:19 0 0
02:40:20 0 0
02:40:21 0 0
02:40:22 0 0
02:40:23 0 0
02:40:24 0 0
02:40:25 0 0
02:40:26 0 0
02:40:27 0 0
02:40:28 0 0
02:40:29 0 0
02:40:30 0 0
02:40:31 0 0
02:40:32 0 0
02:40:33 0 0
02:40:34 0 0
02:40:35 0 0
02:40:36 0 0
02:40:37 0 0
02:40:38 0 0
02:40:39 0 0
02:40:40 0 0
02:40:41 0 0
02:40:42 0 0
02:40:43 0 0
02:40:44 0 0
02:40:45 0 0
02:40:46 0 0
02:40:47 0 0
02:40:48 0 0
02:40:49 0 0
02:40:50 0 0
02:40:52 0 0
02:40:53 0 0
02:40:54 0 0
02:40:55 0 0
02:40:56 0 0
02:40:57 0 0
02:40:58 0 0
02:40:59 0 0
02:41:00 0 0
02:41:01 0 0
02:41:02 0 0
02:41:03 0 0
02:41:04 0 0
02:41:05 0 0
02:41:06 0 0
02:41:07 0 0
02:41:08 0 0
02:41:09 0 0
02:41:10 0 0
02:41:11 0 0
02:41:12 0 0
02:41:13 0 0
02:41:14 0 0
02:41:15 0 0
02:41:16 0 0
02:41:17 0 0
02:41:18 0 0
02:41:19 0 0
02:41:20 0 0
02:41:21 1 0
02:41:22 0 0
02:41:23 0 0
02:41:24 3 0
02:41:25 5 1
02:41:26 7 0
02:41:27 10 0
02:41:28 12 1
02:41:29 14 1
02:41:30 17 0
02:41:31 19 1
02:41:32 22 1
02:41:33 24 0
02:41:34 25 0
02:41:35 27 0
02:41:36 28 1
02:41:37 30 1
02:41:38 32 1
02:41:39 34 1
02:41:40 37 0
02:41:41 38 0
02:41:42 40 1
02:41:43 41 1
02:41:44 42 0
02:41:45 41 0
02:41:46 41 1
02:41:47 39 0
02:41:48 32 0
02:41:49 31 0
02:41:50 17 0
02:41:51 4 0
02:41:52 4 0
02:41:53 4 0
02:41:54 6 0
02:41:55 6 0
02:41:56 4 0
02:41:57 0 0
02:41:58 2 0
02:41:59 4 0
02:42:00 6 0
02:42:01 7 0
02:42:02 9 1
02:42:03 12 1
02:42:04 12 0
02:42:05 14 0
02:42:06 16 0
02:42:07 17 1
02:42:08 18 1
02:42:09 19 0
02:42:10 16 0
02:42:11 13 0
02:42:12 15 0
02:42:13 17 0
02:42:14 17 0
02:42:15 14 0
02:42:16 12 0
02:42:17 14 0
02:42:18 16 0
02:42:19 14 0
02:42:20 14 0
02:42:21 13 1
02:42:22 14 0
02:42:23 16 0
02:42:24 18 0
02:42:25 20 1
02:42:26 23 0
02:42:27 25 1
02:42:28 26 0
02:42:29 28 0
02:42:30 28 1
02:42:31 29 0
02:42:32 30 0
02:42:33 25 0
02:42:34 15 0
02:42:35 14 0
02:42:36 12 0
02:42:37 11 0
02:42:38 11 0
02:42:39 13 0
02:42:40 14 0
02:42:41 17 0
02:42:42 19 0
02:42:43 21 0
02:42:44 23 0
02:42:45 25 0
02:42:46 16 0
02:42:47 14 0
02:42:48 14 0
02:42:49 15 1
02:42:50 16 1
02:42:51 11 0
02:42:52 11 0
02:42:53 8 0
02:42:54 4 1
02:42:55 7 0
02:42:56 9 0
02:42:57 11 1
02:42:58 13 1
02:42:59 15 0
02:43:00 17 0
02:43:01 19 0
02:43:02 18 0
02:43:03 15 0
02:43:04 15 0
02:43:05 14 0
02:43:06 14 1
02:43:07 16 0
02:43:08 18 0
02:43:09 18 1
02:43:10 19 1
02:43:11 22 1
02:43:12 23 0
02:43:13 26 1
02:43:14 28 1
02:43:15 30 1
02:43:16 33 0
02:43:17 35 0
02:43:18 37 1
02:43:19 39 1
02:43:20 41 1
02:43:21 43 0
02:43:22 45 0
02:43:23 48 1
02:43:24 47 0
02:43:25 34 0
02:43:26 10 0
02:43:27 0 0
02:43:28 0 0
02:43:29 0 0
02:43:30 0 0
02:43:31 0 0
02:43:32 0 0
02:43:33 0 0
02:43:34 0 0
02:43:35 0 0
02:43:36 0 0
02:43:37 0 0
02:43:38 0 0
02:43:39 0 0
02:43:40 0 0
02:43:41 0 0
02:43:42 0 0
02:43:44 0 0
02:43:45 0 0
02:43:46 0 0
02:43:47 0 0
02:43:48 0 0
02:43:49 0 0
02:43:50 0 0
02:43:51 0 0
02:43:52 0 0
02:43:53 0 0
02:43:54 0 0
02:43:55 0 0
02:43:56 0 0
02:43:57 0 0
02:43:58 0 0
02:43:59 0 0
02:44:00 0 0
02:44:01 0 0
02:44:02 0 0
02:44:03 0 0
02:44:04 0 0
02:44:05 0 0
02:44:06 0 0
02:44:07 0 0
02:44:08 0 0
02:44:09 0 0
02:44:10 0 0
02:44:11 0 0
02:44:12 0 0
