12:02:23 0 0
12:02:24 0 0
12:02:25 0 0
12:02:26 0 0
12:02:27 0 0
12:02:28 0 0
12:02:29 0 0
12:02:30 0 0
12:02:31 0 0
12:02:32 0 0
12:02:33 0 0
12:02:34 0 0
12:02:35 0 0
12:02:36 0 0
12:02:37 0 0
12:02:38 0 0
12:02:39 0 0
12:02:40 0 0
12:02:41 0 0
12:02:42 0 0
12:02:43 0 0
12:02:44 0 0
12:02:45 0 0
12:02:46 0 0
12:02:47 0 0
12:02:48 0 0
12:02:49 0 0
12:02:50 0 0
12:02:51 0 0
12:02:52 0 0
12:02:53 0 0
12:02:54 0 0
12:02:55 0 0
12:02:56 2 0
12:02:57 4 0
12:02:58 7 0
12:02:59 9 0
12:03:00 11 0
12:03:01 13 0
12:03:02 14 0
12:03:03 16 0
12:03:04 18 0
12:03:05 19 0
12:03:06 21 0
12:03:07 21 0
12:03:08 11 0
12:03:09 12 0
12:03:10 14 1
12:03:11 16 0
12:03:12 17 0
12:03:13 18 1
12:03:14 19 1
12:03:15 21 1
12:03:16 24 2
12:03:17 26 2
12:03:18 28 3
12:03:19 29 2
12:03:20 30 2
12:03:21 32 2
12:03:22 34 2
12:03:23 37 3
12:03:24 39 2
12:03:25 41 0
12:03:26 43 1
12:03:27 45 0
12:03:28 48 0
12:03:29 50 1
12:03:30 53 0
12:03:31 55 0
12:03:32 57 0
12:03:33 60 1
12:03:34 62 1
12:03:35 65 0
12:03:36 67 0
12:03:37 69 0
12:03:38 71 1
12:03:39 74 0
12:03:40 76 0
12:03:41 78 0
12:03:42 80 0
12:03:43 80 0
12:03:44 73 0
12:03:45 65 0
12:03:46 62 0
12:03:47 53 0
12:03:48 45 0
12:03:49 43 0
12:03:50 29 0
12:03:51 23 0
12:03:52 21 1
12:03:53 22 0
12:03:54 18 0
12:03:55 8 0
12:03:56 0 0
12:03:57 0 0
12:03:58 0 0
12:03:59 0 0
12:04:00 0 0
12:04:01 0 0
12:04:02 0 0
12:04:03 0 0
12:04:04 0 0
12:04:05 0 0
12:04:06 0 0
12:04:07 0 0
12:04:08 0 0
12:04:09 0 0
12:04:10 0 0
12:04:11 0 0
12:04:12 0 0
12:04:13 0 0
12:04:14 0 0
12:04:15 0 0
12:04:16 0 0
12:04:17 0 0
12:04:18 0 0
12:04:19 0 0
12:04:20 0 0