time     running waiting
12:07:06 0 0
12:07:07 0 0
12:07:08 0 0
12:07:09 0 0
12:07:10 0 0
12:07:11 0 0
12:07:12 0 0
12:07:13 0 0
12:07:14 0 0
12:07:15 0 0
12:07:16 0 0
12:07:17 0 0
12:07:18 0 0
12:07:19 0 0
12:07:20 0 0
12:07:21 0 0
12:07:22 0 0
12:07:23 0 0
12:07:24 0 0
12:07:25 0 0
12:07:26 0 0
12:07:27 0 0
12:07:28 0 0
12:07:29 0 0
12:07:30 0 0
12:07:31 0 0
12:07:32 0 0
12:07:33 0 0
12:07:34 0 0
12:07:35 0 0
12:07:36 0 0
12:07:37 0 0
12:07:38 0 0
12:07:39 0 0
12:07:40 0 0
12:07:41 0 0
12:07:42 0 0
12:07:43 0 0
12:07:44 0 0
12:07:45 0 0
12:07:46 0 0
12:07:47 0 0
12:07:48 0 0
12:07:49 0 0
12:07:50 0 0
12:07:51 0 0
12:07:52 0 0
12:07:53 0 0
12:07:54 0 0
12:07:55 0 0
12:07:56 0 0
12:07:57 0 0
12:07:58 0 0
12:07:59 0 0
12:08:00 0 0
12:08:01 0 0
12:08:02 0 0
12:08:03 0 0
12:08:04 0 0
12:08:05 0 0
12:08:06 0 0
12:08:07 0 0
12:08:08 0 0
12:08:09 0 0
12:08:10 0 0
12:08:11 0 0
12:08:12 0 0
12:08:13 0 0
12:08:14 0 0
12:08:15 0 0
12:08:16 0 0
12:08:17 0 0
12:08:18 0 0
12:08:19 0 0
12:08:20 0 0
12:08:21 0 0
12:08:22 0 0
12:08:23 1 0
12:08:24 2 0
12:08:25 4 0
12:08:26 6 0
12:08:27 8 0
12:08:28 7 0
12:08:29 9 0
12:08:30 11 0
12:08:31 12 0
12:08:32 14 0
12:08:33 15 0
12:08:34 16 0
12:08:35 17 1
12:08:36 19 1
12:08:37 22 2
12:08:38 24 2
12:08:39 26 3
12:08:40 28 3
12:08:41 30 3
12:08:42 33 3
12:08:43 35 1
12:08:44 38 0
12:08:45 38 0
12:08:46 40 0
12:08:47 42 0
12:08:48 44 0
12:08:49 47 0
12:08:50 49 0
12:08:51 51 0
12:08:52 53 0
12:08:53 54 0
12:08:54 56 0
12:08:55 51 0
12:08:56 51 0
12:08:57 51 0
12:08:58 50 0
12:08:59 50 1
12:09:00 49 0
12:09:01 43 0
12:09:02 25 0
12:09:03 14 0
12:09:04 1 0
12:09:05 2 0
12:09:06 2 0
12:09:07 4 0
12:09:08 6 0
12:09:09 8 0
12:09:10 11 0
12:09:11 13 0
12:09:12 15 0
12:09:13 18 0
12:09:14 20 0
12:09:15 21 0
12:09:16 22 0
12:09:17 24 0
12:09:18 26 0
12:09:19 28 0
12:09:20 30 0
12:09:21 32 0
12:09:22 33 0
12:09:23 35 0
12:09:24 37 0
12:09:25 40 1
12:09:26 36 0
12:09:27 18 0
12:09:28 0 0
12:09:29 0 0
12:09:30 0 0
12:09:31 0 0
12:09:32 0 0
12:09:33 0 0
12:09:34 0 0
12:09:35 0 0
12:09:36 0 0
12:09:37 0 0
12:09:38 0 0
12:09:39 0 0
12:09:40 0 0
12:09:41 0 0
12:09:42 0 0
12:09:43 0 0
12:09:44 0 0
12:09:45 0 0
12:09:46 0 0
12:09:47 0 0
12:09:48 0 0
12:09:49 0 0
12:09:50 0 0
12:09:51 0 0
12:09:52 0 0
12:09:53 0 0
12:09:54 0 0
