time     running waiting
16:23:51 0 0
16:23:52 0 0
16:23:53 0 0
16:23:54 0 0
16:23:55 0 0
16:23:56 0 0
16:23:57 0 0
16:23:58 0 0
16:23:59 0 0
16:24:00 0 0
16:24:01 0 0
16:24:02 0 0
16:24:03 0 0
16:24:04 0 0
16:24:05 0 0
16:24:06 0 0
16:24:07 0 0
16:24:08 0 0
16:24:09 0 0
16:24:10 0 0
16:24:11 0 0
16:24:12 0 0
16:24:13 0 0
16:24:14 0 0
16:24:15 0 0
16:24:16 0 0
16:24:17 0 0
16:24:18 0 0
16:24:19 0 0
16:24:20 0 0
16:24:21 0 0
16:24:22 0 0
16:24:23 0 0
16:24:24 0 0
16:24:25 0 0
16:24:26 0 0
16:24:27 0 0
16:24:28 0 0
16:24:29 0 0
16:24:30 0 0
16:24:31 0 0
16:24:32 0 0
16:24:33 0 0
16:24:34 0 0
16:24:35 0 0
16:24:36 0 0
16:24:37 0 0
16:24:38 0 0
16:24:39 0 0
16:24:40 0 0
16:24:41 0 0
16:24:42 0 0
16:24:43 0 0
16:24:44 0 0
16:24:45 0 0
16:24:46 0 0
16:24:47 0 0
16:24:48 0 0
16:24:49 0 0
16:24:50 0 0
16:24:51 0 0
16:24:52 0 0
16:24:53 0 0
16:24:54 0 0
16:24:55 0 0
16:24:56 0 0
16:24:57 0 0
16:24:58 0 0
16:24:59 0 0
16:25:00 0 0
16:25:01 0 0
16:25:02 0 0
16:25:03 0 0
16:25:04 0 0
16:25:05 0 0
16:25:06 0 0
16:25:07 0 0
16:25:08 0 0
16:25:09 0 0
16:25:10 0 0
16:25:11 0 0
16:25:12 0 0
16:25:13 0 0
16:25:14 0 0
16:25:15 0 0
16:25:16 0 0
16:25:17 0 0
16:25:18 0 0
16:25:19 0 0
16:25:20 0 0
16:25:21 0 0
16:25:22 0 0
16:25:23 0 0
16:25:24 0 0
16:25:25 0 0
16:25:26 0 0
16:25:27 1 0
16:25:28 0 0
16:25:29 0 0
16:25:30 0 0
16:25:31 1 0
16:25:32 0 0
16:25:33 0 0
16:25:34 0 0
16:25:35 1 0
16:25:36 1 0
16:25:37 0 0
16:25:38 0 0
16:25:39 0 0
16:25:40 0 0
16:25:41 1 0
16:25:42 2 0
16:25:43 2 0
16:25:44 2 0
16:25:45 3 0
16:25:46 1 0
16:25:47 2 0
16:25:48 3 0
16:25:49 4 0
16:25:50 5 1
16:25:51 6 0
16:25:52 7 0
16:25:53 3 0
16:25:54 1 0
16:25:55 1 0
16:25:56 2 0
16:25:57 2 0
16:25:58 3 0
16:25:59 3 0
16:26:00 2 0
16:26:01 0 0
16:26:02 1 0
16:26:03 2 0
16:26:04 3 0
16:26:05 4 0
16:26:06 4 0
16:26:07 3 0
16:26:08 0 0
16:26:09 1 0
16:26:10 1 0
16:26:11 2 0
16:26:12 2 0
16:26:13 1 0
16:26:14 1 0
16:26:15 0 0
16:26:16 0 0
16:26:17 1 0
16:26:18 1 0
16:26:19 1 0
16:26:20 0 0
16:26:21 0 0
16:26:22 1 0
16:26:23 1 0
16:26:24 0 0
16:26:25 0 0
16:26:26 0 0
16:26:27 0 0
16:26:28 1 0
16:26:29 2 0
16:26:30 2 0
16:26:31 1 0
16:26:32 2 0
16:26:33 3 0
16:26:34 4 0
16:26:35 2 0
16:26:36 2 0
16:26:37 2 0
16:26:38 3 0
16:26:39 3 0
16:26:40 4 0
16:26:41 4 0
16:26:42 3 0
16:26:43 1 0
16:26:44 0 0
16:26:45 0 0
16:26:46 1 0
16:26:47 2 0
16:26:48 3 0
16:26:49 3 0
16:26:50 2 0
16:26:51 1 0
16:26:52 1 0
16:26:53 1 0
16:26:54 1 0
16:26:55 2 0
16:26:57 3 0
16:26:58 2 0
16:26:59 0 0
16:27:00 1 0
16:27:01 2 0
16:27:02 2 0
16:27:03 3 0
16:27:04 0 0
16:27:05 1 0
16:27:06 1 0
16:27:07 2 0
16:27:08 1 0
16:27:09 1 0
16:27:10 1 0
16:27:11 0 0
16:27:12 0 0
16:27:13 1 0
16:27:14 2 0
16:27:15 3 0
16:27:16 2 0
16:27:17 1 0
16:27:18 0 0
16:27:19 0 0
16:27:20 1 0
16:27:21 1 0
16:27:22 0 0
16:27:23 0 0
16:27:24 1 0
16:27:25 2 0
16:27:26 3 0
16:27:27 2 0
16:27:28 2 0
16:27:29 3 0
16:27:30 4 0
16:27:31 5 1
16:27:32 6 0
16:27:33 3 0
16:27:34 4 0
16:27:35 5 0
16:27:36 5 0
16:27:37 3 0
16:27:38 0 0
16:27:39 1 0
16:27:40 1 0
16:27:41 1 0
16:27:42 0 0
16:27:43 0 0
16:27:44 0 0
16:27:45 1 0
16:27:46 2 1
16:27:47 4 1
16:27:48 5 0
16:27:49 5 0
16:27:50 2 0
16:27:51 1 0
16:27:52 1 0
16:27:53 1 0
16:27:54 2 0
16:27:55 2 1
16:27:56 3 0
16:27:57 3 0
16:27:58 4 0
16:27:59 5 0
16:28:00 5 0
16:28:01 4 0
16:28:02 2 0
16:28:03 1 0
16:28:04 1 0
16:28:05 2 0
16:28:06 2 0
16:28:07 3 0
16:28:08 3 0
16:28:09 4 0
16:28:10 3 0
16:28:11 2 0
16:28:12 0 0
16:28:13 0 0
16:28:14 0 0
16:28:15 0 0
16:28:16 1 0
16:28:17 2 0
16:28:18 3 0
16:28:19 4 1
16:28:20 5 0
16:28:21 4 0
16:28:22 4 0
16:28:23 3 0
16:28:24 4 0
16:28:25 3 0
16:28:26 0 0
16:28:27 0 0
16:28:28 0 0
16:28:29 1 0
16:28:30 1 0
16:28:31 1 0
16:28:32 2 0
16:28:33 0 0
16:28:34 0 0
16:28:35 1 0
16:28:36 1 0
16:28:37 0 0
16:28:38 1 0
16:28:39 2 0
16:28:40 2 0
16:28:41 2 0
16:28:42 3 0
16:28:43 2 0
16:28:44 2 0
16:28:45 1 0
16:28:46 2 0
16:28:47 2 0
16:28:48 1 0
16:28:49 1 0
16:28:50 2 1
16:28:51 3 0
16:28:52 4 0
16:28:53 5 0
16:28:54 6 0
16:28:55 7 0
16:28:56 7 0
16:28:57 4 0
16:28:58 2 0
16:28:59 0 0
16:29:00 0 0
16:29:01 1 0
16:29:02 2 0
16:29:03 3 0
16:29:04 4 0
16:29:05 3 0
16:29:06 1 0
16:29:07 1 0
16:29:08 2 0
16:29:09 3 0
16:29:10 3 0
16:29:11 4 0
16:29:12 3 0
16:29:13 2 0
16:29:14 2 0
16:29:15 3 0
16:29:16 4 1
16:29:17 5 0
16:29:18 4 0
16:29:19 3 0
16:29:20 1 0
16:29:21 1 0
16:29:22 1 0
16:29:23 1 0
16:29:24 1 0
16:29:25 0 0
16:29:26 0 0
16:29:27 0 0
16:29:28 0 0
16:29:29 1 0
16:29:30 1 0
16:29:31 1 0
16:29:32 1 0
16:29:33 1 0
16:29:34 1 0
16:29:35 1 0
16:29:36 1 0
16:29:37 2 0
16:29:38 2 0
16:29:39 0 0
16:29:40 0 0
16:29:41 0 0
16:29:42 0 0
16:29:43 0 0
16:29:44 0 0
16:29:45 0 0
16:29:46 0 0
16:29:47 0 0
16:29:48 0 0
16:29:49 0 0
16:29:50 0 0
16:29:51 0 0
16:29:52 0 0
16:29:53 0 0
16:29:54 0 0
16:29:55 0 0
16:29:56 0 0
16:29:57 0 0
16:29:58 0 0
16:29:59 0 0
16:30:00 0 0
16:30:01 0 0
16:30:02 0 0
16:30:03 0 0
16:30:04 0 0
16:30:05 0 0
16:30:06 0 0
16:30:07 0 0
16:30:08 0 0
16:30:09 0 0
16:30:10 0 0
16:30:11 0 0
16:30:12 0 0
16:30:13 0 0
16:30:14 0 0
16:30:15 0 0
16:30:16 0 0
16:30:17 0 0
16:30:18 0 0
16:30:19 0 0
16:30:20 0 0
16:30:21 0 0
16:30:22 0 0
16:30:23 0 0
