time     running waiting
13:52:43 0 0
13:52:44 0 0
13:52:45 0 0
13:52:46 0 0
13:52:47 0 0
13:52:48 0 0
13:52:49 0 0
13:52:50 0 0
13:52:51 0 0
13:52:52 0 0
13:52:53 0 0
13:52:54 0 0
13:52:55 0 0
13:52:56 0 0
13:52:57 0 0
13:52:58 0 0
13:52:59 0 0
13:53:00 0 0
13:53:01 0 0
13:53:02 0 0
13:53:03 0 0
13:53:04 0 0
13:53:05 0 0
13:53:06 0 0
13:53:07 0 0
13:53:08 0 0
13:53:09 0 0
13:53:10 0 0
13:53:11 0 0
13:53:12 0 0
13:53:13 0 0
13:53:14 0 0
13:53:15 0 0
13:53:16 0 0
13:53:17 0 0
13:53:18 0 0
13:53:19 0 0
13:53:20 0 0
13:53:21 0 0
13:53:22 0 0
13:53:23 0 0
13:53:24 0 0
13:53:25 0 0
13:53:26 0 0
13:53:27 0 0
13:53:28 0 0
13:53:29 0 0
13:53:30 0 0
13:53:31 0 0
13:53:32 0 0
13:53:33 0 0
13:53:34 0 0
13:53:35 0 0
13:53:36 0 0
13:53:37 0 0
13:53:38 0 0
13:53:39 0 0
13:53:40 0 0
13:53:41 0 0
13:53:42 0 0
13:53:43 0 0
13:53:44 0 0
13:53:45 2 0
13:53:46 1 0
13:53:47 3 0
13:53:48 5 0
13:53:49 5 0
13:53:50 7 0
13:53:51 5 0
13:53:52 6 0
13:53:53 7 0
13:53:54 9 0
13:53:55 9 0
13:53:56 7 0
13:53:57 2 0
13:53:58 4 0
13:53:59 6 0
13:54:00 7 0
13:54:01 7 0
13:54:02 2 0
13:54:03 3 0
13:54:04 5 0
13:54:05 6 0
13:54:06 7 0
13:54:07 2 0
13:54:08 0 0
13:54:09 1 0
13:54:10 0 0
13:54:11 2 0
13:54:12 3 0
13:54:13 5 0
13:54:14 5 0
13:54:15 4 0
13:54:16 1 0
13:54:17 2 0
13:54:18 2 0
13:54:19 3 0
13:54:20 1 0
13:54:21 2 0
13:54:22 3 0
13:54:23 3 0
13:54:24 0 0
13:54:25 1 0
13:54:26 3 0
13:54:27 4 0
13:54:28 5 0
13:54:29 5 0
13:54:30 2 0
13:54:31 4 0
13:54:32 4 0
13:54:33 0 0
13:54:34 1 0
13:54:35 2 0
13:54:36 3 0
13:54:37 3 0
13:54:38 0 0
13:54:39 2 0
13:54:40 2 0
13:54:41 0 0
13:54:42 0 0
13:54:43 0 0
13:54:44 0 0
13:54:45 0 0
13:54:46 0 0
13:54:47 0 0
13:54:48 0 0
13:54:49 0 0
13:54:50 0 0
13:54:51 0 0
13:54:52 0 0
13:54:53 0 0
13:54:54 0 0
13:54:55 0 0
13:54:56 0 0
13:54:57 0 0
13:54:58 0 0
13:54:59 0 0
13:55:00 0 0
13:55:01 0 0
13:55:02 0 0
13:55:03 0 0
13:55:04 0 0
13:55:05 0 0
13:55:06 0 0
13:55:07 0 0
13:55:08 0 0
13:55:09 0 0
13:55:10 0 0
13:55:11 0 0
13:55:12 0 0
13:55:13 0 0
13:55:14 0 0
13:55:15 0 0
13:55:16 0 0
13:55:17 0 0
13:55:18 0 0
13:55:19 0 0
13:55:20 0 0
13:55:21 0 0
13:55:22 0 0
13:55:23 0 0
13:55:24 0 0
13:55:25 0 0
13:55:26 0 0
13:55:27 0 0
13:55:28 0 0
13:55:29 0 0
13:55:30 0 0
13:55:31 0 0
13:55:32 0 0
13:55:33 0 0
13:55:34 0 0
13:55:35 0 0
13:55:36 0 0
13:55:37 0 0
13:55:38 0 0
13:55:39 0 0
13:55:40 0 0
13:55:41 0 0
13:55:42 0 0
13:55:43 0 0
13:55:44 0 0
13:55:45 0 0
13:55:46 0 0
13:55:47 0 0
13:55:48 0 0
13:55:50 0 0
13:55:51 0 0
13:55:52 0 0
13:55:53 0 0
13:55:54 0 0
13:55:55 0 0
13:55:56 0 0
13:55:57 0 0
13:55:58 0 0
13:55:59 0 0
13:56:00 0 0
13:56:01 0 0
13:56:02 0 0
13:56:03 0 0
13:56:04 0 0
13:56:05 0 0
13:56:06 0 0
13:56:07 0 0
13:56:08 0 0
13:56:09 0 0
13:56:10 0 0
13:56:11 0 0
13:56:12 0 0
13:56:13 0 0
13:56:14 0 0
13:56:15 0 0
