time     running waiting
12:29:47 0 0
12:29:48 0 0
12:29:49 0 0
12:29:50 0 0
12:29:51 0 0
12:29:52 0 0
12:29:53 0 0
12:29:54 0 0
12:29:55 0 0
12:29:56 0 0
12:29:57 0 0
12:29:58 0 0
12:29:59 0 0
12:30:00 0 0
12:30:01 0 0
12:30:02 0 0
12:30:03 0 0
12:30:04 0 0
12:30:05 0 0
12:30:06 0 0
12:30:07 0 0
12:30:08 0 0
12:30:09 0 0
12:30:10 0 0
12:30:11 0 0
12:30:12 0 0
12:30:13 0 0
12:30:14 0 0
12:30:15 0 0
12:30:16 0 0
12:30:17 0 0
12:30:18 0 0
12:30:19 0 0
12:30:20 0 0
12:30:21 0 0
12:30:22 0 0
12:30:23 0 0
12:30:24 0 0
12:30:25 0 0
12:30:26 0 0
12:30:27 0 0
12:30:28 0 0
12:30:29 0 0
12:30:30 0 0
12:30:31 0 0
12:30:32 0 0
12:30:33 0 0
12:30:34 0 0
12:30:35 0 0
12:30:36 0 0
12:30:37 0 0
12:30:38 0 0
12:30:39 0 0
12:30:40 0 0
12:30:41 0 0
12:30:42 0 0
12:30:43 0 0
12:30:44 0 0
12:30:45 0 0
12:30:46 0 0
12:30:47 0 0
12:30:48 0 0
12:30:49 0 0
12:30:50 1 0
12:30:51 0 0
12:30:52 1 0
12:30:53 3 0
12:30:54 5 0
12:30:55 4 0
12:30:56 0 0
12:30:57 2 0
12:30:58 4 0
12:30:59 6 0
12:31:00 6 0
12:31:01 8 0
12:31:02 2 0
12:31:03 1 0
12:31:04 0 0
12:31:05 0 0
12:31:06 1 0
12:31:07 0 0
12:31:08 1 0
12:31:09 2 0
12:31:10 2 0
12:31:11 2 0
12:31:12 0 0
12:31:13 0 0
12:31:14 0 0
12:31:15 1 0
12:31:16 0 0
12:31:17 2 0
12:31:18 4 0
12:31:19 4 0
12:31:20 5 0
12:31:21 0 0
12:31:22 2 0
12:31:23 4 0
12:31:24 6 0
12:31:25 7 0
12:31:26 8 0
12:31:27 1 0
12:31:28 0 0
12:31:29 3 0
12:31:30 5 0
12:31:31 6 0
12:31:32 7 0
12:31:33 9 0
12:31:34 3 0
12:31:35 0 0
12:31:36 0 0
12:31:37 3 0
12:31:38 3 0
12:31:39 0 0
12:31:40 2 0
12:31:41 2 0
12:31:42 0 0
12:31:43 0 0
12:31:44 2 0
12:31:45 4 0
12:31:46 6 0
12:31:47 8 0
12:31:48 9 0
12:31:49 10 0
12:31:50 1 0
12:31:51 2 0
12:31:52 0 0
12:31:53 0 0
12:31:54 2 0
12:31:55 2 0
12:31:56 0 0
12:31:57 0 0
12:31:58 0 0
12:31:59 0 0
12:32:00 0 0
12:32:01 0 0
12:32:02 0 0
12:32:03 0 0
12:32:04 0 0
12:32:05 0 0
12:32:06 0 0
12:32:07 0 0
12:32:08 0 0
