time     running waiting
12:24:59 0 0
12:25:00 0 0
12:25:01 0 0
12:25:02 0 0
12:25:03 0 0
12:25:04 0 0
12:25:05 0 0
12:25:06 0 0
12:25:07 0 0
12:25:08 0 0
12:25:09 0 0
12:25:10 0 0
12:25:11 0 0
12:25:12 0 0
12:25:13 0 0
12:25:14 0 0
12:25:15 0 0
12:25:16 0 0
12:25:17 0 0
12:25:18 0 0
12:25:19 0 0
12:25:20 0 0
12:25:21 0 0
12:25:22 0 0
12:25:23 0 0
12:25:24 0 0
12:25:25 0 0
12:25:26 0 0
12:25:27 0 0
12:25:28 0 0
12:25:29 0 0
12:25:30 0 0
12:25:31 0 0
12:25:32 0 0
12:25:33 0 0
12:25:34 0 0
12:25:35 0 0
12:25:36 0 0
12:25:37 0 0
12:25:38 0 0
12:25:39 0 0
12:25:40 0 0
12:25:41 0 0
12:25:42 0 0
12:25:43 0 0
12:25:44 0 0
12:25:45 0 0
12:25:46 0 0
12:25:47 0 0
12:25:48 0 0
12:25:49 0 0
12:25:50 0 0
12:25:51 0 0
12:25:52 0 0
12:25:53 0 0
12:25:54 0 0
12:25:55 0 0
12:25:56 0 0
12:25:57 0 0
12:25:58 0 0
12:25:59 0 0
12:26:00 1 0
12:26:01 0 0
12:26:02 1 0
12:26:03 1 0
12:26:04 3 0
12:26:05 4 0
12:26:06 3 0
12:26:07 1 0
12:26:08 2 0
12:26:09 0 0
12:26:10 0 0
12:26:11 2 0
12:26:12 3 0
12:26:13 1 0
12:26:14 0 0
12:26:15 0 0
12:26:16 2 0
12:26:17 4 0
12:26:18 5 0
12:26:19 1 0
12:26:20 1 0
12:26:21 2 0
12:26:22 1 0
12:26:23 3 0
12:26:24 3 0
12:26:25 1 0
12:26:26 3 0
12:26:27 4 0
12:26:28 1 0
12:26:29 3 0
12:26:30 5 0
12:26:31 6 0
12:26:32 7 0
12:26:33 1 0
12:26:34 0 0
12:26:35 0 0
12:26:36 2 0
12:26:37 2 0
12:26:38 0 0
12:26:39 1 0
12:26:40 3 0
12:26:41 4 0
12:26:42 6 0
12:26:43 6 0
12:26:44 8 0
12:26:45 10 0
12:26:46 9 0
12:26:47 6 0
12:26:48 2 0
12:26:49 2 0
12:26:50 3 0
12:26:51 0 0
12:26:52 0 0
12:26:53 1 0
12:26:54 0 0
12:26:55 0 0
12:26:56 0 0
12:26:57 2 0
12:26:58 4 0
12:26:59 4 0
12:27:00 5 0
12:27:01 2 0
12:27:02 2 0
12:27:03 0 0
12:27:04 0 0
12:27:05 0 0
12:27:06 0 0
12:27:07 2 0
12:27:08 4 0
12:27:09 5 0
12:27:10 3 0
12:27:11 0 0
12:27:12 0 0
12:27:13 0 0
12:27:14 0 0
12:27:15 0 0
12:27:16 0 0
12:27:17 0 0
12:27:18 0 0
12:27:19 0 0
12:27:20 0 0
12:27:21 0 0
12:27:22 0 0
12:27:23 0 0
12:27:24 0 0
12:27:25 0 0
12:27:26 0 0
12:27:27 0 0
12:27:28 0 0
12:27:29 0 0
12:27:30 0 0
12:27:31 0 0
12:27:32 0 0
12:27:33 0 0
12:27:34 0 0
12:27:35 0 0
12:27:36 0 0
12:27:37 0 0
12:27:39 0 0
12:27:40 0 0
12:27:41 0 0
12:27:42 0 0
12:27:43 0 0
12:27:44 0 0
12:27:45 0 0
12:27:46 0 0
12:27:47 0 0
12:27:48 0 0
12:27:49 0 0
12:27:50 0 0
12:27:51 0 0
12:27:52 0 0
