time     running waiting
13:58:43 0 0
13:58:44 0 0
13:58:45 0 0
13:58:46 0 0
13:58:47 0 0
13:58:48 0 0
13:58:49 0 0
13:58:50 0 0
13:58:51 0 0
13:58:52 0 0
13:58:53 0 0
13:58:54 0 0
13:58:55 0 0
13:58:56 0 0
13:58:57 0 0
13:58:58 0 0
13:58:59 0 0
13:59:00 0 0
13:59:01 0 0
13:59:02 0 0
13:59:03 0 0
13:59:04 0 0
13:59:05 0 0
13:59:06 0 0
13:59:07 0 0
13:59:08 0 0
13:59:09 0 0
13:59:10 0 0
13:59:11 0 0
13:59:12 0 0
13:59:13 0 0
13:59:14 0 0
13:59:15 0 0
13:59:16 0 0
13:59:17 0 0
13:59:18 0 0
13:59:19 0 0
13:59:20 0 0
13:59:21 0 0
13:59:22 0 0
13:59:23 0 0
13:59:24 0 0
13:59:25 0 0
13:59:26 0 0
13:59:27 0 0
13:59:28 0 0
13:59:29 0 0
13:59:30 0 0
13:59:31 0 0
13:59:32 0 0
13:59:33 0 0
13:59:34 0 0
13:59:35 0 0
13:59:36 0 0
13:59:37 1 0
13:59:38 0 0
13:59:39 1 0
13:59:40 0 0
13:59:41 1 0
13:59:42 0 0
13:59:43 0 0
13:59:44 2 0
13:59:45 3 0
13:59:46 4 0
13:59:47 5 0
13:59:48 7 0
13:59:49 10 0
13:59:50 11 0
13:59:51 10 0
13:59:52 10 0
13:59:53 1 0
13:59:54 1 0
13:59:55 1 0
13:59:56 1 0
13:59:57 0 0
13:59:58 1 0
13:59:59 2 0
14:00:00 4 0
14:00:01 5 0
14:00:02 6 0
14:00:03 8 0
14:00:04 10 1
14:00:05 13 0
14:00:06 15 0
14:00:07 17 0
14:00:08 17 0
14:00:09 15 0
14:00:10 17 0
14:00:11 19 0
14:00:12 21 0
14:00:13 23 0
14:00:14 25 0
14:00:15 12 0
14:00:16 14 0
14:00:17 15 0
14:00:18 17 0
14:00:19 19 0
14:00:20 21 0
14:00:21 12 0
14:00:22 8 0
14:00:23 0 0
14:00:24 0 0
14:00:25 1 0
14:00:26 0 0
14:00:27 0 0
14:00:28 0 0
14:00:29 0 0
14:00:30 0 0
14:00:31 0 0
14:00:32 0 0
14:00:33 0 0
14:00:34 0 0
14:00:35 0 0
14:00:36 0 0
14:00:37 0 0
14:00:38 0 0
14:00:39 0 0
14:00:40 0 0
14:00:41 0 0
14:00:42 0 0
14:00:43 0 0
14:00:44 0 0
14:00:45 0 0
