time     running waiting
13:56:20 0 0
13:56:21 0 0
13:56:22 0 0
13:56:23 0 0
13:56:24 0 0
13:56:25 0 0
13:56:26 0 0
13:56:27 0 0
13:56:28 0 0
13:56:29 0 0
13:56:30 0 0
13:56:31 0 0
13:56:32 0 0
13:56:33 0 0
13:56:34 0 0
13:56:35 0 0
13:56:36 0 0
13:56:37 0 0
13:56:38 0 0
13:56:39 0 0
13:56:40 0 0
13:56:41 0 0
13:56:42 0 0
13:56:43 0 0
13:56:44 0 0
13:56:45 0 0
13:56:46 0 0
13:56:47 0 0
13:56:48 0 0
13:56:49 0 0
13:56:50 0 0
13:56:51 0 0
13:56:52 0 0
13:56:53 0 0
13:56:54 0 0
13:56:55 0 0
13:56:56 0 0
13:56:57 0 0
13:56:58 0 0
13:56:59 0 0
13:57:00 0 0
13:57:01 0 0
13:57:02 0 0
13:57:03 0 0
13:57:04 0 0
13:57:05 0 0
13:57:06 0 0
13:57:07 0 0
13:57:08 0 0
13:57:09 0 0
13:57:10 0 0
13:57:11 0 0
13:57:12 0 0
13:57:13 0 0
13:57:14 1 0
13:57:15 1 0
13:57:16 2 0
13:57:17 2 0
13:57:18 1 0
13:57:19 0 0
13:57:20 2 0
13:57:21 2 0
13:57:22 0 0
13:57:23 0 0
13:57:24 1 0
13:57:25 3 0
13:57:26 2 0
13:57:27 4 0
13:57:28 2 0
13:57:29 4 0
13:57:30 3 0
13:57:31 5 0
13:57:32 3 0
13:57:33 4 0
13:57:34 0 0
13:57:35 0 0
13:57:36 1 0
13:57:37 0 0
13:57:38 0 0
13:57:39 2 0
13:57:40 0 0
13:57:41 0 0
13:57:42 0 0
13:57:43 0 0
13:57:44 1 0
13:57:45 3 0
13:57:46 4 0
13:57:47 4 0
13:57:48 0 0
13:57:49 1 0
13:57:50 2 0
13:57:51 4 0
13:57:52 5 0
13:57:53 4 0
13:57:54 4 0
13:57:55 3 0
13:57:56 5 0
13:57:57 7 0
13:57:58 5 0
13:57:59 2 0
13:58:00 2 0
13:58:02 4 0
13:58:03 5 0
13:58:04 3 0
13:58:05 0 0
13:58:06 3 0
13:58:07 3 0
13:58:08 5 0
13:58:09 5 0
13:58:10 6 0
13:58:11 7 0
13:58:12 7 0
13:58:13 0 0
13:58:14 2 0
13:58:15 2 0
13:58:16 0 0
13:58:17 0 0
13:58:18 2 0
13:58:19 4 0
13:58:20 5 0
13:58:21 6 0
13:58:22 0 0
13:58:23 0 0
13:58:24 0 0
13:58:25 0 0
13:58:26 0 0
13:58:27 0 0
13:58:28 0 0
13:58:29 0 0
13:58:30 0 0
13:58:31 0 0
13:58:32 0 0
13:58:33 0 0
13:58:34 0 0
13:58:35 0 0
13:58:36 0 0
13:58:37 0 0
13:58:38 0 0
13:58:39 0 0
13:58:40 0 0
13:58:41 0 0
