time     running waiting
15:05:43 0 0
15:05:44 0 0
15:05:45 0 0
15:05:46 0 0
15:05:47 0 0
15:05:48 0 0
15:05:49 0 0
15:05:50 0 0
15:05:51 0 0
15:05:52 0 0
15:05:53 0 0
15:05:54 0 0
15:05:55 0 0
15:05:56 0 0
15:05:57 0 0
15:05:58 0 0
15:05:59 0 0
15:06:00 0 0
15:06:01 0 0
15:06:02 0 0
15:06:03 0 0
15:06:04 0 0
15:06:05 0 0
15:06:06 0 0
15:06:07 0 0
15:06:08 0 0
15:06:09 0 0
15:06:10 0 0
15:06:11 0 0
15:06:12 0 0
15:06:13 0 0
15:06:14 0 0
15:06:15 0 0
15:06:16 0 0
15:06:17 0 0
15:06:18 0 0
15:06:19 0 0
15:06:20 0 0
15:06:21 0 0
15:06:22 0 0
15:06:23 0 0
15:06:24 0 0
15:06:25 0 0
15:06:26 0 0
15:06:27 0 0
15:06:28 0 0
15:06:29 0 0
15:06:30 0 0
15:06:31 0 0
15:06:32 0 0
15:06:33 0 0
15:06:34 0 0
15:06:35 0 0
15:06:36 0 0
15:06:37 0 0
15:06:38 0 0
15:06:39 0 0
15:06:40 0 0
15:06:41 0 0
15:06:42 0 0
15:06:43 0 0
15:06:44 0 0
15:06:45 0 0
15:06:46 0 0
15:06:47 0 0
15:06:48 0 0
15:06:49 0 0
15:06:50 0 0
15:06:51 0 0
15:06:52 0 0
15:06:53 0 0
15:06:54 0 0
15:06:55 0 0
15:06:56 0 0
15:06:57 0 0
15:06:58 0 0
15:06:59 0 0
15:07:00 0 0
15:07:01 0 0
15:07:02 0 0
15:07:03 0 0
15:07:04 0 0
15:07:05 0 0
15:07:06 0 0
15:07:07 0 0
15:07:08 0 0
15:07:09 0 0
15:07:10 2 0
15:07:11 1 0
15:07:12 0 0
15:07:13 1 0
15:07:14 1 0
15:07:15 0 0
15:07:16 2 0
15:07:17 2 0
15:07:18 3 0
15:07:19 4 0
15:07:20 5 0
15:07:21 5 1
15:07:22 6 1
15:07:23 7 1
15:07:24 8 0
15:07:25 6 0
15:07:26 4 0
15:07:27 5 2
15:07:28 5 2
15:07:29 6 1
15:07:30 7 1
15:07:31 8 0
15:07:32 5 0
15:07:33 6 1
15:07:34 7 1
15:07:35 8 0
15:07:36 7 0
15:07:37 7 0
15:07:38 8 0
15:07:39 6 0
15:07:40 5 0
15:07:41 6 2
15:07:42 7 1
15:07:43 8 0
15:07:44 6 0
15:07:45 6 0
15:07:46 7 1
15:07:47 8 0
15:07:48 4 0
15:07:49 5 0
15:07:50 6 1
15:07:51 7 1
15:07:52 7 0
15:07:53 8 0
15:07:54 6 0
15:07:55 5 0
15:07:56 6 1
15:07:57 7 1
15:07:58 8 0
15:07:59 7 0
15:08:00 7 0
15:08:01 8 0
15:08:02 7 0
15:08:03 6 0
15:08:04 7 1
15:08:05 8 0
15:08:06 4 0
15:08:07 5 0
15:08:08 6 2
15:08:09 7 1
15:08:10 8 0
15:08:11 3 0
15:08:12 4 0
15:08:13 5 1
15:08:14 6 1
15:08:15 7 1
15:08:16 8 0
15:08:17 3 0
15:08:18 4 0
15:08:19 5 1
15:08:20 6 1
15:08:21 7 1
15:08:22 8 0
15:08:23 4 0
15:08:24 5 0
15:08:25 6 2
15:08:27 7 1
15:08:28 8 0
15:08:29 5 0
15:08:30 6 1
15:08:31 6 1
15:08:32 7 1
15:08:33 6 0
15:08:34 4 0
15:08:35 6 0
15:08:36 7 0
15:08:37 7 1
15:08:38 7 1
15:08:39 7 0
15:08:40 7 0
15:08:41 7 0
15:08:42 7 0
15:08:43 8 0
15:08:44 6 0
15:08:45 5 0
15:08:46 6 2
15:08:47 7 1
15:08:48 8 0
15:08:49 5 0
15:08:50 5 0
15:08:51 6 1
15:08:52 7 1
15:08:53 8 0
15:08:54 7 0
15:08:55 6 0
15:08:56 7 1
15:08:57 8 0
15:08:58 6 0
15:08:59 4 0
15:09:00 5 1
15:09:01 6 1
15:09:02 7 1
15:09:03 8 0
15:09:04 7 0
15:09:05 7 0
15:09:06 8 0
15:09:07 4 0
15:09:08 4 0
15:09:09 5 2
15:09:10 6 1
15:09:11 7 1
15:09:12 8 0
15:09:13 6 0
15:09:14 4 0
15:09:15 5 1
15:09:16 6 1
15:09:17 7 1
15:09:18 8 0
15:09:19 8 0
15:09:20 7 0
15:09:21 8 0
15:09:22 8 0
15:09:23 6 0
15:09:24 7 1
15:09:25 7 1
15:09:26 7 0
15:09:27 0 0
15:09:28 2 1
15:09:29 3 1
15:09:30 4 3
15:09:31 5 3
15:09:32 6 2
15:09:33 7 1
15:09:34 7 1
15:09:35 8 0
15:09:36 6 0
15:09:37 7 0
15:09:38 8 0
15:09:39 6 0
15:09:40 7 0
15:09:41 8 0
15:09:42 1 0
15:09:43 2 0
15:09:44 3 1
15:09:45 4 1
15:09:46 5 3
15:09:47 6 2
15:09:48 7 1
15:09:49 8 0
15:09:50 7 0
15:09:51 7 0
15:09:52 6 0
15:09:53 3 0
15:09:54 0 0
15:09:55 0 0
15:09:56 0 0
15:09:57 0 0
15:09:58 0 0
15:09:59 0 0
15:10:00 0 0
15:10:01 0 0
15:10:02 0 0
15:10:03 0 0
15:10:04 0 0
15:10:05 0 0
15:10:06 0 0
15:10:07 0 0
15:10:08 0 0
15:10:09 0 0
15:10:10 0 0
15:10:11 0 0
15:10:12 0 0
15:10:13 0 0
15:10:14 0 0
15:10:15 0 0
15:10:16 0 0
15:10:17 0 0
15:10:18 0 0
15:10:19 0 0
15:10:20 0 0
15:10:21 0 0
15:10:22 0 0
15:10:23 0 0
15:10:24 0 0
15:10:25 0 0
15:10:26 0 0
15:10:27 0 0
15:10:28 0 0
15:10:29 0 0
15:10:30 0 0
15:10:31 0 0
15:10:32 0 0
15:10:33 0 0
15:10:34 0 0
15:10:35 0 0
15:10:36 0 0
15:10:37 0 0
15:10:38 0 0
