time     running waiting
12:41:15 0 0
12:41:16 0 0
12:41:17 0 0
12:41:18 0 0
12:41:19 0 0
12:41:20 0 0
12:41:21 0 0
12:41:22 0 0
12:41:23 0 0
12:41:24 0 0
12:41:25 0 0
12:41:26 0 0
12:41:27 0 0
12:41:28 0 0
12:41:29 0 0
12:41:30 0 0
12:41:31 0 0
12:41:32 0 0
12:41:33 0 0
12:41:34 0 0
12:41:35 0 0
12:41:36 0 0
12:41:37 0 0
12:41:38 0 0
12:41:39 0 0
12:41:40 0 0
12:41:41 0 0
12:41:42 0 0
12:41:43 0 0
12:41:44 0 0
12:41:45 0 0
12:41:46 0 0
12:41:47 0 0
12:41:48 0 0
12:41:49 0 0
12:41:50 0 0
12:41:51 0 0
12:41:52 0 0
12:41:53 0 0
12:41:54 0 0
12:41:55 0 0
12:41:56 0 0
12:41:57 0 0
12:41:58 0 0
12:41:59 0 0
12:42:00 0 0
12:42:01 0 0
12:42:02 0 0
12:42:03 0 0
12:42:04 0 0
12:42:05 0 0
12:42:06 0 0
12:42:07 0 0
12:42:08 0 0
12:42:09 0 0
12:42:10 0 0
12:42:11 0 0
12:42:12 0 0
12:42:13 0 0
12:42:14 0 0
12:42:15 0 0
12:42:16 0 0
12:42:17 0 0
12:42:18 0 0
12:42:19 0 0
12:42:20 0 0
12:42:21 0 0
12:42:22 0 0
12:42:23 0 0
12:42:24 0 0
12:42:25 0 0
12:42:26 0 0
12:42:27 0 0
12:42:28 0 0
12:42:29 0 0
12:42:30 0 0
12:42:31 0 0
12:42:32 0 0
12:42:33 0 0
12:42:34 0 0
12:42:35 0 0
12:42:36 0 0
12:42:37 0 0
12:42:38 0 0
12:42:39 0 0
12:42:40 0 0
12:42:41 0 0
12:42:42 0 0
12:42:43 0 0
12:42:44 1 0
12:42:45 0 0
12:42:46 1 0
12:42:47 2 0
12:42:48 0 0
12:42:49 0 0
12:42:50 1 0
12:42:51 0 0
12:42:52 0 0
12:42:53 2 0
12:42:54 3 1
12:42:55 4 0
12:42:56 5 1
12:42:57 5 2
12:42:58 6 1
12:42:59 7 1
12:43:00 8 0
12:43:01 8 0
12:43:02 7 0
12:43:03 8 0
12:43:04 5 0
12:43:05 5 1
12:43:06 6 1
12:43:07 7 1
12:43:08 8 0
12:43:09 6 0
12:43:10 7 0
12:43:11 8 0
12:43:12 7 0
12:43:13 8 0
12:43:14 7 0
12:43:15 8 0
12:43:16 6 0
12:43:17 7 0
12:43:18 8 0
12:43:19 6 0
12:43:20 7 0
12:43:21 8 0
12:43:22 8 0
12:43:23 6 0
12:43:24 7 0
12:43:25 7 0
12:43:26 8 0
12:43:27 7 0
12:43:28 8 0
12:43:29 7 0
12:43:30 8 0
12:43:31 8 0
12:43:32 7 0
12:43:33 8 0
12:43:34 7 0
12:43:35 7 0
12:43:36 8 0
12:43:37 8 0
12:43:38 7 0
12:43:39 7 0
12:43:40 8 0
12:43:41 7 0
12:43:42 8 0
12:43:43 6 0
12:43:44 7 0
12:43:45 8 0
12:43:46 6 0
12:43:47 7 1
12:43:48 8 0
12:43:49 8 0
12:43:50 5 1
12:43:51 6 1
12:43:52 7 1
12:43:53 8 0
12:43:54 5 0
12:43:55 6 0
12:43:56 7 1
12:43:57 8 0
12:43:58 6 0
12:43:59 7 0
12:44:00 8 0
12:44:01 6 0
12:44:02 7 0
12:44:03 7 0
12:44:04 8 0
12:44:05 7 0
12:44:06 8 0
12:44:07 4 0
12:44:08 5 0
12:44:09 6 2
12:44:10 7 1
12:44:11 8 0
12:44:12 7 0
12:44:13 8 0
12:44:14 6 0
12:44:15 7 0
12:44:16 8 0
12:44:17 4 0
12:44:18 5 0
12:44:19 6 2
12:44:20 7 1
12:44:21 8 0
12:44:22 7 0
12:44:23 8 0
12:44:24 6 0
12:44:25 6 0
12:44:26 7 0
12:44:27 8 0
12:44:28 8 0
12:44:29 8 0
12:44:30 7 0
12:44:31 8 0
12:44:32 6 1
12:44:33 6 1
12:44:34 7 1
12:44:35 7 0
12:44:36 7 0
12:44:37 8 0
12:44:38 7 0
12:44:39 7 0
12:44:40 8 0
12:44:41 8 0
12:44:42 4 0
12:44:43 5 1
12:44:44 6 2
12:44:45 6 1
12:44:46 7 0
12:44:47 8 0
12:44:48 7 0
12:44:50 8 0
12:44:51 7 0
12:44:52 7 0
12:44:53 8 0
12:44:54 6 0
12:44:55 7 0
12:44:56 8 0
12:44:57 7 0
12:44:58 7 0
12:44:59 8 0
12:45:00 7 0
12:45:01 8 0
12:45:02 8 0
12:45:03 6 0
12:45:04 6 0
12:45:05 6 0
12:45:06 7 0
12:45:07 8 0
12:45:08 6 0
12:45:09 7 1
12:45:10 8 0
12:45:11 7 0
12:45:12 7 0
12:45:13 8 0
12:45:14 7 0
12:45:15 8 0
12:45:16 8 0
12:45:17 7 0
12:45:18 7 0
12:45:19 7 0
12:45:20 8 0
12:45:21 8 0
12:45:22 4 0
12:45:23 5 1
12:45:24 6 2
12:45:25 7 1
12:45:26 8 0
12:45:27 8 0
12:45:28 4 0
12:45:29 0 0
12:45:30 0 0
12:45:31 0 0
12:45:32 0 0
12:45:33 0 0
12:45:34 0 0
12:45:35 0 0
12:45:36 0 0
12:45:37 0 0
12:45:38 0 0
12:45:39 0 0
12:45:40 0 0
12:45:41 0 0
12:45:42 0 0
12:45:43 0 0
12:45:44 0 0
12:45:45 0 0
12:45:46 0 0
12:45:47 0 0
12:45:48 0 0
12:45:49 0 0
12:45:50 0 0
12:45:51 0 0
12:45:52 0 0
12:45:53 0 0
12:45:54 0 0
12:45:55 0 0
12:45:56 0 0
12:45:57 0 0
12:45:58 0 0
12:45:59 0 0
12:46:00 0 0
12:46:01 0 0
12:46:02 0 0
12:46:03 0 0
12:46:04 0 0
12:46:05 0 0
12:46:06 0 0
12:46:07 0 0
12:46:08 0 0
12:46:09 0 0
12:46:10 0 0
12:46:11 0 0
12:46:12 0 0
12:46:13 0 0
