time     running waiting
15:14:08 0 0
15:14:09 0 0
15:14:10 0 0
15:14:11 0 0
15:14:12 0 0
15:14:13 0 0
15:14:14 0 0
15:14:15 0 0
15:14:16 0 0
15:14:17 0 0
15:14:18 0 0
15:14:19 0 0
15:14:20 0 0
15:14:21 0 0
15:14:22 0 0
15:14:23 0 0
15:14:24 0 0
15:14:25 0 0
15:14:26 0 0
15:14:27 0 0
15:14:28 0 0
15:14:29 0 0
15:14:30 0 0
15:14:31 0 0
15:14:32 0 0
15:14:33 0 0
15:14:34 0 0
15:14:35 0 0
15:14:36 0 0
15:14:37 0 0
15:14:38 0 0
15:14:39 0 0
15:14:40 0 0
15:14:41 0 0
15:14:42 0 0
15:14:43 0 0
15:14:44 0 0
15:14:45 0 0
15:14:46 0 0
15:14:47 0 0
15:14:48 0 0
15:14:49 0 0
15:14:50 0 0
15:14:51 0 0
15:14:52 0 0
15:14:53 0 0
15:14:54 0 0
15:14:55 0 0
15:14:56 0 0
15:14:57 0 0
15:14:58 0 0
15:14:59 0 0
15:15:00 0 0
15:15:01 0 0
15:15:02 0 0
15:15:03 0 0
15:15:04 0 0
15:15:05 0 0
15:15:06 0 0
15:15:07 0 0
15:15:08 0 0
15:15:09 0 0
15:15:10 0 0
15:15:11 0 0
15:15:12 0 0
15:15:13 0 0
15:15:14 0 0
15:15:15 0 0
15:15:16 0 0
15:15:17 0 0
15:15:18 0 0
15:15:19 0 0
15:15:20 0 0
15:15:21 0 0
15:15:22 0 0
15:15:23 0 0
15:15:24 0 0
15:15:25 0 0
15:15:26 0 0
15:15:27 0 0
15:15:28 0 0
15:15:29 0 0
15:15:30 0 0
15:15:31 0 0
15:15:32 0 0
15:15:33 0 0
15:15:34 0 0
15:15:35 1 0
15:15:36 2 0
15:15:37 1 0
15:15:38 2 0
15:15:39 2 0
15:15:40 2 0
15:15:41 3 0
15:15:42 4 0
15:15:43 5 1
15:15:44 6 2
15:15:45 6 1
15:15:46 7 0
15:15:47 8 0
15:15:48 5 0
15:15:49 6 0
15:15:50 7 1
15:15:51 8 0
15:15:52 5 0
15:15:53 6 0
15:15:54 7 1
15:15:55 8 0
15:15:56 4 0
15:15:57 5 0
15:15:58 6 2
15:15:59 7 1
15:16:00 7 0
15:16:01 8 0
15:16:02 5 0
15:16:03 6 0
15:16:04 6 1
15:16:05 7 0
15:16:06 8 0
15:16:07 5 0
15:16:08 6 0
15:16:09 7 1
15:16:10 8 0
15:16:11 4 0
15:16:12 5 0
15:16:13 6 2
15:16:14 7 1
15:16:15 8 0
15:16:16 6 0
15:16:17 7 1
15:16:18 8 0
15:16:19 7 0
15:16:20 7 0
15:16:21 8 0
15:16:22 7 0
15:16:23 6 0
15:16:24 7 1
15:16:25 7 0
15:16:26 8 0
15:16:27 6 0
15:16:28 4 0
15:16:29 5 2
15:16:30 6 1
15:16:31 7 1
15:16:32 8 0
15:16:33 8 0
15:16:34 3 0
15:16:35 3 2
15:16:36 3 2
15:16:37 4 1
15:16:38 5 3
15:16:39 6 2
15:16:40 7 1
15:16:41 8 0
15:16:42 5 0
15:16:43 6 0
15:16:44 7 1
15:16:45 7 0
15:16:46 4 0
15:16:47 5 2
15:16:48 6 1
15:16:49 7 1
15:16:50 7 0
15:16:51 7 0
15:16:52 7 0
15:16:53 4 0
15:16:54 5 1
15:16:55 6 1
15:16:56 7 1
15:16:57 8 0
15:16:58 7 0
15:16:59 7 0
15:17:00 8 0
15:17:01 5 0
15:17:02 4 0
15:17:03 6 1
15:17:04 6 1
15:17:05 7 1
15:17:06 8 0
15:17:07 6 0
15:17:08 4 0
15:17:09 4 2
15:17:10 5 1
15:17:11 6 2
15:17:12 7 1
15:17:13 8 0
15:17:14 6 0
15:17:15 6 0
15:17:16 7 1
15:17:17 8 0
15:17:18 7 0
15:17:19 6 0
15:17:20 7 1
15:17:21 7 0
15:17:22 8 0
15:17:23 7 0
15:17:24 5 0
15:17:25 5 2
15:17:26 6 1
15:17:27 7 1
15:17:28 8 0
15:17:29 8 0
15:17:30 5 0
15:17:31 5 0
15:17:32 6 2
15:17:33 7 1
15:17:34 8 0
15:17:35 5 0
15:17:36 5 0
15:17:37 6 2
15:17:38 7 1
15:17:39 8 0
15:17:40 6 0
15:17:41 6 0
15:17:42 7 1
15:17:43 8 0
15:17:44 6 0
15:17:45 6 0
15:17:46 8 0
15:17:47 7 0
15:17:48 6 0
15:17:49 6 1
15:17:50 7 0
15:17:51 8 0
15:17:52 7 0
15:17:53 3 0
15:17:54 4 1
15:17:55 5 1
15:17:56 6 2
15:17:57 7 1
15:17:58 8 0
15:17:59 7 0
15:18:00 8 0
15:18:01 8 0
15:18:02 5 0
15:18:03 6 1
15:18:04 7 1
15:18:05 8 0
15:18:06 8 0
15:18:07 2 0
15:18:08 3 0
15:18:09 4 2
15:18:10 5 1
15:18:11 6 2
15:18:12 7 1
15:18:13 8 0
15:18:14 7 0
15:18:15 4 0
15:18:16 0 0
15:18:17 0 0
15:18:18 0 0
15:18:19 0 0
15:18:20 0 0
15:18:21 0 0
15:18:23 0 0
15:18:24 0 0
15:18:25 0 0
15:18:26 0 0
15:18:27 0 0
15:18:28 0 0
15:18:29 0 0
15:18:30 0 0
15:18:31 0 0
15:18:32 0 0
15:18:33 0 0
15:18:34 0 0
15:18:35 0 0
15:18:36 0 0
15:18:37 0 0
15:18:38 0 0
15:18:39 0 0
15:18:40 0 0
15:18:41 0 0
15:18:42 0 0
15:18:43 0 0
15:18:44 0 0
15:18:45 0 0
15:18:46 0 0
15:18:47 0 0
15:18:48 0 0
15:18:49 0 0
15:18:50 0 0
15:18:51 0 0
15:18:52 0 0
15:18:53 0 0
15:18:54 0 0
15:18:55 0 0
15:18:56 0 0
15:18:57 0 0
15:18:58 0 0
15:18:59 0 0
15:19:00 0 0
15:19:01 0 0
