time     running waiting
15:01:53 0 0
15:01:54 0 0
15:01:55 0 0
15:01:56 0 0
15:01:57 0 0
15:01:58 0 0
15:01:59 0 0
15:02:00 0 0
15:02:01 0 0
15:02:02 0 0
15:02:03 0 0
15:02:04 0 0
15:02:05 0 0
15:02:06 0 0
15:02:07 0 0
15:02:08 0 0
15:02:09 0 0
15:02:10 0 0
15:02:11 0 0
15:02:12 0 0
15:02:13 0 0
15:02:14 0 0
15:02:15 0 0
15:02:16 0 0
15:02:17 0 0
15:02:18 0 0
15:02:19 0 0
15:02:20 0 0
15:02:21 0 0
15:02:22 0 0
15:02:23 0 0
15:02:24 0 0
15:02:25 0 0
15:02:26 0 0
15:02:27 0 0
15:02:28 0 0
15:02:29 0 0
15:02:30 0 0
15:02:31 0 0
15:02:32 0 0
15:02:33 0 0
15:02:34 0 0
15:02:35 0 0
15:02:36 0 0
15:02:37 0 0
15:02:38 0 0
15:02:39 0 0
15:02:40 0 0
15:02:41 0 0
15:02:42 1 0
15:02:43 0 0
15:02:44 0 0
15:02:45 1 0
15:02:46 0 0
15:02:47 0 0
15:02:48 0 0
15:02:49 1 0
15:02:50 3 0
15:02:51 3 0
15:02:52 1 0
15:02:53 2 0
15:02:54 2 0
15:02:55 1 0
15:02:56 0 0
15:02:57 0 0
15:02:58 0 0
15:02:59 1 0
15:03:00 3 0
15:03:01 2 1
15:03:02 1 0
15:03:03 0 0
15:03:04 2 0
15:03:05 2 0
15:03:06 1 0
15:03:07 2 0
15:03:08 0 0
15:03:09 1 0
15:03:10 4 0
15:03:11 5 0
15:03:12 5 1
15:03:13 3 0
15:03:14 2 0
15:03:15 4 0
15:03:16 6 0
15:03:17 8 0
15:03:18 7 0
15:03:19 0 0
15:03:20 1 0
15:03:21 0 0
15:03:22 2 0
15:03:23 2 0
15:03:24 0 0
15:03:25 2 0
15:03:26 2 0
15:03:27 0 0
15:03:28 1 0
15:03:29 1 0
15:03:30 3 0
15:03:32 5 0
15:03:33 5 0
15:03:34 1 0
15:03:35 0 0
15:03:36 0 0
15:03:37 2 0
15:03:38 2 0
15:03:39 1 0
15:03:40 3 0
15:03:41 3 0
15:03:42 0 0
15:03:43 0 1
15:03:44 2 0
15:03:45 2 0
15:03:46 1 0
15:03:47 3 0
15:03:48 5 0
15:03:49 6 0
15:03:50 8 0
15:03:51 7 1
15:03:52 7 0
15:03:53 4 0
15:03:54 0 0
15:03:55 1 0
15:03:56 1 0
15:03:57 0 0
15:03:58 0 0
15:03:59 0 0
15:04:00 0 0
15:04:01 0 0
15:04:02 0 0
15:04:03 0 0
15:04:04 0 0
15:04:05 0 0
15:04:06 0 0
15:04:07 0 0
15:04:08 0 0
15:04:09 0 0
15:04:10 0 0
15:04:11 0 0
15:04:12 0 0
15:04:13 0 0
15:04:14 0 0
15:04:15 0 0
15:04:16 0 0
15:04:17 0 0
15:04:18 0 0
15:04:19 0 0
15:04:20 0 0
15:04:21 0 0
15:04:22 0 0
15:04:23 0 0
15:04:24 0 0
15:04:25 0 0
15:04:26 0 0
15:04:27 0 0
15:04:28 0 0
15:04:29 0 0
15:04:30 0 0
15:04:31 0 0
15:04:32 0 0
15:04:33 0 0
15:04:34 0 0
15:04:35 0 0
15:04:36 0 0
15:04:37 0 0
15:04:38 0 0
15:04:39 0 0
15:04:40 0 0
15:04:41 0 0
