time     running waiting
14:53:32 0 0
14:53:33 0 0
14:53:34 0 0
14:53:35 0 0
14:53:36 0 0
14:53:37 0 0
14:53:38 0 0
14:53:39 0 0
14:53:40 0 0
14:53:41 0 0
14:53:42 0 0
14:53:43 0 0
14:53:44 0 0
14:53:45 0 0
14:53:46 0 0
14:53:47 0 0
14:53:48 0 0
14:53:50 0 0
14:53:51 0 0
14:53:52 0 0
14:53:53 0 0
14:53:54 0 0
14:53:55 0 0
14:53:56 0 0
14:53:57 0 0
14:53:58 0 0
14:53:59 0 0
14:54:00 0 0
14:54:01 0 0
14:54:02 0 0
14:54:03 0 0
14:54:04 0 0
14:54:05 0 0
14:54:06 0 0
14:54:07 0 0
14:54:08 0 0
14:54:09 0 0
14:54:10 0 0
14:54:11 0 0
14:54:12 0 0
14:54:13 0 0
14:54:14 0 0
14:54:15 0 0
14:54:16 0 0
14:54:17 0 0
14:54:18 0 0
14:54:19 0 0
14:54:20 0 0
14:54:21 0 0
14:54:22 0 0
14:54:23 0 0
14:54:24 0 0
14:54:25 0 0
14:54:26 0 0
14:54:27 1 0
14:54:28 0 0
14:54:29 1 0
14:54:30 1 1
14:54:31 1 0
14:54:32 2 0
14:54:33 1 0
14:54:34 3 0
14:54:35 5 0
14:54:36 6 0
14:54:37 4 0
14:54:38 4 0
14:54:39 4 0
14:54:40 3 0
14:54:41 1 0
14:54:42 2 0
14:54:43 3 0
14:54:44 3 0
14:54:45 2 0
14:54:46 3 0
14:54:47 4 0
14:54:48 1 0
14:54:49 0 0
14:54:50 1 0
14:54:51 0 0
14:54:52 1 0
14:54:53 2 0
14:54:54 3 0
14:54:55 6 0
14:54:56 7 0
14:54:57 7 0
14:54:58 8 0
14:54:59 4 0
14:55:00 4 0
14:55:01 3 0
14:55:02 2 0
14:55:03 3 0
14:55:04 5 0
14:55:05 3 0
14:55:06 6 0
14:55:07 7 0
14:55:08 4 0
14:55:09 2 0
14:55:10 3 1
14:55:11 6 0
14:55:12 7 0
14:55:13 5 0
14:55:14 1 0
14:55:15 1 0
14:55:16 1 0
14:55:17 3 0
14:55:18 5 0
14:55:19 5 0
14:55:20 0 0
14:55:21 0 0
14:55:22 1 0
14:55:23 0 0
14:55:24 1 1
14:55:25 2 0
14:55:26 0 0
14:55:27 0 0
14:55:28 0 0
14:55:29 0 0
14:55:30 0 0
14:55:31 0 0
14:55:32 0 0
14:55:33 0 0
14:55:34 0 0
14:55:35 0 0
14:55:36 0 0
14:55:37 0 0
14:55:38 0 0
14:55:39 0 0
14:55:40 0 0
14:55:41 0 0
14:55:42 0 0
14:55:43 0 0
14:55:44 0 0
14:55:45 0 0
14:55:46 0 0
14:55:47 0 0
14:55:48 0 0
14:55:49 0 0
14:55:50 0 0
14:55:51 0 0
14:55:52 0 0
14:55:53 0 0
14:55:54 0 0
14:55:55 0 0
14:55:56 0 0
14:55:57 0 0
14:55:58 0 0
14:55:59 0 0
14:56:00 0 0
14:56:01 0 0
14:56:02 0 0
14:56:03 0 0
14:56:04 0 0
14:56:05 0 0
14:56:06 0 0
14:56:07 0 0
14:56:08 0 0
14:56:09 0 0
14:56:10 0 0
