time     running waiting
14:59:05 0 0
14:59:06 0 0
14:59:07 0 0
14:59:08 0 0
14:59:09 0 0
14:59:10 0 0
14:59:11 0 0
14:59:12 0 0
14:59:13 0 0
14:59:14 0 0
14:59:15 0 0
14:59:16 0 0
14:59:17 0 0
14:59:18 0 0
14:59:19 0 0
14:59:20 0 0
14:59:21 0 0
14:59:22 0 0
14:59:23 0 0
14:59:24 0 0
14:59:25 0 0
14:59:26 0 0
14:59:27 0 0
14:59:28 0 0
14:59:29 0 0
14:59:30 0 0
14:59:31 0 0
14:59:32 0 0
14:59:33 0 0
14:59:34 0 0
14:59:35 0 0
14:59:36 0 0
14:59:37 0 0
14:59:38 0 0
14:59:39 0 0
14:59:40 0 0
14:59:41 0 0
14:59:42 0 0
14:59:43 0 0
14:59:44 0 0
14:59:45 0 0
14:59:46 0 0
14:59:47 0 0
14:59:48 0 0
14:59:49 0 0
14:59:50 0 0
14:59:51 0 0
14:59:52 0 0
14:59:53 0 0
14:59:54 1 0
14:59:55 0 0
14:59:56 1 0
14:59:57 3 0
14:59:58 4 0
14:59:59 5 0
15:00:00 2 0
15:00:01 0 0
15:00:02 1 0
15:00:03 0 0
15:00:04 0 0
15:00:05 1 0
15:00:06 2 0
15:00:07 3 0
15:00:08 1 0
15:00:09 1 0
15:00:10 2 0
15:00:11 1 0
15:00:12 1 0
15:00:13 1 0
15:00:14 2 0
15:00:15 4 0
15:00:16 2 0
15:00:17 0 0
15:00:18 2 0
15:00:19 2 0
15:00:20 1 0
15:00:21 2 0
15:00:22 2 0
15:00:23 2 0
15:00:24 3 0
15:00:25 4 0
15:00:26 2 0
15:00:27 0 0
15:00:28 1 0
15:00:29 1 0
15:00:30 2 0
15:00:31 1 0
15:00:32 0 0
15:00:33 0 0
15:00:34 1 0
15:00:35 2 0
15:00:36 4 1
15:00:37 6 0
15:00:38 5 0
15:00:39 1 0
15:00:40 2 0
15:00:41 2 0
15:00:42 2 0
15:00:43 1 0
15:00:44 2 0
15:00:45 3 0
15:00:46 2 0
15:00:47 1 0
15:00:48 1 0
15:00:49 2 0
15:00:50 4 0
15:00:51 6 0
15:00:52 6 0
15:00:53 1 0
15:00:54 0 0
15:00:55 2 0
15:00:56 4 0
15:00:57 4 0
15:00:58 6 0
15:00:59 2 0
15:01:00 0 0
15:01:01 0 0
15:01:02 0 0
15:01:03 2 0
15:01:04 4 0
15:01:05 3 0
15:01:06 0 0
15:01:07 0 0
15:01:08 0 0
15:01:09 0 0
15:01:10 0 0
15:01:11 0 0
15:01:13 0 0
15:01:14 0 0
15:01:15 0 0
15:01:16 0 0
15:01:17 0 0
15:01:18 0 0
15:01:19 0 0
15:01:20 0 0
15:01:21 0 0
15:01:22 0 0
15:01:23 0 0
15:01:24 0 0
15:01:25 0 0
15:01:26 0 0
15:01:27 0 0
15:01:28 0 0
15:01:29 0 0
15:01:30 0 0
15:01:31 0 0
15:01:32 0 0
15:01:33 0 0
15:01:34 0 0
15:01:35 0 0
15:01:36 0 0
15:01:37 0 0
15:01:38 0 0
15:01:39 0 0
15:01:40 0 0
15:01:41 0 0
15:01:42 0 0
15:01:43 0 0
15:01:44 0 0
15:01:45 0 0
15:01:46 0 0
15:01:47 0 0
15:01:48 0 0
15:01:49 0 0
15:01:50 0 0
15:01:51 0 0
