time     running waiting
14:56:12 0 0
14:56:13 0 0
14:56:14 0 0
14:56:15 0 0
14:56:16 0 0
14:56:17 0 0
14:56:18 0 0
14:56:19 0 0
14:56:20 0 0
14:56:22 0 0
14:56:23 0 0
14:56:24 0 0
14:56:25 0 0
14:56:26 0 0
14:56:27 0 0
14:56:28 0 0
14:56:29 0 0
14:56:30 0 0
14:56:31 0 0
14:56:32 0 0
14:56:33 0 0
14:56:34 0 0
14:56:35 0 0
14:56:36 0 0
14:56:37 0 0
14:56:38 0 0
14:56:39 0 0
14:56:40 0 0
14:56:41 0 0
14:56:42 0 0
14:56:43 0 0
14:56:44 0 0
14:56:45 0 0
14:56:46 0 0
14:56:47 0 0
14:56:48 0 0
14:56:49 0 0
14:56:50 0 0
14:56:51 0 0
14:56:52 0 0
14:56:53 0 0
14:56:54 0 0
14:56:55 0 0
14:56:56 0 0
14:56:57 0 0
14:56:58 0 0
14:56:59 0 0
14:57:00 0 0
14:57:01 0 0
14:57:02 0 0
14:57:03 0 0
14:57:04 0 0
14:57:05 0 0
14:57:06 0 0
14:57:07 0 0
14:57:08 0 0
14:57:09 0 0
14:57:10 1 0
14:57:11 3 0
14:57:12 2 0
14:57:13 4 0
14:57:14 3 0
14:57:15 4 0
14:57:16 4 1
14:57:17 5 0
14:57:18 4 0
14:57:19 2 0
14:57:20 1 0
14:57:21 1 0
14:57:22 1 0
14:57:23 1 0
14:57:24 3 0
14:57:25 2 0
14:57:26 3 0
14:57:27 2 0
14:57:28 0 0
14:57:29 0 0
14:57:30 1 0
14:57:31 2 0
14:57:32 2 0
14:57:33 2 0
14:57:34 1 0
14:57:35 1 0
14:57:36 1 0
14:57:37 2 0
14:57:38 2 0
14:57:39 3 0
14:57:40 4 0
14:57:41 3 0
14:57:42 3 0
14:57:43 0 0
14:57:44 1 0
14:57:45 1 0
14:57:46 0 0
14:57:47 1 0
14:57:48 3 0
14:57:49 5 0
14:57:50 5 0
14:57:51 0 0
14:57:52 1 0
14:57:53 2 0
14:57:54 3 0
14:57:55 2 0
14:57:56 2 0
14:57:57 0 0
14:57:58 0 0
14:57:59 1 0
14:58:00 3 0
14:58:01 3 0
14:58:02 2 0
14:58:03 3 0
14:58:04 5 0
14:58:05 5 0
14:58:06 4 0
14:58:07 3 0
14:58:08 2 0
14:58:09 2 0
14:58:10 0 0
14:58:11 1 0
14:58:12 0 0
14:58:13 1 0
14:58:14 1 0
14:58:15 2 0
14:58:16 3 0
14:58:17 4 0
14:58:18 0 0
14:58:19 0 0
14:58:20 0 0
14:58:21 0 0
14:58:22 0 0
14:58:23 0 0
14:58:24 0 0
14:58:25 0 0
14:58:26 0 0
14:58:27 0 0
14:58:28 0 0
14:58:29 0 0
14:58:30 0 0
14:58:31 0 0
14:58:32 0 0
14:58:33 0 0
14:58:34 0 0
14:58:35 0 0
14:58:36 0 0
14:58:37 0 0
14:58:38 0 0
14:58:39 0 0
14:58:40 0 0
14:58:41 0 0
14:58:42 0 0
14:58:43 0 0
14:58:44 0 0
14:58:45 0 0
14:58:46 0 0
14:58:47 0 0
14:58:48 0 0
14:58:49 0 0
14:58:50 0 0
14:58:51 0 0
14:58:52 0 0
14:58:53 0 0
14:58:54 0 0
14:58:55 0 0
14:58:56 0 0
14:58:57 0 0
14:58:58 0 0
14:58:59 0 0
14:59:00 0 0
14:59:01 0 0
14:59:02 0 0
