time     running waiting
17:04:13 0 0
17:04:14 0 0
17:04:15 0 0
17:04:16 0 0
17:04:17 0 0
17:04:18 0 0
17:04:19 0 0
17:04:20 0 0
17:04:21 0 0
17:04:22 0 0
17:04:23 0 0
17:04:24 0 0
17:04:25 0 0
17:04:26 0 0
17:04:27 0 0
17:04:28 0 0
17:04:29 0 0
17:04:30 0 0
17:04:31 0 0
17:04:32 0 0
17:04:33 0 0
17:04:34 0 0
17:04:35 0 0
17:04:36 0 0
17:04:37 0 0
17:04:38 0 0
17:04:39 0 0
17:04:40 0 0
17:04:41 0 0
17:04:42 0 0
17:04:43 0 0
17:04:44 0 0
17:04:45 0 0
17:04:46 0 0
17:04:47 0 0
17:04:48 0 0
17:04:49 0 0
17:04:50 0 0
17:04:51 0 0
17:04:52 0 0
17:04:53 0 0
17:04:54 0 0
17:04:55 0 0
17:04:56 0 0
17:04:57 0 0
17:04:58 0 0
17:04:59 0 0
17:05:00 0 0
17:05:01 0 0
17:05:02 0 0
17:05:03 0 0
17:05:04 0 0
17:05:05 0 0
17:05:06 0 0
17:05:07 0 0
17:05:08 0 0
17:05:09 0 0
17:05:10 0 0
17:05:11 0 0
17:05:12 0 0
17:05:13 0 0
17:05:14 0 0
17:05:15 0 0
17:05:16 0 0
17:05:17 0 0
17:05:18 0 0
17:05:19 0 0
17:05:20 0 0
17:05:21 0 0
17:05:22 0 0
17:05:23 0 0
17:05:24 0 0
17:05:25 0 0
17:05:26 0 0
17:05:27 0 0
17:05:28 0 0
17:05:29 0 0
17:05:30 0 0
17:05:31 0 0
17:05:32 0 0
17:05:33 0 0
17:05:34 0 0
17:05:35 0 0
17:05:36 0 0
17:05:37 0 0
17:05:38 0 0
17:05:39 1 0
17:05:40 1 0
17:05:41 0 0
17:05:42 1 0
17:05:43 1 0
17:05:44 2 0
17:05:45 2 0
17:05:46 2 0
17:05:47 4 0
17:05:48 5 3
17:05:49 6 2
17:05:50 6 1
17:05:51 7 0
17:05:52 8 0
17:05:53 7 0
17:05:54 4 0
17:05:55 5 2
17:05:56 6 1
17:05:57 7 1
17:05:58 8 0
17:05:59 5 0
17:06:00 4 0
17:06:01 4 2
17:06:02 5 1
17:06:03 6 2
17:06:04 7 1
17:06:05 8 0
17:06:06 5 0
17:06:07 6 0
17:06:08 6 1
17:06:09 6 0
17:06:10 7 1
17:06:12 7 0
17:06:13 8 0
17:06:14 5 0
17:06:15 6 1
17:06:16 7 0
17:06:17 7 0
17:06:18 7 0
17:06:19 7 0
17:06:20 8 0
17:06:21 7 0
17:06:22 5 0
17:06:23 6 0
17:06:24 7 1
17:06:25 8 0
17:06:26 6 0
17:06:27 6 0
17:06:28 7 1
17:06:29 8 0
17:06:30 4 0
17:06:31 3 0
17:06:32 4 2
17:06:33 5 3
17:06:34 7 1
17:06:35 8 0
17:06:36 7 0
17:06:37 2 1
17:06:38 3 2
17:06:39 4 1
17:06:40 5 3
17:06:41 6 2
17:06:42 7 1
17:06:43 8 0
17:06:44 5 0
17:06:45 4 0
17:06:46 4 2
17:06:47 5 1
17:06:48 5 2
17:06:49 6 2
17:06:50 6 1
17:06:51 8 0
17:06:52 8 0
17:06:53 1 0
17:06:54 2 0
17:06:55 2 1
17:06:56 3 1
17:06:57 4 4
17:06:58 6 2
17:06:59 7 1
17:07:00 8 0
17:07:01 8 0
17:07:02 3 0
17:07:03 3 0
17:07:04 4 1
17:07:05 5 1
17:07:06 5 2
17:07:07 7 1
17:07:08 7 0
17:07:09 8 0
17:07:10 5 0
17:07:11 5 0
17:07:12 6 2
17:07:13 7 1
17:07:14 8 0
17:07:15 7 0
17:07:16 3 0
17:07:17 4 1
17:07:18 5 1
17:07:19 5 2
17:07:20 6 1
17:07:21 7 1
17:07:22 8 0
17:07:23 7 0
17:07:24 6 0
17:07:25 5 1
17:07:26 6 0
17:07:27 6 1
17:07:28 7 0
17:07:29 8 0
17:07:30 5 0
17:07:31 5 0
17:07:32 5 2
17:07:33 6 1
17:07:34 7 1
17:07:35 8 0
17:07:36 4 0
17:07:37 5 0
17:07:38 6 2
17:07:39 8 0
17:07:40 8 0
17:07:41 5 0
17:07:42 4 0
17:07:43 5 2
17:07:44 6 1
17:07:45 8 0
17:07:46 7 0
17:07:47 2 0
17:07:48 3 1
17:07:49 4 0
17:07:50 5 3
17:07:51 6 2
17:07:52 7 1
17:07:53 8 0
17:07:54 7 0
17:07:55 6 0
17:07:56 7 0
17:07:57 7 0
17:07:58 8 0
17:07:59 6 0
17:08:00 6 0
17:08:01 4 1
17:08:02 5 0
17:08:03 6 2
17:08:04 7 1
17:08:05 8 0
17:08:06 6 0
17:08:07 7 0
17:08:08 3 0
17:08:09 0 0
17:08:10 0 0
17:08:11 0 0
17:08:12 0 0
17:08:13 0 0
17:08:14 0 0
17:08:15 0 0
17:08:16 0 0
17:08:17 0 0
17:08:18 0 0
17:08:19 0 0
17:08:20 0 0
17:08:21 0 0
17:08:22 0 0
17:08:23 0 0
17:08:24 0 0
17:08:25 0 0
