time     running waiting
17:03:28 0 0
17:03:29 0 0
17:03:30 0 0
17:03:31 0 0
17:03:32 0 0
17:03:33 0 0
17:03:34 0 0
17:03:35 0 0
17:03:36 0 0
17:03:37 0 0
17:03:38 0 0
17:03:39 0 0
17:03:40 0 0
17:03:41 0 0
17:03:42 0 0
17:03:43 0 0
17:03:44 0 0
17:03:45 0 0
17:03:46 0 0
17:03:48 0 0
17:03:49 0 0
17:03:50 0 0
17:03:51 0 0
17:03:52 0 0
17:03:53 0 0
17:03:54 0 0
17:03:55 0 0
17:03:56 0 0
17:03:57 0 0
17:03:58 0 0
17:03:59 0 0
17:04:00 0 0
17:04:01 0 0
17:04:02 0 0
17:04:03 0 0
17:04:04 0 0
17:04:05 0 0
17:04:06 0 0
17:04:07 0 0
17:04:08 0 0
17:04:09 0 0
17:04:10 0 0
17:04:11 0 0
17:04:12 0 0
17:04:13 0 0
17:04:14 0 0
17:04:15 0 0
17:04:16 0 0
17:04:17 0 0
17:04:18 0 0
17:04:19 0 0
17:04:20 0 0
17:04:21 0 0
17:04:22 0 0
17:04:23 0 0
17:04:24 0 0
17:04:25 0 0
17:04:26 0 0
17:04:27 0 0
17:04:28 0 0
17:04:29 0 0
17:04:30 0 0
17:04:31 0 0
17:04:32 0 0
17:04:33 0 0
17:04:34 0 0
17:04:35 0 0
17:04:36 0 0
17:04:37 0 0
17:04:38 0 0
17:04:39 0 0
17:04:40 0 0
17:04:41 0 0
17:04:42 0 0
17:04:43 0 0
17:04:44 0 0
17:04:45 0 0
17:04:46 0 0
17:04:47 0 0
17:04:48 0 0
17:04:49 0 0
17:04:50 0 0
17:04:51 0 0
17:04:52 0 0
17:04:53 0 0
17:04:54 0 0
17:04:55 0 0
17:04:56 0 0
17:04:57 0 0
17:04:58 0 0
17:04:59 0 0
17:05:00 0 0
17:05:01 0 0
17:05:02 0 0
17:05:03 0 0
17:05:04 0 0
17:05:05 0 0
17:05:06 0 0
17:05:07 0 0
17:05:08 0 0
17:05:09 0 0
17:05:10 0 0
17:05:11 0 0
17:05:12 0 0
17:05:13 0 0
17:05:14 0 0
17:05:15 0 0
17:05:16 0 0
17:05:17 0 0
17:05:18 0 0
17:05:19 0 0
17:05:20 0 0
17:05:21 0 0
17:05:22 0 0
17:05:23 0 0
17:05:24 0 0
17:05:25 0 0
17:05:26 0 0
17:05:27 0 0
17:05:28 0 0
17:05:29 0 0
17:05:30 0 0
17:05:31 0 0
17:05:32 0 0
17:05:33 0 0
17:05:34 0 0
17:05:35 0 0
17:05:36 0 0
17:05:37 0 0
17:05:38 0 0
17:05:39 0 0
17:05:40 0 0
17:05:41 0 0
17:05:42 0 0
17:05:43 0 0
17:05:44 0 0
17:05:45 0 0
17:05:46 0 0
17:05:47 0 0
17:05:48 0 0
17:05:49 0 0
17:05:50 0 0
17:05:51 0 0
17:05:52 0 0
17:05:53 0 0
17:05:54 0 0
17:05:55 0 0
17:05:56 0 0
17:05:57 0 0
17:05:58 0 0
17:05:59 0 0
17:06:00 0 0
17:06:01 0 0
17:06:02 0 0
17:06:03 0 0
17:06:04 0 0
17:06:05 0 0
17:06:06 0 0
17:06:07 0 0
17:06:08 0 0
17:06:09 0 0
17:06:10 0 0
17:06:11 0 0
17:06:12 0 0
17:06:13 0 0
17:06:14 0 0
17:06:15 0 0
17:06:16 0 0
17:06:17 0 0
17:06:18 0 0
17:06:19 0 0
17:06:20 0 0
17:06:21 0 0
17:06:22 0 0
17:06:23 0 0
17:06:24 0 0
17:06:25 0 0
17:06:26 0 0
17:06:27 0 0
17:06:28 0 0
17:06:29 0 0
17:06:30 0 0
17:06:31 0 0
17:06:32 0 0
17:06:33 0 0
17:06:34 0 0
17:06:35 0 0
17:06:36 0 0
17:06:37 0 0
17:06:38 0 0
17:06:39 0 0
17:06:40 0 0
17:06:41 0 0
17:06:42 0 0
17:06:43 0 0
17:06:44 0 0
17:06:45 0 0
17:06:46 0 0
17:06:47 0 0
17:06:48 0 0
17:06:49 0 0
17:06:50 0 0
17:06:51 0 0
17:06:52 0 0
17:06:53 0 0
17:06:54 0 0
17:06:55 0 0
17:06:56 0 0
17:06:57 0 0
17:06:58 0 0
17:06:59 0 0
17:07:00 0 0
17:07:01 0 0
17:07:02 0 0
17:07:03 0 0
17:07:04 0 0
17:07:05 0 0
17:07:06 0 0
17:07:07 0 0
17:07:08 0 0
17:07:09 0 0
17:07:10 0 0
17:07:11 0 0
17:07:12 0 0
17:07:13 0 0
17:07:14 0 0
17:07:15 0 0
17:07:16 0 0
17:07:17 0 0
17:07:18 0 0
17:07:19 0 0
17:07:20 0 0
17:07:21 0 0
17:07:22 0 0
17:07:23 0 0
17:07:24 0 0
17:07:25 0 0
17:07:26 0 0
17:07:27 0 0
17:07:28 0 0
17:07:29 0 0
17:07:30 0 0
17:07:31 0 0
17:07:32 0 0
17:07:33 0 0
17:07:34 0 0
17:07:35 0 0
17:07:36 0 0
17:07:37 0 0
17:07:38 0 0
17:07:39 0 0
17:07:40 0 0
17:07:41 0 0
17:07:42 0 0
17:07:43 0 0
17:07:44 0 0
17:07:45 0 0
17:07:46 0 0
17:07:47 0 0
17:07:48 0 0
17:07:49 0 0
17:07:50 0 0
17:07:51 0 0
17:07:52 0 0
17:07:53 0 0
17:07:54 0 0
17:07:55 0 0
17:07:56 0 0
17:07:57 0 0
17:07:58 0 0
17:07:59 0 0
17:08:00 0 0
17:08:01 0 0
17:08:02 0 0
17:08:03 0 0
17:08:04 0 0
17:08:05 0 0
17:08:06 0 0
17:08:07 0 0
17:08:08 0 0
17:08:09 0 0
17:08:10 0 0
17:08:11 0 0
17:08:12 0 0
17:08:13 0 0
17:08:15 0 0
17:08:16 0 0
17:08:17 0 0
17:08:18 0 0
17:08:19 0 0
17:08:20 0 0
17:08:21 0 0
17:08:22 0 0
17:08:23 0 0
17:08:24 0 0
17:08:25 0 0
17:08:26 0 0
17:08:27 0 0
17:08:28 0 0
17:08:29 0 0
17:08:30 0 0
17:08:31 0 0
17:08:32 0 0
17:08:33 0 0
17:08:34 0 0
17:08:35 0 0
17:08:36 0 0
17:08:37 0 0
17:08:38 0 0
17:08:39 0 0
17:08:40 0 0
17:08:41 0 0
17:08:42 0 0
17:08:43 0 0
17:08:44 0 0
17:08:45 0 0
17:08:46 0 0
17:08:47 0 0
17:08:48 0 0
17:08:49 0 0
17:08:50 0 0
17:08:51 0 0
17:08:52 0 0
17:08:53 1 0
17:08:54 2 0
17:08:55 4 0
17:08:56 6 0
17:08:57 8 0
17:08:58 10 0
17:08:59 13 0
17:09:00 15 0
17:09:01 18 1
17:09:02 20 1
17:09:03 23 1
17:09:04 25 1
17:09:05 28 1
17:09:06 30 1
17:09:07 32 1
17:09:08 35 1
17:09:09 37 1
17:09:10 40 1
17:09:11 42 1
17:09:12 44 1
17:09:13 46 1
17:09:14 49 2
17:09:15 51 2
17:09:16 53 2
17:09:17 56 2
17:09:18 58 3
17:09:19 60 4
17:09:20 62 5
17:09:21 65 5
17:09:22 67 5
17:09:23 69 6
17:09:24 72 5
17:09:25 74 5
17:09:26 77 5
17:09:27 79 5
17:09:28 81 6
17:09:29 84 5
17:09:30 86 5
17:09:31 89 6
17:09:32 91 5
17:09:33 94 5
17:09:34 96 5
17:09:35 98 5
17:09:36 101 6
17:09:37 102 6
17:09:38 105 7
17:09:39 107 7
17:09:40 109 7
17:09:41 112 8
17:09:42 114 8
17:09:43 117 8
17:09:44 119 9
17:09:45 121 9
17:09:46 123 9
17:09:47 124 9
17:09:48 125 10
17:09:49 126 10
17:09:50 127 10
17:09:51 126 11
17:09:52 126 11
17:09:53 126 12
17:09:54 126 12
17:09:55 126 12
17:09:56 126 13
17:09:57 126 13
17:09:58 126 13
17:09:59 126 13
17:10:00 126 13
17:10:01 126 13
17:10:02 126 13
17:10:03 126 14
17:10:04 126 14
17:10:05 126 14
17:10:06 125 15
17:10:07 125 15
17:10:08 125 15
17:10:09 125 15
17:10:10 125 15
17:10:11 125 15
17:10:12 125 16
17:10:13 126 15
17:10:14 126 15
17:10:15 126 16
17:10:16 126 16
17:10:17 126 16
17:10:18 126 17
17:10:19 126 17
17:10:20 125 18
17:10:21 125 19
17:10:22 125 19
17:10:23 125 19
17:10:24 125 20
17:10:25 125 20
17:10:26 125 20
17:10:27 125 21
17:10:28 125 21
17:10:29 125 21
17:10:30 126 21
17:10:31 126 21
17:10:32 126 21
17:10:33 126 21
17:10:34 125 23
17:10:35 125 23
17:10:36 125 23
17:10:37 125 23
17:10:38 125 23
17:10:39 125 23
17:10:40 125 23
17:10:41 125 23
17:10:42 125 24
17:10:43 125 24
17:10:44 125 24
17:10:45 126 25
17:10:46 126 26
17:10:47 126 26
17:10:48 126 26
17:10:49 125 28
17:10:50 125 28
17:10:51 125 28
17:10:52 125 29
17:10:53 125 29
17:10:54 125 30
17:10:55 125 30
17:10:56 125 31
17:10:57 125 31
17:10:58 125 32
17:10:59 126 33
17:11:00 126 33
17:11:01 126 34
17:11:02 126 34
17:11:03 125 36
17:11:04 125 36
17:11:05 125 36
17:11:06 125 36
17:11:07 125 36
17:11:08 125 36
17:11:09 125 37
17:11:10 125 37
17:11:11 125 37
17:11:12 125 37
17:11:13 125 37
17:11:14 126 37
17:11:15 126 37
17:11:16 126 38
17:11:17 125 39
17:11:18 125 39
17:11:19 125 39
17:11:20 125 40
17:11:21 125 40
17:11:22 125 40
17:11:23 125 40
17:11:24 125 40
17:11:25 125 40
17:11:26 125 40
17:11:27 125 40
17:11:28 126 40
17:11:29 126 41
17:11:30 126 41
17:11:31 126 41
17:11:32 125 42
17:11:33 125 42
17:11:34 125 42
17:11:35 125 42
17:11:36 125 42
17:11:37 125 42
17:11:38 125 42
17:11:39 125 43
17:11:40 125 43
17:11:41 125 43
17:11:42 126 43
17:11:43 126 43
17:11:44 126 43
17:11:45 126 43
17:11:46 125 44
17:11:47 125 44
17:11:48 125 45
17:11:49 125 45
17:11:50 125 45
17:11:51 125 45
17:11:52 125 45
17:11:53 125 45
17:11:54 125 46
17:11:55 125 46
17:11:56 125 46
17:11:57 126 43
17:11:58 126 41
17:11:59 126 38
17:12:00 125 37
17:12:01 125 35
17:12:02 125 32
17:12:03 125 30
17:12:04 125 27
17:12:05 125 25
17:12:06 125 23
17:12:07 125 20
17:12:08 125 18
17:12:09 125 15
17:12:10 125 13
17:12:11 126 11
17:12:12 126 8
17:12:13 126 6
17:12:14 125 4
17:12:15 125 2
17:12:16 125 0
17:12:17 100 0
17:12:18 69 0
17:12:19 28 0
17:12:20 0 0
17:12:21 0 0
17:12:22 0 0
17:12:23 0 0
17:12:24 0 0
17:12:25 0 0
17:12:26 0 0
17:12:27 0 0
17:12:28 0 0
17:12:29 0 0
17:12:30 0 0
17:12:31 0 0
17:12:32 0 0
17:12:33 0 0
17:12:34 0 0
17:12:35 0 0
17:12:36 0 0
17:12:37 0 0
17:12:38 0 0
17:12:39 0 0
17:12:40 0 0
17:12:41 0 0
17:12:42 0 0
17:12:43 0 0
17:12:44 0 0
17:12:45 0 0
17:12:46 0 0
17:12:47 0 0
17:12:48 0 0
17:12:49 0 0
17:12:50 0 0
17:12:51 0 0
17:12:52 0 0
17:12:53 0 0
17:12:54 0 0
17:12:55 0 0
17:12:56 0 0
17:12:57 0 0
17:12:59 0 0
17:13:00 0 0
17:13:01 0 0
17:13:02 0 0
17:13:03 0 0
17:13:04 0 0
17:13:05 0 0
