time     running waiting
17:20:03 0 0
17:20:04 0 0
17:20:05 0 0
17:20:06 0 0
17:20:07 0 0
17:20:08 0 0
17:20:09 0 0
17:20:10 0 0
17:20:11 0 0
17:20:12 0 0
17:20:13 0 0
17:20:14 0 0
17:20:15 0 0
17:20:16 0 0
17:20:17 0 0
17:20:18 0 0
17:20:19 0 0
17:20:20 0 0
17:20:21 0 0
17:20:22 0 0
17:20:23 0 0
17:20:24 0 0
17:20:25 0 0
17:20:26 0 0
17:20:27 0 0
17:20:28 0 0
17:20:29 0 0
17:20:30 0 0
17:20:31 0 0
17:20:32 0 0
17:20:33 0 0
17:20:34 0 0
17:20:35 0 0
17:20:36 0 0
17:20:37 0 0
17:20:38 0 0
17:20:39 0 0
17:20:40 0 0
17:20:41 0 0
17:20:42 0 0
17:20:43 0 0
17:20:44 0 0
17:20:45 0 0
17:20:46 0 0
17:20:47 0 0
17:20:48 0 0
17:20:49 0 0
17:20:50 0 0
17:20:51 0 0
17:20:52 0 0
17:20:53 0 0
17:20:54 0 0
17:20:55 0 0
17:20:56 0 0
17:20:57 0 0
17:20:58 0 0
17:20:59 0 0
17:21:00 0 0
17:21:01 0 0
17:21:02 0 0
17:21:03 0 0
17:21:04 0 0
17:21:05 0 0
17:21:06 0 0
17:21:07 0 0
17:21:08 0 0
17:21:09 0 0
17:21:10 0 0
17:21:11 0 0
17:21:12 0 0
17:21:13 0 0
17:21:14 0 0
17:21:15 0 0
17:21:16 0 0
17:21:17 0 0
17:21:18 0 0
17:21:19 0 0
17:21:20 0 0
17:21:21 0 0
17:21:22 0 0
17:21:23 0 0
17:21:24 0 0
17:21:25 0 0
17:21:26 0 0
17:21:27 0 0
17:21:28 0 0
17:21:29 0 0
17:21:30 0 0
17:21:31 0 0
17:21:32 0 0
17:21:33 0 0
17:21:34 0 0
17:21:35 0 0
17:21:36 0 0
17:21:37 0 0
17:21:38 0 0
17:21:39 0 0
17:21:40 0 0
17:21:41 0 0
17:21:42 0 0
17:21:43 0 0
17:21:44 0 0
17:21:45 0 0
17:21:46 0 0
17:21:47 0 0
17:21:48 0 0
17:21:49 0 0
17:21:50 0 0
17:21:51 0 0
17:21:52 0 0
17:21:53 0 0
17:21:54 0 0
17:21:55 0 0
17:21:56 0 0
17:21:57 0 0
17:21:58 0 0
17:21:59 0 0
17:22:00 0 0
17:22:01 0 0
17:22:02 0 0
17:22:03 0 0
17:22:04 0 0
17:22:05 0 0
17:22:06 0 0
17:22:07 0 0
17:22:08 0 0
17:22:09 0 0
17:22:10 0 0
17:22:11 0 0
17:22:12 0 0
17:22:13 0 0
17:22:14 0 0
17:22:15 0 0
17:22:16 0 0
17:22:17 0 0
17:22:18 0 0
17:22:19 0 0
17:22:20 0 0
17:22:21 0 0
17:22:22 0 0
17:22:23 0 0
17:22:24 0 0
17:22:25 0 0
17:22:26 0 0
17:22:27 0 0
17:22:28 0 0
17:22:29 0 0
17:22:30 0 0
17:22:31 0 0
17:22:32 0 0
17:22:33 0 0
17:22:34 0 0
17:22:35 0 0
17:22:36 0 0
17:22:37 0 0
17:22:38 0 0
17:22:39 0 0
17:22:40 0 0
17:22:41 0 0
17:22:42 0 0
17:22:43 0 0
17:22:44 0 0
17:22:45 0 0
17:22:46 0 0
17:22:47 0 0
17:22:48 0 0
17:22:49 0 0
17:22:50 0 0
17:22:51 0 0
17:22:52 0 0
17:22:53 0 0
17:22:54 0 0
17:22:55 0 0
17:22:56 0 0
17:22:57 0 0
17:22:58 0 0
17:22:59 0 0
17:23:00 0 0
17:23:01 0 0
17:23:02 0 0
17:23:03 0 0
17:23:04 0 0
17:23:05 0 0
17:23:06 0 0
17:23:07 0 0
17:23:08 0 0
17:23:09 0 0
17:23:10 0 0
17:23:11 0 0
17:23:12 0 0
17:23:13 0 0
17:23:14 0 0
17:23:15 0 0
17:23:16 0 0
17:23:17 0 0
17:23:18 0 0
17:23:19 0 0
17:23:20 0 0
17:23:21 0 0
17:23:22 0 0
17:23:23 0 0
17:23:24 0 0
17:23:25 0 0
17:23:26 0 0
17:23:27 0 0
17:23:28 0 0
17:23:29 0 0
17:23:30 0 0
17:23:31 0 0
17:23:32 0 0
17:23:33 0 0
17:23:34 0 0
17:23:35 0 0
17:23:36 0 0
17:23:37 0 0
17:23:38 0 0
17:23:39 0 0
17:23:40 0 0
17:23:41 0 0
17:23:42 0 0
17:23:43 0 0
17:23:44 0 0
17:23:45 0 0
17:23:46 0 0
17:23:47 0 0
17:23:48 0 0
17:23:49 0 0
17:23:50 0 0
17:23:51 0 0
17:23:52 0 0
17:23:53 0 0
17:23:54 0 0
17:23:55 0 0
17:23:56 0 0
17:23:57 0 0
17:23:58 0 0
17:23:59 0 0
17:24:00 0 0
17:24:01 0 0
17:24:02 0 0
17:24:03 0 0
17:24:04 0 0
17:24:05 0 0
17:24:06 0 0
17:24:07 0 0
17:24:08 0 0
17:24:09 0 0
17:24:10 0 0
17:24:11 0 0
17:24:12 0 0
17:24:13 0 0
17:24:14 0 0
17:24:15 0 0
17:24:16 0 0
17:24:17 0 0
17:24:18 0 0
17:24:19 0 0
17:24:20 0 0
17:24:21 0 0
17:24:22 0 0
17:24:23 0 0
17:24:24 0 0
17:24:25 0 0
17:24:26 0 0
17:24:27 0 0
17:24:28 0 0
17:24:29 0 0
17:24:30 0 0
17:24:31 0 0
17:24:32 0 0
17:24:33 0 0
17:24:34 0 0
17:24:35 0 0
17:24:36 0 0
17:24:37 0 0
17:24:38 0 0
17:24:39 0 0
17:24:40 0 0
17:24:41 0 0
17:24:42 0 0
17:24:43 0 0
17:24:45 0 0
17:24:46 0 0
17:24:47 0 0
17:24:48 0 0
17:24:49 0 0
17:24:50 0 0
17:24:51 0 0
17:24:52 0 0
17:24:53 0 0
17:24:54 0 0
17:24:55 0 0
17:24:56 0 0
17:24:57 0 0
17:24:58 0 0
17:24:59 0 0
17:25:00 0 0
17:25:01 0 0
17:25:02 0 0
17:25:03 0 0
17:25:04 0 0
17:25:05 0 0
17:25:06 0 0
17:25:07 0 0
17:25:08 0 0
17:25:09 0 0
17:25:10 0 0
17:25:11 0 0
17:25:12 0 0
17:25:13 0 0
17:25:14 0 0
17:25:15 0 0
17:25:16 0 0
17:25:17 0 0
17:25:18 0 0
17:25:19 0 0
17:25:20 0 0
17:25:21 0 0
17:25:22 0 0
17:25:23 0 0
17:25:24 0 0
17:25:25 0 0
17:25:26 0 0
17:25:27 0 0
17:25:28 0 0
17:25:29 0 0
17:25:30 0 0
17:25:31 0 0
17:25:32 1 0
17:25:33 3 0
17:25:34 5 0
17:25:35 8 0
17:25:36 10 0
17:25:37 13 0
17:25:38 15 1
17:25:39 18 1
17:25:40 20 1
17:25:41 23 1
17:25:42 25 2
17:25:43 28 2
17:25:44 30 2
17:25:45 33 2
17:25:46 35 2
17:25:47 37 2
17:25:48 40 2
17:25:49 42 2
17:25:50 45 2
17:25:51 47 2
17:25:52 50 1
17:25:53 52 1
17:25:54 55 1
17:25:55 57 1
17:25:56 58 2
17:25:57 61 2
17:25:58 63 1
17:25:59 66 1
17:26:00 68 1
17:26:01 71 1
17:26:02 73 1
17:26:03 75 1
17:26:04 77 1
17:26:05 79 1
17:26:06 82 1
17:26:07 84 1
17:26:08 87 1
17:26:09 89 1
17:26:10 92 0
17:26:11 94 0
17:26:12 96 0
17:26:13 99 0
17:26:14 100 1
17:26:15 103 1
17:26:16 105 1
17:26:17 107 1
17:26:18 110 1
17:26:19 112 1
17:26:20 115 0
17:26:21 117 0
17:26:22 120 0
17:26:23 122 0
17:26:24 125 0
17:26:25 126 0
17:26:26 127 0
17:26:27 126 0
17:26:28 126 0
17:26:29 126 0
17:26:30 126 0
17:26:31 126 0
17:26:32 126 0
17:26:33 126 0
17:26:34 125 0
17:26:35 125 0
17:26:36 125 0
17:26:37 125 0
17:26:38 125 0
17:26:39 125 0
17:26:40 125 0
17:26:41 125 0
17:26:42 125 0
17:26:43 125 0
17:26:44 125 0
17:26:45 125 0
17:26:46 125 0
17:26:47 125 0
17:26:48 124 1
17:26:49 125 1
17:26:50 125 1
17:26:51 125 0
17:26:52 125 0
17:26:53 125 0
17:26:54 125 0
17:26:55 125 0
17:26:56 125 0
17:26:57 125 0
17:26:58 125 0
17:26:59 125 0
17:27:00 125 0
17:27:01 125 0
17:27:02 124 1
17:27:03 124 1
17:27:04 124 1
17:27:05 124 1
17:27:06 124 1
17:27:07 125 1
17:27:08 125 1
17:27:09 125 1
17:27:10 125 1
17:27:11 125 1
17:27:12 125 1
17:27:13 125 1
17:27:14 125 1
17:27:15 125 1
17:27:16 125 1
17:27:17 125 5
17:27:18 125 5
17:27:19 124 6
17:27:20 124 6
17:27:21 124 7
17:27:22 125 7
17:27:23 125 7
17:27:24 125 8
17:27:25 125 8
17:27:26 125 8
17:27:27 125 8
17:27:29 125 8
17:27:30 126 8
17:27:31 126 8
17:27:32 126 7
17:27:33 126 7
17:27:34 125 8
17:27:35 125 8
17:27:36 125 8
17:27:37 125 8
17:27:38 125 8
17:27:39 125 8
17:27:40 125 8
17:27:41 125 8
17:27:42 125 8
17:27:43 125 8
17:27:44 126 8
17:27:45 126 8
17:27:46 126 8
17:27:47 126 8
17:27:48 125 9
17:27:49 125 9
17:27:50 125 9
17:27:51 125 9
17:27:52 125 9
17:27:53 125 9
17:27:54 125 9
17:27:55 125 9
17:27:56 125 9
17:27:57 125 9
17:27:58 126 9
17:27:59 126 9
17:28:00 126 9
17:28:01 126 9
17:28:02 125 10
17:28:03 125 10
17:28:04 125 10
17:28:05 125 10
17:28:06 125 10
17:28:07 125 10
17:28:08 125 10
17:28:09 125 10
17:28:10 125 10
17:28:11 125 10
17:28:12 125 11
17:28:13 126 11
17:28:14 126 11
17:28:15 126 11
17:28:16 125 12
17:28:17 125 12
17:28:18 125 12
17:28:19 125 12
17:28:20 125 12
17:28:21 125 12
17:28:22 125 12
17:28:23 125 12
17:28:24 125 12
17:28:25 125 12
17:28:26 125 12
17:28:27 126 12
17:28:28 126 12
17:28:29 126 12
17:28:30 125 13
17:28:31 125 13
17:28:32 125 13
17:28:33 125 13
17:28:34 125 13
17:28:35 125 13
17:28:36 125 13
17:28:37 125 13
17:28:38 125 13
17:28:39 125 13
17:28:40 125 13
17:28:41 126 13
17:28:42 126 13
17:28:43 126 13
17:28:44 126 13
17:28:45 125 14
17:28:46 125 14
17:28:47 125 14
17:28:48 125 13
17:28:49 125 11
17:28:50 125 8
17:28:51 125 6
17:28:52 125 3
17:28:53 125 1
17:28:54 122 0
17:28:55 91 0
17:28:56 59 0
17:28:57 15 0
17:28:58 0 0
17:28:59 0 0
17:29:00 0 0
17:29:01 0 0
17:29:02 0 0
17:29:03 0 0
17:29:04 0 0
17:29:05 0 0
17:29:06 0 0
17:29:07 0 0
17:29:08 0 0
17:29:09 0 0
17:29:10 0 0
17:29:11 0 0
17:29:12 0 0
17:29:13 0 0
17:29:14 0 0
17:29:15 0 0
17:29:16 0 0
17:29:17 0 0
17:29:18 0 0
17:29:19 0 0
17:29:20 0 0
17:29:21 0 0
17:29:22 0 0
17:29:23 0 0
17:29:24 0 0
17:29:25 0 0
17:29:26 0 0
17:29:27 0 0
17:29:28 0 0
17:29:29 0 0
17:29:30 0 0
17:29:31 0 0
17:29:32 0 0
17:29:33 0 0
17:29:34 0 0
17:29:35 0 0
17:29:36 0 0
17:29:37 0 0
17:29:38 0 0
17:29:39 0 0
17:29:40 0 0
17:29:41 0 0
17:29:42 0 0
