time     running waiting
18:46:31 0 0
18:46:32 0 0
18:46:33 0 0
18:46:34 0 0
18:46:35 0 0
18:46:36 0 0
18:46:37 0 0
18:46:38 0 0
18:46:39 0 0
18:46:40 0 0
18:46:41 0 0
18:46:42 0 0
18:46:43 0 0
18:46:44 0 0
18:46:45 0 0
18:46:46 0 0
18:46:47 0 0
18:46:48 0 0
18:46:49 0 0
18:46:50 0 0
18:46:51 0 0
18:46:52 0 0
18:46:53 0 0
18:46:54 0 0
18:46:55 0 0
18:46:56 0 0
18:46:57 0 0
18:46:58 0 0
18:46:59 0 0
18:47:00 0 0
18:47:01 0 0
18:47:02 0 0
18:47:03 0 0
18:47:04 0 0
18:47:05 0 0
18:47:06 0 0
18:47:07 0 0
18:47:08 0 0
18:47:09 0 0
18:47:10 0 0
18:47:11 0 0
18:47:12 0 0
18:47:13 0 0
18:47:14 0 0
18:47:15 0 0
18:47:16 0 0
18:47:17 0 0
18:47:18 0 0
18:47:19 0 0
18:47:20 0 0
18:47:21 0 0
18:47:22 0 0
18:47:23 0 0
18:47:24 0 0
18:47:25 0 0
18:47:26 0 0
18:47:28 1 0
18:47:29 3 0
18:47:30 2 0
18:47:31 0 0
18:47:32 1 0
18:47:33 1 0
18:47:34 0 0
18:47:35 0 0
18:47:36 0 0
18:47:37 0 0
18:47:38 0 0
18:47:39 0 0
18:47:40 0 0
18:47:41 0 0
18:47:42 1 0
18:47:43 0 0
18:47:44 1 0
18:47:45 0 0
18:47:46 0 0
18:47:47 0 0
18:47:48 0 0
18:47:49 4 0
18:47:50 4 0
18:47:51 0 0
18:47:52 0 0
18:47:53 0 0
18:47:54 0 0
18:47:55 0 0
18:47:56 0 0
18:47:57 0 0
18:47:58 1 0
18:47:59 1 0
18:48:00 3 0
18:48:01 4 0
18:48:02 3 0
18:48:03 0 0
18:48:04 1 0
18:48:05 0 0
18:48:06 0 0
18:48:07 0 0
18:48:08 0 0
18:48:09 0 0
18:48:10 0 0
18:48:11 1 0
18:48:12 3 0
18:48:13 3 0
18:48:14 3 0
18:48:15 3 0
18:48:16 2 0
18:48:17 0 0
18:48:18 0 0
18:48:19 1 0
18:48:20 0 0
18:48:21 0 0
18:48:22 1 0
18:48:23 0 0
18:48:24 0 0
18:48:25 1 0
18:48:26 2 0
18:48:27 0 0
18:48:28 0 0
18:48:29 0 0
18:48:30 1 0
18:48:31 0 0
18:48:32 0 0
18:48:33 0 0
18:48:34 0 0
18:48:35 1 0
18:48:36 0 0
18:48:37 1 0
18:48:38 3 0
18:48:39 2 0
18:48:40 2 0
18:48:41 0 0
18:48:42 0 0
18:48:43 2 0
18:48:44 0 0
18:48:45 1 0
18:48:46 0 0
18:48:47 0 0
18:48:48 0 0
18:48:49 0 0
18:48:50 0 0
18:48:51 0 0
18:48:52 1 0
18:48:53 0 0
18:48:54 0 0
18:48:55 0 0
18:48:56 0 0
18:48:57 0 0
18:48:58 1 0
18:48:59 0 0
18:49:00 2 0
18:49:01 1 0
18:49:02 0 0
18:49:03 0 0
18:49:04 1 0
18:49:05 1 0
18:49:06 0 0
18:49:07 0 0
18:49:08 2 0
18:49:09 2 0
18:49:10 0 0
18:49:11 0 0
18:49:12 2 0
18:49:13 3 0
18:49:14 1 0
18:49:15 1 0
18:49:16 2 0
18:49:17 1 0
18:49:18 0 0
18:49:19 0 0
18:49:20 0 0
18:49:21 0 0
18:49:22 0 0
18:49:23 1 0
18:49:24 0 0
18:49:25 0 0
18:49:26 3 0
18:49:27 3 0
18:49:28 5 0
18:49:29 5 0
18:49:30 3 0
18:49:31 0 0
18:49:32 0 0
18:49:33 0 0
18:49:34 0 0
18:49:35 0 0
18:49:36 1 0
18:49:37 2 0
18:49:38 0 0
18:49:39 0 0
18:49:40 0 0
18:49:41 2 0
18:49:42 1 0
18:49:43 0 0
18:49:44 1 0
18:49:45 0 0
18:49:46 0 0
18:49:47 0 0
18:49:48 0 0
18:49:49 0 0
18:49:50 0 0
18:49:51 0 0
18:49:52 0 0
18:49:53 0 0
18:49:54 0 0
18:49:55 0 0
18:49:56 0 0
18:49:57 0 0
18:49:58 0 0
18:49:59 0 0
18:50:00 0 0
18:50:01 0 0
18:50:02 0 0
18:50:03 0 0
18:50:04 0 0
18:50:05 0 0
18:50:06 0 0
18:50:07 0 0
18:50:09 0 0
18:50:10 0 0
18:50:11 0 0
18:50:12 0 0
18:50:13 0 0
18:50:14 0 0
18:50:15 0 0
18:50:16 0 0
18:50:17 0 0
18:50:18 0 0
18:50:19 0 0
18:50:20 0 0
18:50:21 0 0
18:50:22 0 0
18:50:23 0 0
18:50:24 0 0
18:50:25 0 0
18:50:26 0 0
18:50:27 0 0
18:50:28 0 0
18:50:29 0 0
18:50:30 0 0
