time     running waiting
19:08:05 0 0
19:08:06 0 0
19:08:07 0 0
19:08:08 0 0
19:08:09 0 0
19:08:10 0 0
19:08:11 0 0
19:08:13 0 0
19:08:14 0 0
19:08:15 0 0
19:08:16 0 0
19:08:17 0 0
19:08:18 0 0
19:08:19 0 0
19:08:20 0 0
19:08:21 0 0
19:08:22 0 0
19:08:23 0 0
19:08:24 0 0
19:08:25 0 0
19:08:26 0 0
19:08:27 0 0
19:08:28 0 0
19:08:29 0 0
19:08:30 0 0
19:08:31 0 0
19:08:32 0 0
19:08:33 0 0
19:08:34 0 0
19:08:35 0 0
19:08:36 0 0
19:08:37 0 0
19:08:38 0 0
19:08:39 0 0
19:08:40 0 0
19:08:41 0 0
19:08:42 0 0
19:08:43 0 0
19:08:44 0 0
19:08:45 0 0
19:08:46 0 0
19:08:47 0 0
19:08:48 0 0
19:08:49 0 0
19:08:50 0 0
19:08:51 0 0
19:08:52 0 0
19:08:53 0 0
19:08:54 0 0
19:08:55 0 0
19:08:56 0 0
19:08:57 0 0
19:08:58 0 0
19:08:59 0 0
19:09:00 1 0
19:09:01 0 0
19:09:02 2 0
19:09:03 2 0
19:09:04 2 0
19:09:05 0 0
19:09:06 0 0
19:09:07 2 0
19:09:08 0 0
19:09:09 0 0
19:09:10 1 0
19:09:11 0 0
19:09:12 0 0
19:09:13 0 0
19:09:14 0 0
19:09:15 1 0
19:09:16 2 0
19:09:17 1 0
19:09:18 0 0
19:09:19 1 0
19:09:20 0 0
19:09:21 0 0
19:09:22 0 0
19:09:23 0 0
19:09:24 1 0
19:09:25 2 0
19:09:26 4 0
19:09:27 3 0
19:09:28 0 0
19:09:29 0 0
19:09:30 1 0
19:09:31 0 0
19:09:32 0 0
19:09:33 2 0
19:09:34 4 0
19:09:35 4 0
19:09:36 2 0
19:09:37 1 0
19:09:38 0 0
19:09:39 1 0
19:09:40 0 0
19:09:41 0 0
19:09:42 0 0
19:09:43 0 0
19:09:44 2 0
19:09:45 0 0
19:09:46 0 0
19:09:47 2 0
19:09:48 3 0
19:09:49 3 0
19:09:50 5 0
19:09:51 2 0
19:09:52 0 0
19:09:53 0 0
19:09:54 0 0
19:09:55 0 0
19:09:56 1 0
19:09:57 0 0
19:09:58 0 0
19:09:59 1 0
19:10:00 0 0
19:10:01 0 0
19:10:02 0 0
19:10:03 0 0
19:10:04 1 0
19:10:05 2 0
19:10:06 4 0
19:10:07 3 0
19:10:08 0 0
19:10:09 2 0
19:10:10 1 0
19:10:11 0 0
19:10:12 1 0
19:10:13 0 0
19:10:14 0 0
19:10:15 2 0
19:10:16 4 0
19:10:17 4 0
19:10:18 6 0
19:10:19 7 0
19:10:20 3 0
19:10:21 0 0
19:10:22 0 0
19:10:23 2 0
19:10:24 0 0
19:10:25 0 0
19:10:26 2 0
19:10:27 2 0
19:10:28 0 0
19:10:29 1 0
19:10:30 0 0
19:10:31 0 0
19:10:32 0 0
19:10:33 2 0
19:10:34 3 0
19:10:35 4 0
19:10:36 2 0
19:10:37 2 0
19:10:38 2 0
19:10:39 0 0
19:10:40 2 0
19:10:41 2 0
19:10:42 0 0
19:10:43 0 0
19:10:44 2 0
19:10:45 3 0
19:10:46 0 0
19:10:47 0 0
19:10:48 0 0
19:10:49 0 0
19:10:50 0 0
19:10:51 0 0
19:10:52 0 0
19:10:53 0 0
19:10:54 0 0
19:10:55 0 0
19:10:56 0 0
19:10:57 0 0
19:10:58 0 0
19:10:59 0 0
19:11:00 0 0
19:11:01 0 0
19:11:02 0 0
19:11:03 0 0
19:11:04 0 0
19:11:05 0 0
19:11:06 0 0
19:11:07 0 0
19:11:08 0 0
19:11:09 0 0
19:11:10 0 0
19:11:11 0 0
19:11:12 0 0
19:11:13 0 0
19:11:14 0 0
19:11:15 0 0
19:11:16 0 0
19:11:17 0 0
19:11:19 0 0
19:11:20 0 0
19:11:21 0 0
19:11:22 0 0
19:11:23 0 0
19:11:24 0 0
19:11:25 0 0
19:11:26 0 0
19:11:27 0 0
19:11:28 0 0
19:11:29 0 0
19:11:30 0 0
19:11:31 0 0
