time     running waiting
18:24:24 0 0
18:24:25 0 0
18:24:26 0 0
18:24:27 0 0
18:24:28 0 0
18:24:29 0 0
18:24:30 0 0
18:24:31 0 0
18:24:32 0 0
18:24:33 0 0
18:24:34 0 0
18:24:35 0 0
18:24:36 0 0
18:24:37 0 0
18:24:38 0 0
18:24:39 0 0
18:24:40 0 0
18:24:41 0 0
18:24:42 0 0
18:24:43 0 0
18:24:44 0 0
18:24:45 0 0
18:24:46 0 0
18:24:47 0 0
18:24:48 0 0
18:24:49 0 0
18:24:50 0 0
18:24:51 0 0
18:24:52 0 0
18:24:53 0 0
18:24:54 0 0
18:24:55 0 0
18:24:56 0 0
18:24:57 0 0
18:24:58 0 0
18:24:59 0 0
18:25:00 0 0
18:25:01 0 0
18:25:02 0 0
18:25:03 0 0
18:25:04 0 0
18:25:05 0 0
18:25:06 0 0
18:25:07 0 0
18:25:08 0 0
18:25:09 0 0
18:25:10 0 0
18:25:11 0 0
18:25:12 0 0
18:25:13 0 0
18:25:14 0 0
18:25:15 0 0
18:25:16 0 0
18:25:17 0 0
18:25:18 1 0
18:25:19 0 0
18:25:20 1 0
18:25:21 0 0
18:25:22 0 0
18:25:23 0 0
18:25:24 0 0
18:25:25 0 0
18:25:26 2 0
18:25:27 2 0
18:25:28 0 0
18:25:29 1 0
18:25:30 0 0
18:25:31 0 0
18:25:32 0 0
18:25:33 0 0
18:25:34 0 0
18:25:35 0 0
18:25:37 0 0
18:25:38 1 0
18:25:39 0 0
18:25:40 1 0
18:25:41 0 0
18:25:42 0 0
18:25:43 0 0
18:25:44 1 0
18:25:45 0 0
18:25:46 0 0
18:25:47 0 0
18:25:48 0 0
18:25:49 0 0
18:25:50 2 0
18:25:51 3 0
18:25:52 1 0
18:25:53 1 0
18:25:54 0 0
18:25:55 0 0
18:25:56 0 0
18:25:57 1 0
18:25:58 0 0
18:25:59 0 0
18:26:00 2 0
18:26:01 0 0
18:26:02 0 0
18:26:03 0 0
18:26:04 1 0
18:26:05 1 0
18:26:06 0 0
18:26:07 0 0
18:26:08 1 0
18:26:09 2 0
18:26:10 1 0
18:26:11 0 0
18:26:12 0 0
18:26:13 1 0
18:26:14 0 0
18:26:15 1 0
18:26:16 2 0
18:26:17 4 0
18:26:18 2 0
18:26:19 0 0
18:26:20 0 0
18:26:21 1 0
18:26:22 0 0
18:26:23 0 0
18:26:24 1 0
18:26:25 0 0
18:26:26 0 0
18:26:27 0 0
18:26:28 0 0
18:26:29 0 0
18:26:30 2 0
18:26:31 2 0
18:26:32 0 0
18:26:33 0 0
18:26:34 0 0
18:26:35 2 0
18:26:36 0 0
18:26:37 0 0
18:26:38 0 0
18:26:39 1 0
18:26:40 0 0
18:26:41 1 0
18:26:42 3 0
18:26:43 4 0
18:26:44 3 0
18:26:45 1 0
18:26:46 2 0
18:26:47 0 0
18:26:48 0 0
18:26:49 0 0
18:26:50 0 0
18:26:51 2 0
18:26:52 1 0
18:26:53 0 0
18:26:54 0 0
18:26:55 0 0
18:26:56 0 0
18:26:57 1 0
18:26:58 0 0
18:26:59 0 0
18:27:00 0 0
18:27:01 2 0
18:27:02 2 0
18:27:03 0 0
18:27:04 0 0
18:27:05 0 0
18:27:06 1 0
18:27:07 0 0
18:27:08 0 0
18:27:09 2 0
18:27:10 1 0
18:27:11 2 0
18:27:12 0 0
18:27:13 1 0
18:27:14 0 0
18:27:15 2 0
18:27:16 3 0
18:27:17 0 0
18:27:18 0 0
18:27:19 1 0
18:27:20 0 0
18:27:21 0 0
18:27:22 1 0
18:27:23 0 0
18:27:24 0 0
18:27:25 1 0
18:27:26 0 0
18:27:27 0 0
18:27:28 0 0
18:27:29 0 0
18:27:30 0 0
18:27:31 2 0
18:27:32 3 0
18:27:33 4 0
18:27:34 2 0
18:27:35 0 0
18:27:36 2 0
18:27:37 3 0
18:27:38 1 0
18:27:39 0 0
18:27:40 2 0
18:27:41 2 0
18:27:42 0 0
18:27:43 0 0
18:27:44 0 0
18:27:45 0 0
18:27:46 0 0
18:27:47 0 0
18:27:48 0 0
18:27:49 0 0
18:27:50 0 0
18:27:51 0 0
18:27:52 0 0
18:27:53 0 0
18:27:54 0 0
18:27:55 0 0
18:27:56 0 0
18:27:57 0 0
18:27:58 0 0
18:27:59 0 0
18:28:00 0 0
18:28:01 0 0
18:28:02 0 0
18:28:03 0 0
18:28:04 0 0
18:28:05 0 0
18:28:06 0 0
18:28:07 0 0
18:28:08 0 0
18:28:09 0 0
18:28:10 0 0
18:28:11 0 0
18:28:12 0 0
18:28:13 0 0
18:28:14 0 0
18:28:15 0 0
18:28:16 0 0
18:28:17 0 0
18:28:18 0 0
18:28:19 0 0
18:28:20 0 0
18:28:21 0 0
18:28:22 0 0
18:28:23 0 0
18:28:25 0 0
18:28:26 0 0
18:28:27 0 0
