time     running waiting
18:13:31 0 0
18:13:32 0 0
18:13:33 0 0
18:13:34 0 0
18:13:35 0 0
18:13:36 0 0
18:13:37 0 0
18:13:38 0 0
18:13:39 0 0
18:13:40 0 0
18:13:41 0 0
18:13:42 0 0
18:13:43 0 0
18:13:44 0 0
18:13:45 0 0
18:13:46 0 0
18:13:47 0 0
18:13:48 0 0
18:13:49 0 0
18:13:50 0 0
18:13:51 0 0
18:13:52 0 0
18:13:53 0 0
18:13:54 0 0
18:13:55 0 0
18:13:56 0 0
18:13:57 0 0
18:13:58 0 0
18:13:59 0 0
18:14:00 0 0
18:14:01 0 0
18:14:02 0 0
18:14:03 0 0
18:14:04 0 0
18:14:05 0 0
18:14:06 0 0
18:14:07 0 0
18:14:08 0 0
18:14:09 0 0
18:14:10 0 0
18:14:11 0 0
18:14:12 0 0
18:14:13 0 0
18:14:14 0 0
18:14:15 0 0
18:14:16 0 0
18:14:17 0 0
18:14:18 0 0
18:14:19 0 0
18:14:20 0 0
18:14:21 0 0
18:14:22 0 0
18:14:23 0 0
18:14:24 0 0
18:14:25 0 0
18:14:26 0 0
18:14:27 0 0
18:14:28 0 0
18:14:29 0 0
18:14:30 1 0
18:14:31 0 0
18:14:32 1 0
18:14:33 2 0
18:14:34 3 0
18:14:35 2 0
18:14:36 0 0
18:14:37 1 0
18:14:38 0 0
18:14:39 1 0
18:14:40 0 0
18:14:41 1 0
18:14:42 0 0
18:14:43 0 0
18:14:44 0 0
18:14:45 1 0
18:14:46 0 0
18:14:47 0 0
18:14:48 0 0
18:14:50 0 0
18:14:51 1 0
18:14:52 0 0
18:14:53 2 0
18:14:54 0 0
18:14:55 1 0
18:14:56 0 0
18:14:57 0 0
18:14:58 2 0
18:14:59 2 0
18:15:00 4 0
18:15:01 2 0
18:15:02 0 0
18:15:03 0 0
18:15:04 0 0
18:15:05 1 0
18:15:06 0 0
18:15:07 0 0
18:15:08 0 0
18:15:09 0 0
18:15:10 0 0
18:15:11 0 0
18:15:12 0 0
18:15:13 0 0
18:15:14 3 0
18:15:15 3 0
18:15:16 0 0
18:15:17 0 0
18:15:18 0 0
18:15:19 0 0
18:15:20 1 0
18:15:21 0 0
18:15:22 1 0
18:15:23 0 0
18:15:24 1 0
18:15:25 0 0
18:15:26 1 0
18:15:27 0 0
18:15:28 2 0
18:15:29 3 0
18:15:30 1 0
18:15:31 0 0
18:15:32 2 0
18:15:33 2 0
18:15:34 3 0
18:15:35 1 0
18:15:36 0 0
18:15:37 2 0
18:15:38 3 0
18:15:39 3 0
18:15:40 2 0
18:15:41 0 0
18:15:42 0 0
18:15:43 0 0
18:15:44 1 0
18:15:45 0 0
18:15:46 1 0
18:15:47 1 0
18:15:48 0 0
18:15:49 0 0
18:15:50 0 0
18:15:51 0 0
18:15:52 0 0
18:15:53 0 0
18:15:54 0 0
18:15:55 0 0
18:15:56 2 0
18:15:57 2 0
18:15:58 3 0
18:15:59 2 0
18:16:00 1 0
18:16:01 0 0
18:16:02 1 0
18:16:03 2 0
18:16:04 1 0
18:16:05 0 0
18:16:06 0 0
18:16:07 1 0
18:16:08 1 0
18:16:09 1 0
18:16:10 1 0
18:16:11 0 0
18:16:12 0 0
18:16:13 0 0
18:16:14 2 0
18:16:15 2 0
18:16:16 1 0
18:16:17 0 0
18:16:18 0 0
18:16:19 0 0
18:16:20 0 0
18:16:21 0 0
18:16:22 1 0
18:16:23 0 0
18:16:24 0 0
18:16:25 1 0
18:16:26 0 0
18:16:27 0 0
18:16:28 2 0
18:16:29 2 0
18:16:30 4 0
18:16:31 2 0
18:16:32 3 0
18:16:33 3 0
18:16:34 3 0
18:16:35 2 0
18:16:36 0 0
18:16:37 0 0
18:16:38 2 0
18:16:39 1 0
18:16:40 0 0
18:16:41 0 0
18:16:42 0 0
18:16:43 0 0
18:16:44 0 0
18:16:45 0 0
18:16:46 0 0
18:16:47 0 0
18:16:48 0 0
18:16:49 0 0
18:16:50 0 0
18:16:51 0 0
18:16:52 0 0
18:16:53 0 0
18:16:54 0 0
18:16:55 0 0
18:16:56 0 0
18:16:57 0 0
18:16:58 0 0
18:16:59 0 0
18:17:00 0 0
18:17:01 0 0
18:17:02 0 0
18:17:03 0 0
18:17:04 0 0
18:17:05 0 0
18:17:06 0 0
18:17:07 0 0
18:17:08 0 0
18:17:09 0 0
18:17:10 0 0
18:17:11 0 0
18:17:12 0 0
18:17:13 0 0
18:17:14 0 0
18:17:15 0 0
18:17:16 0 0
18:17:17 0 0
18:17:18 0 0
18:17:19 0 0
18:17:20 0 0
18:17:21 0 0
18:17:22 0 0
18:17:23 0 0
18:17:24 0 0
