time     running waiting
18:35:27 0 0
18:35:28 0 0
18:35:29 0 0
18:35:30 0 0
18:35:31 0 0
18:35:32 0 0
18:35:33 0 0
18:35:34 0 0
18:35:35 0 0
18:35:36 0 0
18:35:37 0 0
18:35:38 0 0
18:35:39 0 0
18:35:40 0 0
18:35:41 0 0
18:35:42 0 0
18:35:43 0 0
18:35:44 0 0
18:35:45 0 0
18:35:46 0 0
18:35:47 0 0
18:35:48 0 0
18:35:49 0 0
18:35:50 0 0
18:35:51 0 0
18:35:52 0 0
18:35:53 0 0
18:35:54 0 0
18:35:55 0 0
18:35:56 0 0
18:35:57 0 0
18:35:58 0 0
18:35:59 0 0
18:36:00 0 0
18:36:01 0 0
18:36:02 0 0
18:36:03 0 0
18:36:04 0 0
18:36:05 0 0
18:36:06 0 0
18:36:07 0 0
18:36:08 0 0
18:36:09 0 0
18:36:10 0 0
18:36:11 0 0
18:36:12 0 0
18:36:13 0 0
18:36:14 0 0
18:36:15 0 0
18:36:16 0 0
18:36:17 0 0
18:36:18 0 0
18:36:19 0 0
18:36:20 0 0
18:36:21 0 0
18:36:22 1 0
18:36:23 0 0
18:36:24 0 0
18:36:25 0 0
18:36:26 1 0
18:36:27 0 0
18:36:28 0 0
18:36:29 0 0
18:36:30 0 0
18:36:31 0 0
18:36:32 3 0
18:36:33 4 0
18:36:34 3 0
18:36:35 0 0
18:36:36 0 0
18:36:37 1 0
18:36:38 0 0
18:36:39 0 0
18:36:40 0 0
18:36:41 0 0
18:36:42 3 0
18:36:43 3 0
18:36:44 0 0
18:36:45 0 0
18:36:46 0 0
18:36:47 0 0
18:36:48 0 0
18:36:49 2 0
18:36:50 4 0
18:36:51 2 0
18:36:52 0 0
18:36:53 0 0
18:36:54 1 0
18:36:55 0 0
18:36:56 0 0
18:36:57 0 0
18:36:58 1 0
18:36:59 0 0
18:37:00 0 0
18:37:01 0 0
18:37:02 2 0
18:37:03 2 0
18:37:04 0 0
18:37:05 1 0
18:37:06 2 0
18:37:07 0 0
18:37:08 0 0
18:37:09 0 0
18:37:10 1 0
18:37:11 0 0
18:37:12 2 0
18:37:13 3 0
18:37:14 2 0
18:37:15 0 0
18:37:16 1 0
18:37:17 2 0
18:37:18 0 0
18:37:19 0 0
18:37:20 0 0
18:37:21 0 0
18:37:22 0 0
18:37:23 0 0
18:37:24 0 0
18:37:25 0 0
18:37:26 0 0
18:37:27 0 0
18:37:28 3 0
18:37:29 3 0
18:37:30 0 0
18:37:31 1 0
18:37:32 0 0
18:37:33 0 0
18:37:34 0 0
18:37:35 2 0
18:37:36 2 0
18:37:37 4 0
18:37:38 2 0
18:37:39 0 0
18:37:40 1 0
18:37:41 2 0
18:37:42 2 0
18:37:43 0 0
18:37:44 0 0
18:37:45 1 0
18:37:46 1 0
18:37:47 0 0
18:37:48 0 0
18:37:49 0 0
18:37:50 0 0
18:37:51 0 0
18:37:52 2 0
18:37:53 0 0
18:37:54 0 0
18:37:55 0 0
18:37:56 1 0
18:37:57 0 0
18:37:59 0 0
18:38:00 2 0
18:38:01 3 0
18:38:02 4 0
18:38:03 1 0
18:38:04 0 0
18:38:05 2 0
18:38:06 2 0
18:38:07 0 0
18:38:08 1 0
18:38:09 2 0
18:38:10 0 0
18:38:11 2 0
18:38:12 3 0
18:38:13 2 0
18:38:14 0 0
18:38:15 0 0
18:38:16 0 0
18:38:17 2 0
18:38:18 3 0
18:38:19 0 0
18:38:20 0 0
18:38:21 1 0
18:38:22 0 0
18:38:23 0 0
18:38:24 1 0
18:38:25 0 0
18:38:26 0 0
18:38:27 0 0
18:38:28 1 0
18:38:29 0 0
18:38:30 0 0
18:38:31 0 0
18:38:32 0 0
18:38:33 0 0
18:38:34 1 0
18:38:35 0 0
18:38:36 0 0
18:38:37 1 0
18:38:38 0 0
18:38:39 0 0
18:38:40 0 0
18:38:41 0 0
18:38:42 0 0
18:38:43 0 0
18:38:44 0 0
18:38:45 0 0
18:38:46 0 0
18:38:47 0 0
18:38:48 0 0
18:38:49 0 0
18:38:50 0 0
18:38:51 0 0
18:38:52 0 0
18:38:53 0 0
18:38:54 0 0
18:38:55 0 0
18:38:56 0 0
18:38:57 0 0
18:38:58 0 0
18:38:59 0 0
18:39:00 0 0
18:39:01 0 0
18:39:02 0 0
18:39:03 0 0
18:39:04 0 0
18:39:05 0 0
18:39:06 0 0
18:39:07 0 0
18:39:08 0 0
18:39:09 0 0
18:39:10 0 0
18:39:11 0 0
18:39:12 0 0
18:39:13 0 0
18:39:14 0 0
18:39:15 0 0
18:39:16 0 0
18:39:17 0 0
18:39:18 0 0
18:39:19 0 0
18:39:20 0 0
18:39:21 0 0
18:39:22 0 0
