time     running waiting
15:26:16 0 0
15:26:17 0 0
15:26:18 0 0
15:26:19 0 0
15:26:20 0 0
15:26:21 0 0
15:26:22 0 0
15:26:23 0 0
15:26:24 0 0
15:26:25 0 0
15:26:26 0 0
15:26:27 0 0
15:26:28 0 0
15:26:29 0 0
15:26:30 0 0
15:26:31 0 0
15:26:32 0 0
15:26:33 0 0
15:26:34 0 0
15:26:35 0 0
15:26:36 0 0
15:26:37 0 0
15:26:38 0 0
15:26:39 0 0
15:26:40 0 0
15:26:41 0 0
15:26:42 0 0
15:26:44 0 0
15:26:45 0 0
15:26:46 0 0
15:26:47 0 0
15:26:48 0 0
15:26:49 0 0
15:26:50 0 0
15:26:51 0 0
15:26:52 1 0
15:26:53 0 0
15:26:54 1 0
15:26:55 2 0
15:26:56 1 0
15:26:57 1 0
15:26:58 0 0
15:26:59 0 0
15:27:00 0 0
15:27:01 1 0
15:27:02 2 0
15:27:03 0 0
15:27:04 1 0
15:27:05 1 0
15:27:06 0 0
15:27:07 0 0
15:27:08 0 0
15:27:09 0 0
15:27:10 0 0
15:27:11 0 0
15:27:12 1 0
15:27:13 2 0
15:27:14 0 0
15:27:15 1 0
15:27:16 0 0
15:27:17 0 0
15:27:18 0 0
15:27:19 1 0
15:27:20 2 0
15:27:21 0 0
15:27:22 1 0
15:27:23 2 0
15:27:24 0 0
15:27:25 2 0
15:27:26 2 0
15:27:27 0 0
15:27:28 1 0
15:27:29 2 0
15:27:30 1 0
15:27:31 0 0
15:27:32 2 0
15:27:33 4 0
15:27:34 4 0
15:27:35 1 0
15:27:36 2 0
15:27:37 1 0
15:27:38 0 0
15:27:39 0 0
15:27:40 1 0
15:27:41 0 0
15:27:42 0 0
15:27:43 1 0
15:27:44 2 0
15:27:45 2 0
15:27:46 1 0
15:27:47 0 0
15:27:48 0 0
15:27:49 1 0
15:27:50 0 0
15:27:51 1 0
15:27:52 1 0
15:27:53 0 0
15:27:54 0 0
15:27:55 1 0
15:27:56 1 0
15:27:57 0 0
15:27:58 0 0
15:27:59 0 0
15:28:00 0 0
15:28:01 0 0
15:28:02 0 0
15:28:03 0 0
15:28:04 0 0
15:28:05 0 0
15:28:06 0 0
15:28:07 0 0
15:28:08 0 0
15:28:09 0 0
15:28:10 0 0
15:28:11 0 0
15:28:12 0 0
15:28:13 0 0
15:28:14 0 0
15:28:15 0 0
15:28:16 0 0
15:28:17 0 0
15:28:18 0 0
15:28:19 0 0
15:28:20 0 0
15:28:21 0 0
15:28:22 0 0
15:28:23 0 0
15:28:24 0 0
15:28:25 0 0
15:28:26 0 0
15:28:27 0 0
15:28:28 0 0
15:28:29 0 0
15:28:30 0 0
15:28:31 0 0
15:28:32 0 0
15:28:33 0 0
15:28:34 0 0
15:28:35 0 0
15:28:36 0 0
15:28:37 0 0
15:28:38 0 0
15:28:39 0 0
15:28:40 0 0
15:28:41 0 0
