time     running waiting
15:33:43 0 0
15:33:44 0 0
15:33:45 0 0
15:33:46 0 0
15:33:47 0 0
15:33:48 0 0
15:33:49 0 0
15:33:50 0 0
15:33:51 0 0
15:33:52 0 0
15:33:53 0 0
15:33:54 0 0
15:33:55 0 0
15:33:56 0 0
15:33:57 0 0
15:33:58 0 0
15:33:59 0 0
15:34:00 0 0
15:34:01 0 0
15:34:02 0 0
15:34:03 0 0
15:34:04 0 0
15:34:05 0 0
15:34:06 0 0
15:34:07 0 0
15:34:08 0 0
15:34:09 0 0
15:34:10 0 0
15:34:11 0 0
15:34:12 0 0
15:34:13 0 0
15:34:14 0 0
15:34:15 0 0
15:34:16 0 0
15:34:17 1 0
15:34:18 0 0
15:34:19 0 0
15:34:20 2 0
15:34:21 1 0
15:34:22 0 0
15:34:23 1 0
15:34:24 0 0
15:34:25 1 0
15:34:26 2 0
15:34:27 0 0
15:34:28 1 0
15:34:29 0 0
15:34:30 0 0
15:34:31 0 0
15:34:32 0 0
15:34:33 1 0
15:34:34 0 0
15:34:35 0 0
15:34:36 0 0
15:34:37 0 0
15:34:38 0 0
15:34:39 0 0
15:34:40 2 0
15:34:41 2 0
15:34:42 1 0
15:34:43 0 0
15:34:44 1 0
15:34:45 1 0
15:34:46 0 0
15:34:47 1 0
15:34:48 1 0
15:34:49 0 0
15:34:50 1 0
15:34:51 3 0
15:34:52 5 0
15:34:53 5 0
15:34:54 0 0
15:34:55 0 0
15:34:56 0 0
15:34:57 0 0
15:34:58 0 0
15:34:59 0 0
15:35:00 0 0
15:35:01 0 0
15:35:02 0 0
15:35:03 2 0
15:35:04 2 0
15:35:05 0 0
15:35:06 1 0
15:35:07 1 0
15:35:08 1 0
15:35:09 2 0
15:35:10 3 0
15:35:11 0 0
15:35:12 0 0
15:35:13 1 0
15:35:14 2 0
15:35:15 4 0
15:35:16 2 0
15:35:17 0 0
15:35:18 1 0
15:35:19 2 0
15:35:20 2 0
15:35:21 0 0
15:35:22 0 0
15:35:23 0 0
15:35:24 0 0
15:35:25 0 0
15:35:26 0 0
15:35:27 0 0
15:35:28 0 0
15:35:29 0 0
15:35:30 0 0
15:35:31 0 0
15:35:32 0 0
15:35:33 0 0
15:35:34 0 0
15:35:35 0 0
15:35:36 0 0
15:35:37 0 0
15:35:39 0 0
15:35:40 0 0
15:35:41 0 0
15:35:42 0 0
15:35:43 0 0
15:35:44 0 0
15:35:45 0 0
15:35:46 0 0
15:35:47 0 0
15:35:48 0 0
15:35:49 0 0
15:35:50 0 0
15:35:51 0 0
15:35:52 0 0
15:35:53 0 0
15:35:54 0 0
15:35:55 0 0
15:35:56 0 0
15:35:57 0 0
15:35:58 0 0
15:35:59 0 0
15:36:00 0 0
15:36:01 0 0
15:36:02 0 0
15:36:03 0 0
15:36:04 0 0
15:36:05 0 0
15:36:06 0 0
