time     running waiting
15:28:43 0 0
15:28:44 0 0
15:28:45 0 0
15:28:46 0 0
15:28:47 0 0
15:28:48 0 0
15:28:49 0 0
15:28:50 0 0
15:28:51 0 0
15:28:52 0 0
15:28:53 0 0
15:28:54 0 0
15:28:55 0 0
15:28:56 0 0
15:28:57 0 0
15:28:58 0 0
15:28:59 0 0
15:29:00 0 0
15:29:01 0 0
15:29:02 0 0
15:29:03 0 0
15:29:04 0 0
15:29:05 0 0
15:29:06 0 0
15:29:07 0 0
15:29:08 0 0
15:29:09 0 0
15:29:10 0 0
15:29:11 0 0
15:29:12 0 0
15:29:13 0 0
15:29:14 0 0
15:29:15 0 0
15:29:16 0 0
15:29:17 1 0
15:29:18 0 0
15:29:19 1 0
15:29:20 0 0
15:29:21 0 0
15:29:22 0 0
15:29:23 0 0
15:29:24 0 0
15:29:25 0 0
15:29:26 0 0
15:29:27 1 0
15:29:28 1 0
15:29:29 0 0
15:29:30 1 0
15:29:31 0 0
15:29:32 0 0
15:29:33 1 0
15:29:34 0 0
15:29:35 2 0
15:29:36 3 0
15:29:37 4 0
15:29:38 1 0
15:29:39 2 0
15:29:40 1 0
15:29:41 1 0
15:29:42 1 0
15:29:43 0 0
15:29:44 0 0
15:29:45 0 0
15:29:46 0 0
15:29:47 1 0
15:29:48 2 0
15:29:49 1 0
15:29:50 0 0
15:29:51 0 0
15:29:52 0 0
15:29:53 0 0
15:29:54 0 0
15:29:55 0 0
15:29:56 0 0
15:29:57 0 0
15:29:58 0 0
15:29:59 0 0
15:30:00 0 0
15:30:01 1 0
15:30:02 0 0
15:30:03 1 0
15:30:04 0 0
15:30:05 0 0
15:30:06 0 0
15:30:07 0 0
15:30:08 0 0
15:30:09 0 0
15:30:10 1 0
15:30:11 0 0
15:30:12 0 0
15:30:13 2 0
15:30:14 3 0
15:30:15 3 0
15:30:16 3 0
15:30:17 0 0
15:30:18 0 0
15:30:19 0 0
15:30:20 0 0
15:30:21 0 0
15:30:22 1 0
15:30:23 2 0
15:30:24 0 0
15:30:26 2 0
15:30:27 3 1
15:30:28 5 0
15:30:29 3 0
15:30:30 1 0
15:30:31 2 0
15:30:32 1 0
15:30:33 0 0
15:30:34 0 0
15:30:35 0 0
15:30:36 0 0
15:30:37 0 0
15:30:38 0 0
15:30:39 0 0
15:30:40 0 0
15:30:41 0 0
15:30:42 0 0
15:30:43 0 0
15:30:44 0 0
15:30:45 0 0
15:30:46 0 0
15:30:47 0 0
15:30:48 0 0
15:30:49 0 0
15:30:50 0 0
15:30:51 0 0
15:30:52 0 0
15:30:53 0 0
15:30:54 0 0
15:30:55 0 0
15:30:56 0 0
15:30:57 0 0
15:30:58 0 0
15:30:59 0 0
15:31:00 0 0
15:31:01 0 0
15:31:02 0 0
15:31:03 0 0
15:31:04 0 0
15:31:05 0 0
15:31:06 0 0
15:31:07 0 0
15:31:08 0 0
15:31:09 0 0
15:31:10 0 0
15:31:11 0 0
15:31:12 0 0
15:31:13 0 0
15:31:14 0 0
15:31:15 0 0
15:31:16 0 0
15:31:17 0 0
