time     running waiting
15:31:19 0 0
15:31:20 0 0
15:31:21 0 0
15:31:22 0 0
15:31:23 0 0
15:31:24 0 0
15:31:25 0 0
15:31:26 0 0
15:31:27 0 0
15:31:28 0 0
15:31:29 0 0
15:31:30 0 0
15:31:31 0 0
15:31:32 0 0
15:31:33 0 0
15:31:34 0 0
15:31:35 0 0
15:31:36 0 0
15:31:37 0 0
15:31:38 0 0
15:31:39 0 0
15:31:40 0 0
15:31:41 0 0
15:31:42 0 0
15:31:43 0 0
15:31:44 0 0
15:31:45 0 0
15:31:46 0 0
15:31:47 0 0
15:31:48 0 0
15:31:49 0 0
15:31:50 0 0
15:31:51 0 0
15:31:52 0 0
15:31:53 1 0
15:31:54 0 0
15:31:55 1 0
15:31:56 0 0
15:31:57 0 0
15:31:58 0 0
15:31:59 0 0
15:32:00 1 0
15:32:01 0 0
15:32:02 0 0
15:32:03 0 0
15:32:04 2 0
15:32:05 3 0
15:32:06 1 0
15:32:07 1 0
15:32:08 0 0
15:32:09 0 0
15:32:10 0 0
15:32:11 1 0
15:32:12 1 0
15:32:13 0 0
15:32:14 0 0
15:32:15 0 0
15:32:16 0 0
15:32:17 0 0
15:32:18 0 0
15:32:19 0 0
15:32:20 0 0
15:32:21 0 1
15:32:22 2 0
15:32:23 3 0
15:32:24 5 0
15:32:25 3 0
15:32:26 0 0
15:32:27 0 0
15:32:28 2 0
15:32:29 2 0
15:32:30 1 0
15:32:31 0 0
15:32:32 0 0
15:32:33 0 0
15:32:34 0 0
15:32:35 1 0
15:32:36 0 0
15:32:37 0 0
15:32:38 0 0
15:32:39 0 1
15:32:40 2 0
15:32:41 2 0
15:32:42 0 0
15:32:43 0 0
15:32:44 1 0
15:32:45 2 0
15:32:46 2 0
15:32:47 2 0
15:32:48 2 0
15:32:49 1 0
15:32:50 1 1
15:32:51 2 0
15:32:52 3 0
15:32:53 3 0
15:32:54 5 0
15:32:55 2 0
15:32:56 0 0
15:32:57 0 0
15:32:58 0 0
15:32:59 0 0
15:33:00 0 0
15:33:01 0 0
15:33:02 0 0
15:33:03 0 0
15:33:04 0 0
15:33:05 0 0
15:33:06 0 0
15:33:07 0 0
15:33:08 0 0
15:33:09 0 0
15:33:10 0 0
15:33:11 0 0
15:33:12 0 0
15:33:13 0 0
15:33:14 0 0
15:33:15 0 0
15:33:16 0 0
15:33:17 0 0
15:33:18 0 0
15:33:19 0 0
15:33:20 0 0
15:33:21 0 0
15:33:22 0 0
15:33:23 0 0
15:33:24 0 0
15:33:25 0 0
15:33:26 0 0
15:33:27 0 0
15:33:28 0 0
15:33:29 0 0
15:33:30 0 0
15:33:31 0 0
15:33:32 0 0
15:33:33 0 0
15:33:34 0 0
15:33:35 0 0
15:33:36 0 0
15:33:37 0 0
15:33:38 0 0
15:33:39 0 0
15:33:40 0 0
