time     running waiting
15:36:08 0 0
15:36:09 0 0
15:36:10 0 0
15:36:11 0 0
15:36:12 0 0
15:36:13 0 0
15:36:14 0 0
15:36:15 0 0
15:36:16 0 0
15:36:17 0 0
15:36:18 0 0
15:36:19 0 0
15:36:20 0 0
15:36:21 0 0
15:36:22 0 0
15:36:23 0 0
15:36:24 0 0
15:36:25 0 0
15:36:26 0 0
15:36:27 0 0
15:36:28 0 0
15:36:29 0 0
15:36:30 0 0
15:36:31 0 0
15:36:32 0 0
15:36:33 0 0
15:36:34 0 0
15:36:35 0 0
15:36:36 0 0
15:36:37 0 0
15:36:38 0 0
15:36:39 0 0
15:36:40 0 0
15:36:41 0 0
15:36:42 0 0
15:36:43 0 0
15:36:44 0 0
15:36:45 1 0
15:36:46 0 0
15:36:47 1 0
15:36:48 0 0
15:36:49 1 0
15:36:50 0 0
15:36:51 0 0
15:36:52 0 0
15:36:54 0 0
15:36:55 0 0
15:36:56 0 0
15:36:57 1 0
15:36:58 1 0
15:36:59 2 0
15:37:00 1 0
15:37:01 1 0
15:37:02 0 0
15:37:03 1 0
15:37:04 2 0
15:37:05 4 0
15:37:06 3 0
15:37:07 0 0
15:37:08 0 0
15:37:09 2 0
15:37:10 2 0
15:37:11 1 0
15:37:12 1 0
15:37:13 0 0
15:37:14 1 0
15:37:15 0 0
15:37:16 2 0
15:37:17 2 0
15:37:18 0 0
15:37:19 1 0
15:37:20 1 0
15:37:21 1 0
15:37:22 0 0
15:37:23 1 0
15:37:24 0 0
15:37:25 0 0
15:37:26 0 0
15:37:27 0 0
15:37:28 1 0
15:37:29 1 0
15:37:30 1 0
15:37:31 2 0
15:37:32 2 0
15:37:33 2 0
15:37:34 0 0
15:37:35 0 0
15:37:36 0 0
15:37:37 1 0
15:37:38 3 0
15:37:39 3 0
15:37:40 4 0
15:37:41 0 0
15:37:42 0 0
15:37:43 0 0
15:37:44 0 0
15:37:45 0 0
15:37:46 0 0
15:37:47 0 0
15:37:48 0 0
15:37:49 0 0
15:37:50 0 0
15:37:51 0 0
15:37:52 0 0
15:37:53 0 0
15:37:54 0 0
15:37:55 0 0
15:37:56 0 0
15:37:57 0 0
15:37:58 0 0
15:37:59 0 0
15:38:00 0 0
15:38:01 0 0
15:38:02 0 0
15:38:03 0 0
15:38:04 0 0
15:38:05 0 0
15:38:06 0 0
15:38:07 0 0
15:38:08 0 0
15:38:09 0 0
15:38:10 0 0
15:38:11 0 0
15:38:12 0 0
15:38:13 0 0
15:38:14 0 0
15:38:15 0 0
15:38:16 0 0
15:38:17 0 0
15:38:18 0 0
15:38:19 0 0
15:38:20 0 0
15:38:21 0 0
15:38:22 0 0
15:38:23 0 0
15:38:24 0 0
15:38:25 0 0
