time     running waiting
19:39:50 0 0
19:39:51 0 0
19:39:52 0 0
19:39:53 0 0
19:39:54 0 0
19:39:55 0 0
19:39:56 0 0
19:39:57 0 0
19:39:58 0 0
19:39:59 0 0
19:40:00 0 0
19:40:01 0 0
19:40:02 0 0
19:40:03 0 0
19:40:04 0 0
19:40:05 0 0
19:40:06 0 0
19:40:07 0 0
19:40:08 0 0
19:40:09 0 0
19:40:10 0 0
19:40:11 0 0
19:40:12 0 0
19:40:13 0 0
19:40:14 0 0
19:40:15 0 0
19:40:16 0 0
19:40:17 0 0
19:40:18 0 0
19:40:19 0 0
19:40:20 0 0
19:40:21 0 0
19:40:22 0 0
19:40:23 0 0
19:40:24 0 0
19:40:25 0 0
19:40:26 0 0
19:40:27 0 0
19:40:28 0 0
19:40:29 0 0
19:40:30 0 0
19:40:31 0 0
19:40:32 0 0
19:40:33 0 0
19:40:34 0 0
19:40:35 0 0
19:40:36 0 0
19:40:37 0 0
19:40:38 0 0
19:40:39 0 0
19:40:40 0 0
19:40:41 0 0
19:40:42 0 0
19:40:43 0 0
19:40:44 0 0
19:40:45 0 0
19:40:46 0 0
19:40:47 0 0
19:40:48 0 0
19:40:49 0 0
19:40:50 0 0
19:40:51 0 0
19:40:52 0 0
19:40:53 0 0
19:40:54 0 0
19:40:55 0 0
19:40:56 0 0
19:40:57 0 0
19:40:58 0 0
19:40:59 0 0
19:41:00 0 0
19:41:01 0 0
19:41:02 0 0
19:41:03 0 0
19:41:04 0 0
19:41:05 0 0
19:41:06 0 0
19:41:07 0 0
19:41:08 0 0
19:41:09 0 0
19:41:10 0 0
19:41:11 0 0
19:41:12 0 0
19:41:13 0 0
19:41:14 0 0
19:41:15 0 0
19:41:16 0 0
19:41:17 0 0
19:41:18 0 0
19:41:19 0 0
19:41:20 0 0
19:41:21 0 0
19:41:22 0 0
19:41:23 0 0
19:41:24 0 0
19:41:25 0 0
19:41:26 0 0
19:41:27 0 0
19:41:28 0 0
19:41:29 0 0
19:41:30 0 0
19:41:31 0 0
19:41:32 0 0
19:41:33 0 0
19:41:34 0 0
19:41:35 0 0
19:41:36 0 0
19:41:37 0 0
19:41:38 0 0
19:41:39 0 0
19:41:40 0 0
19:41:41 0 0
19:41:42 0 0
19:41:43 0 0
19:41:44 0 0
19:41:45 0 0
19:41:46 0 0
19:41:47 0 0
19:41:48 0 0
19:41:49 0 0
19:41:50 0 0
19:41:51 0 0
19:41:52 0 0
19:41:53 0 0
19:41:54 0 0
19:41:56 0 0
19:41:57 0 0
19:41:58 0 0
19:41:59 0 0
19:42:00 0 0
19:42:01 0 0
19:42:02 0 0
19:42:03 0 0
19:42:04 0 0
19:42:05 0 0
19:42:06 0 0
19:42:07 0 0
19:42:08 0 0
19:42:09 0 0
19:42:10 0 0
19:42:11 0 0
19:42:12 0 0
19:42:13 0 0
19:42:14 0 0
19:42:15 0 0
19:42:16 0 0
19:42:17 0 0
19:42:18 0 0
19:42:19 0 0
19:42:20 0 0
19:42:21 0 0
19:42:22 0 0
19:42:23 0 0
19:42:24 0 0
19:42:25 0 0
19:42:26 0 0
19:42:27 0 0
19:42:28 0 0
19:42:29 0 0
19:42:30 0 0
19:42:31 0 0
19:42:32 0 0
19:42:33 0 0
19:42:34 0 0
19:42:35 0 0
19:42:36 0 0
19:42:37 0 0
19:42:38 0 0
19:42:39 0 0
19:42:40 0 0
19:42:41 0 0
19:42:42 0 0
19:42:43 0 0
19:42:44 0 0
19:42:45 0 0
19:42:46 0 0
19:42:47 0 0
19:42:48 0 0
19:42:49 0 0
19:42:50 0 0
19:42:51 0 0
19:42:52 0 0
19:42:53 0 0
19:42:54 0 0
19:42:55 0 0
19:42:56 0 0
19:42:57 0 0
19:42:58 0 0
19:42:59 0 0
19:43:00 0 0
19:43:01 0 0
19:43:02 0 0
19:43:03 0 0
19:43:04 0 0
19:43:05 0 0
19:43:06 0 0
19:43:07 0 0
19:43:08 0 0
19:43:09 0 0
19:43:10 0 0
19:43:11 0 0
19:43:12 0 0
19:43:13 0 0
19:43:14 0 0
19:43:15 0 0
19:43:16 0 0
19:43:17 0 0
19:43:18 0 0
19:43:19 0 0
19:43:20 0 0
19:43:21 0 0
19:43:22 0 0
19:43:23 0 0
19:43:24 0 0
19:43:25 0 0
19:43:26 0 0
19:43:27 0 0
19:43:28 0 0
19:43:29 0 0
19:43:30 0 0
19:43:31 0 0
19:43:32 0 0
19:43:33 0 0
19:43:34 0 0
19:43:35 0 0
19:43:36 0 0
19:43:37 0 0
19:43:38 0 0
19:43:39 0 0
19:43:40 0 0
19:43:41 0 0
19:43:42 0 0
19:43:43 0 0
19:43:44 0 0
19:43:45 0 0
19:43:46 0 0
19:43:47 0 0
19:43:48 0 0
19:43:49 0 0
19:43:50 0 0
19:43:51 0 0
19:43:52 0 0
19:43:53 0 0
19:43:54 0 0
19:43:55 0 0
19:43:56 0 0
19:43:57 0 0
19:43:58 0 0
19:43:59 0 0
19:44:00 0 0
19:44:01 0 0
19:44:02 0 0
19:44:03 0 0
19:44:04 0 0
19:44:05 0 0
19:44:06 0 0
19:44:07 0 0
19:44:08 0 0
19:44:09 0 0
19:44:10 0 0
19:44:11 0 0
19:44:12 0 0
19:44:13 0 0
19:44:14 0 0
19:44:15 0 0
19:44:16 0 0
19:44:17 0 0
19:44:18 0 0
19:44:19 0 0
19:44:20 0 0
19:44:21 0 0
19:44:22 0 0
19:44:23 0 0
19:44:25 0 0
19:44:26 0 0
19:44:27 0 0
19:44:28 0 0
19:44:29 0 0
19:44:30 0 0
19:44:31 0 0
19:44:32 0 0
19:44:33 0 0
19:44:34 0 0
19:44:35 0 0
19:44:36 0 0
19:44:37 0 0
19:44:38 0 0
19:44:39 0 0
19:44:40 0 0
19:44:41 0 0
19:44:42 0 0
19:44:43 0 0
19:44:44 0 0
19:44:45 0 0
19:44:46 0 0
19:44:47 0 0
19:44:48 0 0
19:44:49 0 0
19:44:50 0 0
19:44:51 0 0
19:44:52 0 0
19:44:53 0 0
19:44:54 0 0
19:44:55 0 0
19:44:56 0 0
19:44:57 0 0
19:44:58 0 0
19:44:59 0 0
19:45:00 0 0
19:45:01 0 0
19:45:02 0 0
19:45:03 0 0
19:45:04 0 0
19:45:05 0 0
19:45:06 0 0
19:45:07 0 0
19:45:08 0 0
19:45:09 0 0
19:45:10 0 0
19:45:11 0 0
19:45:12 0 0
19:45:13 0 0
19:45:14 0 0
19:45:15 0 0
19:45:16 0 0
19:45:17 0 0
19:45:18 0 0
19:45:19 0 0
19:45:20 0 0
19:45:21 0 0
19:45:22 0 0
19:45:23 0 0
19:45:24 0 0
19:45:25 0 0
19:45:26 0 0
19:45:27 0 0
19:45:28 0 0
19:45:29 0 0
19:45:30 0 0
19:45:31 0 0
19:45:32 0 0
19:45:33 0 0
19:45:34 0 0
19:45:35 0 0
19:45:36 0 0
19:45:37 0 0
19:45:38 0 0
19:45:39 0 0
19:45:40 0 0
19:45:41 0 0
19:45:42 0 0
19:45:43 0 0
19:45:44 0 0
19:45:45 0 0
19:45:46 0 0
19:45:47 0 0
19:45:48 0 0
19:45:49 0 0
19:45:50 0 0
19:45:51 0 0
19:45:52 0 0
19:45:53 0 0
19:45:54 0 0
19:45:55 0 0
19:45:56 0 0
19:45:57 0 0
19:45:58 0 0
19:45:59 0 0
19:46:00 0 0
19:46:01 0 0
19:46:02 0 0
19:46:03 0 0
19:46:04 0 0
19:46:05 0 0
19:46:06 0 0
19:46:07 0 0
19:46:08 0 0
19:46:09 0 0
19:46:10 0 0
19:46:11 0 0
19:46:12 0 0
19:46:13 0 0
19:46:14 0 0
19:46:15 0 0
19:46:16 0 0
19:46:17 0 0
19:46:18 0 0
19:46:19 0 0
19:46:20 0 0
19:46:21 0 0
19:46:22 0 0
19:46:23 0 0
19:46:24 0 0
19:46:25 0 0
19:46:26 0 0
19:46:27 0 0
19:46:28 0 0
19:46:29 0 0
19:46:30 0 0
19:46:31 0 0
19:46:32 0 0
19:46:33 0 0
19:46:34 0 0
19:46:35 0 0
19:46:36 0 0
19:46:37 0 0
19:46:38 0 0
19:46:39 0 0
19:46:40 0 0
19:46:41 0 0
19:46:42 0 0
19:46:43 0 0
19:46:44 0 0
19:46:45 0 0
19:46:46 0 0
19:46:47 0 0
19:46:48 0 0
19:46:49 0 0
19:46:50 0 0
19:46:51 0 0
19:46:52 0 0
19:46:53 0 0
19:46:54 0 0
19:46:55 0 0
19:46:57 0 0
19:46:58 0 0
19:46:59 0 0
19:47:00 0 0
19:47:01 0 0
19:47:02 0 0
19:47:03 0 0
19:47:04 0 0
19:47:05 0 0
19:47:06 0 0
19:47:07 0 0
19:47:08 0 0
19:47:09 0 0
19:47:10 0 0
19:47:11 0 0
19:47:12 0 0
19:47:13 0 0
19:47:14 0 0
19:47:15 0 0
19:47:16 0 0
19:47:17 0 0
19:47:18 0 0
19:47:19 0 0
19:47:20 0 0
19:47:21 0 0
19:47:22 0 0
19:47:23 0 0
19:47:24 0 0
19:47:25 0 0
19:47:26 0 0
19:47:27 0 0
19:47:28 0 0
19:47:29 0 0
19:47:30 0 0
19:47:31 0 0
19:47:32 0 0
19:47:33 0 0
19:47:34 0 0
19:47:35 0 0
19:47:36 0 0
19:47:37 0 0
19:47:38 0 0
19:47:39 0 0
19:47:40 0 0
19:47:41 0 0
19:47:42 0 0
19:47:43 0 0
19:47:44 0 0
19:47:45 0 0
19:47:46 0 0
19:47:47 0 0
19:47:48 0 0
19:47:49 0 0
19:47:50 0 0
19:47:51 0 0
19:47:52 0 0
19:47:53 0 0
19:47:54 0 0
19:47:55 0 0
19:47:56 0 0
19:47:57 0 0
19:47:58 0 0
19:47:59 0 0
19:48:00 0 0
19:48:01 0 0
19:48:02 0 0
19:48:03 0 0
19:48:04 0 0
19:48:05 0 0
19:48:06 0 0
19:48:07 0 0
19:48:08 0 0
19:48:09 0 0
19:48:10 0 0
19:48:11 0 0
19:48:12 0 0
19:48:13 0 0
19:48:14 0 0
19:48:15 0 0
19:48:16 0 0
19:48:17 0 0
19:48:18 0 0
19:48:19 0 0
19:48:20 0 0
19:48:21 0 0
19:48:22 0 0
19:48:23 0 0
19:48:24 0 0
19:48:25 0 0
19:48:26 0 0
19:48:27 0 0
19:48:28 0 0
19:48:29 0 0
19:48:30 0 0
19:48:31 0 0
19:48:32 0 0
19:48:33 0 0
19:48:34 0 0
19:48:35 0 0
19:48:36 0 0
19:48:37 0 0
19:48:38 0 0
19:48:39 0 0
19:48:40 0 0
19:48:41 0 0
19:48:42 0 0
19:48:43 0 0
19:48:44 0 0
19:48:45 0 0
19:48:46 0 0
19:48:47 0 0
19:48:48 0 0
19:48:49 0 0
19:48:50 0 0
19:48:51 0 0
19:48:52 0 0
19:48:53 0 0
19:48:54 0 0
19:48:55 0 0
19:48:56 0 0
19:48:57 0 0
19:48:58 0 0
19:48:59 0 0
19:49:00 0 0
19:49:01 0 0
19:49:02 0 0
19:49:03 0 0
19:49:04 0 0
19:49:05 0 0
19:49:06 0 0
19:49:07 0 0
19:49:08 0 0
19:49:09 0 0
19:49:10 0 0
19:49:11 0 0
19:49:12 0 0
19:49:14 0 0
19:49:15 0 0
19:49:16 0 0
19:49:17 0 0
19:49:18 0 0
19:49:19 0 0
19:49:20 0 0
19:49:21 0 0
19:49:22 0 0
19:49:23 0 0
19:49:24 0 0
19:49:25 0 0
19:49:26 0 0
19:49:27 0 0
19:49:28 0 0
19:49:29 0 0
19:49:30 0 0
19:49:31 0 0
19:49:32 0 0
19:49:33 0 0
19:49:34 0 0
19:49:35 0 0
19:49:36 0 0
19:49:37 0 0
19:49:38 0 0
19:49:39 0 0
19:49:40 0 0
19:49:41 0 0
19:49:42 0 0
19:49:43 0 0
19:49:44 0 0
19:49:45 0 0
19:49:46 0 0
19:49:47 0 0
19:49:48 0 0
19:49:49 0 0
19:49:50 0 0
19:49:51 0 0
19:49:52 0 0
19:49:53 0 0
19:49:54 0 0
19:49:55 0 0
19:49:56 1 0
19:49:57 3 0
19:49:58 5 2
19:49:59 8 1
19:50:00 10 1
19:50:01 13 1
19:50:02 15 2
19:50:03 18 2
19:50:04 20 2
19:50:05 23 1
19:50:06 25 1
19:50:07 27 1
19:50:08 30 2
19:50:09 32 3
19:50:10 35 2
19:50:11 38 3
19:50:12 40 2
19:50:13 42 3
19:50:14 45 4
19:50:15 47 3
19:50:16 49 5
19:50:17 52 5
19:50:18 54 6
19:50:19 56 5
19:50:20 59 5
19:50:21 61 6
19:50:22 63 6
19:50:23 66 7
19:50:24 68 7
19:50:25 70 8
19:50:26 73 8
19:50:27 75 10
19:50:28 77 9
19:50:29 80 10
19:50:30 82 10
19:50:31 84 11
19:50:32 86 11
19:50:33 88 11
19:50:34 90 12
19:50:35 92 12
19:50:36 93 14
19:50:37 95 13
19:50:38 97 13
19:50:39 98 14
19:50:40 100 14
19:50:41 101 14
19:50:42 102 15
19:50:43 103 16
19:50:44 105 16
19:50:45 105 16
19:50:46 107 17
19:50:47 107 17
19:50:48 108 18
19:50:49 108 18
19:50:50 110 18
19:50:51 110 18
19:50:52 112 18
19:50:53 112 18
19:50:54 114 18
19:50:55 114 19
19:50:56 114 20
19:50:57 114 20
19:50:58 115 20
19:50:59 116 20
19:51:00 116 20
19:51:01 117 20
19:51:02 118 21
19:51:03 118 21
19:51:04 118 21
19:51:05 118 22
19:51:06 119 22
19:51:07 119 22
19:51:08 119 22
19:51:09 120 23
19:51:10 120 23
19:51:11 120 23
19:51:12 121 23
19:51:13 120 24
19:51:14 120 24
19:51:15 121 25
19:51:16 121 25
19:51:17 121 25
19:51:18 121 25
19:51:19 122 25
19:51:20 122 25
19:51:21 122 26
19:51:22 121 26
19:51:23 122 27
19:51:24 122 27
19:51:25 122 27
19:51:26 122 27
19:51:27 122 27
19:51:28 123 27
19:51:29 123 27
19:51:30 122 28
19:51:31 122 28
19:51:32 122 28
19:51:33 122 29
19:51:34 123 29
19:51:35 123 29
19:51:36 123 29
19:51:37 123 29
19:51:38 123 29
19:51:39 122 30
19:51:40 122 30
19:51:41 123 31
19:51:43 123 31
19:51:44 123 31
19:51:45 123 31
19:51:46 123 31
19:51:47 123 31
19:51:48 122 32
19:51:49 123 32
19:51:50 123 32
19:51:51 123 33
19:51:52 123 33
19:51:53 123 33
19:51:54 123 34
19:51:55 123 34
19:51:56 123 34
19:51:57 122 36
19:51:58 123 35
19:51:59 123 36
19:52:00 123 36
19:52:01 123 36
19:52:02 123 36
19:52:03 123 37
19:52:04 123 37
19:52:05 122 38
19:52:06 122 38
19:52:07 123 39
19:52:08 123 39
19:52:09 123 39
19:52:10 123 39
19:52:11 123 39
19:52:12 123 39
19:52:13 123 39
19:52:14 122 41
19:52:15 123 40
19:52:16 123 41
19:52:17 123 41
19:52:18 123 41
19:52:19 123 41
19:52:20 123 41
19:52:21 123 42
19:52:22 123 42
19:52:23 122 42
19:52:24 123 42
19:52:25 123 42
19:52:26 123 43
19:52:27 123 43
19:52:28 123 43
19:52:29 123 43
19:52:30 123 43
19:52:31 122 44
19:52:32 123 44
19:52:33 123 44
19:52:34 123 45
19:52:35 123 45
19:52:36 123 45
19:52:37 123 45
19:52:38 123 45
19:52:39 123 45
19:52:40 122 46
19:52:41 123 46
19:52:42 123 46
19:52:43 123 47
19:52:44 123 47
19:52:45 123 47
19:52:46 123 47
19:52:47 123 47
19:52:48 122 49
19:52:49 123 49
19:52:50 123 49
19:52:51 123 49
19:52:52 123 49
19:52:53 123 49
19:52:54 123 50
19:52:55 123 50
19:52:56 123 50
19:52:57 122 51
19:52:58 123 51
19:52:59 123 51
19:53:00 123 51
19:53:01 123 51
19:53:02 123 51
19:53:03 123 51
19:53:04 123 51
19:53:05 122 52
19:53:06 122 52
19:53:07 123 52
19:53:08 123 53
19:53:09 123 53
19:53:10 123 53
19:53:11 123 54
19:53:12 123 54
19:53:13 123 55
19:53:14 122 56
19:53:15 123 56
19:53:16 123 57
19:53:17 123 57
19:53:18 123 58
19:53:19 123 58
19:53:20 123 59
19:53:21 123 59
19:53:22 123 59
19:53:23 122 61
19:53:24 123 61
19:53:25 123 62
19:53:26 123 62
19:53:27 123 63
19:53:28 123 63
19:53:29 123 63
19:53:30 123 64
19:53:31 122 66
19:53:32 123 65
19:53:33 123 66
19:53:34 123 66
19:53:35 123 67
19:53:36 123 67
19:53:37 123 68
19:53:38 123 68
19:53:39 123 69
19:53:40 122 70
19:53:41 123 70
19:53:42 123 70
19:53:43 123 71
19:53:44 123 71
19:53:45 123 72
19:53:46 123 72
19:53:47 123 72
19:53:48 122 74
19:53:49 123 74
19:53:50 123 74
19:53:51 123 75
19:53:52 123 75
19:53:53 123 75
19:53:54 123 76
19:53:55 123 76
19:53:56 123 77
19:53:57 122 78
19:53:58 123 78
19:53:59 123 79
19:54:00 123 79
19:54:01 123 80
19:54:02 123 80
19:54:03 123 80
19:54:04 123 81
19:54:05 123 81
19:54:06 122 82
19:54:07 123 83
19:54:08 123 83
19:54:09 123 83
19:54:11 123 84
19:54:12 123 84
19:54:13 123 85
19:54:14 123 85
19:54:15 122 87
19:54:16 123 86
19:54:17 123 87
19:54:18 123 87
19:54:19 123 88
19:54:20 123 88
19:54:21 123 88
19:54:22 123 89
19:54:23 123 89
19:54:24 122 90
19:54:25 123 91
19:54:26 123 91
19:54:27 123 91
19:54:28 123 92
19:54:29 123 92
19:54:30 123 92
19:54:31 123 93
19:54:32 122 94
19:54:33 123 94
19:54:34 123 95
19:54:35 123 95
19:54:36 123 96
19:54:37 123 96
19:54:38 123 97
19:54:39 123 97
19:54:40 123 98
19:54:41 122 99
19:54:42 123 99
19:54:43 123 100
19:54:44 123 100
19:54:45 123 100
19:54:46 123 100
19:54:47 123 101
19:54:48 123 101
19:54:49 122 102
19:54:50 122 102
19:54:51 123 102
19:54:52 123 102
19:54:53 123 102
19:54:54 123 102
19:54:55 123 102
19:54:56 123 102
19:54:57 123 102
19:54:58 122 103
19:54:59 123 103
19:55:00 123 101
19:55:01 123 99
19:55:02 123 96
19:55:03 123 94
19:55:04 123 92
19:55:05 123 89
19:55:06 123 87
19:55:07 122 85
19:55:08 123 83
19:55:09 123 80
19:55:10 123 78
19:55:11 123 75
19:55:12 123 73
19:55:13 123 71
19:55:14 123 68
19:55:15 122 66
19:55:16 123 64
19:55:17 123 62
19:55:18 123 59
19:55:19 123 57
19:55:20 123 54
19:55:21 123 52
19:55:22 123 49
19:55:23 123 47
19:55:24 122 45
19:55:25 123 43
19:55:26 123 41
19:55:27 123 38
19:55:28 123 35
19:55:29 123 32
19:55:30 123 29
19:55:31 122 27
19:55:32 123 24
19:55:33 123 21
19:55:34 123 18
19:55:35 123 15
19:55:36 123 12
19:55:37 122 10
19:55:38 122 7
19:55:39 123 4
19:55:40 123 1
19:55:41 111 0
19:55:42 81 0
19:55:43 46 0
19:55:44 0 0
19:55:45 0 0
19:55:46 0 0
19:55:47 0 0
19:55:48 0 0
19:55:49 0 0
19:55:50 0 0
19:55:51 0 0
19:55:52 0 0
19:55:53 0 0
19:55:54 0 0
19:55:55 0 0
19:55:56 0 0
19:55:57 0 0
19:55:58 0 0
19:55:59 0 0
19:56:00 0 0
19:56:01 0 0
19:56:02 0 0
19:56:03 0 0
19:56:04 0 0
19:56:05 0 0
19:56:06 0 0
19:56:07 0 0
19:56:08 0 0
19:56:09 0 0
19:56:10 0 0
19:56:11 0 0
19:56:12 0 0
19:56:13 0 0
19:56:14 0 0
19:56:15 0 0
19:56:16 0 0
19:56:17 0 0
19:56:18 0 0
19:56:19 0 0
19:56:20 0 0
19:56:21 0 0
19:56:22 0 0
19:56:23 0 0
19:56:24 0 0
19:56:25 0 0
19:56:26 0 0
19:56:27 0 0
19:56:28 0 0
