time     running waiting
19:16:00 0 0
19:16:01 0 0
19:16:02 0 0
19:16:03 0 0
19:16:04 0 0
19:16:05 0 0
19:16:06 0 0
19:16:07 0 0
19:16:08 0 0
19:16:09 0 0
19:16:10 0 0
19:16:11 0 0
19:16:12 0 0
19:16:13 0 0
19:16:14 0 0
19:16:15 0 0
19:16:16 0 0
19:16:17 0 0
19:16:18 0 0
19:16:19 0 0
19:16:20 0 0
19:16:21 0 0
19:16:22 0 0
19:16:23 0 0
19:16:24 0 0
19:16:25 0 0
19:16:26 0 0
19:16:27 0 0
19:16:29 0 0
19:16:30 0 0
19:16:31 0 0
19:16:32 0 0
19:16:33 0 0
19:16:34 0 0
19:16:35 0 0
19:16:36 0 0
19:16:37 0 0
19:16:38 0 0
19:16:39 0 0
19:16:40 0 0
19:16:41 0 0
19:16:42 0 0
19:16:43 0 0
19:16:44 0 0
19:16:45 0 0
19:16:46 0 0
19:16:47 0 0
19:16:48 0 0
19:16:49 0 0
19:16:50 0 0
19:16:51 0 0
19:16:52 0 0
19:16:53 0 0
19:16:54 0 0
19:16:55 0 0
19:16:56 0 0
19:16:57 0 0
19:16:58 0 0
19:16:59 0 0
19:17:00 0 0
19:17:01 0 0
19:17:02 0 0
19:17:03 0 0
19:17:04 0 0
19:17:05 0 0
19:17:06 0 0
19:17:07 0 0
19:17:08 0 0
19:17:09 0 0
19:17:10 0 0
19:17:11 0 0
19:17:12 0 0
19:17:13 0 0
19:17:14 0 0
19:17:15 0 0
19:17:16 0 0
19:17:17 0 0
19:17:18 0 0
19:17:19 0 0
19:17:20 0 0
19:17:21 0 0
19:17:22 0 0
19:17:23 0 0
19:17:24 0 0
19:17:25 0 0
19:17:26 0 0
19:17:27 0 0
19:17:28 0 0
19:17:29 0 0
19:17:30 0 0
19:17:31 0 0
19:17:32 0 0
19:17:33 0 0
19:17:34 0 0
19:17:35 0 0
19:17:36 0 0
19:17:37 0 0
19:17:38 0 0
19:17:39 0 0
19:17:40 0 0
19:17:41 0 0
19:17:42 0 0
19:17:43 0 0
19:17:44 0 0
19:17:45 0 0
19:17:46 0 0
19:17:47 0 0
19:17:48 0 0
19:17:49 0 0
19:17:50 0 0
19:17:51 0 0
19:17:52 0 0
19:17:53 0 0
19:17:54 0 0
19:17:55 0 0
19:17:56 0 0
19:17:57 0 0
19:17:58 0 0
19:17:59 0 0
19:18:00 0 0
19:18:01 0 0
19:18:02 0 0
19:18:03 0 0
19:18:04 0 0
19:18:05 0 0
19:18:06 0 0
19:18:07 0 0
19:18:08 0 0
19:18:09 0 0
19:18:10 0 0
19:18:11 0 0
19:18:12 0 0
19:18:13 0 0
19:18:14 0 0
19:18:15 0 0
19:18:16 0 0
19:18:17 0 0
19:18:18 0 0
19:18:19 0 0
19:18:20 0 0
19:18:21 0 0
19:18:22 0 0
19:18:23 0 0
19:18:24 0 0
19:18:25 0 0
19:18:26 0 0
19:18:27 0 0
19:18:28 0 0
19:18:29 0 0
19:18:30 0 0
19:18:31 0 0
19:18:32 0 0
19:18:33 0 0
19:18:34 0 0
19:18:35 0 0
19:18:36 0 0
19:18:37 0 0
19:18:38 0 0
19:18:39 0 0
19:18:40 0 0
19:18:41 0 0
19:18:42 0 0
19:18:43 0 0
19:18:44 0 0
19:18:45 0 0
19:18:46 0 0
19:18:47 0 0
19:18:48 0 0
19:18:49 0 0
19:18:51 0 0
19:18:52 0 0
19:18:53 0 0
19:18:54 0 0
19:18:55 0 0
19:18:56 0 0
19:18:57 0 0
19:18:58 0 0
19:18:59 0 0
19:19:00 0 0
19:19:01 0 0
19:19:02 0 0
19:19:03 0 0
19:19:04 0 0
19:19:05 0 0
19:19:06 0 0
19:19:07 0 0
19:19:08 0 0
19:19:09 0 0
19:19:10 0 0
19:19:11 0 0
19:19:12 0 0
19:19:13 0 0
19:19:14 0 0
19:19:15 0 0
19:19:16 0 0
19:19:17 0 0
19:19:18 0 0
19:19:19 0 0
19:19:20 0 0
19:19:21 0 0
19:19:22 0 0
19:19:23 0 0
19:19:24 0 0
19:19:25 0 0
19:19:26 0 0
19:19:27 0 0
19:19:28 0 0
19:19:29 0 0
19:19:30 0 0
19:19:31 0 0
19:19:32 0 0
19:19:33 0 0
19:19:34 0 0
19:19:35 0 0
19:19:36 0 0
19:19:37 0 0
19:19:38 0 0
19:19:39 0 0
19:19:40 0 0
19:19:41 0 0
19:19:42 0 0
19:19:43 0 0
19:19:44 0 0
19:19:45 0 0
19:19:46 0 0
19:19:47 0 0
19:19:48 0 0
19:19:49 0 0
19:19:50 0 0
19:19:51 0 0
19:19:52 0 0
19:19:53 0 0
19:19:54 0 0
19:19:55 0 0
19:19:56 0 0
19:19:57 0 0
19:19:58 0 0
19:19:59 0 0
19:20:00 0 0
19:20:01 0 0
19:20:02 0 0
19:20:03 0 0
19:20:04 0 0
19:20:05 0 0
19:20:06 0 0
19:20:07 0 0
19:20:08 0 0
19:20:09 0 0
19:20:10 0 0
19:20:11 0 0
19:20:12 0 0
19:20:13 0 0
19:20:14 0 0
19:20:15 0 0
19:20:16 0 0
19:20:17 0 0
19:20:18 0 0
19:20:19 0 0
19:20:20 0 0
19:20:21 0 0
19:20:22 0 0
19:20:23 0 0
19:20:24 0 0
19:20:25 0 0
19:20:26 0 0
19:20:27 0 0
19:20:28 0 0
19:20:29 0 0
19:20:30 0 0
19:20:31 0 0
19:20:32 0 0
19:20:33 0 0
19:20:34 0 0
19:20:35 0 0
19:20:36 0 0
19:20:37 0 0
19:20:38 0 0
19:20:39 0 0
19:20:40 0 0
19:20:41 0 0
19:20:42 0 0
19:20:43 0 0
19:20:44 0 0
19:20:45 0 0
19:20:46 0 0
19:20:47 0 0
19:20:48 0 0
19:20:49 0 0
19:20:50 0 0
19:20:51 0 0
19:20:52 0 0
19:20:53 0 0
19:20:54 0 0
19:20:55 0 0
19:20:56 0 0
19:20:57 0 0
19:20:58 0 0
19:20:59 0 0
19:21:00 0 0
19:21:01 0 0
19:21:02 0 0
19:21:03 0 0
19:21:04 0 0
19:21:05 0 0
19:21:06 0 0
19:21:07 0 0
19:21:08 0 0
19:21:09 0 0
19:21:10 0 0
19:21:11 0 0
19:21:12 0 0
19:21:14 0 0
19:21:15 0 0
19:21:16 0 0
19:21:17 0 0
19:21:18 0 0
19:21:19 0 0
19:21:20 0 0
19:21:21 0 0
19:21:22 0 0
19:21:23 0 0
19:21:24 0 0
19:21:25 0 0
19:21:26 0 0
19:21:27 0 0
19:21:28 0 0
19:21:29 0 0
19:21:30 0 0
19:21:31 0 0
19:21:32 0 0
19:21:33 0 0
19:21:34 0 0
19:21:35 0 0
19:21:36 0 0
19:21:37 0 0
19:21:38 0 0
19:21:39 0 0
19:21:40 0 0
19:21:41 0 0
19:21:42 0 0
19:21:43 0 0
19:21:44 0 0
19:21:45 0 0
19:21:46 0 0
19:21:47 0 0
19:21:48 0 0
19:21:49 0 0
19:21:50 0 0
19:21:51 0 0
19:21:52 0 0
19:21:53 0 0
19:21:54 0 0
19:21:55 0 0
19:21:56 0 0
19:21:57 0 0
19:21:58 0 0
19:21:59 0 0
19:22:00 0 0
19:22:01 0 0
19:22:02 0 0
19:22:03 0 0
19:22:04 0 0
19:22:05 0 0
19:22:06 0 0
19:22:07 0 0
19:22:08 0 0
19:22:09 0 0
19:22:10 0 0
19:22:11 0 0
19:22:12 0 0
19:22:13 0 0
19:22:14 0 0
19:22:15 0 0
19:22:16 0 0
19:22:17 0 0
19:22:18 0 0
19:22:19 0 0
19:22:20 0 0
19:22:21 0 0
19:22:22 0 0
19:22:23 0 0
19:22:24 0 0
19:22:25 0 0
19:22:26 0 0
19:22:27 0 0
19:22:28 0 0
19:22:29 0 0
19:22:30 0 0
19:22:31 0 0
19:22:32 0 0
19:22:33 0 0
19:22:34 0 0
19:22:35 0 0
19:22:36 0 0
19:22:37 0 0
19:22:38 0 0
19:22:39 0 0
19:22:40 0 0
19:22:41 0 0
19:22:42 0 0
19:22:43 0 0
19:22:44 0 0
19:22:45 0 0
19:22:46 0 0
19:22:47 0 0
19:22:48 0 0
19:22:49 0 0
19:22:50 0 0
19:22:51 0 0
19:22:52 0 0
19:22:53 0 0
19:22:54 0 0
19:22:55 0 0
19:22:56 0 0
19:22:57 0 0
19:22:58 0 0
19:22:59 0 0
19:23:00 0 0
19:23:01 0 0
19:23:02 0 0
19:23:03 0 0
19:23:04 0 0
19:23:05 0 0
19:23:06 0 0
19:23:07 0 0
19:23:08 0 0
19:23:09 0 0
19:23:10 0 0
19:23:11 0 0
19:23:12 0 0
19:23:13 0 0
19:23:14 0 0
19:23:15 0 0
19:23:16 0 0
19:23:17 0 0
19:23:18 0 0
19:23:19 0 0
19:23:20 0 0
19:23:21 0 0
19:23:22 0 0
19:23:23 0 0
19:23:24 0 0
19:23:25 0 0
19:23:26 0 0
19:23:27 0 0
19:23:28 0 0
19:23:29 0 0
19:23:30 0 0
19:23:31 0 0
19:23:32 0 0
19:23:34 0 0
19:23:35 0 0
19:23:36 0 0
19:23:37 0 0
19:23:38 0 0
19:23:39 0 0
19:23:40 0 0
19:23:41 0 0
19:23:42 0 0
19:23:43 0 0
19:23:44 0 0
19:23:45 0 0
19:23:46 0 0
19:23:47 0 0
19:23:48 0 0
19:23:49 0 0
19:23:50 0 0
19:23:51 0 0
19:23:52 0 0
19:23:53 0 0
19:23:54 0 0
19:23:55 0 0
19:23:56 0 0
19:23:57 0 0
19:23:58 0 0
19:23:59 0 0
19:24:00 0 0
19:24:01 0 0
19:24:02 0 0
19:24:03 0 0
19:24:04 0 0
19:24:05 0 0
19:24:06 0 0
19:24:07 0 0
19:24:08 0 0
19:24:09 0 0
19:24:10 0 0
19:24:11 0 0
19:24:12 0 0
19:24:13 0 0
19:24:14 0 0
19:24:15 0 0
19:24:16 0 0
19:24:17 0 0
19:24:18 0 0
19:24:19 0 0
19:24:20 0 0
19:24:21 0 0
19:24:22 0 0
19:24:23 0 0
19:24:24 0 0
19:24:25 0 0
19:24:26 0 0
19:24:27 0 0
19:24:28 0 0
19:24:29 0 0
19:24:30 0 0
19:24:31 0 0
19:24:32 0 0
19:24:33 0 0
19:24:34 0 0
19:24:35 0 0
19:24:36 0 0
19:24:37 0 0
19:24:38 0 0
19:24:39 0 0
19:24:40 0 0
19:24:41 0 0
19:24:42 0 0
19:24:43 0 0
19:24:44 0 0
19:24:45 0 0
19:24:46 0 0
19:24:47 0 0
19:24:48 0 0
19:24:49 0 0
19:24:50 0 0
19:24:51 0 0
19:24:52 0 0
19:24:53 0 0
19:24:54 0 0
19:24:55 0 0
19:24:56 0 0
19:24:57 0 0
19:24:58 0 0
19:24:59 0 0
19:25:00 0 0
19:25:01 0 0
19:25:02 0 0
19:25:03 0 0
19:25:04 0 0
19:25:05 0 0
19:25:06 0 0
19:25:07 0 0
19:25:08 0 0
19:25:09 0 0
19:25:10 0 0
19:25:11 0 0
19:25:12 0 0
19:25:13 0 0
19:25:14 0 0
19:25:15 0 0
19:25:16 0 0
19:25:17 0 0
19:25:18 0 0
19:25:19 0 0
19:25:20 0 0
19:25:21 0 0
19:25:22 0 0
19:25:23 0 0
19:25:24 0 0
19:25:25 0 0
19:25:26 0 0
19:25:27 0 0
19:25:28 0 0
19:25:29 0 0
19:25:30 0 0
19:25:31 0 0
19:25:32 0 0
19:25:33 0 0
19:25:34 0 0
19:25:35 0 0
19:25:36 0 0
19:25:37 0 0
19:25:38 0 0
19:25:39 0 0
19:25:40 0 0
19:25:41 0 0
19:25:42 0 0
19:25:43 0 0
19:25:44 0 0
19:25:45 0 0
19:25:46 0 0
19:25:47 0 0
19:25:48 0 0
19:25:49 0 0
19:25:50 0 0
19:25:51 0 0
19:25:52 0 0
19:25:53 0 0
19:25:54 0 0
19:25:55 0 0
19:25:56 0 0
19:25:57 0 0
19:25:58 0 0
19:25:59 0 0
19:26:00 0 0
19:26:01 0 0
19:26:02 0 0
19:26:03 1 0
19:26:05 0 0
19:26:06 0 0
19:26:07 2 0
19:26:08 4 0
19:26:09 6 0
19:26:10 9 1
19:26:11 11 2
19:26:12 14 2
19:26:13 17 2
19:26:14 19 2
19:26:15 22 2
19:26:16 24 2
19:26:17 26 3
19:26:18 27 6
19:26:19 30 5
19:26:20 33 5
19:26:21 36 5
19:26:22 38 6
19:26:23 41 6
19:26:24 43 7
19:26:25 46 7
19:26:26 48 7
19:26:27 51 8
19:26:28 53 8
19:26:29 56 9
19:26:30 58 10
19:26:31 60 9
19:26:32 63 10
19:26:33 65 10
19:26:34 68 11
19:26:35 70 11
19:26:36 73 11
19:26:37 75 11
19:26:38 77 11
19:26:39 79 12
19:26:40 82 11
19:26:41 84 11
19:26:42 87 11
19:26:43 89 11
19:26:44 90 12
19:26:45 93 12
19:26:46 94 12
19:26:47 97 12
19:26:48 98 11
19:26:49 100 12
19:26:50 101 12
19:26:51 104 12
19:26:52 105 11
19:26:53 107 12
19:26:54 107 12
19:26:55 108 12
19:26:56 110 12
19:26:57 110 12
19:26:58 111 12
19:26:59 112 12
19:27:00 113 13
19:27:01 113 13
19:27:02 114 13
19:27:03 114 13
19:27:04 116 13
19:27:05 116 13
19:27:06 117 14
19:27:07 117 14
19:27:08 118 14
19:27:09 118 14
19:27:10 118 14
19:27:11 119 14
19:27:12 118 15
19:27:13 118 15
19:27:14 119 15
19:27:15 119 15
19:27:16 119 15
19:27:17 120 16
19:27:18 119 17
19:27:19 119 17
19:27:20 119 17
19:27:21 120 18
19:27:22 120 18
19:27:23 120 19
19:27:24 120 19
19:27:25 120 20
19:27:26 120 20
19:27:27 120 21
19:27:28 120 21
19:27:29 120 21
19:27:30 121 22
19:27:31 121 22
19:27:32 121 22
19:27:33 121 23
19:27:34 120 24
19:27:35 120 24
19:27:36 121 23
19:27:37 121 24
19:27:38 121 24
19:27:39 121 24
19:27:40 121 25
19:27:41 122 25
19:27:42 121 26
19:27:43 121 26
19:27:44 121 26
19:27:45 121 26
19:27:46 122 26
19:27:47 122 27
19:27:48 122 28
19:27:49 122 28
19:27:50 122 28
19:27:51 121 30
19:27:52 122 30
19:27:53 122 30
19:27:54 122 30
19:27:55 122 30
19:27:56 122 30
19:27:57 122 30
19:27:58 123 30
19:27:59 122 31
19:28:00 122 32
19:28:01 122 32
19:28:02 122 32
19:28:03 122 32
19:28:04 123 32
19:28:05 123 33
19:28:06 123 32
19:28:07 123 32
19:28:08 122 33
19:28:09 122 33
19:28:10 123 33
19:28:11 123 33
19:28:12 123 33
19:28:13 123 33
19:28:14 123 34
19:28:15 123 34
19:28:16 123 34
19:28:17 122 35
19:28:18 123 36
19:28:19 123 36
19:28:20 123 35
19:28:21 123 35
19:28:22 123 35
19:28:23 123 36
19:28:24 123 36
19:28:25 122 37
19:28:26 123 37
19:28:28 123 37
19:28:29 123 38
19:28:30 123 38
19:28:31 123 39
19:28:32 123 40
19:28:33 123 40
19:28:34 123 40
19:28:35 122 41
19:28:36 123 41
19:28:37 123 41
19:28:38 123 41
19:28:39 123 41
19:28:40 123 41
19:28:41 123 41
19:28:42 123 41
19:28:43 122 42
19:28:44 123 42
19:28:45 123 42
19:28:46 123 43
19:28:47 123 43
19:28:48 123 43
19:28:49 123 43
19:28:50 123 44
19:28:51 123 44
19:28:52 122 46
19:28:53 123 46
19:28:54 123 46
19:28:55 123 47
19:28:56 123 47
19:28:57 123 48
19:28:58 123 48
19:28:59 123 49
19:29:00 122 50
19:29:01 123 50
19:29:02 123 50
19:29:03 123 50
19:29:04 123 51
19:29:05 123 51
19:29:06 123 52
19:29:07 123 52
19:29:08 123 52
19:29:09 122 54
19:29:10 123 54
19:29:11 123 54
19:29:12 123 53
19:29:13 123 54
19:29:14 123 54
19:29:15 123 54
19:29:16 123 55
19:29:17 122 56
19:29:18 122 56
19:29:19 123 56
19:29:20 123 56
19:29:21 123 56
19:29:22 123 57
19:29:23 123 57
19:29:24 123 58
19:29:25 123 58
19:29:26 122 60
19:29:27 123 60
19:29:28 123 61
19:29:29 123 61
19:29:30 123 62
19:29:31 123 63
19:29:32 123 63
19:29:33 123 64
19:29:34 123 64
19:29:35 122 65
19:29:36 123 66
19:29:37 123 66
19:29:38 123 67
19:29:39 123 68
19:29:40 123 68
19:29:41 123 69
19:29:42 123 70
19:29:43 122 71
19:29:44 123 72
19:29:45 123 72
19:29:46 123 73
19:29:47 123 73
19:29:48 123 73
19:29:49 123 74
19:29:50 123 74
19:29:51 123 74
19:29:52 122 75
19:29:53 123 75
19:29:54 123 75
19:29:55 123 75
19:29:56 123 76
19:29:57 123 76
19:29:58 123 76
19:29:59 123 77
19:30:00 122 78
19:30:01 123 78
19:30:02 123 78
19:30:03 123 78
19:30:04 123 78
19:30:05 123 79
19:30:06 123 80
19:30:07 123 80
19:30:08 123 80
19:30:09 122 82
19:30:10 123 82
19:30:11 123 83
19:30:12 123 84
19:30:13 123 84
19:30:14 123 85
19:30:15 123 85
19:30:16 123 86
19:30:17 122 88
19:30:18 122 88
19:30:19 123 88
19:30:20 123 89
19:30:21 123 89
19:30:22 123 90
19:30:23 123 90
19:30:24 123 91
19:30:25 123 92
19:30:26 122 93
19:30:27 123 94
19:30:28 123 94
19:30:29 123 94
19:30:30 123 94
19:30:31 123 94
19:30:32 123 95
19:30:33 123 95
19:30:34 123 95
19:30:35 122 96
19:30:36 123 96
19:30:37 123 96
19:30:38 123 97
19:30:39 123 97
19:30:40 123 97
19:30:41 123 97
19:30:42 123 97
19:30:43 122 99
19:30:44 123 98
19:30:45 123 99
19:30:46 123 99
19:30:47 123 99
19:30:48 123 99
19:30:49 123 100
19:30:50 123 100
19:30:51 123 101
19:30:52 122 102
19:30:53 123 102
19:30:54 123 103
19:30:55 123 104
19:30:56 123 104
19:30:57 123 105
19:30:59 123 105
19:31:00 123 106
19:31:01 122 107
19:31:02 123 108
19:31:03 123 108
19:31:04 123 108
19:31:05 123 108
19:31:06 123 109
19:31:07 123 109
19:31:08 123 109
19:31:09 123 109
19:31:10 122 110
19:31:11 123 110
19:31:12 123 110
19:31:13 123 111
19:31:14 123 111
19:31:15 123 111
19:31:16 123 111
19:31:17 123 110
19:31:18 122 108
19:31:19 123 105
19:31:20 123 103
19:31:21 123 101
19:31:22 123 98
19:31:23 123 96
19:31:24 123 93
19:31:25 123 91
19:31:26 123 89
19:31:27 122 87
19:31:28 123 84
19:31:29 123 82
19:31:30 123 79
19:31:31 123 77
19:31:32 123 75
19:31:33 123 72
19:31:34 123 70
19:31:35 122 68
19:31:36 122 66
19:31:37 123 63
19:31:38 123 61
19:31:39 123 58
19:31:40 123 56
19:31:41 123 54
19:31:42 123 51
19:31:43 123 49
19:31:44 122 47
19:31:45 123 45
19:31:46 123 42
19:31:47 123 40
19:31:48 123 37
19:31:49 123 34
19:31:50 123 31
19:31:51 123 28
19:31:52 122 26
19:31:53 123 23
19:31:54 123 20
19:31:55 123 17
19:31:56 123 14
19:31:57 123 11
19:31:58 122 9
19:31:59 122 6
19:32:00 123 3
19:32:01 123 0
19:32:02 104 0
19:32:03 73 0
19:32:04 34 0
19:32:05 0 0
19:32:06 0 0
19:32:07 0 0
19:32:08 0 0
19:32:09 0 0
19:32:10 0 0
19:32:11 0 0
19:32:12 0 0
19:32:13 0 0
19:32:14 0 0
19:32:15 0 0
19:32:16 0 0
19:32:17 0 0
19:32:18 0 0
19:32:19 0 0
19:32:20 0 0
19:32:21 0 0
19:32:22 0 0
19:32:23 0 0
19:32:24 0 0
19:32:25 0 0
19:32:26 0 0
19:32:27 0 0
19:32:28 0 0
19:32:29 0 0
19:32:30 0 0
19:32:31 0 0
19:32:32 0 0
19:32:33 0 0
19:32:34 0 0
19:32:35 0 0
19:32:36 0 0
19:32:37 0 0
19:32:38 0 0
19:32:39 0 0
19:32:40 0 0
19:32:41 0 0
19:32:42 0 0
19:32:43 0 0
19:32:44 0 0
19:32:45 0 0
19:32:46 0 0
19:32:47 0 0
19:32:48 0 0
19:32:49 0 0
