time     running waiting
16:47:46 0 0
16:47:47 0 0
16:47:48 0 0
16:47:49 0 0
16:47:50 0 0
16:47:51 0 0
16:47:52 0 0
16:47:53 0 0
16:47:54 0 0
16:47:55 0 0
16:47:56 0 0
16:47:57 0 0
16:47:58 0 0
16:47:59 0 0
16:48:00 0 0
16:48:01 0 0
16:48:02 0 0
16:48:03 0 0
16:48:04 0 0
16:48:05 0 0
16:48:06 0 0
16:48:07 0 0
16:48:08 0 0
16:48:09 0 0
16:48:10 0 0
16:48:11 0 0
16:48:12 0 0
16:48:13 0 0
16:48:14 0 0
16:48:15 0 0
16:48:16 0 0
16:48:17 0 0
16:48:18 0 0
16:48:19 0 0
16:48:20 0 0
16:48:21 0 0
16:48:22 0 0
16:48:23 0 0
16:48:24 0 0
16:48:25 0 0
16:48:26 0 0
16:48:27 0 0
16:48:28 0 0
16:48:29 0 0
16:48:30 0 0
16:48:31 0 0
16:48:32 0 0
16:48:33 0 0
16:48:34 0 0
16:48:35 0 0
16:48:36 0 0
16:48:37 0 0
16:48:38 0 0
16:48:39 0 0
16:48:40 0 0
16:48:41 0 0
16:48:42 0 0
16:48:43 0 0
16:48:44 0 0
16:48:45 0 0
16:48:46 0 0
16:48:47 0 0
16:48:48 0 0
16:48:49 0 0
16:48:50 0 0
16:48:51 0 0
16:48:52 0 0
16:48:53 0 0
16:48:54 0 0
16:48:55 0 0
16:48:56 0 0
16:48:57 0 0
16:48:58 0 0
16:48:59 0 0
16:49:00 0 0
16:49:01 0 0
16:49:02 0 0
16:49:03 0 0
16:49:04 0 0
16:49:05 0 0
16:49:06 0 0
16:49:07 0 0
16:49:08 0 0
16:49:09 0 0
16:49:10 0 0
16:49:11 0 0
16:49:12 0 0
16:49:13 0 0
16:49:14 0 0
16:49:15 0 0
16:49:16 0 0
16:49:17 0 0
16:49:18 0 0
16:49:19 1 0
16:49:20 1 0
16:49:21 0 0
16:49:22 1 0
16:49:23 1 0
16:49:24 1 0
16:49:25 1 0
16:49:26 1 0
16:49:27 0 0
16:49:28 1 0
16:49:29 2 0
16:49:30 3 0
16:49:31 4 0
16:49:32 4 1
16:49:33 5 0
16:49:35 6 2
16:49:36 7 1
16:49:37 8 0
16:49:38 6 0
16:49:39 1 1
16:49:40 3 1
16:49:41 4 0
16:49:42 5 3
16:49:43 5 2
16:49:44 6 1
16:49:45 7 0
16:49:46 8 0
16:49:47 6 0
16:49:48 6 0
16:49:49 7 1
16:49:50 8 0
16:49:51 5 0
16:49:52 4 0
16:49:53 5 1
16:49:54 6 0
16:49:55 6 1
16:49:56 7 0
16:49:57 7 0
16:49:58 8 0
16:49:59 5 0
16:50:00 6 0
16:50:01 5 1
16:50:02 7 1
16:50:03 8 0
16:50:04 6 0
16:50:05 5 0
16:50:06 6 1
16:50:07 7 1
16:50:08 8 0
16:50:09 6 0
16:50:10 6 0
16:50:11 7 1
16:50:12 7 0
16:50:13 8 0
16:50:14 7 0
16:50:15 4 0
16:50:16 5 1
16:50:17 6 1
16:50:18 7 1
16:50:19 7 0
16:50:20 8 0
16:50:21 4 0
16:50:22 3 0
16:50:23 3 1
16:50:24 4 0
16:50:25 5 3
16:50:26 6 2
16:50:27 7 1
16:50:28 7 0
16:50:29 2 0
16:50:30 3 0
16:50:31 5 0
16:50:32 6 2
16:50:33 7 1
16:50:34 8 0
16:50:35 6 0
16:50:36 3 0
16:50:37 4 1
16:50:38 5 0
16:50:39 6 2
16:50:40 7 1
16:50:41 7 0
16:50:42 8 0
16:50:43 4 0
16:50:44 5 0
16:50:45 5 1
16:50:46 6 2
16:50:47 7 0
16:50:48 8 0
16:50:49 6 0
16:50:50 3 0
16:50:51 4 1
16:50:52 5 0
16:50:53 6 2
16:50:54 7 1
16:50:55 8 0
16:50:56 6 0
16:50:57 6 0
16:50:58 7 1
16:50:59 8 0
16:51:00 5 0
16:51:01 4 0
16:51:02 4 2
16:51:03 5 1
16:51:04 6 2
16:51:05 7 1
16:51:06 8 0
16:51:07 5 0
16:51:08 6 0
16:51:09 6 1
16:51:10 7 1
16:51:11 7 0
16:51:12 4 0
16:51:13 4 0
16:51:14 4 1
16:51:15 6 2
16:51:16 6 1
16:51:17 7 0
16:51:18 8 0
16:51:19 7 0
16:51:20 6 0
16:51:21 6 1
16:51:22 7 0
16:51:23 8 0
16:51:24 7 0
16:51:25 3 0
16:51:26 4 2
16:51:27 5 0
16:51:28 6 1
16:51:29 7 1
16:51:30 8 0
16:51:31 6 0
16:51:32 2 0
16:51:33 3 1
16:51:34 4 1
16:51:35 5 3
16:51:36 6 2
16:51:37 7 1
16:51:38 8 0
16:51:39 8 0
16:51:40 4 0
16:51:41 4 0
16:51:42 5 1
16:51:43 6 2
16:51:44 8 0
16:51:45 8 0
16:51:46 3 0
16:51:47 4 0
16:51:48 5 1
16:51:49 6 1
16:51:50 7 1
16:51:51 8 0
16:51:52 4 0
16:51:53 2 0
16:51:54 0 0
16:51:55 0 0
16:51:56 0 0
16:51:57 0 0
16:51:58 0 0
16:51:59 0 0
16:52:00 0 0
16:52:01 0 0
16:52:02 0 0
16:52:03 0 0
16:52:04 0 0
16:52:05 0 0
16:52:06 0 0
16:52:08 0 0
16:52:09 0 0
16:52:10 0 0
16:52:11 0 0
16:52:12 0 0
16:52:13 0 0
16:52:14 0 0
16:52:15 0 0
16:52:16 0 0
16:52:17 0 0
16:52:18 0 0
16:52:19 0 0
16:52:20 0 0
16:52:21 0 0
16:52:22 0 0
16:52:23 0 0
16:52:24 0 0
16:52:25 0 0
16:52:26 0 0
16:52:27 0 0
16:52:28 0 0
16:52:29 0 0
16:52:30 0 0
16:52:31 0 0
16:52:32 0 0
16:52:33 0 0
16:52:34 0 0
16:52:35 0 0
16:52:36 0 0
16:52:37 0 0
16:52:38 0 0
16:52:39 0 0
