time     running waiting
16:33:48 0 0
16:33:49 0 0
16:33:50 0 0
16:33:51 0 0
16:33:52 0 0
16:33:53 0 0
16:33:54 0 0
16:33:55 0 0
16:33:56 0 0
16:33:57 0 0
16:33:58 0 0
16:33:59 0 0
16:34:00 0 0
16:34:01 0 0
16:34:02 0 0
16:34:03 0 0
16:34:04 0 0
16:34:05 0 0
16:34:06 0 0
16:34:07 0 0
16:34:08 0 0
16:34:09 0 0
16:34:10 0 0
16:34:11 0 0
16:34:12 0 0
16:34:13 0 0
16:34:14 0 0
16:34:15 0 0
16:34:16 0 0
16:34:17 0 0
16:34:18 0 0
16:34:19 0 0
16:34:20 0 0
16:34:21 0 0
16:34:22 0 0
16:34:23 0 0
16:34:24 0 0
16:34:25 0 0
16:34:26 0 0
16:34:27 0 0
16:34:28 0 0
16:34:29 0 0
16:34:30 0 0
16:34:31 0 0
16:34:32 0 0
16:34:33 0 0
16:34:34 0 0
16:34:35 0 0
16:34:36 0 0
16:34:37 0 0
16:34:38 0 0
16:34:39 0 0
16:34:40 0 0
16:34:41 0 0
16:34:42 0 0
16:34:43 0 0
16:34:44 0 0
16:34:45 0 0
16:34:46 0 0
16:34:47 0 0
16:34:48 0 0
16:34:49 0 0
16:34:50 0 0
16:34:51 0 0
16:34:52 0 0
16:34:53 0 0
16:34:54 0 0
16:34:55 0 0
16:34:56 0 0
16:34:57 0 0
16:34:59 0 0
16:35:00 0 0
16:35:01 0 0
16:35:02 0 0
16:35:03 0 0
16:35:04 0 0
16:35:05 0 0
16:35:06 0 0
16:35:07 0 0
16:35:08 0 0
16:35:09 0 0
16:35:10 0 0
16:35:11 0 0
16:35:12 0 0
16:35:13 0 0
16:35:14 0 0
16:35:15 0 0
16:35:16 0 0
16:35:17 0 0
16:35:18 0 0
16:35:19 0 0
16:35:20 0 0
16:35:21 0 0
16:35:22 1 0
16:35:23 0 0
16:35:24 0 0
16:35:25 1 0
16:35:26 1 0
16:35:27 0 0
16:35:28 1 0
16:35:29 1 0
16:35:30 0 0
16:35:31 0 0
16:35:32 1 0
16:35:33 2 0
16:35:34 3 0
16:35:35 4 0
16:35:36 4 1
16:35:37 5 0
16:35:38 6 2
16:35:39 7 1
16:35:40 8 0
16:35:41 5 0
16:35:42 1 1
16:35:43 3 1
16:35:44 4 1
16:35:45 5 2
16:35:46 6 1
16:35:47 6 1
16:35:48 7 0
16:35:49 8 0
16:35:50 6 0
16:35:51 6 0
16:35:52 7 1
16:35:53 8 0
16:35:54 5 0
16:35:55 5 0
16:35:56 5 0
16:35:57 2 0
16:35:58 3 0
16:35:59 1 0
16:36:00 0 0
16:36:01 1 0
16:36:02 2 0
16:36:03 2 0
16:36:04 3 0
16:36:05 4 1
16:36:06 5 0
16:36:07 5 0
16:36:08 6 1
16:36:09 7 0
16:36:10 7 0
16:36:11 8 0
16:36:12 5 0
16:36:13 6 0
16:36:14 6 0
16:36:15 7 0
16:36:16 7 0
16:36:17 6 0
16:36:18 7 0
16:36:19 8 0
16:36:20 6 0
16:36:21 4 0
16:36:22 5 0
16:36:23 6 0
16:36:24 7 0
16:36:25 8 0
16:36:26 3 0
16:36:27 2 0
16:36:28 1 0
16:36:29 2 0
16:36:30 3 1
16:36:31 3 0
16:36:32 1 0
16:36:33 2 0
16:36:34 1 0
16:36:35 0 1
16:36:36 2 0
16:36:37 3 0
16:36:38 3 0
16:36:39 4 1
16:36:40 4 2
16:36:41 5 1
16:36:42 6 0
16:36:43 6 1
16:36:44 7 0
16:36:45 8 0
16:36:46 4 0
16:36:47 3 0
16:36:48 3 0
16:36:49 4 1
16:36:50 5 0
16:36:51 5 2
16:36:52 6 1
16:36:53 7 0
16:36:54 8 0
16:36:55 5 0
16:36:56 3 0
16:36:57 4 2
16:36:58 5 1
16:36:59 5 2
16:37:00 6 1
16:37:01 6 0
16:37:02 7 1
16:37:03 8 0
16:37:04 5 0
16:37:05 6 0
16:37:06 7 1
16:37:07 8 0
16:37:08 3 0
16:37:09 2 0
16:37:10 2 1
16:37:11 3 0
16:37:12 4 4
16:37:13 6 2
16:37:14 7 1
16:37:15 8 0
16:37:16 8 0
16:37:17 6 0
16:37:18 7 0
16:37:19 5 0
16:37:20 6 2
16:37:21 8 0
16:37:22 5 0
16:37:23 2 1
16:37:24 4 1
16:37:25 5 1
16:37:26 6 1
16:37:27 7 0
16:37:28 7 0
16:37:29 7 0
16:37:30 8 0
16:37:32 7 0
16:37:33 8 0
16:37:34 7 0
16:37:35 3 0
16:37:36 2 1
16:37:37 3 0
16:37:38 4 4
16:37:39 5 3
16:37:40 6 2
16:37:41 7 1
16:37:42 8 0
16:37:43 3 0
16:37:44 4 0
16:37:45 5 1
16:37:46 6 2
16:37:47 7 1
16:37:48 7 0
16:37:49 7 0
16:37:50 8 0
16:37:51 7 0
16:37:52 5 0
16:37:53 6 1
16:37:54 7 0
16:37:55 8 0
16:37:56 5 0
16:37:57 4 0
16:37:58 5 0
16:37:59 6 0
16:38:00 7 0
16:38:01 7 0
16:38:02 3 0
16:38:03 0 0
16:38:04 0 0
16:38:05 0 0
16:38:06 0 0
16:38:07 0 0
16:38:08 0 0
16:38:09 0 0
16:38:10 0 0
16:38:11 0 0
16:38:12 0 0
16:38:13 0 0
16:38:14 0 0
16:38:15 0 0
16:38:16 0 0
16:38:17 0 0
16:38:18 0 0
16:38:19 0 0
16:38:20 0 0
16:38:21 0 0
16:38:22 0 0
16:38:23 0 0
16:38:24 0 0
16:38:25 0 0
16:38:26 0 0
16:38:27 0 0
16:38:28 0 0
16:38:29 0 0
16:38:30 0 0
16:38:31 0 0
16:38:32 0 0
16:38:33 0 0
16:38:34 0 0
16:38:35 0 0
16:38:36 0 0
16:38:37 0 0
16:38:38 0 0
16:38:39 ERROR Remote end closed connection without response
16:38:40 ERROR <urlopen error [Errno 61] Connection refused>
16:38:41 ERROR <urlopen error [Errno 61] Connection refused>
16:38:42 ERROR <urlopen error [Errno 61] Connection refused>
16:38:43 ERROR <urlopen error [Errno 61] Connection refused>
16:38:44 ERROR <urlopen error [Errno 61] Connection refused>
16:38:45 ERROR <urlopen error [Errno 61] Connection refused>
16:38:46 ERROR <urlopen error [Errno 61] Connection refused>
16:38:47 ERROR <urlopen error [Errno 61] Connection refused>
16:38:48 ERROR <urlopen error [Errno 61] Connection refused>
16:38:49 ERROR <urlopen error [Errno 61] Connection refused>
16:38:50 ERROR <urlopen error [Errno 61] Connection refused>
16:38:51 ERROR <urlopen error [Errno 61] Connection refused>
16:38:52 ERROR <urlopen error [Errno 61] Connection refused>
16:38:53 ERROR <urlopen error [Errno 61] Connection refused>
16:38:54 ERROR <urlopen error [Errno 61] Connection refused>
16:38:55 ERROR <urlopen error [Errno 61] Connection refused>
16:38:56 ERROR <urlopen error [Errno 61] Connection refused>
16:38:57 ERROR <urlopen error [Errno 61] Connection refused>
16:38:58 ERROR <urlopen error [Errno 61] Connection refused>
16:38:59 ERROR <urlopen error [Errno 61] Connection refused>
16:39:00 ERROR <urlopen error [Errno 61] Connection refused>
16:39:01 ERROR <urlopen error [Errno 61] Connection refused>
