time     running waiting
18:52:41 0 0
18:52:42 0 0
18:52:43 0 0
18:52:44 0 0
18:52:45 0 0
18:52:46 0 0
18:52:47 0 0
18:52:48 0 0
18:52:49 0 0
18:52:50 0 0
18:52:51 0 0
18:52:52 0 0
18:52:53 0 0
18:52:54 0 0
18:52:55 0 0
18:52:56 0 0
18:52:57 0 0
18:52:58 0 0
18:52:59 0 0
18:53:00 0 0
18:53:01 0 0
18:53:02 0 0
18:53:03 0 0
18:53:04 0 0
18:53:05 0 0
18:53:06 0 0
18:53:07 0 0
18:53:08 0 0
18:53:09 0 0
18:53:10 0 0
18:53:11 0 0
18:53:12 0 0
18:53:13 0 0
18:53:14 0 0
18:53:15 0 0
18:53:16 0 0
18:53:17 0 0
18:53:18 0 0
18:53:19 0 0
18:53:20 0 0
18:53:21 0 0
18:53:22 0 0
18:53:23 0 0
18:53:24 0 0
18:53:25 0 0
18:53:26 0 0
18:53:27 0 0
18:53:28 0 0
18:53:29 0 0
18:53:30 0 0
18:53:31 0 0
18:53:32 0 0
18:53:33 0 0
18:53:34 0 0
18:53:35 0 0
18:53:36 0 0
18:53:37 0 0
18:53:38 0 0
18:53:39 0 0
18:53:40 0 0
18:53:41 0 0
18:53:42 0 0
18:53:43 0 0
18:53:44 0 0
18:53:45 0 0
18:53:46 0 0
18:53:47 0 0
18:53:48 0 0
18:53:49 0 0
18:53:50 0 0
18:53:51 0 0
18:53:52 0 0
18:53:53 0 0
18:53:54 0 0
18:53:55 0 0
18:53:56 0 0
18:53:57 0 0
18:53:58 0 0
18:53:59 0 0
18:54:00 0 0
18:54:01 0 0
18:54:02 0 0
18:54:03 0 0
18:54:04 0 0
18:54:05 0 0
18:54:06 0 0
18:54:07 0 0
18:54:08 0 0
18:54:09 0 0
18:54:10 0 0
18:54:11 0 0
18:54:12 0 0
18:54:13 0 0
18:54:14 0 0
18:54:15 0 0
18:54:16 0 0
18:54:17 0 0
18:54:18 0 0
18:54:19 0 0
18:54:20 0 0
18:54:21 0 0
18:54:22 0 0
18:54:23 0 0
18:54:24 0 0
18:54:25 0 0
18:54:26 0 0
18:54:27 0 0
18:54:28 0 0
18:54:29 0 0
18:54:30 0 0
18:54:31 0 0
18:54:32 0 0
18:54:33 0 0
18:54:34 0 0
18:54:35 0 0
18:54:36 0 0
18:54:37 0 0
18:54:38 0 0
18:54:39 0 0
18:54:40 0 0
18:54:41 0 0
18:54:42 0 0
18:54:43 0 0
18:54:44 0 0
18:54:45 0 0
18:54:46 0 0
18:54:47 0 0
18:54:48 0 0
18:54:49 0 0
18:54:50 0 0
18:54:51 0 0
18:54:52 0 0
18:54:54 0 0
18:54:55 0 0
18:54:56 0 0
18:54:57 0 0
18:54:58 0 0
18:54:59 0 0
18:55:00 0 0
18:55:01 0 0
18:55:02 0 0
18:55:03 0 0
18:55:04 0 0
18:55:05 0 0
18:55:06 0 0
18:55:07 0 0
18:55:08 0 0
18:55:09 0 0
18:55:10 0 0
18:55:11 0 0
18:55:12 0 0
18:55:13 0 0
18:55:14 0 0
18:55:15 0 0
18:55:16 0 0
18:55:17 0 0
18:55:18 0 0
18:55:19 0 0
18:55:20 0 0
18:55:21 0 0
18:55:22 0 0
18:55:23 0 0
18:55:24 0 0
18:55:25 0 0
18:55:26 0 0
18:55:27 0 0
18:55:28 0 0
18:55:29 0 0
18:55:30 0 0
18:55:31 0 0
18:55:32 0 0
18:55:33 0 0
18:55:34 0 0
18:55:35 0 0
18:55:36 0 0
18:55:37 0 0
18:55:38 0 0
18:55:39 0 0
18:55:40 0 0
18:55:41 0 0
18:55:42 0 0
18:55:43 0 0
18:55:44 0 0
18:55:45 0 0
18:55:46 0 0
18:55:47 0 0
18:55:48 0 0
18:55:49 0 0
18:55:50 0 0
18:55:51 0 0
18:55:52 0 0
18:55:53 0 0
18:55:54 0 0
18:55:55 0 0
18:55:56 0 0
18:55:57 0 0
18:55:58 0 0
18:55:59 0 0
18:56:00 0 0
18:56:01 0 0
18:56:02 0 0
18:56:03 0 0
18:56:04 0 0
18:56:05 0 0
18:56:06 0 0
18:56:07 0 0
18:56:08 0 0
18:56:09 0 0
18:56:10 0 0
18:56:11 0 0
18:56:12 0 0
18:56:13 0 0
18:56:14 0 0
18:56:15 0 0
18:56:16 0 0
18:56:17 0 0
18:56:18 0 0
18:56:19 0 0
18:56:20 0 0
18:56:21 0 0
18:56:22 0 0
18:56:23 0 0
18:56:24 0 0
18:56:25 0 0
18:56:26 0 0
18:56:27 0 0
18:56:28 0 0
18:56:29 0 0
18:56:30 0 0
18:56:31 0 0
18:56:32 0 0
18:56:33 0 0
18:56:34 0 0
18:56:35 0 0
18:56:36 0 0
18:56:37 0 0
18:56:38 0 0
18:56:39 0 0
18:56:40 0 0
18:56:41 0 0
18:56:42 0 0
18:56:43 0 0
18:56:44 0 0
18:56:45 0 0
18:56:46 0 0
18:56:47 0 0
18:56:48 0 0
18:56:49 0 0
18:56:50 0 0
18:56:51 0 0
18:56:52 0 0
18:56:53 0 0
18:56:54 0 0
18:56:55 0 0
18:56:56 0 0
18:56:57 0 0
18:56:58 0 0
18:56:59 0 0
18:57:00 0 0
18:57:01 0 0
18:57:02 0 0
18:57:03 0 0
18:57:04 0 0
18:57:05 0 0
18:57:06 0 0
18:57:07 0 0
18:57:08 0 0
18:57:09 0 0
18:57:10 0 0
18:57:11 0 0
18:57:12 0 0
18:57:13 0 0
18:57:14 0 0
18:57:15 0 0
18:57:16 0 0
18:57:17 0 0
18:57:18 0 0
18:57:20 0 0
18:57:21 0 0
18:57:22 0 0
18:57:23 0 0
18:57:24 0 0
18:57:25 0 0
18:57:26 0 0
18:57:27 0 0
18:57:28 0 0
18:57:29 0 0
18:57:30 0 0
18:57:31 0 0
18:57:32 0 0
18:57:33 0 0
18:57:34 0 0
18:57:35 0 0
18:57:36 0 0
18:57:37 0 0
18:57:38 0 0
18:57:39 0 0
18:57:40 0 0
18:57:41 0 0
18:57:42 0 0
18:57:43 0 0
18:57:44 0 0
18:57:45 0 0
18:57:46 0 0
18:57:47 0 0
18:57:48 0 0
18:57:49 0 0
18:57:50 0 0
18:57:51 0 0
18:57:52 0 0
18:57:53 0 0
18:57:54 0 0
18:57:55 0 0
18:57:56 0 0
18:57:57 0 0
18:57:58 0 0
18:57:59 0 0
18:58:00 0 0
18:58:01 0 0
18:58:02 0 0
18:58:03 0 0
18:58:04 0 0
18:58:05 0 0
18:58:06 0 0
18:58:07 0 0
18:58:08 0 0
18:58:09 0 0
18:58:10 0 0
18:58:11 0 0
18:58:12 0 0
18:58:13 0 0
18:58:14 0 0
18:58:15 0 0
18:58:16 0 0
18:58:17 0 0
18:58:18 0 0
18:58:19 0 0
18:58:20 0 0
18:58:21 0 0
18:58:22 0 0
18:58:23 0 0
18:58:24 0 0
18:58:25 0 0
18:58:26 0 0
18:58:27 0 0
18:58:28 0 0
18:58:29 0 0
18:58:30 0 0
18:58:31 0 0
18:58:32 0 0
18:58:33 0 0
18:58:34 0 0
18:58:35 0 0
18:58:36 0 0
18:58:37 0 0
18:58:38 0 0
18:58:39 0 0
18:58:40 0 0
18:58:41 0 0
18:58:42 0 0
18:58:43 0 0
18:58:44 0 0
18:58:45 0 0
18:58:46 0 0
18:58:47 0 0
18:58:48 0 0
18:58:49 0 0
18:58:50 0 0
18:58:51 0 0
18:58:52 0 0
18:58:53 0 0
18:58:54 0 0
18:58:55 0 0
18:58:56 0 0
18:58:57 0 0
18:58:58 0 0
18:58:59 0 0
18:59:00 0 0
18:59:01 0 0
18:59:02 0 0
18:59:03 0 0
18:59:04 0 0
18:59:05 0 0
18:59:06 0 0
18:59:07 0 0
18:59:08 0 0
18:59:09 0 0
18:59:10 0 0
18:59:11 0 0
18:59:12 0 0
18:59:13 0 0
18:59:14 0 0
18:59:15 0 0
18:59:16 0 0
18:59:17 0 0
18:59:18 0 0
18:59:19 0 0
18:59:20 0 0
18:59:21 0 0
18:59:22 0 0
18:59:23 0 0
18:59:24 0 0
18:59:25 0 0
18:59:26 0 0
18:59:27 0 0
18:59:28 0 0
18:59:29 0 0
18:59:30 0 0
18:59:31 0 0
18:59:32 0 0
18:59:33 0 0
18:59:34 0 0
18:59:35 0 0
18:59:36 0 0
18:59:37 0 0
18:59:38 0 0
18:59:39 0 0
18:59:40 0 0
18:59:41 0 0
18:59:42 0 0
18:59:44 0 0
18:59:45 0 0
18:59:46 0 0
18:59:47 0 0
18:59:48 0 0
18:59:49 0 0
18:59:50 0 0
18:59:51 0 0
18:59:52 0 0
18:59:53 0 0
18:59:54 0 0
18:59:55 0 0
18:59:56 0 0
18:59:57 0 0
18:59:58 0 0
18:59:59 0 0
19:00:00 0 0
19:00:01 0 0
19:00:02 0 0
19:00:03 0 0
19:00:04 0 0
19:00:05 0 0
19:00:06 0 0
19:00:07 0 0
19:00:08 0 0
19:00:09 0 0
19:00:10 0 0
19:00:11 0 0
19:00:12 0 0
19:00:13 0 0
19:00:14 0 0
19:00:15 0 0
19:00:16 0 0
19:00:17 0 0
19:00:18 0 0
19:00:19 0 0
19:00:20 0 0
19:00:21 0 0
19:00:22 0 0
19:00:23 0 0
19:00:24 0 0
19:00:25 0 0
19:00:26 0 0
19:00:27 0 0
19:00:28 0 0
19:00:29 0 0
19:00:30 0 0
19:00:31 0 0
19:00:32 0 0
19:00:33 0 0
19:00:34 0 0
19:00:35 0 0
19:00:36 0 0
19:00:37 0 0
19:00:38 0 0
19:00:39 0 0
19:00:40 0 0
19:00:41 0 0
19:00:42 0 0
19:00:43 0 0
19:00:44 0 0
19:00:45 0 0
19:00:46 0 0
19:00:47 0 0
19:00:48 0 0
19:00:49 0 0
19:00:50 0 0
19:00:51 0 0
19:00:52 0 0
19:00:53 0 0
19:00:54 0 0
19:00:55 0 0
19:00:56 0 0
19:00:57 0 0
19:00:58 0 0
19:00:59 0 0
19:01:00 0 0
19:01:01 0 0
19:01:02 1 0
19:01:03 3 0
19:01:04 5 0
19:01:05 7 0
19:01:06 9 1
19:01:07 11 0
19:01:08 14 0
19:01:09 16 0
19:01:10 19 0
19:01:11 21 0
19:01:12 24 0
19:01:13 26 0
19:01:14 29 0
19:01:15 31 0
19:01:16 34 0
19:01:17 36 0
19:01:18 38 0
19:01:19 41 0
19:01:20 43 0
19:01:21 45 0
19:01:22 47 0
19:01:23 50 0
19:01:24 50 0
19:01:25 53 1
19:01:26 55 1
19:01:27 58 1
19:01:28 60 1
19:01:29 63 1
19:01:30 65 1
19:01:31 67 1
19:01:32 69 1
19:01:33 72 1
19:01:34 74 1
19:01:35 76 1
19:01:36 79 1
19:01:37 81 1
19:01:38 84 1
19:01:39 86 1
19:01:40 89 1
19:01:41 91 1
19:01:42 93 1
19:01:43 95 2
19:01:44 97 3
19:01:45 100 3
19:01:46 102 3
19:01:47 104 3
19:01:48 107 3
19:01:49 109 3
19:01:50 112 3
19:01:51 114 3
19:01:52 117 3
19:01:53 118 4
19:01:54 119 4
19:01:55 120 4
19:01:56 121 4
19:01:57 122 5
19:01:58 123 5
19:01:59 123 5
19:02:00 123 5
19:02:01 123 5
19:02:02 123 5
19:02:03 123 6
19:02:04 123 6
19:02:05 123 6
19:02:06 123 6
19:02:07 123 6
19:02:08 123 6
19:02:09 123 6
19:02:11 124 6
19:02:12 124 6
19:02:13 123 7
19:02:14 124 7
19:02:15 124 7
19:02:16 125 7
19:02:17 125 7
19:02:18 126 7
19:02:19 126 7
19:02:20 126 7
19:02:21 126 7
19:02:22 126 7
19:02:23 126 7
19:02:24 126 7
19:02:25 126 7
19:02:26 126 7
19:02:27 125 8
19:02:28 125 8
19:02:29 125 8
19:02:30 125 7
19:02:31 125 8
19:02:32 125 8
19:02:33 125 8
19:02:34 125 8
19:02:35 125 8
19:02:36 125 8
19:02:37 126 8
19:02:38 126 8
19:02:39 126 8
19:02:40 126 9
19:02:41 126 9
19:02:42 125 10
19:02:43 125 10
19:02:44 125 10
19:02:45 125 11
19:02:46 125 11
19:02:47 125 12
19:02:48 125 12
19:02:49 125 12
19:02:50 125 13
19:02:51 125 13
19:02:52 126 14
19:02:53 126 14
19:02:54 126 15
19:02:55 126 16
19:02:56 125 17
19:02:57 125 18
19:02:58 125 18
19:02:59 125 17
19:03:00 125 17
19:03:01 125 17
19:03:02 125 17
19:03:03 125 17
19:03:04 125 18
19:03:05 125 18
19:03:06 126 19
19:03:07 126 19
19:03:08 126 19
19:03:09 126 20
19:03:10 125 21
19:03:11 125 22
19:03:12 125 22
19:03:13 125 23
19:03:14 125 23
19:03:15 125 24
19:03:16 125 24
19:03:17 125 25
19:03:18 125 25
19:03:19 125 26
19:03:20 126 26
19:03:21 126 27
19:03:22 126 27
19:03:23 126 27
19:03:24 125 29
19:03:25 125 29
19:03:26 125 30
19:03:27 125 30
19:03:28 125 31
19:03:29 125 31
19:03:30 125 32
19:03:31 125 32
19:03:32 125 33
19:03:33 125 33
19:03:34 125 34
19:03:35 126 34
19:03:36 126 34
19:03:37 126 35
19:03:38 126 35
19:03:39 125 37
19:03:40 125 37
19:03:41 125 38
19:03:42 125 38
19:03:43 125 39
19:03:44 125 39
19:03:45 125 40
19:03:46 125 40
19:03:47 125 41
19:03:48 125 41
19:03:49 126 42
19:03:50 126 42
19:03:51 126 42
19:03:52 126 43
19:03:53 125 44
19:03:54 125 45
19:03:55 125 45
19:03:56 125 46
19:03:57 125 47
19:03:58 125 47
19:03:59 125 48
19:04:00 125 48
19:04:01 125 49
19:04:02 125 49
19:04:03 126 49
19:04:04 126 50
19:04:05 126 50
19:04:06 126 50
19:04:07 125 51
19:04:08 125 51
19:04:09 125 51
19:04:10 125 51
19:04:11 125 51
19:04:12 125 51
19:04:13 125 51
19:04:14 125 51
19:04:15 125 51
19:04:16 125 52
19:04:17 126 52
19:04:18 126 52
19:04:19 126 52
19:04:20 126 52
19:04:21 125 54
19:04:22 125 54
19:04:23 125 54
19:04:24 125 55
19:04:25 125 55
19:04:26 125 55
19:04:27 125 56
19:04:28 125 56
19:04:29 125 56
19:04:30 125 57
19:04:31 125 57
19:04:32 126 58
19:04:33 126 58
19:04:34 126 58
19:04:35 126 59
19:04:37 125 60
19:04:38 125 60
19:04:39 125 61
19:04:40 125 61
19:04:41 125 62
19:04:42 125 62
19:04:43 125 62
19:04:44 125 63
19:04:45 125 63
19:04:46 125 63
19:04:47 126 64
19:04:48 126 64
19:04:49 126 65
19:04:50 126 65
19:04:51 125 66
19:04:52 125 66
19:04:53 125 67
19:04:54 125 67
19:04:55 125 67
19:04:56 125 67
19:04:57 125 67
19:04:58 125 67
19:04:59 125 67
19:05:00 125 67
19:05:01 126 67
19:05:02 126 68
19:05:03 126 68
19:05:04 126 68
19:05:05 125 69
19:05:06 125 69
19:05:07 125 69
19:05:08 125 69
19:05:09 125 69
19:05:10 125 69
19:05:11 125 69
19:05:12 125 69
19:05:13 125 69
19:05:14 125 69
19:05:15 125 69
19:05:16 126 69
19:05:17 126 69
19:05:18 126 69
19:05:19 125 70
19:05:20 125 70
19:05:21 125 70
19:05:22 125 70
19:05:23 125 70
19:05:24 125 70
19:05:25 125 70
19:05:26 125 70
19:05:27 125 70
19:05:28 125 70
19:05:29 125 70
19:05:30 126 70
19:05:31 126 70
19:05:32 126 70
19:05:33 125 71
19:05:34 125 71
19:05:35 125 71
19:05:36 125 71
19:05:37 125 71
19:05:38 125 71
19:05:39 125 71
19:05:40 125 71
19:05:41 125 71
19:05:42 125 71
19:05:43 125 71
19:05:44 126 71
19:05:45 126 71
19:05:46 126 71
19:05:47 126 71
19:05:48 125 72
19:05:49 125 72
19:05:50 125 72
19:05:51 125 72
19:05:52 125 72
19:05:53 125 72
19:05:54 125 72
19:05:55 125 72
19:05:56 125 72
19:05:57 125 72
19:05:58 126 72
19:05:59 126 72
19:06:00 126 72
19:06:01 126 72
19:06:02 125 73
19:06:03 125 73
19:06:04 125 73
19:06:05 125 73
19:06:06 125 73
19:06:07 125 73
19:06:08 125 72
19:06:09 125 72
19:06:10 125 72
19:06:11 125 72
19:06:12 125 72
19:06:13 126 72
19:06:14 126 72
19:06:15 126 72
19:06:16 125 73
19:06:17 125 73
19:06:18 125 73
19:06:19 125 73
19:06:20 125 73
19:06:21 125 73
19:06:22 125 73
19:06:23 125 73
19:06:24 125 73
19:06:25 125 72
19:06:26 125 72
19:06:27 126 70
19:06:28 126 67
19:06:29 126 65
19:06:30 125 63
19:06:31 125 61
19:06:32 125 58
19:06:33 125 56
19:06:34 125 54
19:06:35 125 51
19:06:36 125 49
19:06:37 125 46
19:06:38 125 44
19:06:39 125 42
19:06:40 125 39
19:06:41 126 37
19:06:42 126 34
19:06:43 126 32
19:06:44 126 30
19:06:45 125 28
19:06:46 125 26
19:06:47 125 23
19:06:48 125 21
19:06:49 125 19
19:06:50 125 16
19:06:51 125 14
19:06:52 125 11
19:06:53 125 9
19:06:54 125 6
19:06:55 126 4
19:06:56 126 2
19:06:57 125 0
19:06:58 103 0
19:07:00 71 0
19:07:01 32 0
19:07:02 0 0
19:07:03 0 0
19:07:04 0 0
19:07:05 0 0
19:07:06 0 0
19:07:07 0 0
19:07:08 0 0
19:07:09 0 0
19:07:10 0 0
19:07:11 0 0
19:07:12 0 0
19:07:13 0 0
19:07:14 0 0
19:07:15 0 0
19:07:16 0 0
19:07:17 0 0
19:07:18 0 0
19:07:19 0 0
19:07:20 0 0
19:07:21 0 0
19:07:22 0 0
19:07:23 0 0
19:07:24 0 0
19:07:25 0 0
19:07:26 0 0
19:07:27 0 0
19:07:28 0 0
19:07:29 0 0
19:07:30 0 0
19:07:31 0 0
19:07:32 0 0
19:07:33 0 0
19:07:34 0 0
19:07:35 0 0
19:07:36 0 0
19:07:37 0 0
19:07:38 0 0
19:07:39 0 0
19:07:40 0 0
19:07:41 0 0
19:07:42 0 0
19:07:43 0 0
19:07:44 0 0
19:07:45 0 0
19:07:46 0 0
