time     running waiting
18:30:04 0 0
18:30:05 0 0
18:30:06 0 0
18:30:07 0 0
18:30:08 0 0
18:30:09 0 0
18:30:10 0 0
18:30:11 0 0
18:30:12 0 0
18:30:13 0 0
18:30:14 0 0
18:30:15 0 0
18:30:16 0 0
18:30:17 0 0
18:30:18 0 0
18:30:19 0 0
18:30:20 0 0
18:30:21 0 0
18:30:22 0 0
18:30:23 0 0
18:30:24 0 0
18:30:25 0 0
18:30:26 0 0
18:30:27 0 0
18:30:28 0 0
18:30:29 0 0
18:30:30 0 0
18:30:31 0 0
18:30:32 0 0
18:30:33 0 0
18:30:34 0 0
18:30:35 0 0
18:30:36 0 0
18:30:37 0 0
18:30:38 0 0
18:30:39 0 0
18:30:40 0 0
18:30:41 0 0
18:30:42 0 0
18:30:43 0 0
18:30:44 0 0
18:30:45 0 0
18:30:46 0 0
18:30:47 0 0
18:30:48 0 0
18:30:49 0 0
18:30:50 0 0
18:30:51 0 0
18:30:52 0 0
18:30:53 0 0
18:30:54 0 0
18:30:55 0 0
18:30:56 0 0
18:30:57 0 0
18:30:58 0 0
18:30:59 0 0
18:31:00 0 0
18:31:01 0 0
18:31:02 0 0
18:31:03 0 0
18:31:04 0 0
18:31:05 0 0
18:31:06 0 0
18:31:07 0 0
18:31:08 0 0
18:31:09 0 0
18:31:10 0 0
18:31:11 0 0
18:31:12 0 0
18:31:13 0 0
18:31:14 0 0
18:31:15 0 0
18:31:16 0 0
18:31:17 0 0
18:31:18 0 0
18:31:19 0 0
18:31:20 0 0
18:31:21 0 0
18:31:22 0 0
18:31:23 0 0
18:31:24 0 0
18:31:25 0 0
18:31:26 0 0
18:31:27 0 0
18:31:28 0 0
18:31:29 0 0
18:31:30 0 0
18:31:31 0 0
18:31:32 0 0
18:31:33 0 0
18:31:34 0 0
18:31:35 0 0
18:31:36 0 0
18:31:37 0 0
18:31:38 0 0
18:31:39 0 0
18:31:40 0 0
18:31:41 0 0
18:31:42 0 0
18:31:43 0 0
18:31:44 0 0
18:31:45 0 0
18:31:46 0 0
18:31:47 0 0
18:31:48 0 0
18:31:49 0 0
18:31:50 0 0
18:31:51 0 0
18:31:52 0 0
18:31:53 0 0
18:31:54 0 0
18:31:55 0 0
18:31:56 0 0
18:31:57 0 0
18:31:58 0 0
18:31:59 0 0
18:32:00 0 0
18:32:01 0 0
18:32:02 0 0
18:32:03 0 0
18:32:04 0 0
18:32:05 0 0
18:32:06 0 0
18:32:07 0 0
18:32:08 0 0
18:32:09 0 0
18:32:10 0 0
18:32:11 0 0
18:32:12 0 0
18:32:13 0 0
18:32:14 0 0
18:32:15 0 0
18:32:16 0 0
18:32:17 0 0
18:32:18 0 0
18:32:19 0 0
18:32:20 0 0
18:32:21 0 0
18:32:22 0 0
18:32:23 0 0
18:32:24 0 0
18:32:25 0 0
18:32:27 0 0
18:32:28 0 0
18:32:29 0 0
18:32:30 0 0
18:32:31 0 0
18:32:32 0 0
18:32:33 0 0
18:32:34 0 0
18:32:35 0 0
18:32:36 0 0
18:32:37 0 0
18:32:38 0 0
18:32:39 0 0
18:32:40 0 0
18:32:41 0 0
18:32:42 0 0
18:32:43 0 0
18:32:44 0 0
18:32:45 0 0
18:32:46 0 0
18:32:47 0 0
18:32:48 0 0
18:32:49 0 0
18:32:50 0 0
18:32:51 0 0
18:32:52 0 0
18:32:53 0 0
18:32:54 0 0
18:32:55 0 0
18:32:56 0 0
18:32:57 0 0
18:32:58 0 0
18:32:59 0 0
18:33:00 0 0
18:33:01 0 0
18:33:02 0 0
18:33:03 0 0
18:33:04 0 0
18:33:05 0 0
18:33:06 0 0
18:33:07 0 0
18:33:08 0 0
18:33:09 0 0
18:33:10 0 0
18:33:11 0 0
18:33:12 0 0
18:33:13 0 0
18:33:14 0 0
18:33:15 0 0
18:33:16 0 0
18:33:17 0 0
18:33:18 0 0
18:33:19 0 0
18:33:20 0 0
18:33:21 0 0
18:33:22 0 0
18:33:23 0 0
18:33:24 0 0
18:33:25 0 0
18:33:26 0 0
18:33:27 0 0
18:33:28 0 0
18:33:29 0 0
18:33:30 0 0
18:33:31 0 0
18:33:32 0 0
18:33:33 0 0
18:33:34 0 0
18:33:35 0 0
18:33:36 0 0
18:33:37 0 0
18:33:38 0 0
18:33:39 0 0
18:33:40 0 0
18:33:41 0 0
18:33:42 0 0
18:33:43 0 0
18:33:44 0 0
18:33:45 0 0
18:33:46 0 0
18:33:47 0 0
18:33:48 0 0
18:33:49 0 0
18:33:50 0 0
18:33:51 0 0
18:33:52 0 0
18:33:53 0 0
18:33:54 0 0
18:33:55 0 0
18:33:56 0 0
18:33:57 0 0
18:33:58 0 0
18:33:59 0 0
18:34:00 0 0
18:34:01 0 0
18:34:02 0 0
18:34:03 0 0
18:34:04 0 0
18:34:05 0 0
18:34:06 0 0
18:34:07 0 0
18:34:08 0 0
18:34:09 0 0
18:34:10 0 0
18:34:11 0 0
18:34:12 0 0
18:34:13 0 0
18:34:14 0 0
18:34:15 0 0
18:34:16 0 0
18:34:17 0 0
18:34:18 0 0
18:34:19 0 0
18:34:20 0 0
18:34:21 0 0
18:34:22 0 0
18:34:23 0 0
18:34:24 0 0
18:34:25 0 0
18:34:26 0 0
18:34:27 0 0
18:34:28 0 0
18:34:29 0 0
18:34:30 0 0
18:34:31 0 0
18:34:32 0 0
18:34:33 0 0
18:34:34 0 0
18:34:35 0 0
18:34:36 0 0
18:34:37 0 0
18:34:38 0 0
18:34:39 0 0
18:34:40 0 0
18:34:41 0 0
18:34:42 0 0
18:34:43 0 0
18:34:44 0 0
18:34:45 0 0
18:34:46 0 0
18:34:47 0 0
18:34:48 0 0
18:34:49 0 0
18:34:50 0 0
18:34:51 0 0
18:34:52 0 0
18:34:53 0 0
18:34:54 0 0
18:34:55 0 0
18:34:56 0 0
18:34:57 0 0
18:34:58 0 0
18:34:59 0 0
18:35:00 0 0
18:35:01 0 0
18:35:02 0 0
18:35:03 0 0
18:35:04 0 0
18:35:05 0 0
18:35:06 0 0
18:35:07 0 0
18:35:08 0 0
18:35:09 0 0
18:35:10 0 0
18:35:11 0 0
18:35:12 0 0
18:35:13 0 0
18:35:14 0 0
18:35:15 0 0
18:35:16 0 0
18:35:17 0 0
18:35:18 0 0
18:35:19 0 0
18:35:20 0 0
18:35:21 0 0
18:35:22 0 0
18:35:23 0 0
18:35:24 0 0
18:35:25 0 0
18:35:26 0 0
18:35:27 0 0
18:35:28 0 0
18:35:29 0 0
18:35:30 0 0
18:35:31 0 0
18:35:32 0 0
18:35:33 0 0
18:35:34 0 0
18:35:35 0 0
18:35:36 0 0
18:35:37 0 0
18:35:38 0 0
18:35:39 0 0
18:35:40 0 0
18:35:41 0 0
18:35:42 0 0
18:35:43 0 0
18:35:44 0 0
18:35:45 0 0
18:35:46 0 0
18:35:47 0 0
18:35:48 0 0
18:35:49 0 0
18:35:50 0 0
18:35:51 0 0
18:35:52 0 0
18:35:53 0 0
18:35:54 0 0
18:35:55 0 0
18:35:56 0 0
18:35:57 0 0
18:35:58 0 0
18:35:59 0 0
18:36:00 0 0
18:36:01 0 0
18:36:02 0 0
18:36:03 0 0
18:36:04 0 0
18:36:05 0 0
18:36:06 0 0
18:36:07 0 0
18:36:08 0 0
18:36:09 0 0
18:36:10 0 0
18:36:11 0 0
18:36:12 0 0
18:36:13 0 0
18:36:14 0 0
18:36:15 0 0
18:36:16 0 0
18:36:17 0 0
18:36:18 0 0
18:36:19 0 0
18:36:20 0 0
18:36:21 0 0
18:36:22 0 0
18:36:23 0 0
18:36:24 0 0
18:36:25 0 0
18:36:26 0 0
18:36:27 0 0
18:36:28 0 0
18:36:29 0 0
18:36:30 0 0
18:36:31 0 0
18:36:32 0 0
18:36:33 0 0
18:36:34 0 0
18:36:35 0 0
18:36:36 0 0
18:36:37 0 0
18:36:38 0 0
18:36:39 0 0
18:36:40 0 0
18:36:41 0 0
18:36:42 0 0
18:36:43 0 0
18:36:44 0 0
18:36:45 0 0
18:36:46 0 0
18:36:47 0 0
18:36:48 0 0
18:36:49 0 0
18:36:50 0 0
18:36:51 0 0
18:36:52 0 0
18:36:53 0 0
18:36:54 0 0
18:36:55 0 0
18:36:56 0 0
18:36:57 0 0
18:36:58 0 0
18:36:59 0 0
18:37:00 0 0
18:37:01 0 0
18:37:02 0 0
18:37:03 0 0
18:37:04 0 0
18:37:05 0 0
18:37:07 0 0
18:37:08 0 0
18:37:09 0 0
18:37:10 0 0
18:37:11 0 0
18:37:12 0 0
18:37:13 0 0
18:37:14 0 0
18:37:15 0 0
18:37:16 0 0
18:37:17 0 0
18:37:18 0 0
18:37:19 0 0
18:37:20 0 0
18:37:21 0 0
18:37:22 0 0
18:37:23 0 0
18:37:24 0 0
18:37:25 0 0
18:37:26 0 0
18:37:27 0 0
18:37:28 0 0
18:37:29 0 0
18:37:30 0 0
18:37:31 0 0
18:37:32 0 0
18:37:33 0 0
18:37:34 0 0
18:37:35 0 0
18:37:36 0 0
18:37:37 0 0
18:37:38 0 0
18:37:39 0 0
18:37:40 0 0
18:37:41 0 0
18:37:42 0 0
18:37:43 0 0
18:37:44 0 0
18:37:45 0 0
18:37:46 0 0
18:37:47 0 0
18:37:48 0 0
18:37:49 0 0
18:37:50 0 0
18:37:51 0 0
18:37:52 0 0
18:37:53 0 0
18:37:54 0 0
18:37:55 0 0
18:37:56 0 0
18:37:57 0 0
18:37:58 0 0
18:37:59 0 0
18:38:00 0 0
18:38:01 0 0
18:38:02 0 0
18:38:03 0 0
18:38:04 0 0
18:38:05 0 0
18:38:06 0 0
18:38:07 0 0
18:38:08 0 0
18:38:09 0 0
18:38:10 0 0
18:38:11 0 0
18:38:12 0 0
18:38:13 0 0
18:38:14 0 0
18:38:15 0 0
18:38:16 0 0
18:38:17 0 0
18:38:18 0 0
18:38:19 0 0
18:38:20 0 0
18:38:21 0 0
18:38:22 0 0
18:38:23 0 0
18:38:24 0 0
18:38:25 0 0
18:38:26 0 0
18:38:27 0 0
18:38:28 0 0
18:38:29 0 0
18:38:30 0 0
18:38:31 0 0
18:38:32 0 0
18:38:33 0 0
18:38:34 0 0
18:38:35 0 0
18:38:36 0 0
18:38:37 0 0
18:38:38 0 0
18:38:39 0 0
18:38:40 0 0
18:38:41 0 0
18:38:42 0 0
18:38:43 0 0
18:38:44 0 0
18:38:45 0 0
18:38:46 0 0
18:38:47 0 0
18:38:48 0 0
18:38:49 0 0
18:38:50 0 0
18:38:51 0 0
18:38:52 0 0
18:38:53 0 0
18:38:54 0 0
18:38:55 1 0
18:38:56 0 0
18:38:57 1 0
18:38:58 3 0
18:38:59 5 1
18:39:00 8 0
18:39:01 10 0
18:39:02 13 0
18:39:03 15 1
18:39:04 18 0
18:39:05 20 0
18:39:06 23 0
18:39:07 25 0
18:39:08 27 0
18:39:09 29 0
18:39:10 31 0
18:39:11 33 0
18:39:12 36 0
18:39:13 38 0
18:39:14 40 0
18:39:15 43 0
18:39:16 45 1
18:39:17 47 0
18:39:18 49 0
18:39:19 51 0
18:39:20 54 0
18:39:21 56 0
18:39:22 58 0
18:39:23 61 0
18:39:24 63 0
18:39:25 64 0
18:39:26 66 0
18:39:27 68 0
18:39:28 70 0
18:39:29 72 0
18:39:30 75 0
18:39:31 77 0
18:39:32 79 0
18:39:33 81 0
18:39:34 84 0
18:39:35 86 0
18:39:36 88 0
18:39:37 90 0
18:39:38 93 0
18:39:39 95 0
18:39:40 97 0
18:39:41 98 0
18:39:42 100 1
18:39:43 101 1
18:39:44 103 1
18:39:45 104 2
18:39:46 104 2
18:39:47 104 2
18:39:48 104 2
18:39:49 104 3
18:39:50 104 3
18:39:51 104 3
18:39:52 104 3
18:39:53 104 3
18:39:54 105 3
18:39:55 105 3
18:39:56 106 4
18:39:57 106 5
18:39:58 107 5
18:39:59 108 5
18:40:00 108 5
18:40:01 109 5
18:40:02 109 5
18:40:03 109 5
18:40:04 110 5
18:40:05 111 5
18:40:06 112 5
18:40:07 112 5
18:40:08 112 5
18:40:09 112 6
18:40:10 113 6
18:40:11 114 6
18:40:12 114 6
18:40:13 113 7
18:40:14 114 8
18:40:15 115 8
18:40:16 115 8
18:40:17 116 8
18:40:18 117 8
18:40:19 118 9
18:40:20 119 9
18:40:21 120 9
18:40:22 120 9
18:40:23 120 9
18:40:24 120 9
18:40:25 121 10
18:40:26 122 10
18:40:27 121 11
18:40:28 122 11
18:40:29 122 10
18:40:30 122 11
18:40:31 123 11
18:40:32 124 11
18:40:33 124 11
18:40:34 125 11
18:40:35 126 11
18:40:36 126 12
18:40:37 126 12
18:40:38 126 12
18:40:39 126 13
18:40:40 126 13
18:40:41 126 14
18:40:42 125 15
18:40:43 125 16
18:40:44 125 16
18:40:45 125 17
18:40:46 125 17
18:40:47 125 18
18:40:48 125 18
18:40:49 125 19
18:40:50 126 19
18:40:51 126 20
18:40:52 126 20
18:40:53 126 19
18:40:54 126 19
18:40:55 126 20
18:40:56 125 21
18:40:58 125 20
18:40:59 125 20
18:41:00 125 20
18:41:01 125 21
18:41:02 125 21
18:41:03 125 21
18:41:04 125 22
18:41:05 125 22
18:41:06 125 23
18:41:07 126 23
18:41:08 126 24
18:41:09 126 24
18:41:10 126 25
18:41:11 125 27
18:41:12 125 27
18:41:13 125 27
18:41:14 125 28
18:41:15 125 28
18:41:16 125 29
18:41:17 125 29
18:41:18 125 30
18:41:19 125 30
18:41:20 125 31
18:41:21 125 31
18:41:22 126 32
18:41:23 126 32
18:41:24 126 33
18:41:25 126 33
18:41:26 125 35
18:41:27 125 35
18:41:28 125 36
18:41:29 125 36
18:41:30 125 36
18:41:31 125 37
18:41:32 125 38
18:41:33 125 38
18:41:34 125 39
18:41:35 125 39
18:41:36 126 39
18:41:37 126 40
18:41:38 126 40
18:41:39 126 41
18:41:40 125 42
18:41:41 125 43
18:41:42 125 43
18:41:43 125 44
18:41:44 125 44
18:41:45 125 44
18:41:46 125 44
18:41:47 125 44
18:41:48 125 44
18:41:49 125 44
18:41:50 126 44
18:41:51 126 45
18:41:52 126 45
18:41:53 126 45
18:41:54 125 46
18:41:55 125 46
18:41:56 125 46
18:41:57 125 46
18:41:58 125 46
18:41:59 125 46
18:42:00 125 46
18:42:01 125 47
18:42:02 125 47
18:42:03 125 47
18:42:04 125 48
18:42:05 126 48
18:42:06 126 48
18:42:07 126 49
18:42:08 126 50
18:42:09 125 51
18:42:10 125 52
18:42:11 125 52
18:42:12 125 53
18:42:13 125 53
18:42:14 125 54
18:42:15 125 54
18:42:16 125 54
18:42:17 125 55
18:42:18 125 55
18:42:19 126 55
18:42:20 126 55
18:42:21 126 55
18:42:22 126 56
18:42:23 125 57
18:42:24 125 57
18:42:25 125 57
18:42:26 125 57
18:42:27 125 57
18:42:28 125 57
18:42:29 125 57
18:42:30 125 57
18:42:31 125 57
18:42:32 125 58
18:42:33 125 58
18:42:34 126 58
18:42:35 126 58
18:42:36 126 59
18:42:37 125 60
18:42:38 125 60
18:42:39 125 60
18:42:40 125 60
18:42:41 125 60
18:42:42 125 60
18:42:43 125 60
18:42:44 125 61
18:42:45 125 61
18:42:46 125 61
18:42:47 125 61
18:42:48 126 61
18:42:49 126 61
18:42:50 126 61
18:42:51 126 62
18:42:52 125 63
18:42:53 125 63
18:42:54 125 63
18:42:55 125 63
18:42:56 125 64
18:42:57 125 64
18:42:58 125 64
18:42:59 125 64
18:43:00 125 65
18:43:01 125 65
18:43:02 126 66
18:43:03 126 66
18:43:04 126 66
18:43:05 126 66
18:43:06 125 67
18:43:07 125 68
18:43:08 125 68
18:43:09 125 68
18:43:10 125 68
18:43:11 125 69
18:43:12 125 69
18:43:13 125 69
18:43:14 125 69
18:43:15 125 70
18:43:16 126 70
18:43:17 126 70
18:43:18 126 70
18:43:19 126 70
18:43:20 125 72
18:43:21 125 72
18:43:22 125 72
18:43:23 125 72
18:43:24 125 72
18:43:25 125 72
18:43:26 125 72
18:43:27 125 73
18:43:28 125 73
18:43:29 125 73
18:43:30 125 73
18:43:31 126 73
18:43:32 126 73
18:43:33 126 73
18:43:34 126 73
18:43:35 125 75
18:43:36 125 75
18:43:37 125 75
18:43:38 125 75
18:43:39 125 75
18:43:40 125 75
18:43:41 125 75
18:43:42 125 76
18:43:43 125 76
18:43:44 125 76
18:43:45 126 76
18:43:46 126 76
18:43:47 126 76
18:43:48 126 76
18:43:49 125 78
18:43:50 125 78
18:43:51 125 78
18:43:52 125 78
18:43:53 125 78
18:43:54 125 78
18:43:55 125 78
18:43:56 125 79
18:43:57 125 79
18:43:58 125 79
18:43:59 126 79
18:44:00 126 79
18:44:01 126 79
18:44:02 126 79
18:44:03 125 80
18:44:04 125 81
18:44:05 125 81
18:44:06 125 81
18:44:07 125 81
18:44:08 125 81
18:44:09 125 81
18:44:10 125 81
18:44:11 125 81
18:44:12 125 81
18:44:13 125 82
18:44:14 126 82
18:44:15 126 82
18:44:16 126 83
18:44:17 126 83
18:44:18 125 83
18:44:19 125 81
18:44:20 125 79
18:44:21 125 76
18:44:22 125 74
18:44:23 125 71
18:44:24 125 69
18:44:25 125 67
18:44:26 125 64
18:44:27 125 62
18:44:28 126 59
18:44:29 126 57
18:44:30 126 55
18:44:31 126 52
18:44:32 125 51
18:44:33 125 48
18:44:34 125 46
18:44:35 125 44
18:44:36 125 41
18:44:37 125 39
18:44:38 125 36
18:44:39 125 34
18:44:40 125 31
18:44:41 125 29
18:44:42 126 27
18:44:43 126 24
18:44:44 126 22
18:44:45 126 20
18:44:46 125 18
18:44:47 125 16
18:44:48 125 13
18:44:49 125 11
18:44:50 125 9
18:44:51 125 6
18:44:52 125 4
18:44:53 125 1
18:44:54 124 0
18:44:55 96 0
18:44:56 63 0
18:44:57 21 0
18:44:58 0 0
18:44:59 0 0
18:45:00 0 0
18:45:01 0 0
18:45:02 0 0
18:45:03 0 0
18:45:04 0 0
18:45:05 0 0
18:45:06 0 0
18:45:07 0 0
18:45:08 0 0
18:45:09 0 0
18:45:10 0 0
18:45:11 0 0
18:45:12 0 0
18:45:13 0 0
18:45:14 0 0
18:45:15 0 0
18:45:16 0 0
18:45:18 0 0
18:45:19 0 0
18:45:20 0 0
18:45:21 0 0
18:45:22 0 0
18:45:23 0 0
18:45:24 0 0
18:45:25 0 0
18:45:26 0 0
18:45:27 0 0
18:45:28 0 0
18:45:29 0 0
18:45:30 0 0
18:45:31 0 0
18:45:32 0 0
18:45:33 0 0
18:45:34 0 0
18:45:35 0 0
18:45:36 0 0
18:45:37 0 0
18:45:38 0 0
18:45:39 0 0
18:45:40 0 0
18:45:41 0 0
18:45:42 0 0
18:45:43 0 0
