time     running waiting
14:36:33 0 0
14:36:34 0 0
14:36:35 0 0
14:36:36 0 0
14:36:37 0 0
14:36:38 0 0
14:36:39 0 0
14:36:40 0 0
14:36:41 0 0
14:36:42 0 0
14:36:43 0 0
14:36:44 0 0
14:36:45 0 0
14:36:46 0 0
14:36:47 0 0
14:36:48 0 0
14:36:49 0 0
14:36:50 0 0
14:36:51 0 0
14:36:52 0 0
14:36:53 0 0
14:36:54 0 0
14:36:55 0 0
14:36:56 0 0
14:36:57 0 0
14:36:58 0 0
14:36:59 0 0
14:37:00 0 0
14:37:01 1 0
14:37:02 1 0
14:37:03 0 0
14:37:04 0 0
14:37:05 0 0
14:37:06 1 0
14:37:07 1 0
14:37:08 0 0
14:37:09 0 0
14:37:10 0 0
14:37:11 0 0
14:37:12 0 0
14:37:13 0 0
14:37:14 0 0
14:37:15 1 0
14:37:16 1 0
14:37:17 0 0
14:37:18 0 0
14:37:19 0 0
14:37:20 2 0
14:37:21 0 0
14:37:22 0 0
14:37:23 2 0
14:37:24 3 0
14:37:25 1 0
14:37:26 0 0
14:37:27 0 0
14:37:28 1 0
14:37:29 0 0
14:37:30 0 0
14:37:31 0 0
14:37:32 2 0
14:37:33 3 0
14:37:34 4 0
14:37:35 0 0
14:37:36 0 0
14:37:37 0 0
14:37:38 0 0
14:37:39 0 0
14:37:40 2 0
14:37:41 4 0
14:37:42 5 0
14:37:43 6 0
14:37:44 2 0
14:37:45 0 0
14:37:46 0 0
14:37:47 0 0
14:37:48 0 0
14:37:49 0 0
14:37:50 0 0
14:37:51 0 0
14:37:52 0 0
14:37:53 0 0
14:37:54 0 0
14:37:55 0 0
14:37:56 0 0
14:37:57 0 0
14:37:58 0 0
14:37:59 0 0
14:38:00 0 0
14:38:01 0 0
14:38:02 0 0
14:38:03 0 0
14:38:04 0 0
14:38:05 0 0
14:38:06 0 0
14:38:07 0 0
14:38:08 0 0
14:38:09 0 0
14:38:10 0 0
14:38:11 0 0
14:38:12 0 0
14:38:13 0 0
14:38:14 0 0
14:38:15 0 0
14:38:16 0 0
14:38:17 0 0
14:38:18 0 0
14:38:19 0 0
14:38:20 0 0
14:38:21 0 0
14:38:22 0 0
14:38:23 0 0
14:38:24 0 0
14:38:25 0 0
14:38:26 0 0
14:38:27 0 0
14:38:28 0 0
14:38:29 0 0
