time     running waiting
14:26:40 0 0
14:26:41 0 0
14:26:42 0 0
14:26:43 0 0
14:26:44 0 0
14:26:45 0 0
14:26:46 0 0
14:26:47 0 0
14:26:48 0 0
14:26:49 0 0
14:26:50 0 0
14:26:51 0 0
14:26:52 0 0
14:26:53 0 0
14:26:54 0 0
14:26:55 0 0
14:26:56 0 0
14:26:57 0 0
14:26:58 0 0
14:26:59 0 0
14:27:00 0 0
14:27:01 0 0
14:27:02 0 0
14:27:03 0 0
14:27:04 0 0
14:27:05 0 0
14:27:06 0 0
14:27:07 0 0
14:27:08 0 0
14:27:09 1 0
14:27:10 0 0
14:27:11 0 0
14:27:12 0 0
14:27:13 0 0
14:27:14 0 0
14:27:15 0 0
14:27:16 2 0
14:27:17 0 0
14:27:18 0 0
14:27:19 1 0
14:27:20 0 0
14:27:21 0 0
14:27:22 0 0
14:27:23 0 0
14:27:24 0 0
14:27:25 0 0
14:27:26 0 0
14:27:27 0 0
14:27:28 0 0
14:27:29 1 0
14:27:30 0 0
14:27:31 1 0
14:27:32 0 0
14:27:33 0 0
14:27:34 0 0
14:27:35 0 0
14:27:36 0 0
14:27:37 0 0
14:27:38 1 0
14:27:39 1 0
14:27:40 0 0
14:27:41 0 0
14:27:42 3 0
14:27:43 3 0
14:27:44 0 0
14:27:45 0 0
14:27:46 1 0
14:27:47 0 0
14:27:48 0 0
14:27:49 0 0
14:27:50 0 0
14:27:51 0 0
14:27:52 0 0
14:27:53 0 0
14:27:54 0 0
14:27:55 0 0
14:27:56 0 0
14:27:57 1 0
14:27:58 0 0
14:27:59 0 0
14:28:00 0 0
14:28:01 1 0
14:28:02 0 0
14:28:03 1 0
14:28:04 2 0
14:28:05 0 0
14:28:06 0 0
14:28:07 0 0
14:28:08 0 0
14:28:09 0 0
14:28:10 0 0
14:28:11 1 0
14:28:12 2 0
14:28:13 0 0
14:28:14 0 0
14:28:15 0 0
14:28:16 0 0
14:28:17 2 0
14:28:18 2 0
14:28:19 0 0
14:28:20 0 0
14:28:21 0 0
14:28:22 0 0
14:28:23 0 0
14:28:24 0 0
14:28:25 0 0
14:28:26 0 0
14:28:27 0 0
14:28:28 0 0
14:28:29 0 0
14:28:30 0 0
14:28:31 0 0
14:28:32 0 0
14:28:33 0 0
14:28:34 0 0
14:28:35 0 0
14:28:36 0 0
14:28:37 0 0
14:28:38 0 0
14:28:39 0 0
14:28:40 0 0
14:28:41 0 0
14:28:42 0 0
14:28:43 0 0
14:28:44 0 0
14:28:45 0 0
14:28:46 0 0
14:28:47 0 0
14:28:48 0 0
14:28:49 0 0
14:28:50 0 0
14:28:51 0 0
14:28:52 0 0
14:28:53 0 0
14:28:54 0 0
14:28:55 0 0
14:28:56 0 0
14:28:57 0 0
14:28:58 0 0
14:28:59 0 0
14:29:00 0 0
14:29:01 0 0
14:29:02 0 0
14:29:03 0 0
14:29:04 0 0
