time     running waiting
14:34:04 0 0
14:34:05 0 0
14:34:06 0 0
14:34:07 0 0
14:34:08 0 0
14:34:09 0 0
14:34:10 0 0
14:34:11 0 0
14:34:12 0 0
14:34:13 0 0
14:34:14 0 0
14:34:15 0 0
14:34:16 0 0
14:34:17 0 0
14:34:18 0 0
14:34:19 0 0
14:34:20 0 0
14:34:21 0 0
14:34:22 0 0
14:34:23 0 0
14:34:24 0 0
14:34:25 0 0
14:34:26 0 0
14:34:27 0 0
14:34:28 0 0
14:34:29 0 0
14:34:30 0 0
14:34:31 0 0
14:34:32 0 0
14:34:33 2 0
14:34:34 1 0
14:34:35 0 0
14:34:36 0 0
14:34:37 0 0
14:34:38 0 0
14:34:39 0 0
14:34:40 1 0
14:34:41 0 0
14:34:42 0 0
14:34:43 0 0
14:34:44 0 0
14:34:45 0 0
14:34:46 0 0
14:34:47 0 0
14:34:48 0 0
14:34:49 2 0
14:34:50 2 0
14:34:51 0 0
14:34:52 0 0
14:34:53 0 0
14:34:54 0 0
14:34:55 0 0
14:34:56 1 0
14:34:57 0 0
14:34:58 0 0
14:34:59 0 0
14:35:00 0 0
14:35:01 2 0
14:35:02 0 0
14:35:03 0 0
14:35:04 0 0
14:35:05 1 0
14:35:06 0 0
14:35:07 0 0
14:35:08 0 0
14:35:09 1 0
14:35:10 0 0
14:35:11 0 0
14:35:12 2 0
14:35:13 2 0
14:35:14 0 0
14:35:15 0 0
14:35:16 0 0
14:35:17 0 0
14:35:18 1 0
14:35:19 2 0
14:35:20 2 0
14:35:21 0 0
14:35:22 0 0
14:35:23 0 0
14:35:24 1 0
14:35:25 0 0
14:35:26 0 0
14:35:27 1 0
14:35:28 0 0
14:35:29 0 0
14:35:30 0 0
14:35:31 0 0
14:35:32 0 0
14:35:33 0 0
14:35:34 0 0
14:35:35 1 0
14:35:36 0 0
14:35:37 0 0
14:35:38 1 0
14:35:39 0 0
14:35:40 0 0
14:35:41 0 0
14:35:42 0 0
14:35:43 0 0
14:35:44 1 0
14:35:45 1 0
14:35:46 0 0
14:35:47 0 0
14:35:48 0 0
14:35:49 0 0
14:35:50 0 0
14:35:51 0 0
14:35:52 0 0
14:35:53 0 0
14:35:54 0 0
14:35:56 0 0
14:35:57 0 0
14:35:58 0 0
14:35:59 0 0
14:36:00 0 0
14:36:01 0 0
14:36:02 0 0
14:36:03 0 0
14:36:04 0 0
14:36:05 0 0
14:36:06 0 0
14:36:07 0 0
14:36:08 0 0
14:36:09 0 0
14:36:10 0 0
14:36:11 0 0
14:36:12 0 0
14:36:13 0 0
14:36:14 0 0
14:36:15 0 0
14:36:16 0 0
14:36:17 0 0
14:36:18 0 0
14:36:19 0 0
14:36:20 0 0
14:36:21 0 0
14:36:22 0 0
14:36:23 0 0
14:36:24 0 0
14:36:25 0 0
14:36:26 0 0
14:36:27 0 0
14:36:28 0 0
14:36:29 0 0
14:36:30 0 0
14:36:31 0 0
