logger=cleanup t=2026-07-20T12:23:25.17567172Z level=info msg="Completed cleanup jobs" duration=18.376718ms
logger=plugins.update.checker t=2026-07-20T12:23:25.29297472Z level=info msg="flag evaluation succeeded" flag="{Value:false EvaluationDetails:{FlagKey:pluginsAutoUpdate FlagType:bool ResolutionDetail:{Variant:default Reason:STATIC ErrorCode: ErrorMessage: FlagMetadata:map[]}}}" details="{Value:false EvaluationDetails:{FlagKey:pluginsAutoUpdate FlagType:bool ResolutionDetail:{Variant:default Reason:STATIC ErrorCode: ErrorMessage: FlagMetadata:map[]}}}"
logger=plugins.update.checker t=2026-07-20T12:23:25.29301828Z level=info msg="flag evaluation succeeded" flag="{Value:false EvaluationDetails:{FlagKey:pluginsAutoUpdate FlagType:bool ResolutionDetail:{Variant:default Reason:STATIC ErrorCode: ErrorMessage: FlagMetadata:map[]}}}" details="{Value:false EvaluationDetails:{FlagKey:pluginsAutoUpdate FlagType:bool ResolutionDetail:{Variant:default Reason:STATIC ErrorCode: ErrorMessage: FlagMetadata:map[]}}}"
logger=plugins.update.checker t=2026-07-20T12:23:25.29302805Z level=info msg="Update check succeeded" duration=63.122016ms
logger=plugins.update.checker t=2026-07-20T12:23:25.29303327Z level=info msg="flag evaluation succeeded" flag="{Value:false EvaluationDetails:{FlagKey:pluginsAutoUpdate FlagType:bool ResolutionDetail:{Variant:default Reason:STATIC ErrorCode: ErrorMessage: FlagMetadata:map[]}}}" details="{Value:false EvaluationDetails:{FlagKey:pluginsAutoUpdate FlagType:bool ResolutionDetail:{Variant:default Reason:STATIC ErrorCode: ErrorMessage: FlagMetadata:map[]}}}"
logger=bleve-backend namespace=default group=provisioning.grafana.app resource=repositories reason=getStats t=2026-07-20T12:25:09.167914936Z level=info msg="Building index using memory"
logger=bleve-backend namespace=default group=provisioning.grafana.app resource=repositories reason=getStats t=2026-07-20T12:25:09.168204522Z level=info msg="Finished building index" elapsed=256.577µs listRV=1
logger=bleve-backend namespace=default group=provisioning.grafana.app resource=repositories reason=getStats t=2026-07-20T12:25:09.168217112Z level=info msg="Storing index in cache" key="{Namespace:default Group:provisioning.grafana.app Resource:repositories}" expiration=2026-07-20T12:35:09.168216452Z
logger=bleve-backend namespace=default group=playlist.grafana.app resource=playlists reason=getStats t=2026-07-20T12:25:09.168497009Z level=info msg="Building index using memory"
logger=bleve-backend namespace=default group=playlist.grafana.app resource=playlists reason=getStats t=2026-07-20T12:25:09.168660357Z level=info msg="Finished building index" elapsed=157.468µs listRV=1
logger=bleve-backend namespace=default group=playlist.grafana.app resource=playlists reason=getStats t=2026-07-20T12:25:09.168667137Z level=info msg="Storing index in cache" key="{Namespace:default Group:playlist.grafana.app Resource:playlists}" expiration=2026-07-20T12:35:09.168665607Z
logger=bleve-backend namespace=default group=folder.grafana.app resource=folders reason=getStats t=2026-07-20T12:25:09.168884714Z level=info msg="Building index using memory"
logger=bleve-backend namespace=default group=folder.grafana.app resource=folders reason=getStats t=2026-07-20T12:25:09.169042603Z level=info msg="Finished building index" elapsed=151.709µs listRV=1783931004528987
logger=bleve-backend namespace=default group=folder.grafana.app resource=folders reason=getStats t=2026-07-20T12:25:09.169047693Z level=info msg="Storing index in cache" key="{Namespace:default Group:folder.grafana.app Resource:folders}" expiration=2026-07-20T12:35:09.169047173Z
logger=bleve-backend namespace=default group=dashboard.grafana.app resource=dashboards reason=getStats t=2026-07-20T12:25:09.16927299Z level=info msg="Building index using memory"
logger=bleve-backend namespace=default group=dashboard.grafana.app resource=dashboards reason=getStats t=2026-07-20T12:25:09.170477326Z level=info msg="Finished building index" elapsed=1.198366ms listRV=1783933868355016
logger=bleve-backend namespace=default group=dashboard.grafana.app resource=dashboards reason=getStats t=2026-07-20T12:25:09.170487836Z level=info msg="Storing index in cache" key="{Namespace:default Group:dashboard.grafana.app Resource:dashboards}" expiration=2026-07-20T12:35:09.170487336Z
logger=infra.usagestats t=2026-07-20T12:25:09.170907531Z level=info msg="Usage stats are ready to report"
logger=cleanup t=2026-07-20T12:33:25.17208122Z level=info msg="Completed cleanup jobs" duration=14.670013ms
logger=plugins.update.checker t=2026-07-20T12:33:25.289745731Z level=info msg="flag evaluation succeeded" flag="{Value:false EvaluationDetails:{FlagKey:pluginsAutoUpdate FlagType:bool ResolutionDetail:{Variant:default Reason:STATIC ErrorCode: ErrorMessage: FlagMetadata:map[]}}}" details="{Value:false EvaluationDetails:{FlagKey:pluginsAutoUpdate FlagType:bool ResolutionDetail:{Variant:default Reason:STATIC ErrorCode: ErrorMessage: FlagMetadata:map[]}}}"
logger=plugins.update.checker t=2026-07-20T12:33:25.289800831Z level=info msg="flag evaluation succeeded" flag="{Value:false EvaluationDetails:{FlagKey:pluginsAutoUpdate FlagType:bool ResolutionDetail:{Variant:default Reason:STATIC ErrorCode: ErrorMessage: FlagMetadata:map[]}}}" details="{Value:false EvaluationDetails:{FlagKey:pluginsAutoUpdate FlagType:bool ResolutionDetail:{Variant:default Reason:STATIC ErrorCode: ErrorMessage: FlagMetadata:map[]}}}"
logger=plugins.update.checker t=2026-07-20T12:33:25.28981863Z level=info msg="Update check succeeded" duration=60.417092ms
logger=plugins.update.checker t=2026-07-20T12:33:25.28982484Z level=info msg="flag evaluation succeeded" flag="{Value:false EvaluationDetails:{FlagKey:pluginsAutoUpdate FlagType:bool ResolutionDetail:{Variant:default Reason:STATIC ErrorCode: ErrorMessage: FlagMetadata:map[]}}}" details="{Value:false EvaluationDetails:{FlagKey:pluginsAutoUpdate FlagType:bool ResolutionDetail:{Variant:default Reason:STATIC ErrorCode: ErrorMessage: FlagMetadata:map[]}}}"
logger=bleve-backend t=2026-07-20T12:35:24.49041968Z level=info msg="index evicted from cache" reason=expired key="{Namespace:default Group:provisioning.grafana.app Resource:repositories}" storage=memory
logger=bleve-backend t=2026-07-20T12:35:24.490497089Z level=info msg="index evicted from cache" reason=expired key="{Namespace:default Group:playlist.grafana.app Resource:playlists}" storage=memory
logger=bleve-backend t=2026-07-20T12:35:24.490505599Z level=info msg="index evicted from cache" reason=expired key="{Namespace:default Group:folder.grafana.app Resource:folders}" storage=memory
logger=bleve-backend t=2026-07-20T12:35:24.490513479Z level=info msg="index evicted from cache" reason=expired key="{Namespace:default Group:dashboard.grafana.app Resource:dashboards}" storage=memory
logger=cleanup t=2026-07-20T12:43:25.194314498Z level=info msg="Completed cleanup jobs" duration=36.734482ms
logger=plugins.update.checker t=2026-07-20T12:43:25.292669726Z level=info msg="flag evaluation succeeded" flag="{Value:false EvaluationDetails:{FlagKey:pluginsAutoUpdate FlagType:bool ResolutionDetail:{Variant:default Reason:STATIC ErrorCode: ErrorMessage: FlagMetadata:map[]}}}" details="{Value:false EvaluationDetails:{FlagKey:pluginsAutoUpdate FlagType:bool ResolutionDetail:{Variant:default Reason:STATIC ErrorCode: ErrorMessage: FlagMetadata:map[]}}}"
logger=plugins.update.checker t=2026-07-20T12:43:25.292723775Z level=info msg="flag evaluation succeeded" flag="{Value:false EvaluationDetails:{FlagKey:pluginsAutoUpdate FlagType:bool ResolutionDetail:{Variant:default Reason:STATIC ErrorCode: ErrorMessage: FlagMetadata:map[]}}}" details="{Value:false EvaluationDetails:{FlagKey:pluginsAutoUpdate FlagType:bool ResolutionDetail:{Variant:default Reason:STATIC ErrorCode: ErrorMessage: FlagMetadata:map[]}}}"
logger=plugins.update.checker t=2026-07-20T12:43:25.292737565Z level=info msg="Update check succeeded" duration=63.325347ms
logger=plugins.update.checker t=2026-07-20T12:43:25.292743785Z level=info msg="flag evaluation succeeded" flag="{Value:false EvaluationDetails:{FlagKey:pluginsAutoUpdate FlagType:bool ResolutionDetail:{Variant:default Reason:STATIC ErrorCode: ErrorMessage: FlagMetadata:map[]}}}" details="{Value:false EvaluationDetails:{FlagKey:pluginsAutoUpdate FlagType:bool ResolutionDetail:{Variant:default Reason:STATIC ErrorCode: ErrorMessage: FlagMetadata:map[]}}}"
