time     running waiting
15:22:24 0 0
15:22:25 0 0
15:22:26 0 0
15:22:27 0 0
15:22:28 0 0
15:22:29 0 0
15:22:30 0 0
15:22:31 0 0
15:22:32 0 0
15:22:33 0 0
15:22:34 0 0
15:22:35 0 0
15:22:36 0 0
15:22:37 0 0
15:22:38 0 0
15:22:39 0 0
15:22:40 0 0
15:22:41 0 0
15:22:42 0 0
15:22:43 0 0
15:22:44 0 0
15:22:45 0 0
15:22:46 0 0
15:22:47 0 0
15:22:48 0 0
15:22:49 0 0
15:22:50 0 0
15:22:51 0 0
15:22:52 0 0
15:22:53 0 0
15:22:54 0 0
15:22:55 0 0
15:22:56 0 0
15:22:57 0 0
15:22:58 0 0
15:22:59 0 0
15:23:00 0 0
15:23:01 0 0
15:23:03 0 0
15:23:04 0 0
15:23:05 0 0
15:23:06 0 0
15:23:07 0 0
15:23:08 0 0
15:23:09 0 0
15:23:10 0 0
15:23:11 0 0
15:23:12 0 0
15:23:13 0 0
15:23:14 0 0
15:23:15 0 0
15:23:16 0 0
15:23:17 0 0
15:23:18 0 0
15:23:19 0 0
15:23:20 0 0
15:23:21 0 0
15:23:22 0 0
15:23:23 0 0
15:23:24 0 0
15:23:25 0 0
15:23:26 0 0
15:23:27 0 0
15:23:28 0 0
15:23:29 0 0
15:23:30 0 0
15:23:31 0 0
15:23:32 0 0
15:23:33 0 0
15:23:34 0 0
15:23:35 0 0
15:23:36 0 0
15:23:37 0 0
15:23:38 0 0
15:23:39 0 0
15:23:40 0 0
15:23:41 0 0
15:23:42 0 0
15:23:43 0 0
15:23:44 0 0
15:23:45 0 0
15:23:46 1 0
15:23:47 0 0
15:23:48 1 0
15:23:49 2 0
15:23:50 3 0
15:23:51 3 0
15:23:52 4 1
15:23:53 5 0
15:23:54 6 2
15:23:55 7 1
15:23:56 7 0
15:23:57 8 0
15:23:58 7 0
15:23:59 6 0
15:24:00 7 1
15:24:01 8 0
15:24:02 7 0
15:24:03 6 0
15:24:04 7 1
15:24:05 8 0
15:24:06 4 0
15:24:07 4 0
15:24:08 5 2
15:24:09 6 1
15:24:10 7 1
15:24:11 8 0
15:24:12 6 0
15:24:13 6 0
15:24:14 7 1
15:24:15 8 0
15:24:16 6 0
15:24:17 6 0
15:24:18 7 1
15:24:19 8 0
15:24:20 6 0
15:24:21 6 0
15:24:22 7 1
15:24:23 8 0
15:24:24 5 0
15:24:25 5 0
15:24:26 6 1
15:24:27 6 1
15:24:28 7 0
15:24:29 8 0
15:24:30 4 0
15:24:31 5 0
15:24:32 6 1
15:24:33 7 1
15:24:34 8 0
15:24:35 7 0
15:24:36 7 0
15:24:37 8 0
15:24:38 5 0
15:24:39 6 0
15:24:40 7 1
15:24:41 8 0
15:24:42 4 0
15:24:43 5 0
15:24:44 6 2
15:24:45 7 1
15:24:46 8 0
15:24:47 3 0
15:24:48 4 0
15:24:49 5 2
15:24:50 6 1
15:24:51 7 1
15:24:52 8 0
15:24:53 5 0
15:24:54 5 2
15:24:55 6 1
15:24:56 6 1
15:24:57 7 1
15:24:58 8 0
15:24:59 5 0
15:25:00 6 2
15:25:01 6 2
15:25:02 7 1
15:25:03 7 0
15:25:04 6 0
15:25:05 6 1
15:25:06 7 0
15:25:07 8 0
15:25:08 7 0
15:25:09 4 0
15:25:10 6 1
15:25:11 7 0
15:25:12 6 1
15:25:13 7 0
15:25:14 8 0
15:25:15 7 0
15:25:16 7 0
15:25:17 8 0
15:25:18 6 0
15:25:19 5 0
15:25:20 6 2
15:25:21 7 1
15:25:22 8 0
15:25:23 5 0
15:25:24 6 0
15:25:25 7 1
15:25:26 8 0
15:25:27 6 0
15:25:28 7 0
15:25:29 8 0
15:25:30 4 0
15:25:31 5 1
15:25:32 6 1
15:25:33 6 1
15:25:34 6 1
15:25:35 7 0
15:25:36 8 0
15:25:37 5 0
15:25:38 5 0
15:25:39 6 2
15:25:40 7 1
15:25:41 8 0
15:25:42 5 0
15:25:43 5 0
15:25:44 6 2
15:25:45 7 1
15:25:46 8 0
15:25:47 4 0
15:25:48 5 0
15:25:49 6 1
15:25:50 7 1
15:25:51 8 0
15:25:52 5 0
15:25:53 6 0
15:25:54 7 1
15:25:55 8 0
15:25:56 6 0
15:25:57 6 0
15:25:58 7 0
15:25:59 7 0
15:26:00 8 0
15:26:01 5 0
15:26:02 4 0
15:26:03 5 2
15:26:04 6 1
15:26:05 7 1
15:26:06 8 0
15:26:07 4 0
15:26:08 4 0
15:26:09 5 2
15:26:10 6 1
15:26:11 7 1
15:26:12 8 0
15:26:13 8 0
15:26:14 7 0
15:26:15 8 0
15:26:16 7 0
15:26:17 5 0
15:26:18 6 2
15:26:19 7 1
15:26:20 8 0
15:26:21 8 0
15:26:22 4 0
15:26:23 5 0
15:26:24 6 2
15:26:25 7 1
15:26:26 7 0
15:26:27 6 0
15:26:28 2 0
15:26:29 0 0
15:26:30 0 0
15:26:31 0 0
15:26:32 0 0
15:26:33 0 0
15:26:34 0 0
15:26:35 0 0
15:26:36 0 0
15:26:37 0 0
15:26:38 0 0
15:26:39 0 0
15:26:40 0 0
15:26:41 0 0
15:26:42 0 0
15:26:43 0 0
15:26:44 0 0
15:26:45 0 0
15:26:46 0 0
15:26:47 0 0
15:26:48 0 0
15:26:49 0 0
15:26:50 0 0
15:26:51 0 0
15:26:52 0 0
15:26:53 0 0
15:26:54 0 0
15:26:55 0 0
15:26:56 0 0
15:26:57 0 0
15:26:58 0 0
15:26:59 0 0
15:27:00 0 0
15:27:01 0 0
15:27:02 0 0
15:27:03 0 0
15:27:04 0 0
15:27:05 0 0
15:27:06 0 0
15:27:07 0 0
15:27:08 0 0
15:27:09 0 0
15:27:10 0 0
15:27:11 0 0
15:27:12 0 0
15:27:13 0 0
