time     running waiting
15:11:23 0 0
15:11:24 0 0
15:11:25 0 0
15:11:26 0 0
15:11:27 0 0
15:11:28 0 0
15:11:29 0 0
15:11:31 0 0
15:11:32 0 0
15:11:33 0 0
15:11:34 0 0
15:11:35 0 0
15:11:36 0 0
15:11:37 0 0
15:11:38 0 0
15:11:39 0 0
15:11:40 0 0
15:11:41 0 0
15:11:42 0 0
15:11:43 0 0
15:11:44 0 0
15:11:45 0 0
15:11:46 0 0
15:11:47 0 0
15:11:48 0 0
15:11:49 0 0
15:11:50 0 0
15:11:51 0 0
15:11:52 0 0
15:11:53 0 0
15:11:54 0 0
15:11:55 0 0
15:11:56 0 0
15:11:57 0 0
15:11:58 0 0
15:11:59 0 0
15:12:00 0 0
15:12:01 0 0
15:12:02 0 0
15:12:03 0 0
15:12:04 0 0
15:12:05 0 0
15:12:06 0 0
15:12:07 0 0
15:12:08 0 0
15:12:09 0 0
15:12:10 0 0
15:12:11 0 0
15:12:12 0 0
15:12:13 0 0
15:12:14 0 0
15:12:15 0 0
15:12:16 0 0
15:12:17 0 0
15:12:18 0 0
15:12:19 0 0
15:12:20 0 0
15:12:21 0 0
15:12:22 0 0
15:12:23 0 0
15:12:24 0 0
15:12:25 0 0
15:12:26 0 0
15:12:27 0 0
15:12:28 0 0
15:12:29 0 0
15:12:30 0 0
15:12:31 0 0
15:12:32 0 0
15:12:33 0 0
15:12:34 0 0
15:12:35 0 0
15:12:36 0 0
15:12:37 0 0
15:12:38 0 0
15:12:39 0 0
15:12:40 0 0
15:12:41 0 0
15:12:42 0 0
15:12:43 0 0
15:12:44 0 0
15:12:45 0 0
15:12:46 0 0
15:12:47 0 0
15:12:48 0 0
15:12:49 0 0
15:12:50 0 0
15:12:51 0 0
15:12:52 0 0
15:12:53 0 0
15:12:54 0 0
15:12:55 0 0
15:12:56 0 0
15:12:57 0 0
15:12:58 0 0
15:12:59 0 0
15:13:00 0 0
15:13:01 0 0
15:13:02 0 0
15:13:03 0 0
15:13:04 0 0
15:13:05 0 0
15:13:06 0 0
15:13:07 0 0
15:13:08 0 0
15:13:09 0 0
15:13:10 0 0
15:13:11 0 0
15:13:12 0 0
15:13:13 0 0
15:13:14 0 0
15:13:15 0 0
15:13:16 0 0
15:13:17 0 0
15:13:18 0 0
15:13:19 0 0
15:13:20 0 0
15:13:21 0 0
15:13:22 0 0
15:13:23 0 0
15:13:24 0 0
15:13:25 0 0
15:13:26 0 0
15:13:27 0 0
15:13:28 0 0
15:13:29 0 0
15:13:30 0 0
15:13:31 0 0
15:13:32 0 0
15:13:33 0 0
15:13:34 0 0
15:13:35 0 0
15:13:36 0 0
15:13:37 0 0
15:13:38 0 0
15:13:39 0 0
15:13:40 0 0
15:13:41 0 0
15:13:42 0 0
15:13:43 0 0
15:13:44 0 0
15:13:45 0 0
15:13:46 0 0
15:13:47 0 0
15:13:48 0 0
15:13:49 0 0
15:13:50 0 0
15:13:51 0 0
15:13:52 0 0
15:13:53 0 0
15:13:54 0 0
15:13:55 0 0
15:13:56 0 0
15:13:57 0 0
15:13:58 0 0
15:13:59 0 0
15:14:00 0 0
15:14:01 0 0
15:14:02 0 0
15:14:03 0 0
15:14:04 0 0
15:14:05 0 0
15:14:06 0 0
15:14:07 0 0
15:14:08 0 0
15:14:09 0 0
15:14:10 0 0
15:14:11 0 0
15:14:12 0 0
15:14:13 0 0
15:14:14 0 0
15:14:15 0 0
15:14:16 0 0
15:14:17 0 0
15:14:18 0 0
15:14:19 0 0
15:14:20 0 0
15:14:21 0 0
15:14:22 0 0
15:14:23 0 0
15:14:24 0 0
15:14:25 0 0
15:14:26 0 0
15:14:27 0 0
15:14:28 0 0
15:14:29 0 0
15:14:30 0 0
15:14:31 0 0
15:14:32 0 0
15:14:33 0 0
15:14:34 0 0
15:14:35 0 0
15:14:36 0 0
15:14:37 0 0
15:14:38 0 0
15:14:39 0 0
15:14:40 0 0
15:14:41 0 0
15:14:42 0 0
15:14:43 0 0
15:14:44 0 0
15:14:45 0 0
15:14:46 0 0
15:14:47 0 0
15:14:48 0 0
15:14:49 0 0
15:14:50 0 0
15:14:51 0 0
15:14:52 0 0
15:14:53 0 0
15:14:54 0 0
15:14:55 0 0
15:14:56 0 0
15:14:57 0 0
15:14:58 0 0
15:14:59 0 0
15:15:00 0 0
15:15:01 0 0
15:15:02 0 0
15:15:03 0 0
15:15:04 0 0
15:15:05 0 0
15:15:06 0 0
15:15:07 0 0
15:15:08 0 0
15:15:09 0 0
15:15:10 0 0
15:15:11 0 0
15:15:12 0 0
15:15:13 0 0
15:15:14 0 0
15:15:15 0 0
15:15:16 0 0
15:15:17 0 0
15:15:18 0 0
15:15:19 0 0
15:15:20 0 0
15:15:21 0 0
15:15:22 0 0
15:15:23 0 0
15:15:24 0 0
15:15:25 0 0
15:15:26 0 0
15:15:27 0 0
15:15:28 0 0
15:15:29 0 0
15:15:30 0 0
15:15:31 0 0
15:15:32 0 0
15:15:33 0 0
15:15:34 0 0
15:15:35 0 0
15:15:36 0 0
15:15:37 0 0
15:15:38 0 0
15:15:39 0 0
15:15:40 0 0
15:15:41 0 0
15:15:42 0 0
15:15:43 0 0
15:15:44 0 0
15:15:45 0 0
15:15:46 0 0
15:15:47 0 0
15:15:48 0 0
15:15:49 0 0
15:15:50 0 0
15:15:51 0 0
15:15:52 0 0
15:15:53 0 0
15:15:54 0 0
15:15:55 0 0
15:15:56 0 0
15:15:57 0 0
15:15:58 0 0
15:15:59 0 0
15:16:00 0 0
15:16:01 0 0
15:16:02 0 0
15:16:03 0 0
15:16:04 0 0
15:16:05 0 0
15:16:06 0 0
15:16:07 0 0
15:16:08 0 0
15:16:09 0 0
15:16:10 0 0
15:16:11 0 0
15:16:12 0 0
15:16:13 0 0
15:16:14 0 0
15:16:15 0 0
15:16:16 0 0
15:16:18 0 0
15:16:19 0 0
15:16:20 0 0
15:16:21 0 0
15:16:22 0 0
15:16:23 0 0
15:16:24 0 0
15:16:25 0 0
15:16:26 0 0
15:16:27 0 0
15:16:28 0 0
15:16:29 0 0
15:16:30 0 0
15:16:31 0 0
15:16:32 0 0
15:16:33 0 0
15:16:34 0 0
15:16:35 0 0
15:16:36 0 0
15:16:37 0 0
15:16:38 0 0
15:16:39 0 0
15:16:40 0 0
15:16:41 0 0
15:16:42 0 0
15:16:43 0 0
15:16:44 0 0
15:16:45 0 0
15:16:46 1 0
15:16:47 0 0
15:16:48 1 0
15:16:49 2 0
15:16:50 4 0
15:16:51 5 0
15:16:52 7 1
15:16:53 10 0
15:16:54 12 0
15:16:55 14 1
15:16:56 17 1
15:16:57 19 1
15:16:58 22 0
15:16:59 24 0
15:17:00 26 1
15:17:01 29 1
15:17:02 31 1
15:17:03 34 0
15:17:04 36 1
15:17:05 39 1
15:17:06 41 1
15:17:07 43 2
15:17:08 45 2
15:17:09 47 2
15:17:10 49 2
15:17:11 51 3
15:17:12 54 3
15:17:13 57 3
15:17:14 59 3
15:17:15 62 2
15:17:16 65 3
15:17:17 67 2
15:17:18 69 2
15:17:19 71 2
15:17:20 72 3
15:17:21 74 2
15:17:22 76 1
15:17:23 77 1
15:17:24 78 1
15:17:25 78 2
15:17:26 79 3
15:17:27 80 3
15:17:28 81 2
15:17:29 81 3
15:17:30 82 4
15:17:31 83 3
15:17:32 83 4
15:17:33 85 3
15:17:34 86 3
15:17:35 86 4
15:17:36 87 4
15:17:37 89 4
15:17:38 89 4
15:17:39 90 4
15:17:40 91 5
15:17:41 92 4
15:17:42 92 5
15:17:43 94 4
15:17:44 94 5
15:17:45 95 4
15:17:46 97 4
15:17:47 96 5
15:17:48 98 5
15:17:49 98 5
15:17:50 99 5
15:17:51 99 6
15:17:52 100 5
15:17:53 101 5
15:17:54 101 6
15:17:55 101 5
15:17:56 102 5
15:17:57 101 6
15:17:58 102 6
15:17:59 102 7
15:18:00 103 6
15:18:01 103 6
15:18:02 103 7
15:18:03 104 7
15:18:04 104 7
15:18:05 105 7
15:18:06 106 6
15:18:07 106 6
15:18:08 106 6
15:18:09 106 7
15:18:10 107 6
15:18:11 108 6
15:18:12 108 6
15:18:13 108 6
15:18:14 109 6
15:18:15 109 7
15:18:16 109 7
15:18:17 110 8
15:18:18 110 8
15:18:19 110 8
15:18:20 111 8
15:18:21 111 8
15:18:22 111 9
15:18:23 111 8
15:18:24 112 8
15:18:25 111 9
15:18:26 112 8
15:18:27 112 8
15:18:28 112 8
15:18:29 112 9
15:18:30 112 8
15:18:31 113 8
15:18:32 113 8
15:18:33 113 9
15:18:34 113 8
15:18:35 113 8
15:18:36 114 8
15:18:37 113 9
15:18:38 114 8
15:18:39 114 8
15:18:40 114 8
15:18:41 114 9
15:18:42 114 8
15:18:43 114 8
15:18:44 115 8
15:18:45 114 8
15:18:46 115 8
15:18:47 115 9
15:18:48 115 9
15:18:49 115 9
15:18:50 115 9
15:18:51 115 9
15:18:52 116 9
15:18:53 115 10
15:18:54 115 10
15:18:55 116 10
15:18:56 116 10
15:18:57 115 11
15:18:58 116 10
15:18:59 116 10
15:19:00 116 10
15:19:01 116 10
15:19:02 116 11
15:19:03 116 11
15:19:04 116 11
15:19:05 117 11
15:19:06 117 11
15:19:07 116 12
15:19:08 117 12
15:19:09 117 12
15:19:10 117 12
15:19:11 117 12
15:19:12 117 13
15:19:13 117 12
15:19:14 117 13
15:19:15 117 13
15:19:16 118 13
15:19:17 118 13
15:19:18 117 14
15:19:19 117 14
15:19:20 118 14
15:19:21 118 14
15:19:22 118 14
15:19:23 118 14
15:19:24 118 15
15:19:25 118 15
15:19:26 118 15
15:19:27 118 15
15:19:28 119 15
15:19:29 119 15
15:19:30 118 17
15:19:31 118 16
15:19:32 119 16
15:19:33 119 16
15:19:34 119 16
15:19:35 119 17
15:19:36 120 17
15:19:37 120 17
15:19:38 120 17
15:19:39 120 17
15:19:40 119 24
15:19:41 119 24
15:19:42 119 24
15:19:43 120 25
15:19:44 120 25
15:19:45 120 25
15:19:46 120 25
15:19:47 121 25
15:19:48 121 25
15:19:49 120 26
15:19:50 120 26
15:19:51 120 26
15:19:52 121 26
15:19:53 121 27
15:19:54 121 27
15:19:55 121 26
15:19:56 121 27
15:19:57 121 26
15:19:58 121 25
15:19:59 121 22
15:20:00 122 20
15:20:01 122 17
15:20:02 122 14
15:20:03 121 11
15:20:04 122 8
15:20:05 122 5
15:20:06 122 3
15:20:07 122 0
15:20:08 99 0
15:20:09 66 0
15:20:10 28 0
15:20:11 0 0
15:20:12 0 0
15:20:13 0 0
15:20:14 0 0
15:20:15 0 0
15:20:16 0 0
15:20:17 0 0
15:20:18 0 0
15:20:19 0 0
15:20:20 0 0
15:20:21 0 0
15:20:22 0 0
15:20:23 0 0
15:20:24 0 0
15:20:25 0 0
15:20:26 0 0
15:20:27 0 0
15:20:28 0 0
15:20:29 0 0
15:20:30 0 0
15:20:31 0 0
15:20:32 0 0
15:20:33 0 0
15:20:34 0 0
15:20:35 0 0
15:20:36 0 0
15:20:37 0 0
15:20:38 0 0
15:20:39 0 0
15:20:40 0 0
15:20:41 0 0
15:20:42 0 0
15:20:43 0 0
15:20:44 0 0
15:20:45 0 0
15:20:46 0 0
15:20:47 0 0
15:20:48 0 0
15:20:49 0 0
15:20:50 0 0
15:20:51 0 0
15:20:52 0 0
15:20:53 0 0
15:20:54 0 0
15:20:55 0 0
