time     running waiting
14:55:17 0 0
14:55:18 0 0
14:55:19 0 0
14:55:20 0 0
14:55:21 0 0
14:55:22 0 0
14:55:23 0 0
14:55:24 0 0
14:55:25 0 0
14:55:26 0 0
14:55:27 0 0
14:55:28 0 0
14:55:29 0 0
14:55:30 0 0
14:55:31 0 0
14:55:32 0 0
14:55:33 0 0
14:55:34 0 0
14:55:35 0 0
14:55:36 0 0
14:55:37 0 0
14:55:38 0 0
14:55:39 0 0
14:55:40 0 0
14:55:41 0 0
14:55:42 0 0
14:55:43 0 0
14:55:44 0 0
14:55:45 0 0
14:55:46 0 0
14:55:47 0 0
14:55:48 0 0
14:55:49 0 0
14:55:50 0 0
14:55:51 0 0
14:55:52 0 0
14:55:53 0 0
14:55:54 0 0
14:55:55 0 0
14:55:56 0 0
14:55:57 0 0
14:55:58 0 0
14:55:59 0 0
14:56:00 0 0
14:56:01 0 0
14:56:02 0 0
14:56:03 0 0
14:56:04 0 0
14:56:05 0 0
14:56:06 0 0
14:56:07 0 0
14:56:08 0 0
14:56:09 0 0
14:56:10 0 0
14:56:11 0 0
14:56:12 0 0
14:56:13 0 0
14:56:14 0 0
14:56:15 0 0
14:56:16 0 0
14:56:17 0 0
14:56:18 0 0
14:56:19 0 0
14:56:20 0 0
14:56:21 0 0
14:56:22 0 0
14:56:23 0 0
14:56:24 0 0
14:56:25 0 0
14:56:26 0 0
14:56:27 0 0
14:56:28 0 0
14:56:29 0 0
14:56:30 0 0
14:56:31 0 0
14:56:32 0 0
14:56:33 0 0
14:56:34 0 0
14:56:35 0 0
14:56:36 0 0
14:56:37 0 0
14:56:38 0 0
14:56:39 0 0
14:56:40 0 0
14:56:41 0 0
14:56:42 0 0
14:56:43 0 0
14:56:44 0 0
14:56:45 0 0
14:56:46 0 0
14:56:47 0 0
14:56:48 0 0
14:56:49 0 0
14:56:50 0 0
14:56:51 0 0
14:56:52 0 0
14:56:53 0 0
14:56:54 0 0
14:56:55 0 0
14:56:56 0 0
14:56:57 0 0
14:56:58 0 0
14:56:59 0 0
14:57:00 0 0
14:57:01 0 0
14:57:02 0 0
14:57:03 0 0
14:57:04 0 0
14:57:05 0 0
14:57:06 0 0
14:57:07 0 0
14:57:08 0 0
14:57:09 0 0
14:57:10 0 0
14:57:11 0 0
14:57:12 0 0
14:57:13 0 0
14:57:14 0 0
14:57:15 0 0
14:57:16 0 0
14:57:17 0 0
14:57:18 0 0
14:57:19 0 0
14:57:20 0 0
14:57:21 0 0
14:57:22 0 0
14:57:23 0 0
14:57:24 0 0
14:57:25 0 0
14:57:26 0 0
14:57:27 0 0
14:57:28 0 0
14:57:29 0 0
14:57:30 0 0
14:57:31 0 0
14:57:32 0 0
14:57:33 0 0
14:57:34 0 0
14:57:35 0 0
14:57:36 0 0
14:57:37 0 0
14:57:38 0 0
14:57:39 0 0
14:57:40 0 0
14:57:41 0 0
14:57:42 0 0
14:57:43 0 0
14:57:44 0 0
14:57:45 0 0
14:57:46 0 0
14:57:47 0 0
14:57:48 0 0
14:57:49 0 0
14:57:50 0 0
14:57:51 0 0
14:57:52 0 0
14:57:53 0 0
14:57:54 0 0
14:57:55 0 0
14:57:56 0 0
14:57:57 0 0
14:57:58 0 0
14:57:59 0 0
14:58:00 0 0
14:58:01 0 0
14:58:02 0 0
14:58:03 0 0
14:58:04 0 0
14:58:05 0 0
14:58:06 0 0
14:58:07 0 0
14:58:08 0 0
14:58:09 0 0
14:58:10 0 0
14:58:11 0 0
14:58:12 0 0
14:58:13 0 0
14:58:14 0 0
14:58:15 0 0
14:58:16 0 0
14:58:17 0 0
14:58:18 0 0
14:58:19 0 0
14:58:20 0 0
14:58:21 0 0
14:58:22 0 0
14:58:23 0 0
14:58:24 0 0
14:58:25 0 0
14:58:26 0 0
14:58:27 0 0
14:58:28 0 0
14:58:29 0 0
14:58:30 0 0
14:58:31 0 0
14:58:32 0 0
14:58:33 0 0
14:58:34 0 0
14:58:35 0 0
14:58:36 0 0
14:58:37 0 0
14:58:38 0 0
14:58:39 0 0
14:58:40 0 0
14:58:41 0 0
14:58:42 0 0
14:58:43 0 0
14:58:44 0 0
14:58:45 0 0
14:58:46 0 0
14:58:47 0 0
14:58:48 0 0
14:58:49 0 0
14:58:50 0 0
14:58:51 0 0
14:58:52 0 0
14:58:53 0 0
14:58:54 0 0
14:58:55 0 0
14:58:56 0 0
14:58:57 0 0
14:58:58 0 0
14:58:59 0 0
14:59:00 0 0
14:59:01 0 0
14:59:02 0 0
14:59:03 0 0
14:59:04 0 0
14:59:05 0 0
14:59:06 0 0
14:59:07 0 0
14:59:08 0 0
14:59:09 0 0
14:59:10 0 0
14:59:11 0 0
14:59:12 0 0
14:59:13 0 0
14:59:14 0 0
14:59:15 0 0
14:59:16 0 0
14:59:17 0 0
14:59:18 0 0
14:59:19 0 0
14:59:20 0 0
14:59:21 0 0
14:59:22 0 0
14:59:23 0 0
14:59:24 0 0
14:59:25 0 0
14:59:26 0 0
14:59:27 0 0
14:59:28 0 0
14:59:29 0 0
14:59:30 0 0
14:59:31 0 0
14:59:33 0 0
14:59:34 0 0
14:59:35 0 0
14:59:36 0 0
14:59:37 0 0
14:59:38 0 0
14:59:39 0 0
14:59:40 0 0
14:59:41 0 0
14:59:42 0 0
14:59:43 0 0
14:59:44 0 0
14:59:45 0 0
14:59:46 0 0
14:59:47 0 0
14:59:48 0 0
14:59:49 0 0
14:59:50 0 0
14:59:51 0 0
14:59:52 0 0
14:59:53 0 0
14:59:54 0 0
14:59:55 0 0
14:59:56 0 0
14:59:57 0 0
14:59:58 0 0
14:59:59 0 0
15:00:00 0 0
15:00:01 0 0
15:00:02 0 0
15:00:03 0 0
15:00:04 0 0
15:00:05 0 0
15:00:06 0 0
15:00:07 0 0
15:00:08 1 0
15:00:09 0 0
15:00:10 0 0
15:00:11 1 0
15:00:12 2 0
15:00:13 4 0
15:00:14 6 0
15:00:15 9 2
15:00:16 11 2
15:00:17 14 3
15:00:18 16 2
15:00:19 19 2
15:00:20 22 2
15:00:21 24 1
15:00:22 26 2
15:00:23 29 2
15:00:24 32 2
15:00:25 34 1
15:00:26 37 2
15:00:27 39 2
15:00:28 42 2
15:00:29 44 3
15:00:30 45 5
15:00:31 48 4
15:00:32 50 4
15:00:33 53 4
15:00:34 55 4
15:00:35 57 4
15:00:36 59 5
15:00:37 62 4
15:00:38 64 5
15:00:39 67 4
15:00:40 69 5
15:00:41 71 5
15:00:42 73 6
15:00:43 76 5
15:00:44 78 6
15:00:45 80 6
15:00:46 82 6
15:00:47 84 6
15:00:48 85 6
15:00:49 87 6
15:00:50 89 6
15:00:51 90 7
15:00:52 93 7
15:00:53 93 7
15:00:54 94 8
15:00:55 95 8
15:00:56 96 9
15:00:57 97 10
15:00:58 97 9
15:00:59 99 9
15:01:00 99 10
15:01:01 100 11
15:01:02 101 10
15:01:03 101 10
15:01:04 102 10
15:01:05 103 11
15:01:06 104 12
15:01:07 104 11
15:01:08 106 11
15:01:09 106 12
15:01:10 107 12
15:01:11 107 13
15:01:12 109 13
15:01:13 109 13
15:01:14 111 13
15:01:15 111 14
15:01:16 112 14
15:01:17 112 15
15:01:18 113 15
15:01:19 114 15
15:01:20 114 15
15:01:21 115 15
15:01:22 115 15
15:01:23 115 16
15:01:24 115 16
15:01:25 115 16
15:01:26 116 16
15:01:27 116 16
15:01:28 117 16
15:01:29 117 16
15:01:30 117 17
15:01:31 117 17
15:01:32 117 17
15:01:33 118 17
15:01:34 118 17
15:01:35 118 17
15:01:36 119 18
15:01:37 119 18
15:01:38 118 18
15:01:39 119 19
15:01:40 119 18
15:01:41 119 19
15:01:42 120 19
15:01:43 120 19
15:01:44 120 19
15:01:45 121 19
15:01:46 120 20
15:01:47 120 20
15:01:48 120 20
15:01:49 121 20
15:01:50 121 20
15:01:51 121 20
15:01:52 121 21
15:01:53 122 21
15:01:54 121 22
15:01:55 121 22
15:01:56 121 22
15:01:57 121 23
15:01:58 122 23
15:01:59 122 23
15:02:00 122 23
15:02:01 122 23
15:02:02 122 24
15:02:03 121 25
15:02:04 122 25
15:02:05 122 25
15:02:06 122 25
15:02:07 122 25
15:02:08 122 25
15:02:09 123 25
15:02:10 123 25
15:02:11 123 26
15:02:12 122 27
15:02:13 122 27
15:02:14 122 27
15:02:15 122 28
15:02:16 123 28
15:02:17 123 28
15:02:18 123 29
15:02:19 123 30
15:02:20 122 31
15:02:21 122 31
15:02:22 122 32
15:02:23 123 32
15:02:24 123 33
15:02:25 123 34
15:02:26 123 34
15:02:27 123 34
15:02:28 123 34
15:02:29 122 35
15:02:30 123 35
15:02:31 123 36
15:02:32 123 36
15:02:33 123 37
15:02:34 123 37
15:02:35 123 37
15:02:36 123 37
15:02:37 122 39
15:02:38 123 38
15:02:39 123 38
15:02:40 123 38
15:02:41 123 39
15:02:42 123 39
15:02:43 123 39
15:02:44 123 39
15:02:45 123 39
15:02:46 122 40
15:02:47 123 40
15:02:48 123 40
15:02:49 123 40
15:02:50 123 40
15:02:51 123 40
15:02:52 123 40
15:02:53 123 41
15:02:54 123 41
15:02:55 122 41
15:02:56 123 41
15:02:57 123 42
15:02:58 123 42
15:02:59 123 42
15:03:00 123 42
15:03:01 123 42
15:03:02 123 42
15:03:03 122 43
15:03:04 123 43
15:03:05 123 43
15:03:06 123 43
15:03:07 123 43
15:03:08 123 43
15:03:09 123 43
15:03:10 123 43
15:03:11 123 43
15:03:12 122 44
15:03:13 123 44
15:03:14 123 44
15:03:15 123 41
15:03:16 123 39
15:03:17 123 36
15:03:18 123 33
15:03:19 123 30
15:03:20 122 28
15:03:21 123 25
15:03:22 123 22
15:03:23 123 19
15:03:24 123 16
15:03:25 123 13
15:03:26 122 11
15:03:27 122 8
15:03:28 123 5
15:03:29 123 2
15:03:30 122 0
15:03:31 95 0
15:03:32 63 0
15:03:33 22 0
15:03:34 0 0
15:03:35 0 0
15:03:36 0 0
15:03:37 0 0
15:03:38 0 0
15:03:39 0 0
15:03:40 0 0
15:03:41 0 0
15:03:42 0 0
15:03:43 0 0
15:03:44 0 0
15:03:45 0 0
15:03:46 0 0
15:03:47 0 0
15:03:48 0 0
15:03:49 0 0
15:03:50 0 0
15:03:51 0 0
15:03:52 0 0
15:03:53 0 0
15:03:54 0 0
15:03:55 0 0
15:03:56 0 0
15:03:57 0 0
15:03:58 0 0
15:03:59 0 0
15:04:00 0 0
15:04:01 0 0
15:04:02 0 0
15:04:03 0 0
15:04:04 0 0
15:04:05 0 0
15:04:06 0 0
15:04:07 0 0
15:04:08 0 0
15:04:09 0 0
15:04:10 0 0
15:04:11 0 0
15:04:12 0 0
15:04:13 0 0
15:04:14 0 0
15:04:15 0 0
15:04:16 0 0
15:04:17 0 0
15:04:18 0 0
