time     running waiting
20:42:13 0 0
20:42:14 0 0
20:42:15 0 0
20:42:16 0 0
20:42:17 0 0
20:42:18 0 0
20:42:19 0 0
20:42:20 0 0
20:42:21 0 0
20:42:22 0 0
20:42:23 0 0
20:42:24 0 0
20:42:25 0 0
20:42:26 0 0
20:42:27 0 0
20:42:28 0 0
20:42:29 0 0
20:42:30 0 0
20:42:31 0 0
20:42:32 0 0
20:42:33 0 0
20:42:34 0 0
20:42:35 0 0
20:42:36 0 0
20:42:37 0 0
20:42:38 0 0
20:42:39 0 0
20:42:40 0 0
20:42:41 0 0
20:42:42 0 0
20:42:43 0 0
20:42:44 0 0
20:42:45 0 0
20:42:46 0 0
20:42:47 0 0
20:42:48 0 0
20:42:49 0 0
20:42:50 0 0
20:42:51 0 0
20:42:52 0 0
20:42:53 0 0
20:42:54 0 0
20:42:55 0 0
20:42:56 0 0
20:42:58 0 0
20:42:59 0 0
20:43:00 0 0
20:43:01 0 0
20:43:02 0 0
20:43:03 0 0
20:43:04 0 0
20:43:05 0 0
20:43:06 0 0
20:43:07 0 0
20:43:08 0 0
20:43:09 0 0
20:43:10 0 0
20:43:11 0 0
20:43:12 0 0
20:43:13 0 0
20:43:14 0 0
20:43:15 0 0
20:43:16 0 0
20:43:17 0 0
20:43:18 0 0
20:43:19 0 0
20:43:20 0 0
20:43:21 0 0
20:43:22 0 0
20:43:23 0 0
20:43:24 0 0
20:43:25 0 0
20:43:26 0 0
20:43:27 0 0
20:43:28 0 0
20:43:29 0 0
20:43:30 0 0
20:43:31 0 0
20:43:32 0 0
20:43:33 0 0
20:43:34 0 0
20:43:35 0 0
20:43:36 0 0
20:43:37 0 0
20:43:38 0 0
20:43:39 0 0
20:43:40 0 0
20:43:41 0 0
20:43:42 0 0
20:43:43 0 0
20:43:44 0 0
20:43:45 0 0
20:43:46 0 0
20:43:47 0 0
20:43:48 0 0
20:43:49 0 0
20:43:50 0 0
20:43:51 0 0
20:43:52 0 0
20:43:53 0 0
20:43:54 0 0
20:43:55 0 0
20:43:56 0 0
20:43:57 0 0
20:43:58 0 0
20:43:59 0 0
20:44:00 0 0
20:44:01 0 0
20:44:02 0 0
20:44:03 0 0
20:44:04 0 0
20:44:05 0 0
20:44:06 0 0
20:44:07 0 0
20:44:08 0 0
20:44:09 0 0
20:44:10 0 0
20:44:11 0 0
20:44:12 0 0
20:44:13 0 0
20:44:14 0 0
20:44:15 0 0
20:44:16 0 0
20:44:17 0 0
20:44:18 0 0
20:44:19 0 0
20:44:20 0 0
20:44:21 0 0
20:44:22 0 0
20:44:23 0 0
20:44:24 0 0
20:44:25 0 0
20:44:26 0 0
20:44:27 0 0
20:44:28 0 0
20:44:29 0 0
20:44:30 0 0
20:44:31 0 0
20:44:32 0 0
20:44:33 0 0
20:44:34 0 0
20:44:35 0 0
20:44:36 0 0
20:44:37 0 0
20:44:38 0 0
20:44:39 0 0
20:44:40 1 0
20:44:41 0 0
20:44:42 0 0
20:44:43 3 0
20:44:44 5 0
20:44:45 7 0
20:44:46 9 0
20:44:47 11 0
20:44:48 13 0
20:44:49 15 0
20:44:50 17 0
20:44:51 18 0
20:44:52 20 0
20:44:53 21 0
20:44:54 23 0
20:44:55 19 0
20:44:56 14 0
20:44:57 8 0
20:44:58 7 0
20:44:59 1 0
20:45:00 0 0
20:45:01 3 0
20:45:02 3 0
20:45:03 4 0
20:45:04 0 0
20:45:05 1 0
20:45:06 1 0
20:45:07 3 0
20:45:08 5 0
20:45:09 7 0
20:45:10 9 0
20:45:11 12 0
20:45:12 14 0
20:45:13 17 0
20:45:14 19 1
20:45:15 21 1
20:45:16 24 1
20:45:17 26 2
20:45:18 29 2
20:45:19 31 2
20:45:20 34 1
20:45:21 35 0
20:45:22 36 0
20:45:23 37 0
20:45:24 39 0
20:45:25 41 0
20:45:26 44 0
20:45:27 46 0
20:45:28 48 0
20:45:29 49 0
20:45:30 51 1
20:45:31 53 1
20:45:32 54 0
20:45:33 54 1
20:45:35 57 0
20:45:36 59 0
20:45:37 61 0
20:45:38 64 0
20:45:39 64 0
20:45:40 65 0
20:45:41 67 0
20:45:42 66 0
20:45:43 59 0
20:45:44 53 0
20:45:45 43 0
20:45:46 45 0
20:45:47 47 0
20:45:48 49 0
20:45:49 51 0
20:45:50 53 0
20:45:51 55 0
20:45:52 42 0
20:45:53 29 0
20:45:54 28 0
20:45:55 28 0
20:45:56 24 0
20:45:57 22 0
20:45:58 16 0
20:45:59 13 0
20:46:00 13 0
20:46:01 6 0
20:46:02 8 0
20:46:03 10 0
20:46:04 12 0
20:46:05 15 0
20:46:06 16 0
20:46:07 17 0
20:46:08 20 0
20:46:09 22 0
20:46:10 24 0
20:46:11 27 0
20:46:12 29 1
20:46:13 31 0
20:46:14 34 0
20:46:15 36 0
20:46:16 37 0
20:46:17 39 0
20:46:18 41 0
20:46:19 42 0
20:46:20 44 0
20:46:21 47 0
20:46:22 48 0
20:46:23 49 0
20:46:24 50 1
20:46:25 53 0
20:46:26 55 0
20:46:27 57 1
20:46:28 59 0
20:46:29 61 0
20:46:30 64 0
20:46:31 66 0
20:46:32 68 0
20:46:33 71 0
20:46:34 73 0
20:46:35 76 0
20:46:36 78 0
20:46:37 80 0
20:46:38 83 0
20:46:39 85 0
20:46:40 87 0
20:46:41 89 0
20:46:42 91 0
20:46:43 93 0
20:46:44 95 0
20:46:45 96 0
20:46:46 97 1
20:46:47 98 1
20:46:48 91 0
20:46:49 64 0
20:46:50 38 0
20:46:51 0 0
20:46:52 0 0
20:46:53 0 0
20:46:54 0 0
20:46:55 0 0
20:46:56 0 0
20:46:57 0 0
20:46:58 0 0
20:46:59 0 0
20:47:00 0 0
20:47:01 0 0
20:47:02 0 0
20:47:03 0 0
20:47:04 0 0
20:47:05 0 0
20:47:06 0 0
20:47:07 0 0
20:47:08 0 0
20:47:09 0 0
20:47:10 0 0
20:47:11 0 0
20:47:12 0 0
20:47:13 0 0
20:47:14 0 0
20:47:15 0 0
20:47:16 0 0
20:47:17 0 0
20:47:18 0 0
20:47:19 0 0
20:47:20 0 0
20:47:21 0 0
20:47:22 0 0
20:47:23 0 0
20:47:24 0 0
20:47:25 0 0
20:47:26 0 0
20:47:27 0 0
20:47:28 0 0
20:47:29 0 0
20:47:30 0 0
20:47:31 0 0
20:47:32 0 0
20:47:33 0 0
20:47:34 0 0
20:47:35 0 0
