time     running waiting
21:12:59 0 0
21:13:00 0 0
21:13:01 0 0
21:13:02 0 0
21:13:03 0 0
21:13:04 0 0
21:13:05 0 0
21:13:06 0 0
21:13:07 0 0
21:13:08 0 0
21:13:09 0 0
21:13:10 0 0
21:13:11 0 0
21:13:12 0 0
21:13:13 0 0
21:13:14 0 0
21:13:15 0 0
21:13:16 0 0
21:13:17 0 0
21:13:18 0 0
21:13:19 0 0
21:13:20 0 0
21:13:21 0 0
21:13:22 0 0
21:13:23 0 0
21:13:24 0 0
21:13:25 0 0
21:13:26 0 0
21:13:27 0 0
21:13:28 0 0
21:13:29 0 0
21:13:30 0 0
21:13:31 0 0
21:13:32 0 0
21:13:33 0 0
21:13:34 0 0
21:13:35 0 0
21:13:36 0 0
21:13:37 0 0
21:13:38 0 0
21:13:39 0 0
21:13:40 0 0
21:13:41 0 0
21:13:42 0 0
21:13:43 0 0
21:13:44 0 0
21:13:45 0 0
21:13:46 0 0
21:13:47 0 0
21:13:48 0 0
21:13:49 0 0
21:13:50 0 0
21:13:51 0 0
21:13:52 0 0
21:13:53 0 0
21:13:54 0 0
21:13:55 0 0
21:13:56 0 0
21:13:57 0 0
21:13:58 0 0
21:13:59 0 0
21:14:00 0 0
21:14:01 0 0
21:14:02 0 0
21:14:03 0 0
21:14:04 0 0
21:14:05 0 0
21:14:06 0 0
21:14:07 0 0
21:14:08 0 0
21:14:09 0 0
21:14:10 0 0
21:14:11 0 0
21:14:12 0 0
21:14:13 0 0
21:14:14 0 0
21:14:15 0 0
21:14:16 0 0
21:14:17 0 0
21:14:18 0 0
21:14:19 0 0
21:14:20 0 0
21:14:21 0 0
21:14:22 0 0
21:14:23 0 0
21:14:24 0 0
21:14:25 0 0
21:14:26 0 0
21:14:27 0 0
21:14:28 0 0
21:14:29 0 0
21:14:30 0 0
21:14:31 0 0
21:14:32 0 0
21:14:33 0 0
21:14:34 0 0
21:14:35 0 0
21:14:37 0 0
21:14:38 0 0
21:14:39 0 0
21:14:40 0 0
21:14:41 0 0
21:14:42 0 0
21:14:43 0 0
21:14:44 0 0
21:14:45 0 0
21:14:46 0 0
21:14:47 0 0
21:14:48 0 0
21:14:49 0 0
21:14:50 0 0
21:14:51 0 0
21:14:52 0 0
21:14:53 0 0
21:14:54 0 0
21:14:55 0 0
21:14:56 0 0
21:14:57 0 0
21:14:58 0 0
21:14:59 0 0
21:15:00 0 0
21:15:01 0 0
21:15:02 0 0
21:15:03 0 0
21:15:04 0 0
21:15:05 0 0
21:15:06 0 0
21:15:07 0 0
21:15:08 0 0
21:15:09 0 0
21:15:10 0 0
21:15:11 0 0
21:15:12 0 0
21:15:13 0 0
21:15:14 0 0
21:15:15 0 0
21:15:16 0 0
21:15:17 0 0
21:15:18 0 0
21:15:19 0 0
21:15:20 0 0
21:15:21 0 0
21:15:22 0 0
21:15:23 0 0
21:15:24 0 0
21:15:25 0 0
21:15:26 0 0
21:15:27 0 0
21:15:28 0 0
21:15:29 0 0
21:15:30 0 0
21:15:31 0 0
21:15:32 0 0
21:15:33 0 0
21:15:34 0 0
21:15:35 0 0
21:15:36 0 0
21:15:37 0 0
21:15:38 0 0
21:15:39 0 0
21:15:40 0 0
21:15:41 0 0
21:15:42 0 0
21:15:43 0 0
21:15:44 1 0
21:15:45 0 0
21:15:46 1 0
21:15:47 0 0
21:15:48 1 0
21:15:49 3 0
21:15:50 5 1
21:15:51 7 0
21:15:52 10 0
21:15:53 12 0
21:15:54 14 0
21:15:55 15 0
21:15:56 17 1
21:15:57 20 1
21:15:58 22 0
21:15:59 24 0
21:16:00 25 0
21:16:01 28 0
21:16:02 30 0
21:16:03 32 0
21:16:04 33 0
21:16:05 35 0
21:16:06 37 1
21:16:07 39 0
21:16:08 41 0
21:16:09 44 0
21:16:10 45 0
21:16:11 47 0
21:16:12 47 0
21:16:13 49 1
21:16:14 50 0
21:16:15 27 0
21:16:16 21 0
21:16:17 23 0
21:16:18 25 0
21:16:19 23 0
21:16:20 21 0
21:16:21 20 0
21:16:22 22 0
21:16:23 19 0
21:16:24 17 0
21:16:25 18 0
21:16:26 21 0
21:16:27 23 1
21:16:28 25 1
21:16:29 27 1
21:16:30 30 0
21:16:31 32 0
21:16:32 34 1
21:16:33 37 1
21:16:34 39 2
21:16:35 42 2
21:16:36 44 2
21:16:37 46 2
21:16:38 49 3
21:16:39 51 3
21:16:40 54 1
21:16:41 54 0
21:16:42 54 0
21:16:43 56 2
21:16:44 56 1
21:16:45 58 2
21:16:46 61 2
21:16:47 63 2
21:16:48 64 3
21:16:49 66 2
21:16:50 67 1
21:16:51 67 0
21:16:52 67 0
21:16:53 68 0
21:16:54 70 1
21:16:55 73 0
21:16:56 74 0
21:16:57 76 0
21:16:58 78 1
21:16:59 80 0
21:17:00 81 0
21:17:01 74 0
21:17:02 69 0
