time     running waiting
20:57:29 0 0
20:57:30 0 0
20:57:31 0 0
20:57:33 0 0
20:57:34 0 0
20:57:35 0 0
20:57:36 0 0
20:57:37 0 0
20:57:38 0 0
20:57:39 0 0
20:57:40 0 0
20:57:41 0 0
20:57:42 0 0
20:57:43 0 0
20:57:44 0 0
20:57:45 0 0
20:57:46 0 0
20:57:47 0 0
20:57:48 0 0
20:57:49 0 0
20:57:50 0 0
20:57:51 0 0
20:57:52 0 0
20:57:53 0 0
20:57:54 0 0
20:57:55 0 0
20:57:56 0 0
20:57:57 0 0
20:57:58 0 0
20:57:59 0 0
20:58:00 0 0
20:58:01 0 0
20:58:02 0 0
20:58:03 0 0
20:58:04 0 0
20:58:05 0 0
20:58:06 0 0
20:58:07 0 0
20:58:08 0 0
20:58:09 0 0
20:58:10 0 0
20:58:11 0 0
20:58:12 0 0
20:58:13 0 0
20:58:14 0 0
20:58:15 0 0
20:58:16 0 0
20:58:17 0 0
20:58:18 0 0
20:58:19 0 0
20:58:20 0 0
20:58:21 0 0
20:58:22 0 0
20:58:23 0 0
20:58:24 0 0
20:58:25 0 0
20:58:26 0 0
20:58:27 0 0
20:58:28 0 0
20:58:29 0 0
20:58:30 0 0
20:58:31 0 0
20:58:32 0 0
20:58:33 0 0
20:58:34 0 0
20:58:35 0 0
20:58:36 0 0
20:58:37 0 0
20:58:38 0 0
20:58:39 0 0
20:58:40 0 0
20:58:41 0 0
20:58:42 0 0
20:58:43 0 0
20:58:44 0 0
20:58:45 0 0
20:58:46 0 0
20:58:47 0 0
20:58:48 0 0
20:58:49 0 0
20:58:50 0 0
20:58:51 0 0
20:58:52 0 0
20:58:53 0 0
20:58:54 0 0
20:58:55 0 0
20:58:56 0 0
20:58:57 0 0
20:58:58 0 0
20:58:59 0 0
20:59:00 0 0
20:59:01 0 0
20:59:02 0 0
20:59:03 0 0
20:59:04 0 0
20:59:05 0 0
20:59:06 0 0
20:59:07 0 0
20:59:08 0 0
20:59:09 0 0
20:59:10 0 0
20:59:11 0 0
20:59:12 0 0
20:59:13 0 0
20:59:14 0 0
20:59:15 0 0
20:59:16 0 0
20:59:17 0 0
20:59:18 0 0
20:59:19 0 0
20:59:20 0 0
20:59:21 0 0
20:59:22 0 0
20:59:23 0 0
20:59:24 0 0
20:59:25 0 0
20:59:26 0 0
20:59:27 0 0
20:59:28 0 0
20:59:29 0 0
20:59:30 0 0
20:59:31 0 0
20:59:32 0 0
20:59:33 0 0
20:59:34 0 0
20:59:35 0 0
20:59:36 0 0
20:59:37 0 0
20:59:38 0 0
20:59:39 0 0
20:59:40 0 0
20:59:41 0 0
20:59:42 0 0
20:59:43 0 0
20:59:44 0 0
20:59:45 0 0
20:59:46 0 0
20:59:47 0 0
20:59:48 0 0
20:59:49 0 0
20:59:50 0 0
20:59:51 0 0
20:59:52 0 0
20:59:53 0 0
20:59:54 0 0
20:59:55 0 0
20:59:56 0 0
20:59:57 0 0
20:59:58 0 0
20:59:59 0 0
21:00:00 0 0
21:00:01 0 0
21:00:02 0 0
21:00:03 0 0
21:00:04 0 0
21:00:05 0 0
21:00:06 0 0
21:00:07 0 0
21:00:08 0 0
21:00:09 0 0
21:00:10 0 0
21:00:11 0 0
21:00:12 0 0
21:00:13 0 0
21:00:14 0 0
21:00:15 0 0
21:00:16 1 0
21:00:17 0 0
21:00:18 1 0
21:00:19 3 0
21:00:21 5 0
21:00:22 7 0
21:00:23 7 0
21:00:24 9 0
21:00:25 8 0
21:00:26 4 0
21:00:27 5 0
21:00:28 4 0
21:00:29 6 0
21:00:30 8 1
21:00:31 11 0
21:00:32 13 0
21:00:33 15 0
21:00:34 17 1
21:00:35 20 1
21:00:36 22 2
21:00:37 24 1
21:00:38 27 1
21:00:39 29 1
21:00:40 30 0
21:00:41 32 1
21:00:42 34 2
21:00:43 36 2
21:00:44 37 3
21:00:45 40 4
21:00:46 42 2
21:00:47 45 0
21:00:48 47 0
21:00:49 47 0
21:00:50 47 0
21:00:51 49 1
21:00:52 52 0
21:00:53 54 1
21:00:54 57 1
21:00:55 59 0
21:00:56 61 0
21:00:57 64 0
21:00:58 66 0
21:00:59 69 1
21:01:00 71 1
21:01:01 74 0
21:01:02 76 0
21:01:03 78 0
21:01:04 81 1
21:01:05 83 1
21:01:06 85 0
21:01:07 87 0
21:01:08 88 0
21:01:09 88 0
21:01:10 89 0
21:01:11 89 0
21:01:12 88 1
21:01:13 89 1
21:01:14 90 2
21:01:15 91 2
21:01:16 91 2
21:01:17 91 0
21:01:18 91 1
21:01:19 90 0
21:01:20 78 0
21:01:21 76 0
21:01:22 75 0
21:01:23 76 0
21:01:24 76 0
21:01:25 77 1
21:01:26 80 1
21:01:27 82 0
21:01:28 84 0
21:01:29 86 0
21:01:30 79 0
21:01:31 77 0
21:01:32 74 0
21:01:33 72 1
21:01:34 53 0
21:01:35 54 0
21:01:36 55 0
21:01:37 54 0
21:01:38 53 0
21:01:39 53 0
21:01:40 53 1
21:01:41 53 1
21:01:42 53 1
21:01:43 53 1
21:01:44 53 1
21:01:45 54 1
21:01:46 56 2
21:01:47 58 2
21:01:48 61 2
21:01:49 63 1
21:01:50 65 1
21:01:51 66 0
21:01:52 68 0
21:01:53 66 0
21:01:54 64 0
21:01:55 61 0
21:01:56 58 0
21:01:57 58 0
21:01:58 54 0
21:01:59 40 0
21:02:00 38 0
21:02:01 21 0
21:02:02 19 0
21:02:03 9 0
21:02:04 9 0
21:02:05 11 1
21:02:06 14 0
21:02:07 15 0
21:02:08 18 0
21:02:09 20 0
21:02:10 21 0
21:02:11 22 0
21:02:12 17 0
21:02:13 19 0
21:02:14 21 1
21:02:15 24 0
21:02:16 26 1
21:02:17 29 1
21:02:18 28 0
21:02:19 15 0
21:02:20 0 0
21:02:21 0 0
21:02:22 0 0
21:02:23 0 0
21:02:24 0 0
21:02:25 0 0
21:02:26 0 0
21:02:27 0 0
21:02:28 0 0
21:02:29 0 0
21:02:30 0 0
21:02:31 0 0
21:02:32 0 0
21:02:33 0 0
21:02:34 0 0
21:02:35 0 0
21:02:36 0 0
21:02:37 0 0
21:02:38 0 0
21:02:39 0 0
21:02:40 0 0
21:02:41 0 0
21:02:42 0 0
21:02:43 0 0
21:02:44 0 0
21:02:45 0 0
21:02:46 0 0
21:02:47 0 0
21:02:48 0 0
21:02:49 0 0
21:02:50 0 0
21:02:51 0 0
21:02:52 0 0
21:02:53 0 0
21:02:54 0 0
21:02:55 0 0
21:02:56 0 0
21:02:57 0 0
21:02:58 0 0
21:02:59 0 0
21:03:00 0 0
21:03:01 0 0
21:03:02 0 0
21:03:03 0 0
21:03:04 0 0
