time     running waiting
20:26:33 0 0
20:26:34 0 0
20:26:35 0 0
20:26:36 0 0
20:26:37 0 0
20:26:38 0 0
20:26:39 0 0
20:26:40 0 0
20:26:41 0 0
20:26:42 0 0
20:26:43 0 0
20:26:44 0 0
20:26:45 0 0
20:26:46 0 0
20:26:47 0 0
20:26:48 0 0
20:26:49 0 0
20:26:50 0 0
20:26:51 0 0
20:26:52 0 0
20:26:53 0 0
20:26:54 0 0
20:26:55 0 0
20:26:57 0 0
20:26:58 0 0
20:26:59 0 0
20:27:00 0 0
20:27:01 0 0
20:27:02 0 0
20:27:03 0 0
20:27:04 0 0
20:27:05 0 0
20:27:06 0 0
20:27:07 0 0
20:27:08 0 0
20:27:09 0 0
20:27:10 0 0
20:27:11 0 0
20:27:12 0 0
20:27:13 0 0
20:27:14 0 0
20:27:15 0 0
20:27:16 0 0
20:27:17 0 0
20:27:18 0 0
20:27:19 0 0
20:27:20 0 0
20:27:21 0 0
20:27:22 0 0
20:27:23 0 0
20:27:24 0 0
20:27:25 0 0
20:27:26 0 0
20:27:27 0 0
20:27:28 0 0
20:27:29 0 0
20:27:30 0 0
20:27:31 0 0
20:27:32 0 0
20:27:33 0 0
20:27:34 0 0
20:27:35 0 0
20:27:36 0 0
20:27:37 0 0
20:27:38 0 0
20:27:39 0 0
20:27:40 0 0
20:27:41 0 0
20:27:42 0 0
20:27:43 0 0
20:27:44 0 0
20:27:45 0 0
20:27:46 0 0
20:27:47 0 0
20:27:48 0 0
20:27:49 0 0
20:27:50 0 0
20:27:51 0 0
20:27:52 0 0
20:27:53 0 0
20:27:54 0 0
20:27:55 0 0
20:27:56 0 0
20:27:57 0 0
20:27:58 0 0
20:27:59 0 0
20:28:00 0 0
20:28:01 0 0
20:28:02 0 0
20:28:03 0 0
20:28:04 0 0
20:28:05 0 0
20:28:06 0 0
20:28:07 0 0
20:28:08 0 0
20:28:09 0 0
20:28:10 0 0
20:28:11 0 0
20:28:12 0 0
20:28:13 0 0
20:28:14 0 0
20:28:15 0 0
20:28:16 0 0
20:28:17 0 0
20:28:18 0 0
20:28:19 0 0
20:28:20 0 0
20:28:21 0 0
20:28:22 0 0
20:28:23 0 0
20:28:24 0 0
20:28:25 0 0
20:28:26 0 0
20:28:27 0 0
20:28:28 0 0
20:28:29 0 0
20:28:30 0 0
20:28:31 0 0
20:28:32 0 0
20:28:33 0 0
20:28:34 0 0
20:28:35 0 0
20:28:36 0 0
20:28:37 0 0
20:28:38 0 0
20:28:39 0 0
20:28:40 0 0
20:28:41 0 0
20:28:42 0 0
20:28:43 0 0
20:28:44 0 0
20:28:45 0 0
20:28:46 0 0
20:28:47 0 0
20:28:48 0 0
20:28:49 0 0
20:28:50 0 0
20:28:51 0 0
20:28:52 0 0
20:28:53 0 0
20:28:54 0 0
20:28:55 0 0
20:28:56 0 0
20:28:57 0 0
20:28:58 0 0
20:28:59 0 0
20:29:00 0 0
20:29:01 0 0
20:29:02 0 0
20:29:03 0 0
20:29:04 0 0
20:29:05 0 0
20:29:06 0 0
20:29:07 0 0
20:29:08 0 0
20:29:09 0 0
20:29:10 0 0
20:29:11 0 0
20:29:12 0 0
20:29:13 0 0
20:29:14 0 0
20:29:15 0 0
20:29:16 0 0
20:29:17 0 0
20:29:18 0 0
20:29:19 0 0
20:29:20 1 0
20:29:21 0 0
20:29:22 1 0
20:29:23 3 0
20:29:24 5 0
20:29:25 7 0
20:29:26 8 0
20:29:27 11 0
20:29:28 13 0
20:29:29 13 0
20:29:30 14 0
20:29:31 11 0
20:29:32 3 0
20:29:34 5 0
20:29:35 5 0
20:29:36 7 0
20:29:37 9 1
20:29:38 12 0
20:29:39 14 0
20:29:40 16 0
20:29:41 15 0
20:29:42 12 0
20:29:43 2 0
20:29:44 4 0
20:29:45 6 1
20:29:46 9 0
20:29:47 10 0
20:29:48 10 0
20:29:49 12 0
20:29:50 8 0
20:29:51 6 0
20:29:52 8 1
20:29:53 11 0
20:29:54 7 0
20:29:55 9 0
20:29:56 11 0
20:29:57 13 0
20:29:58 15 0
20:29:59 16 0
20:30:00 18 0
20:30:01 20 0
20:30:02 20 1
20:30:03 20 0
20:30:04 19 0
20:30:05 21 0
20:30:06 23 0
20:30:07 25 0
20:30:08 27 0
20:30:09 28 1
20:30:10 31 0
20:30:11 33 0
20:30:12 36 1
20:30:13 38 1
20:30:14 40 1
20:30:15 43 1
20:30:16 45 1
20:30:17 48 2
20:30:18 50 2
20:30:19 53 1
20:30:20 55 1
20:30:21 57 1
20:30:22 58 0
20:30:23 59 0
20:30:24 61 0
20:30:25 63 0
20:30:26 63 0
20:30:27 63 1
20:30:28 63 0
20:30:29 65 0
20:30:30 67 0
20:30:31 69 0
20:30:32 70 0
20:30:33 72 0
20:30:34 72 0
20:30:35 74 0
20:30:36 76 0
20:30:37 74 0
20:30:38 75 0
20:30:39 74 0
20:30:40 69 0
20:30:41 66 0
20:30:42 35 0
20:30:43 24 0
20:30:44 23 1
20:30:45 24 0
20:30:46 24 0
20:30:47 23 1
20:30:48 19 0
20:30:49 20 0
20:30:50 20 0
20:30:51 19 0
20:30:52 20 0
20:30:53 21 0
20:30:54 23 0
20:30:55 24 0
20:30:56 26 0
20:30:57 27 0
20:30:58 8 0
20:30:59 7 0
20:31:00 3 0
20:31:01 4 0
20:31:02 6 0
20:31:03 8 0
20:31:04 10 0
20:31:05 12 0
20:31:06 13 0
20:31:07 14 0
20:31:08 15 1
20:31:09 18 0
20:31:10 20 1
20:31:11 23 1
20:31:12 25 1
20:31:13 28 1
20:31:14 30 0
20:31:15 33 0
20:31:16 33 0
20:31:17 34 0
20:31:18 37 0
20:31:19 38 0
20:31:20 36 0
20:31:21 39 0
20:31:22 41 1
20:31:23 43 0
20:31:24 44 0
20:31:25 46 0
20:31:26 47 0
20:31:27 49 0
20:31:28 47 0
20:31:29 49 0
20:31:30 51 1
20:31:31 53 0
20:31:32 55 0
20:31:33 51 0
20:31:34 31 0
20:31:35 18 0
20:31:36 0 0
20:31:37 0 0
20:31:38 0 0
20:31:39 0 0
20:31:40 0 0
20:31:41 0 0
20:31:42 0 0
20:31:43 0 0
20:31:44 0 0
20:31:45 0 0
20:31:46 0 0
20:31:47 0 0
20:31:48 0 0
20:31:49 0 0
20:31:50 0 0
20:31:51 0 0
20:31:52 0 0
20:31:53 0 0
20:31:54 0 0
20:31:55 0 0
20:31:56 0 0
20:31:57 0 0
20:31:58 0 0
20:31:59 0 0
20:32:00 0 0
20:32:01 0 0
20:32:03 0 0
20:32:04 0 0
20:32:05 0 0
20:32:06 0 0
20:32:07 0 0
20:32:08 0 0
20:32:09 0 0
20:32:10 0 0
20:32:11 0 0
20:32:12 0 0
20:32:13 0 0
20:32:14 0 0
20:32:15 0 0
20:32:16 0 0
20:32:17 0 0
20:32:18 0 0
20:32:19 0 0
20:32:20 0 0
20:32:21 0 0
