time     running waiting
20:14:09 0 0
20:14:10 0 0
20:14:11 0 0
20:14:12 0 0
20:14:13 0 0
20:14:14 0 0
20:14:15 0 0
20:14:16 0 0
20:14:17 0 0
20:14:18 0 0
20:14:19 0 0
20:14:20 0 0
20:14:21 0 0
20:14:22 0 0
20:14:23 0 0
20:14:24 0 0
20:14:25 0 0
20:14:26 0 0
20:14:27 0 0
20:14:28 0 0
20:14:29 0 0
20:14:30 0 0
20:14:31 0 0
20:14:32 0 0
20:14:33 0 0
20:14:34 0 0
20:14:35 0 0
20:14:36 0 0
20:14:37 0 0
20:14:38 0 0
20:14:39 0 0
20:14:40 0 0
20:14:41 0 0
20:14:42 0 0
20:14:43 0 0
20:14:44 0 0
20:14:45 0 0
20:14:46 0 0
20:14:47 0 0
20:14:48 0 0
20:14:49 0 0
20:14:50 0 0
20:14:51 0 0
20:14:52 0 0
20:14:53 0 0
20:14:54 0 0
20:14:55 0 0
20:14:56 0 0
20:14:57 0 0
20:14:58 0 0
20:14:59 0 0
20:15:00 0 0
20:15:01 0 0
20:15:02 0 0
20:15:03 0 0
20:15:04 0 0
20:15:05 0 0
20:15:06 0 0
20:15:07 0 0
20:15:08 0 0
20:15:09 0 0
20:15:10 0 0
20:15:11 0 0
20:15:12 0 0
20:15:13 0 0
20:15:14 0 0
20:15:15 0 0
20:15:16 0 0
20:15:17 0 0
20:15:18 0 0
20:15:19 0 0
20:15:20 0 0
20:15:21 0 0
20:15:22 0 0
20:15:23 0 0
20:15:24 0 0
20:15:25 0 0
20:15:26 0 0
20:15:27 0 0
20:15:28 0 0
20:15:29 0 0
20:15:30 0 0
20:15:31 0 0
20:15:32 0 0
20:15:33 0 0
20:15:34 0 0
20:15:35 0 0
20:15:36 0 0
20:15:37 0 0
20:15:38 0 0
20:15:39 0 0
20:15:40 0 0
20:15:41 0 0
20:15:42 0 0
20:15:43 0 0
20:15:44 0 0
20:15:45 0 0
20:15:46 0 0
20:15:47 0 0
20:15:48 0 0
20:15:49 0 0
20:15:50 0 0
20:15:51 0 0
20:15:52 0 0
20:15:53 0 0
20:15:54 0 0
20:15:55 0 0
20:15:56 0 0
20:15:57 0 0
20:15:58 0 0
20:15:59 0 0
20:16:00 0 0
20:16:01 0 0
20:16:02 0 0
20:16:03 0 0
20:16:04 0 0
20:16:05 0 0
20:16:06 0 0
20:16:07 0 0
20:16:08 0 0
20:16:09 0 0
20:16:10 0 0
20:16:11 0 0
20:16:13 0 0
20:16:14 0 0
20:16:15 0 0
20:16:16 0 0
20:16:17 0 0
20:16:18 0 0
20:16:19 0 0
20:16:20 0 0
20:16:21 0 0
20:16:22 0 0
20:16:23 0 0
20:16:24 0 0
20:16:25 0 0
20:16:26 0 0
20:16:27 0 0
20:16:28 0 0
20:16:29 0 0
20:16:30 0 0
20:16:31 0 0
20:16:32 0 0
20:16:33 0 0
20:16:34 0 0
20:16:35 0 0
20:16:36 0 0
20:16:37 0 0
20:16:38 0 0
20:16:39 0 0
20:16:40 0 0
20:16:41 0 0
20:16:42 0 0
20:16:43 0 0
20:16:44 0 0
20:16:45 0 0
20:16:46 0 0
20:16:47 0 0
20:16:48 0 0
20:16:49 0 0
20:16:50 0 0
20:16:51 0 0
20:16:52 0 0
20:16:53 0 0
20:16:54 0 0
20:16:55 0 0
20:16:56 0 0
20:16:57 0 0
20:16:58 0 0
20:16:59 1 0
20:17:00 0 0
20:17:01 2 0
20:17:02 4 0
20:17:03 6 0
20:17:04 7 0
20:17:05 9 0
20:17:06 11 0
20:17:07 13 1
20:17:08 15 0
20:17:09 18 0
20:17:10 20 0
20:17:11 23 0
20:17:12 23 0
20:17:13 25 1
20:17:14 28 1
20:17:15 30 1
20:17:16 32 1
20:17:17 35 1
20:17:18 37 1
20:17:19 40 1
20:17:20 42 1
20:17:21 45 1
20:17:22 47 1
20:17:23 49 1
20:17:24 52 1
20:17:25 55 2
20:17:26 57 2
20:17:27 59 2
20:17:28 61 2
20:17:29 64 2
20:17:30 66 2
20:17:31 69 2
20:17:32 71 2
20:17:33 73 3
20:17:34 75 4
20:17:35 77 5
20:17:36 80 5
20:17:37 82 5
20:17:38 84 5
20:17:39 87 6
20:17:40 89 6
20:17:41 92 5
20:17:42 94 4
20:17:43 95 3
20:17:44 96 3
20:17:45 97 1
20:17:46 98 0
20:17:47 100 0
20:17:48 102 0
20:17:49 105 0
20:17:50 106 1
20:17:51 109 0
20:17:52 111 1
20:17:53 113 1
20:17:54 116 0
20:17:55 114 0
20:17:56 107 0
20:17:57 105 0
20:17:58 104 0
20:17:59 104 0
20:18:00 104 0
20:18:01 103 0
20:18:02 102 0
20:18:03 100 0
20:18:04 98 1
20:18:05 98 0
20:18:06 98 0
20:18:07 98 0
20:18:08 98 0
20:18:09 98 0
20:18:10 98 0
20:18:11 98 0
20:18:12 98 0
20:18:13 97 0
20:18:14 96 0
20:18:15 85 0
20:18:16 61 0
20:18:17 59 0
20:18:18 55 0
20:18:19 53 1
20:18:20 53 0
20:18:21 54 0
20:18:22 57 0
20:18:23 58 1
20:18:24 59 1
20:18:25 62 1
20:18:26 64 2
20:18:27 67 1
20:18:28 69 0
20:18:29 71 0
20:18:30 72 0
20:18:31 71 0
20:18:32 71 0
20:18:33 69 0
20:18:34 65 0
20:18:35 65 1
20:18:36 65 0
20:18:37 65 0
20:18:38 65 0
20:18:39 65 0
20:18:40 65 1
20:18:41 65 0
20:18:42 64 0
20:18:43 59 0
20:18:44 60 0
20:18:45 62 0
20:18:46 64 0
20:18:47 65 0
20:18:48 64 0
20:18:49 65 1
20:18:50 66 0
20:18:51 67 0
20:18:52 62 0
20:18:54 33 0
20:18:55 10 0
20:18:56 0 0
20:18:57 0 0
20:18:58 0 0
20:18:59 0 0
20:19:00 0 0
20:19:01 0 0
20:19:02 0 0
20:19:03 0 0
20:19:04 0 0
20:19:05 0 0
20:19:06 0 0
20:19:07 0 0
20:19:08 0 0
20:19:09 0 0
20:19:10 0 0
20:19:11 0 0
20:19:12 0 0
20:19:13 0 0
20:19:14 0 0
20:19:15 0 0
20:19:16 0 0
20:19:17 0 0
20:19:18 0 0
20:19:19 0 0
20:19:20 0 0
20:19:21 0 0
20:19:22 0 0
20:19:23 0 0
20:19:24 0 0
20:19:25 0 0
20:19:26 0 0
20:19:27 0 0
20:19:28 0 0
20:19:29 0 0
20:19:30 0 0
20:19:31 0 0
20:19:32 0 0
20:19:33 0 0
20:19:34 0 0
20:19:35 0 0
20:19:36 0 0
20:19:37 0 0
20:19:38 0 0
20:19:39 0 0
20:19:40 0 0
