time     running waiting
15:12:21 0 0
15:12:22 0 0
15:12:23 0 0
15:12:24 0 0
15:12:25 0 0
15:12:26 0 0
15:12:27 0 0
15:12:28 0 0
15:12:29 0 0
15:12:30 0 0
15:12:31 0 0
15:12:32 0 0
15:12:33 0 0
15:12:34 0 0
15:12:35 0 0
15:12:36 0 0
15:12:37 0 0
15:12:38 0 0
15:12:39 0 0
15:12:40 0 0
15:12:41 0 0
15:12:42 0 0
15:12:43 0 0
15:12:44 0 0
15:12:45 0 0
15:12:46 0 0
15:12:47 0 0
15:12:48 0 0
15:12:49 0 0
15:12:50 0 0
15:12:51 0 0
15:12:52 0 0
15:12:53 0 0
15:12:54 0 0
15:12:55 0 0
15:12:56 0 0
15:12:57 0 0
15:12:58 0 0
15:12:59 0 0
15:13:00 0 0
15:13:01 0 0
15:13:02 0 0
15:13:03 0 0
15:13:04 0 0
15:13:06 0 0
15:13:07 0 0
15:13:08 0 0
15:13:09 0 0
15:13:10 0 0
15:13:11 0 0
15:13:12 0 0
15:13:13 0 0
15:13:14 0 0
15:13:15 0 0
15:13:16 0 0
15:13:17 0 0
15:13:18 0 0
15:13:19 0 0
15:13:20 0 0
15:13:21 0 0
15:13:22 0 0
15:13:23 0 0
15:13:24 0 0
15:13:25 0 0
15:13:26 0 0
15:13:27 0 0
15:13:28 0 0
15:13:29 0 0
15:13:30 0 0
15:13:31 0 0
15:13:32 0 0
15:13:33 0 0
15:13:34 0 0
15:13:35 0 0
15:13:36 0 0
15:13:37 0 0
15:13:38 0 0
15:13:39 0 0
15:13:40 0 0
15:13:41 0 0
15:13:42 0 0
15:13:43 0 0
15:13:44 0 0
15:13:45 0 0
15:13:46 0 0
15:13:47 0 0
15:13:48 0 0
15:13:49 0 0
15:13:50 0 0
15:13:51 1 0
15:13:52 0 0
15:13:53 1 0
15:13:54 2 0
15:13:55 1 0
15:13:56 2 0
15:13:57 4 0
15:13:58 5 1
15:13:59 6 1
15:14:00 9 0
15:14:01 5 0
15:14:02 5 0
15:14:03 8 0
15:14:04 10 0
15:14:05 8 0
15:14:06 10 0
15:14:07 12 0
15:14:08 14 0
15:14:09 9 0
15:14:10 10 0
15:14:11 3 0
15:14:12 0 0
15:14:13 2 0
15:14:14 4 0
15:14:15 6 0
15:14:16 9 0
15:14:17 10 0
15:14:18 10 0
15:14:19 11 0
15:14:20 12 1
15:14:21 14 0
15:14:22 14 0
15:14:23 12 0
15:14:24 14 1
15:14:25 16 0
15:14:26 18 0
15:14:27 20 0
15:14:28 22 1
15:14:29 24 0
15:14:30 19 0
15:14:31 9 0
15:14:32 1 0
15:14:33 2 0
15:14:34 4 0
15:14:35 7 0
15:14:36 8 0
15:14:37 10 0
15:14:38 10 0
15:14:39 12 0
15:14:40 14 0
15:14:41 10 0
15:14:42 13 0
15:14:43 15 1
15:14:44 17 0
15:14:45 18 1
15:14:46 19 1
15:14:47 22 1
15:14:48 24 1
15:14:49 25 2
15:14:50 28 2
15:14:51 31 2
15:14:52 34 3
15:14:53 36 2
15:14:54 38 2
15:14:55 40 2
15:14:56 41 0
15:14:57 40 0
15:14:58 23 0
15:14:59 0 0
15:15:00 0 0
15:15:01 0 0
15:15:02 0 0
15:15:03 0 0
15:15:04 0 0
15:15:05 0 0
15:15:06 0 0
15:15:07 0 0
15:15:08 0 0
15:15:09 0 0
15:15:10 0 0
15:15:11 0 0
15:15:12 0 0
15:15:13 0 0
15:15:14 0 0
15:15:15 0 0
15:15:16 0 0
15:15:17 0 0
15:15:18 0 0
15:15:19 0 0
15:15:20 0 0
15:15:21 0 0
15:15:22 0 0
15:15:23 0 0
15:15:24 0 0
15:15:25 0 0
15:15:26 0 0
15:15:27 0 0
15:15:28 0 0
15:15:29 0 0
15:15:30 0 0
15:15:31 0 0
15:15:32 0 0
15:15:33 0 0
15:15:35 0 0
15:15:36 0 0
15:15:37 0 0
15:15:38 0 0
15:15:39 0 0
15:15:40 0 0
15:15:41 0 0
15:15:42 0 0
15:15:43 0 0
15:15:44 0 0
