time     running waiting
15:15:46 0 0
15:15:47 0 0
15:15:48 0 0
15:15:49 0 0
15:15:50 0 0
15:15:51 0 0
15:15:52 0 0
15:15:53 0 0
15:15:54 0 0
15:15:55 0 0
15:15:56 0 0
15:15:57 0 0
15:15:58 0 0
15:15:59 0 0
15:16:00 0 0
15:16:01 0 0
15:16:02 0 0
15:16:03 0 0
15:16:04 0 0
15:16:05 0 0
15:16:06 0 0
15:16:07 0 0
15:16:08 0 0
15:16:09 0 0
15:16:10 0 0
15:16:11 0 0
15:16:12 0 0
15:16:13 0 0
15:16:14 0 0
15:16:15 0 0
15:16:16 0 0
15:16:17 0 0
15:16:18 0 0
15:16:19 0 0
15:16:20 0 0
15:16:21 0 0
15:16:22 0 0
15:16:23 0 0
15:16:24 0 0
15:16:25 0 0
15:16:26 0 0
15:16:27 0 0
15:16:28 0 0
15:16:29 0 0
15:16:30 0 0
15:16:31 0 0
15:16:32 0 0
15:16:33 0 0
15:16:34 0 0
15:16:35 0 0
15:16:36 0 0
15:16:37 0 0
15:16:38 0 0
15:16:39 0 0
15:16:40 0 0
15:16:41 0 0
15:16:42 0 0
15:16:43 0 0
15:16:44 0 0
15:16:45 0 0
15:16:46 0 0
15:16:47 0 0
15:16:48 0 0
15:16:49 0 0
15:16:50 0 0
15:16:51 0 0
15:16:52 0 0
15:16:53 0 0
15:16:54 0 0
15:18:14 46 1
15:18:15 47 0
15:18:16 48 0
15:18:17 47 0
15:18:18 47 0
15:18:19 47 0
15:18:20 47 1
15:18:21 47 2
15:18:22 47 0
15:18:23 37 0
15:18:24 14 0
15:18:25 0 0
15:18:26 0 0
15:18:27 0 0
15:18:28 0 0
15:18:29 0 0
15:18:30 0 0
15:18:31 0 0
15:18:32 0 0
15:18:33 0 0
15:18:34 0 0
15:18:35 0 0
15:18:36 0 0
15:18:37 0 0
15:18:38 0 0
15:18:39 0 0
15:18:40 0 0
15:18:41 0 0
15:18:42 0 0
15:18:43 0 0
15:18:44 0 0
15:18:45 0 0
15:18:46 0 0
15:18:47 0 0
15:18:48 0 0
15:18:49 0 0
15:18:50 0 0
15:18:51 0 0
15:18:52 0 0
15:18:53 0 0
15:18:54 0 0
15:18:55 0 0
15:18:56 0 0
15:18:57 0 0
15:18:58 0 0
15:18:59 0 0
15:19:00 0 0
15:19:01 0 0
15:19:02 0 0
15:19:03 0 0
15:19:04 0 0
15:19:05 0 0
15:19:06 0 0
15:19:07 0 0
15:19:08 0 0
15:19:09 0 0
