time     running waiting
15:05:46 0 0
15:05:47 0 0
15:05:48 0 0
15:05:49 0 0
15:05:50 0 0
15:05:51 0 0
15:05:52 0 0
15:05:53 0 0
15:05:54 0 0
15:05:55 0 0
15:05:56 0 0
15:05:57 0 0
15:05:58 0 0
15:05:59 0 0
15:06:00 0 0
15:06:01 0 0
15:06:02 0 0
15:06:03 0 0
15:06:04 0 0
15:06:05 0 0
15:06:06 0 0
15:06:07 0 0
15:06:08 0 0
15:06:09 0 0
15:06:10 0 0
15:06:11 0 0
15:06:12 0 0
15:06:13 0 0
15:06:14 0 0
15:06:15 0 0
15:06:16 0 0
15:06:17 0 0
15:06:18 0 0
15:06:19 0 0
15:06:20 0 0
15:06:21 0 0
15:06:22 0 0
15:06:23 0 0
15:06:24 0 0
15:06:25 0 0
15:06:26 0 0
15:06:27 0 0
15:06:28 0 0
15:06:30 0 0
15:06:31 0 0
15:06:32 0 0
15:06:33 0 0
15:06:34 0 0
15:06:35 0 0
15:06:36 0 0
15:06:37 0 0
15:06:38 0 0
15:06:39 0 0
15:06:40 0 0
15:06:41 0 0
15:06:42 0 0
15:06:43 0 0
15:06:44 0 0
15:06:45 0 0
15:06:46 0 0
15:06:47 0 0
15:06:48 0 0
15:06:49 0 0
15:06:50 0 0
15:06:51 0 0
15:06:52 0 0
15:06:53 0 0
15:06:54 0 0
15:06:55 0 0
15:06:56 0 0
15:06:57 0 0
15:06:58 0 0
15:06:59 0 0
15:07:00 0 0
15:07:01 0 0
15:07:02 0 0
15:07:03 0 0
15:07:04 0 0
15:07:05 0 0
15:07:06 0 0
15:07:07 0 0
15:07:08 0 0
15:07:09 0 0
15:07:10 0 0
15:07:11 0 0
15:07:12 0 0
15:07:13 0 0
15:07:14 0 0
15:07:15 1 0
15:07:16 0 0
15:07:17 0 0
15:07:18 1 0
15:07:19 2 0
15:07:20 4 0
15:07:21 5 0
15:07:22 7 0
15:07:23 7 0
15:07:24 9 0
15:07:25 10 0
15:07:26 12 1
15:07:27 14 1
15:07:28 16 2
15:07:29 19 2
15:07:30 22 3
15:07:31 24 2
15:07:32 27 2
15:07:33 30 2
15:07:34 32 2
15:07:35 35 2
15:07:36 37 2
15:07:37 38 2
15:07:38 41 3
15:07:39 43 2
15:07:40 46 2
15:07:41 48 3
15:07:42 51 3
15:07:43 54 3
15:07:44 55 2
15:07:45 57 1
15:07:46 58 1
15:07:47 61 1
15:07:48 62 0
15:07:49 50 1
15:07:50 43 0
15:07:51 26 0
15:07:52 19 0
15:07:53 16 0
15:07:54 16 0
15:07:55 15 1
15:07:56 15 2
15:07:57 18 1
15:07:58 21 1
15:07:59 23 2
15:08:00 26 1
15:08:01 28 0
15:08:02 28 0
15:08:03 28 0
15:08:04 30 0
15:08:05 32 0
15:08:06 28 0
15:08:07 9 0
15:08:08 6 0
15:08:09 2 0
15:08:10 3 0
15:08:11 4 0
15:08:12 6 0
15:08:13 8 0
15:08:14 11 0
15:08:15 12 0
15:08:16 7 0
15:08:17 0 0
15:08:18 0 0
15:08:19 0 0
15:08:20 0 0
15:08:21 0 0
15:08:22 0 0
15:08:23 0 0
15:08:24 0 0
15:08:25 0 0
15:08:26 0 0
15:08:27 0 0
15:08:28 0 0
15:08:29 0 0
15:08:30 0 0
15:08:31 0 0
15:08:32 0 0
15:08:33 0 0
15:08:34 0 0
15:08:35 0 0
15:08:36 0 0
15:08:37 0 0
15:08:38 0 0
15:08:39 0 0
15:08:40 0 0
15:08:41 0 0
15:08:42 0 0
15:08:43 0 0
15:08:44 0 0
15:08:45 0 0
15:08:46 0 0
15:08:47 0 0
15:08:48 0 0
15:08:49 0 0
15:08:50 0 0
15:08:51 0 0
15:08:52 0 0
15:08:53 0 0
15:08:54 0 0
15:08:55 0 0
15:08:56 0 0
15:08:57 0 0
15:08:58 0 0
15:08:59 0 0
15:09:00 0 0
15:09:01 0 0
