time     running waiting
15:09:04 0 0
15:09:05 0 0
15:09:06 0 0
15:09:07 0 0
15:09:08 0 0
15:09:09 0 0
15:09:10 0 0
15:09:11 0 0
15:09:12 0 0
15:09:13 0 0
15:09:14 0 0
15:09:15 0 0
15:09:16 0 0
15:09:17 0 0
15:09:18 0 0
15:09:19 0 0
15:09:20 0 0
15:09:21 0 0
15:09:22 0 0
15:09:23 0 0
15:09:24 0 0
15:09:25 0 0
15:09:26 0 0
15:09:27 0 0
15:09:28 0 0
15:09:29 0 0
15:09:30 0 0
15:09:31 0 0
15:09:32 0 0
15:09:33 0 0
15:09:34 0 0
15:09:35 0 0
15:09:36 0 0
15:09:37 0 0
15:09:38 0 0
15:09:39 0 0
15:09:40 0 0
15:09:41 0 0
15:09:42 0 0
15:09:43 0 0
15:09:44 0 0
15:09:45 0 0
15:09:46 0 0
15:09:47 0 0
15:09:48 0 0
15:09:49 0 0
15:09:50 0 0
15:09:51 0 0
15:09:52 0 0
15:09:53 0 0
15:09:54 0 0
15:09:55 0 0
15:09:56 0 0
15:09:57 0 0
15:09:58 0 0
15:09:59 0 0
15:10:00 0 0
15:10:01 0 0
15:10:02 0 0
15:10:03 0 0
15:10:04 0 0
15:10:05 0 0
15:10:06 0 0
15:10:07 0 0
15:10:08 0 0
15:10:09 0 0
15:10:10 0 0
15:10:11 0 0
15:10:12 0 0
15:10:13 0 0
15:10:14 0 0
15:10:15 0 0
15:10:16 0 0
15:10:17 0 0
15:10:18 0 0
15:10:19 0 0
15:10:20 0 0
15:10:21 0 0
15:10:22 0 0
15:10:23 0 0
15:10:24 0 0
15:10:25 0 0
15:10:26 0 0
15:10:27 0 0
15:10:28 0 0
15:10:29 0 0
15:10:30 0 0
15:10:31 1 0
15:10:32 0 0
15:10:33 1 0
15:10:34 2 0
15:10:35 4 0
15:10:36 6 1
15:10:37 8 0
15:10:38 10 0
15:10:39 13 2
15:10:40 15 2
15:10:41 18 2
15:10:42 20 2
15:10:43 23 3
15:10:44 26 1
15:10:45 28 0
15:10:46 30 0
15:10:47 32 0
15:10:48 34 1
15:10:49 37 0
15:10:50 39 0
15:10:51 40 1
15:10:52 42 0
15:10:53 30 0
15:10:54 13 0
15:10:55 1 0
15:10:56 2 0
15:10:57 3 0
15:10:58 5 0
15:10:59 7 0
15:11:00 9 0
15:11:01 11 0
15:11:02 9 0
15:11:03 10 0
15:11:04 10 0
15:11:05 12 0
15:11:06 12 1
15:11:07 14 0
15:11:08 14 2
15:11:09 17 1
15:11:10 20 0
15:11:11 22 0
15:11:12 25 2
15:11:13 27 1
15:11:14 30 0
15:11:15 32 1
15:11:16 34 0
15:11:17 35 0
15:11:18 36 0
15:11:19 38 0
15:11:20 40 0
15:11:21 41 0
15:11:22 40 0
15:11:23 37 0
15:11:24 33 2
15:11:25 34 1
15:11:26 24 0
15:11:27 11 1
15:11:28 10 0
15:11:29 3 0
15:11:30 5 1
15:11:31 8 0
15:11:32 10 0
15:11:33 8 0
15:11:34 0 0
15:11:35 0 0
15:11:36 0 0
15:11:37 0 0
15:11:38 0 0
15:11:39 0 0
15:11:40 0 0
15:11:41 0 0
15:11:42 0 0
15:11:43 0 0
15:11:44 0 0
15:11:45 0 0
15:11:46 0 0
15:11:47 0 0
15:11:48 0 0
15:11:49 0 0
15:11:50 0 0
15:11:51 0 0
15:11:52 0 0
15:11:53 0 0
15:11:54 0 0
15:11:55 0 0
15:11:56 0 0
15:11:57 0 0
15:11:58 0 0
15:11:59 0 0
15:12:00 0 0
15:12:01 0 0
15:12:02 0 0
15:12:03 0 0
15:12:04 0 0
15:12:05 0 0
15:12:06 0 0
15:12:07 0 0
15:12:08 0 0
15:12:09 0 0
15:12:10 0 0
15:12:11 0 0
15:12:12 0 0
15:12:13 0 0
15:12:14 0 0
15:12:15 0 0
15:12:16 0 0
15:12:17 0 0
15:12:18 0 0
