time     running waiting
12:48:14 0 0
12:48:15 0 0
12:48:16 0 0
12:48:17 0 0
12:48:18 0 0
12:48:19 0 0
12:48:20 0 0
12:48:21 0 0
12:48:22 0 0
12:48:23 0 0
12:48:24 0 0
12:48:25 0 0
12:48:26 0 0
12:48:27 0 0
12:48:28 0 0
12:48:29 0 0
12:48:30 0 0
12:48:31 0 0
12:48:32 0 0
12:48:33 0 0
12:48:34 0 0
12:48:35 0 0
12:48:36 0 0
12:48:37 0 0
12:48:38 0 0
12:48:39 0 0
12:48:40 0 0
12:48:41 0 0
12:48:42 0 0
12:48:43 0 0
12:48:44 0 0
12:48:45 0 0
12:48:46 0 0
12:48:47 0 0
12:48:48 0 0
12:48:49 0 0
12:48:50 0 0
12:48:51 0 0
12:48:52 0 0
12:48:53 0 0
12:48:54 0 0
12:48:55 0 0
12:48:56 0 0
12:48:57 0 0
12:48:58 0 0
12:48:59 0 0
12:49:00 0 0
12:49:01 0 0
12:49:02 0 0
12:49:03 0 0
12:49:04 0 0
12:49:05 0 0
12:49:06 0 0
12:49:07 0 0
12:49:08 0 0
12:49:09 0 0
12:49:10 0 0
12:49:11 0 0
12:49:12 0 0
12:49:13 0 0
12:49:14 0 0
12:49:15 0 0
12:49:16 0 0
12:49:17 0 0
12:49:18 0 0
12:49:19 0 0
12:49:20 0 0
12:49:21 0 0
12:49:22 0 0
12:49:23 0 0
12:49:24 0 0
12:49:25 0 0
12:49:26 0 0
12:49:27 0 0
12:49:28 0 0
12:49:29 0 0
12:49:30 0 0
12:49:31 0 0
12:49:32 0 0
12:49:33 0 0
12:49:34 0 0
12:49:35 0 0
12:49:36 0 0
12:49:37 0 0
12:49:38 0 0
12:49:39 0 0
12:49:40 0 0
12:49:41 0 0
12:49:42 0 0
12:49:43 0 1
12:49:44 1 0
12:49:45 0 0
12:49:46 1 0
12:49:47 1 0
12:49:48 1 0
12:49:49 1 0
12:49:50 1 0
12:49:51 0 0
12:49:52 1 0
12:49:53 2 0
12:49:54 3 0
12:49:55 4 0
12:49:56 4 1
12:49:57 5 0
12:49:58 6 2
12:49:59 7 1
12:50:00 8 0
12:50:01 6 0
12:50:02 2 0
12:50:03 3 1
12:50:04 4 1
12:50:05 5 3
12:50:06 5 2
12:50:07 6 1
12:50:08 7 0
12:50:09 8 0
12:50:10 6 0
12:50:11 6 0
12:50:12 7 1
12:50:13 8 0
12:50:14 4 0
12:50:15 3 0
12:50:16 4 1
12:50:17 5 0
12:50:18 6 1
12:50:19 7 0
12:50:20 7 1
12:50:21 7 0
12:50:22 8 0
12:50:23 4 0
12:50:24 3 2
12:50:25 5 0
12:50:26 6 2
12:50:27 7 1
12:50:28 8 0
12:50:29 8 0
12:50:30 4 0
12:50:31 5 0
12:50:32 6 2
12:50:33 7 1
12:50:34 8 0
12:50:35 3 0
12:50:36 4 0
12:50:37 5 1
12:50:38 5 2
12:50:39 7 1
12:50:40 8 0
12:50:41 7 0
12:50:42 1 0
12:50:43 2 2
12:50:44 4 0
12:50:45 5 3
12:50:46 6 2
12:50:47 6 1
12:50:48 7 0
12:50:49 8 0
12:50:50 6 0
12:50:51 4 0
12:50:52 3 2
12:50:53 4 1
12:50:54 5 3
12:50:55 6 2
12:50:56 7 1
12:50:57 7 0
12:50:58 3 0
12:50:59 4 1
12:51:00 5 0
12:51:01 5 2
12:51:02 6 1
12:51:03 7 1
12:51:04 8 0
12:51:05 6 0
12:51:06 4 0
12:51:07 4 2
12:51:08 5 1
12:51:09 6 2
12:51:10 7 1
12:51:11 8 0
12:51:12 3 0
12:51:13 3 0
12:51:14 4 1
12:51:15 6 2
12:51:16 7 1
12:51:17 8 0
12:51:18 6 0
12:51:19 6 0
12:51:20 7 1
12:51:21 8 0
12:51:22 7 0
12:51:23 4 0
12:51:24 4 1
12:51:25 5 1
12:51:26 6 2
12:51:27 7 1
12:51:28 8 0
12:51:29 6 0
12:51:30 5 0
12:51:31 6 2
12:51:32 7 1
12:51:33 8 0
12:51:34 4 0
12:51:35 5 0
12:51:36 4 2
12:51:37 5 1
12:51:38 6 1
12:51:39 7 0
12:51:40 8 0
12:51:41 7 0
12:51:42 6 0
12:51:43 7 1
12:51:44 8 0
12:51:46 7 0
12:51:47 5 0
12:51:48 6 1
12:51:49 7 0
12:51:50 8 0
12:51:51 4 0
12:51:52 2 0
12:51:53 2 1
12:51:54 3 1
12:51:55 4 4
12:51:56 5 3
12:51:57 6 2
12:51:58 8 0
12:51:59 8 0
12:52:00 6 0
12:52:01 7 0
12:52:02 7 0
12:52:03 8 0
12:52:04 5 0
12:52:05 2 0
12:52:06 3 1
12:52:07 4 0
12:52:08 6 2
12:52:09 7 1
12:52:10 8 0
12:52:11 7 0
12:52:12 6 1
12:52:13 8 0
12:52:14 8 0
12:52:15 4 0
12:52:16 0 0
12:52:17 0 0
12:52:18 0 0
12:52:19 0 0
12:52:20 0 0
12:52:21 0 0
12:52:22 0 0
12:52:23 0 0
12:52:24 0 0
12:52:25 0 0
12:52:26 0 0
12:52:27 0 0
12:52:28 0 0
12:52:29 0 0
12:52:30 0 0
12:52:31 0 0
12:52:32 0 0
12:52:33 0 0
12:52:34 0 0
12:52:35 0 0
12:52:36 0 0
12:52:37 0 0
12:52:38 0 0
12:52:39 0 0
12:52:40 0 0
12:52:41 0 0
12:52:42 0 0
12:52:43 0 0
12:52:44 0 0
12:52:45 0 0
12:52:46 0 0
12:52:47 0 0
12:52:48 0 0
12:52:49 0 0
12:52:50 0 0
12:52:51 0 0
12:52:52 0 0
12:52:53 0 0
12:52:54 0 0
12:52:55 0 0
12:52:56 0 0
12:52:57 0 0
12:52:58 0 0
12:52:59 0 0
12:53:00 0 0
