time     running waiting
01:33:34 0 0
01:33:35 0 0
01:33:36 0 0
01:33:37 0 0
01:33:38 0 0
01:33:39 0 0
01:33:40 0 0
01:33:41 0 0
01:33:42 0 0
01:33:43 0 0
01:33:44 0 0
01:33:45 0 0
01:33:46 0 0
01:33:47 0 0
01:33:48 0 0
01:33:49 0 0
01:33:50 0 0
01:33:51 0 0
01:33:52 0 0
01:33:53 0 0
01:33:54 0 0
01:33:55 0 0
01:33:56 0 0
01:33:57 0 0
01:33:58 0 0
01:33:59 0 0
01:34:00 0 0
01:34:01 0 0
01:34:02 0 0
01:34:03 0 0
01:34:04 0 0
01:34:05 0 0
01:34:06 0 0
01:34:07 0 0
01:34:08 0 0
01:34:09 0 0
01:34:10 0 0
01:34:11 0 0
01:34:12 0 0
01:34:13 0 0
01:34:14 0 0
01:34:15 0 0
01:34:16 0 0
01:34:17 0 0
01:34:18 0 0
01:34:19 0 0
01:34:20 0 0
01:34:21 0 0
01:34:22 0 0
01:34:23 0 0
01:34:24 0 0
01:34:25 0 0
01:34:26 0 0
01:34:27 0 0
01:34:28 0 0
01:34:29 0 0
01:34:30 0 0
01:34:31 0 0
01:34:32 0 0
01:34:33 0 0
01:34:34 0 0
01:34:35 0 0
01:34:36 0 0
01:34:37 0 0
01:34:38 0 0
01:34:39 0 0
01:34:40 0 0
01:34:41 0 0
01:34:43 0 0
01:34:44 0 0
01:34:45 0 0
01:34:46 0 0
01:34:47 0 0
01:34:48 0 0
01:34:49 0 0
01:34:50 0 0
01:34:51 0 0
01:34:52 0 0
01:34:53 0 0
01:34:54 0 0
01:34:55 0 0
01:34:56 0 0
01:34:57 0 0
01:34:58 0 0
01:34:59 0 0
01:35:00 0 0
01:35:01 0 0
01:35:02 0 0
01:35:03 0 0
01:35:04 0 0
01:35:05 0 0
01:35:06 0 0
01:35:07 1 0
01:35:08 0 0
01:35:09 1 0
01:35:10 0 0
01:35:11 1 0
01:35:12 1 0
01:35:13 1 0
01:35:14 2 0
01:35:15 4 0
01:35:16 6 0
01:35:17 7 1
01:35:18 8 0
01:35:19 7 0
01:35:20 1 0
01:35:21 3 0
01:35:22 4 0
01:35:23 5 0
01:35:24 1 0
01:35:25 0 0
01:35:26 0 1
01:35:27 1 0
01:35:28 1 0
01:35:29 0 0
01:35:30 0 0
01:35:31 1 0
01:35:32 0 0
01:35:33 0 0
01:35:34 3 0
01:35:35 5 0
01:35:36 5 0
01:35:37 1 0
01:35:38 2 0
01:35:39 4 0
01:35:40 5 0
01:35:41 4 0
01:35:42 2 0
01:35:43 0 0
01:35:44 2 0
01:35:45 3 0
01:35:46 5 0
01:35:47 3 0
01:35:48 0 0
01:35:49 2 0
01:35:50 3 0
01:35:51 3 0
01:35:52 4 0
01:35:53 6 0
01:35:54 4 0
01:35:55 1 0
01:35:56 1 1
01:35:57 4 0
01:35:58 3 0
01:35:59 5 0
01:36:00 2 0
01:36:01 1 0
01:36:02 2 0
01:36:03 3 0
01:36:04 4 0
01:36:05 6 0
01:36:06 8 0
01:36:07 7 0
01:36:08 8 0
01:36:09 10 0
01:36:10 11 0
01:36:11 11 0
01:36:12 13 0
01:36:13 11 0
01:36:14 10 0
01:36:15 3 0
01:36:16 4 0
01:36:17 6 0
01:36:18 6 1
01:36:19 7 0
01:36:20 9 0
01:36:21 10 0
01:36:22 6 0
01:36:23 0 0
01:36:24 1 1
01:36:25 4 0
01:36:26 5 0
01:36:27 4 0
01:36:28 2 0
01:36:29 3 0
01:36:30 0 0
01:36:31 2 0
01:36:32 4 0
01:36:33 6 0
01:36:34 8 0
01:36:35 8 0
01:36:36 3 0
01:36:37 0 0
01:36:38 0 0
01:36:39 3 0
01:36:40 5 0
01:36:41 5 0
01:36:42 3 0
01:36:43 1 0
01:36:44 2 0
01:36:45 4 0
01:36:46 3 0
01:36:47 0 0
01:36:48 0 0
01:36:49 0 0
01:36:50 0 0
01:36:51 0 0
01:36:52 0 0
01:36:53 0 0
01:36:54 2 0
01:36:55 3 0
01:36:56 5 0
01:36:57 5 1
01:36:58 5 0
01:36:59 5 0
01:37:00 2 0
01:37:01 0 0
01:37:02 0 0
01:37:03 0 0
01:37:04 0 0
01:37:05 0 0
01:37:06 0 0
01:37:07 0 0
01:37:08 0 0
01:37:09 0 0
01:37:10 0 0
01:37:11 0 0
01:37:12 0 0
01:37:13 0 0
01:37:14 0 0
01:37:15 0 0
01:37:16 0 0
01:37:17 0 0
01:37:18 0 0
01:37:19 0 0
01:37:20 0 0
01:37:21 0 0
01:37:22 0 0
01:37:23 0 0
01:37:24 0 0
01:37:25 0 0
01:37:26 0 0
01:37:27 0 0
01:37:28 0 0
01:37:29 0 0
01:37:30 0 0
01:37:31 0 0
01:37:32 0 0
01:37:33 0 0
01:37:34 0 0
01:37:35 0 0
01:37:36 0 0
01:37:37 0 0
01:37:38 0 0
01:37:39 0 0
01:37:40 0 0
01:37:41 0 0
01:37:42 0 0
01:37:43 0 0
01:37:44 0 0
01:37:45 0 0
