time     running waiting
01:57:25 0 0
01:57:26 0 0
01:57:27 0 0
01:57:28 0 0
01:57:29 0 0
01:57:30 0 0
01:57:31 0 0
01:57:32 0 0
01:57:33 0 0
01:57:34 0 0
01:57:35 0 0
01:57:36 0 0
01:57:37 0 0
01:57:38 0 0
01:57:39 0 0
01:57:40 0 0
01:57:41 0 0
01:57:42 0 0
01:57:43 0 0
01:57:44 0 0
01:57:45 0 0
01:57:46 0 0
01:57:47 0 0
01:57:48 0 0
01:57:49 0 0
01:57:50 0 0
01:57:51 0 0
01:57:52 0 0
01:57:53 0 0
01:57:54 0 0
01:57:55 0 0
01:57:56 0 0
01:57:57 0 0
01:57:58 0 0
01:57:59 0 0
01:58:00 0 0
01:58:01 0 0
01:58:02 0 0
01:58:03 0 0
01:58:04 0 0
01:58:05 0 0
01:58:06 0 0
01:58:07 0 0
01:58:08 0 0
01:58:09 0 0
01:58:10 0 0
01:58:11 0 0
01:58:12 0 0
01:58:13 0 0
01:58:14 0 0
01:58:15 0 0
01:58:16 0 0
01:58:17 0 0
01:58:18 0 0
01:58:19 0 0
01:58:20 0 0
01:58:21 0 0
01:58:22 0 0
01:58:23 0 0
01:58:24 0 0
01:58:25 0 0
01:58:26 0 0
01:58:27 0 0
01:58:28 0 0
01:58:29 0 0
01:58:30 0 0
01:58:31 0 0
01:58:32 0 0
01:58:33 0 0
01:58:34 0 0
01:58:35 0 0
01:58:36 0 0
01:58:37 0 0
01:58:38 0 0
01:58:39 0 0
01:58:40 0 0
01:58:41 0 0
01:58:42 0 0
01:58:43 0 0
01:58:44 0 0
01:58:45 0 0
01:58:46 0 0
01:58:47 0 0
01:58:48 0 0
01:58:49 0 0
01:58:50 0 0
01:58:51 0 0
01:58:52 0 0
01:58:53 0 0
01:58:54 0 0
01:58:55 0 0
01:58:56 1 0
01:58:57 0 0
01:58:58 1 0
01:58:59 0 0
01:59:00 0 0
01:59:01 0 0
01:59:02 0 0
01:59:03 0 0
01:59:04 1 0
01:59:05 3 0
01:59:06 5 0
01:59:07 6 0
01:59:08 6 0
01:59:09 3 0
01:59:10 1 0
01:59:11 1 1
01:59:12 2 0
01:59:13 0 0
01:59:14 2 0
01:59:15 4 0
01:59:16 5 0
01:59:17 3 0
01:59:18 1 0
01:59:19 1 0
01:59:20 4 0
01:59:21 4 0
01:59:22 4 0
01:59:23 0 0
01:59:24 1 0
01:59:25 2 0
01:59:26 1 0
01:59:27 1 0
01:59:28 3 0
01:59:29 4 0
01:59:30 5 0
01:59:31 2 0
01:59:33 4 0
01:59:34 3 0
01:59:35 0 1
01:59:36 2 0
01:59:37 1 0
01:59:38 1 0
01:59:39 3 0
01:59:40 4 0
01:59:41 6 0
01:59:42 8 1
01:59:43 9 0
01:59:44 9 0
01:59:45 9 0
01:59:46 4 0
01:59:47 1 0
01:59:48 1 0
01:59:49 1 0
01:59:50 2 0
01:59:51 0 0
01:59:52 3 0
01:59:53 3 0
01:59:54 0 0
01:59:55 1 0
01:59:56 2 0
01:59:57 2 1
01:59:58 4 0
01:59:59 4 0
02:00:00 6 0
02:00:01 5 0
02:00:02 5 0
02:00:03 3 0
02:00:04 0 0
02:00:05 0 0
02:00:06 0 0
02:00:07 0 0
02:00:08 0 0
02:00:09 1 0
02:00:10 0 0
02:00:11 1 0
02:00:12 1 0
02:00:13 2 0
02:00:14 4 0
02:00:15 4 1
02:00:16 4 0
02:00:17 3 0
02:00:18 5 0
02:00:19 7 0
02:00:20 4 0
02:00:21 1 0
02:00:22 2 0
02:00:23 2 0
02:00:24 1 0
02:00:25 1 0
02:00:26 2 0
02:00:27 4 0
02:00:28 5 0
02:00:29 6 0
02:00:30 6 0
02:00:31 4 0
02:00:32 2 0
02:00:33 2 0
02:00:34 3 0
02:00:35 3 0
02:00:36 3 0
02:00:37 4 0
02:00:38 2 0
02:00:39 1 0
02:00:40 2 0
02:00:41 1 0
02:00:42 2 0
02:00:43 4 0
02:00:44 4 0
02:00:45 0 0
02:00:46 0 0
02:00:47 0 0
02:00:48 1 0
02:00:49 1 0
02:00:50 0 0
02:00:51 2 0
02:00:52 3 0
02:00:53 5 0
02:00:54 6 0
02:00:55 8 0
02:00:56 6 0
02:00:57 5 0
02:00:58 0 0
02:00:59 1 0
02:01:00 0 0
02:01:01 0 0
02:01:02 0 0
02:01:03 2 0
02:01:04 3 0
02:01:05 0 0
02:01:06 0 0
02:01:07 1 0
02:01:08 0 0
02:01:09 1 0
02:01:10 1 0
02:01:11 3 0
02:01:12 2 0
02:01:13 0 0
02:01:14 0 0
02:01:15 0 0
02:01:16 0 0
02:01:17 0 0
02:01:18 0 0
02:01:19 0 0
02:01:20 0 0
02:01:21 0 0
02:01:22 0 0
02:01:23 0 0
02:01:24 0 0
02:01:25 0 0
02:01:26 0 0
02:01:27 0 0
02:01:28 0 0
02:01:29 0 0
02:01:30 0 0
02:01:31 0 0
02:01:32 0 0
02:01:33 0 0
02:01:34 0 0
02:01:35 0 0
02:01:36 0 0
02:01:37 0 0
02:01:38 0 0
02:01:39 0 0
02:01:40 0 0
02:01:41 0 0
02:01:42 0 0
02:01:43 0 0
02:01:44 0 0
02:01:45 0 0
02:01:46 0 0
02:01:47 0 0
02:01:48 0 0
02:01:49 0 0
02:01:50 0 0
02:01:51 0 0
02:01:52 0 0
02:01:53 0 0
02:01:54 0 0
02:01:55 0 0
02:01:56 0 0
02:01:57 0 0
