time     running waiting
01:46:20 0 0
01:46:21 0 0
01:46:22 0 0
01:46:23 0 0
01:46:24 0 0
01:46:25 0 0
01:46:26 0 0
01:46:27 0 0
01:46:28 0 0
01:46:29 0 0
01:46:30 0 0
01:46:31 0 0
01:46:32 0 0
01:46:33 0 0
01:46:34 0 0
01:46:35 0 0
01:46:36 0 0
01:46:37 0 0
01:46:38 0 0
01:46:39 0 0
01:46:40 0 0
01:46:41 0 0
01:46:42 0 0
01:46:43 0 0
01:46:44 0 0
01:46:45 0 0
01:46:46 0 0
01:46:47 0 0
01:46:48 0 0
01:46:49 0 0
01:46:50 0 0
01:46:51 0 0
01:46:52 0 0
01:46:53 0 0
01:46:54 0 0
01:46:55 0 0
01:46:56 0 0
01:46:57 0 0
01:46:58 0 0
01:46:59 0 0
01:47:00 0 0
01:47:01 0 0
01:47:02 0 0
01:47:03 0 0
01:47:04 0 0
01:47:05 0 0
01:47:06 0 0
01:47:07 0 0
01:47:08 0 0
01:47:09 0 0
01:47:10 0 0
01:47:11 0 0
01:47:12 0 0
01:47:13 0 0
01:47:14 0 0
01:47:15 0 0
01:47:16 0 0
01:47:17 0 0
01:47:18 0 0
01:47:19 0 0
01:47:20 0 0
01:47:21 0 0
01:47:22 0 0
01:47:23 0 0
01:47:24 0 0
01:47:25 0 0
01:47:27 0 0
01:47:28 0 0
01:47:29 0 0
01:47:30 0 0
01:47:31 0 0
01:47:32 0 0
01:47:33 0 0
01:47:34 0 0
01:47:35 0 0
01:47:36 0 0
01:47:37 0 0
01:47:38 0 0
01:47:39 0 0
01:47:40 0 0
01:47:41 0 0
01:47:42 0 0
01:47:43 0 0
01:47:44 1 0
01:47:45 0 0
01:47:46 1 0
01:47:47 2 0
01:47:48 1 0
01:47:49 0 0
01:47:50 0 0
01:47:51 2 0
01:47:52 3 1
01:47:53 6 0
01:47:54 7 0
01:47:55 5 0
01:47:56 0 0
01:47:57 3 0
01:47:58 5 0
01:47:59 6 0
01:48:00 7 0
01:48:01 2 0
01:48:02 1 0
01:48:03 1 0
01:48:04 2 0
01:48:05 4 0
01:48:06 2 0
01:48:07 2 0
01:48:08 2 0
01:48:09 4 0
01:48:10 6 0
01:48:11 5 0
01:48:12 7 0
01:48:13 5 0
01:48:14 5 0
01:48:15 0 0
01:48:16 1 0
01:48:17 2 0
01:48:18 2 0
01:48:19 1 0
01:48:20 1 0
01:48:21 1 0
01:48:22 3 0
01:48:23 5 1
01:48:24 7 0
01:48:25 8 1
01:48:26 10 0
01:48:27 11 0
01:48:28 13 0
01:48:29 13 0
01:48:30 13 0
01:48:31 11 0
01:48:32 3 0
01:48:33 0 0
01:48:34 1 0
01:48:35 0 0
01:48:36 0 0
01:48:37 1 0
01:48:38 2 0
01:48:39 4 0
01:48:40 4 0
01:48:41 4 0
01:48:42 3 0
01:48:43 2 0
01:48:44 2 0
01:48:45 4 0
01:48:46 2 0
01:48:47 1 0
01:48:48 3 0
01:48:49 3 0
01:48:50 1 0
01:48:51 2 0
01:48:52 1 0
01:48:53 0 0
01:48:54 1 0
01:48:55 2 0
01:48:56 3 0
01:48:57 4 0
01:48:58 5 0
01:48:59 4 0
01:49:00 2 0
01:49:01 4 0
01:49:02 6 0
01:49:03 6 0
01:49:04 6 0
01:49:05 3 0
01:49:06 5 0
01:49:07 5 0
01:49:08 5 0
01:49:09 3 0
01:49:10 0 0
01:49:11 0 0
01:49:12 1 0
01:49:13 2 0
01:49:14 2 0
01:49:15 2 0
01:49:16 3 0
01:49:17 4 0
01:49:18 6 0
01:49:19 7 0
01:49:20 9 0
01:49:21 11 0
01:49:22 9 0
01:49:23 6 0
01:49:24 3 0
01:49:25 3 0
01:49:26 0 0
01:49:27 0 0
01:49:28 1 0
01:49:29 0 0
01:49:30 2 0
01:49:31 2 0
01:49:32 1 0
01:49:33 3 0
01:49:34 6 0
01:49:35 6 0
01:49:36 0 0
01:49:37 1 0
01:49:38 1 0
01:49:39 0 0
01:49:40 0 0
01:49:41 0 0
01:49:42 0 0
01:49:43 0 0
01:49:44 0 0
01:49:45 0 0
01:49:46 0 0
01:49:47 0 0
01:49:48 0 0
01:49:49 0 0
01:49:50 0 0
01:49:51 0 0
01:49:52 0 0
01:49:53 0 0
01:49:54 0 0
01:49:55 0 0
01:49:56 0 0
01:49:57 0 0
01:49:58 0 0
01:49:59 0 0
01:50:00 0 0
01:50:01 0 0
01:50:02 0 0
01:50:03 0 0
01:50:04 0 0
01:50:05 0 0
01:50:06 0 0
01:50:07 0 0
01:50:09 0 0
01:50:10 0 0
01:50:11 0 0
01:50:12 0 0
01:50:13 0 0
01:50:14 0 0
01:50:15 0 0
01:50:16 0 0
01:50:17 0 0
01:50:18 0 0
01:50:19 0 0
01:50:20 0 0
01:50:21 0 0
01:50:22 0 0
01:50:23 0 0
01:50:24 0 0
