time     running waiting
02:14:33 0 0
02:14:34 0 0
02:14:35 0 0
02:14:36 0 0
02:14:37 0 0
02:14:38 0 0
02:14:39 0 0
02:14:40 0 0
02:14:41 0 0
02:14:42 0 0
02:14:43 0 0
02:14:44 0 0
02:14:45 0 0
02:14:46 0 0
02:14:47 0 0
02:14:48 0 0
02:14:49 0 0
02:14:50 0 0
02:14:51 0 0
02:14:52 0 0
02:14:53 0 0
02:14:54 0 0
02:14:55 0 0
02:14:56 0 0
02:14:57 0 0
02:14:58 0 0
02:14:59 0 0
02:15:01 0 0
02:15:02 0 0
02:15:03 0 0
02:15:04 0 0
02:15:05 0 0
02:15:06 0 0
02:15:07 0 0
02:15:08 0 0
02:15:09 0 0
02:15:10 0 0
02:15:11 0 0
02:15:12 0 0
02:15:13 0 0
02:15:14 0 0
02:15:15 0 0
02:15:16 0 0
02:15:17 0 0
02:15:18 0 0
02:15:19 0 0
02:15:20 0 0
02:15:21 0 0
02:15:22 0 0
02:15:23 0 0
02:15:24 0 0
02:15:25 0 0
02:15:26 0 0
02:15:27 0 0
02:15:28 0 0
02:15:29 0 0
02:15:30 0 0
02:15:31 0 0
02:15:32 0 0
02:15:33 0 0
02:15:34 0 0
02:15:35 0 0
02:15:36 0 0
02:15:37 0 0
02:15:38 0 0
02:15:39 0 0
02:15:40 0 0
02:15:41 0 0
02:15:42 0 0
02:15:43 0 0
02:15:44 0 0
02:15:45 0 0
02:15:46 0 0
02:15:47 0 0
02:15:48 0 0
02:15:49 0 0
02:15:50 0 0
02:15:51 0 0
02:15:52 0 0
02:15:53 0 0
02:15:54 0 0
02:15:55 0 0
02:15:56 0 0
02:15:57 0 0
02:15:58 0 0
02:15:59 0 0
02:16:00 0 0
02:16:01 0 0
02:16:02 0 0
02:16:03 0 0
02:16:04 0 0
02:16:05 0 0
02:16:06 0 0
02:16:07 0 0
02:16:08 1 0
02:16:09 1 0
02:16:10 0 0
02:16:11 0 0
02:16:12 0 0
02:16:13 1 0
02:16:14 1 0
02:16:15 3 0
02:16:16 3 0
02:16:17 3 0
02:16:18 1 0
02:16:19 1 0
02:16:20 1 0
02:16:21 3 0
02:16:22 3 0
02:16:23 3 0
02:16:24 4 0
02:16:25 4 0
02:16:26 0 0
02:16:27 1 0
02:16:28 2 0
02:16:29 1 0
02:16:30 2 1
02:16:31 5 0
02:16:32 6 0
02:16:33 8 0
02:16:34 10 0
02:16:35 10 0
02:16:36 5 0
02:16:37 0 0
02:16:38 1 0
02:16:39 2 0
02:16:40 0 0
02:16:41 0 0
02:16:42 1 0
02:16:43 0 0
02:16:44 1 0
02:16:45 2 0
02:16:46 1 0
02:16:47 1 0
02:16:48 1 0
02:16:49 2 0
02:16:50 0 0
02:16:51 1 0
02:16:52 0 0
02:16:53 2 0
02:16:54 3 1
02:16:55 5 0
02:16:56 2 0
02:16:57 0 0
02:16:58 1 0
02:16:59 3 0
02:17:00 3 0
02:17:01 0 0
02:17:02 0 0
02:17:03 1 0
02:17:04 2 0
02:17:05 4 0
02:17:06 4 0
02:17:07 6 0
02:17:08 5 0
02:17:09 1 0
02:17:10 0 0
02:17:11 0 0
02:17:12 1 0
02:17:13 3 0
02:17:14 5 0
02:17:15 7 0
02:17:16 7 0
02:17:17 0 0
02:17:18 0 0
02:17:19 1 0
02:17:20 3 0
02:17:21 5 0
02:17:22 6 1
02:17:23 6 0
02:17:24 0 1
02:17:25 2 0
02:17:26 2 0
02:17:27 2 0
02:17:28 3 0
02:17:29 4 0
02:17:30 0 0
02:17:31 1 0
02:17:32 3 0
02:17:33 4 0
02:17:34 1 1
02:17:35 2 0
02:17:36 1 0
02:17:37 3 0
02:17:38 4 0
02:17:39 7 1
02:17:40 9 1
02:17:41 11 0
02:17:42 13 1
02:17:43 14 0
02:17:44 8 0
02:17:45 1 1
02:17:46 2 0
02:17:47 3 0
02:17:48 3 0
02:17:49 4 0
02:17:50 2 0
02:17:52 1 0
02:17:53 1 0
02:17:54 1 0
02:17:55 1 0
02:17:56 2 0
02:17:57 1 0
02:17:58 2 0
02:17:59 3 0
02:18:00 5 0
02:18:01 4 0
02:18:02 2 0
02:18:03 3 0
02:18:04 5 0
02:18:05 4 0
02:18:06 0 0
02:18:07 1 0
02:18:08 0 0
02:18:09 1 0
02:18:10 2 0
02:18:11 1 0
02:18:12 3 0
02:18:13 3 0
02:18:14 3 0
02:18:15 0 0
02:18:16 0 0
02:18:17 0 0
02:18:18 0 0
02:18:19 0 0
02:18:20 0 0
02:18:21 0 0
02:18:22 0 0
02:18:23 0 0
02:18:24 0 0
02:18:25 0 0
02:18:26 0 0
02:18:27 0 0
02:18:28 0 0
02:18:29 0 0
02:18:30 0 0
02:18:31 0 0
02:18:32 0 0
02:18:33 0 0
02:18:34 0 0
02:18:35 0 0
02:18:36 0 0
02:18:37 0 0
02:18:38 0 0
02:18:39 0 0
02:18:40 0 0
02:18:41 0 0
02:18:42 0 0
02:18:43 0 0
02:18:44 0 0
02:18:45 0 0
02:18:46 0 0
02:18:47 0 0
02:18:48 0 0
02:18:49 0 0
02:18:50 0 0
02:18:51 0 0
02:18:52 0 0
02:18:53 0 0
02:18:54 0 0
02:18:55 0 0
02:18:56 0 0
02:18:57 0 0
02:18:58 0 0
02:18:59 0 0
