time     running waiting
20:02:43 0 0
20:02:44 0 0
20:02:45 0 0
20:02:46 0 0
20:02:47 0 0
20:02:48 0 0
20:02:49 0 0
20:02:50 0 0
20:02:51 0 0
20:02:52 0 0
20:02:53 0 0
20:02:54 0 0
20:02:55 0 0
20:02:56 0 0
20:02:57 0 0
20:02:58 0 0
20:02:59 0 0
20:03:00 0 0
20:03:01 0 0
20:03:02 0 0
20:03:03 0 0
20:03:04 0 0
20:03:05 0 0
20:03:06 0 0
20:03:07 0 0
20:03:09 0 0
20:03:10 0 0
20:03:11 0 0
20:03:12 0 0
20:03:13 0 0
20:03:14 0 0
20:03:15 0 0
20:03:16 0 0
20:03:17 0 0
20:03:18 0 0
20:03:19 0 0
20:03:20 0 0
20:03:21 0 0
20:03:22 0 0
20:03:23 0 0
20:03:24 0 0
20:03:25 0 0
20:03:26 0 0
20:03:27 0 0
20:03:28 0 0
20:03:29 0 0
20:03:30 0 0
20:03:31 0 0
20:03:32 0 0
20:03:33 0 0
20:03:34 0 0
20:03:35 0 0
20:03:36 0 0
20:03:37 0 0
20:03:38 0 0
20:03:39 0 0
20:03:40 0 0
20:03:41 0 0
20:03:42 0 0
20:03:43 0 0
20:03:44 0 0
20:03:45 0 0
20:03:46 0 0
20:03:47 0 0
20:03:48 0 0
20:03:49 0 0
20:03:50 0 0
20:03:51 0 0
20:03:52 0 0
20:03:53 0 0
20:03:54 0 0
20:03:55 0 0
20:03:56 0 0
20:03:57 0 0
20:03:58 0 0
20:03:59 0 0
20:04:00 0 0
20:04:01 0 0
20:04:02 0 0
20:04:03 0 0
20:04:04 0 0
20:04:05 0 0
20:04:06 0 0
20:04:07 0 0
20:04:08 0 0
20:04:09 0 0
20:04:10 0 0
20:04:11 0 0
20:04:12 0 0
20:04:13 0 0
20:04:14 0 0
20:04:15 0 0
20:04:16 0 0
20:04:17 0 0
20:04:18 0 0
20:04:19 1 0
20:04:20 0 0
20:04:21 1 0
20:04:22 1 0
20:04:23 0 0
20:04:24 0 0
20:04:25 0 0
20:04:26 2 0
20:04:27 4 0
20:04:28 5 0
20:04:29 4 0
20:04:30 1 0
20:04:31 0 0
20:04:32 0 0
20:04:33 0 0
20:04:34 0 0
20:04:35 2 0
20:04:36 4 0
20:04:37 4 0
20:04:38 6 0
20:04:39 5 0
20:04:40 3 0
20:04:41 1 0
20:04:42 2 0
20:04:43 4 0
20:04:44 3 0
20:04:45 3 0
20:04:46 3 0
20:04:47 4 0
20:04:48 3 0
20:04:49 1 0
20:04:50 0 0
20:04:51 1 0
20:04:52 2 0
20:04:53 3 0
20:04:54 1 0
20:04:55 0 0
20:04:56 0 0
20:04:57 0 0
20:04:58 2 0
20:04:59 3 0
20:05:00 4 0
20:05:01 2 0
20:05:02 3 0
20:05:03 2 0
20:05:04 0 0
20:05:05 2 0
20:05:06 3 0
20:05:07 4 0
20:05:08 6 0
20:05:09 7 0
20:05:10 8 0
20:05:11 5 0
20:05:12 4 0
20:05:13 4 0
20:05:14 4 0
20:05:15 0 0
20:05:16 1 0
20:05:17 0 0
20:05:18 0 0
20:05:19 0 0
20:05:20 1 0
20:05:21 0 0
20:05:22 2 0
20:05:23 3 0
20:05:24 3 0
20:05:25 0 0
20:05:26 2 0
20:05:27 3 0
20:05:28 5 0
20:05:29 4 0
20:05:30 0 0
20:05:31 2 0
20:05:32 3 0
20:05:33 3 0
20:05:34 5 0
20:05:35 7 0
20:05:36 4 0
20:05:37 5 0
20:05:38 0 0
20:05:39 0 0
20:05:40 2 0
20:05:42 3 0
20:05:43 1 0
20:05:44 0 0
20:05:45 0 0
20:05:46 1 0
20:05:47 2 0
20:05:48 3 0
20:05:49 3 0
20:05:50 4 0
20:05:51 1 0
20:05:52 0 0
20:05:53 1 0
20:05:54 3 0
20:05:55 3 0
20:05:56 5 0
20:05:57 7 0
20:05:58 8 0
20:05:59 6 0
20:06:00 0 0
20:06:01 0 0
20:06:02 2 0
20:06:03 4 0
20:06:04 4 0
20:06:05 3 0
20:06:06 5 0
20:06:07 8 0
20:06:08 10 0
20:06:09 12 0
20:06:10 15 0
20:06:11 16 0
20:06:12 15 0
20:06:13 15 0
20:06:14 0 0
20:06:15 0 0
20:06:16 2 0
20:06:17 3 0
20:06:18 0 0
20:06:19 2 0
20:06:20 3 0
20:06:21 3 0
20:06:22 2 0
20:06:23 4 1
20:06:24 7 0
20:06:25 8 0
20:06:26 8 0
20:06:27 10 0
20:06:28 4 0
20:06:29 3 0
20:06:30 0 0
20:06:31 1 0
20:06:32 2 0
20:06:33 2 0
20:06:34 0 0
20:06:35 0 0
20:06:36 0 0
20:06:37 0 0
20:06:38 0 0
20:06:39 0 0
20:06:40 0 0
20:06:41 0 0
20:06:42 0 0
20:06:43 0 0
20:06:44 0 0
20:06:45 0 0
20:06:46 0 0
20:06:47 0 0
20:06:48 0 0
20:06:49 0 0
20:06:50 0 0
20:06:51 0 0
20:06:52 0 0
20:06:53 0 0
20:06:54 0 0
20:06:55 0 0
20:06:56 0 0
20:06:57 0 0
20:06:58 0 0
20:06:59 0 0
20:07:00 0 0
20:07:01 0 0
20:07:02 0 0
20:07:03 0 0
20:07:04 0 0
20:07:05 0 0
20:07:06 0 0
20:07:07 0 0
20:07:08 0 0
20:07:09 0 0
20:07:10 0 0
20:07:11 0 0
20:07:12 0 0
20:07:13 0 0
20:07:14 0 0
20:07:15 0 0
20:07:16 0 0
20:07:17 0 0
20:07:18 0 0
