time     running waiting
19:40:25 0 0
19:40:26 0 0
19:40:27 0 0
19:40:28 0 0
19:40:29 0 0
19:40:30 0 0
19:40:31 0 0
19:40:32 0 0
19:40:33 0 0
19:40:34 0 0
19:40:35 0 0
19:40:36 0 0
19:40:37 0 0
19:40:38 0 0
19:40:39 0 0
19:40:40 0 0
19:40:41 0 0
19:40:42 0 0
19:40:43 0 0
19:40:44 0 0
19:40:45 0 0
19:40:46 0 0
19:40:48 0 0
19:40:49 0 0
19:40:50 0 0
19:40:51 0 0
19:40:52 0 0
19:40:53 0 0
19:40:54 0 0
19:40:55 0 0
19:40:56 0 0
19:40:57 0 0
19:40:58 0 0
19:40:59 0 0
19:41:00 0 0
19:41:01 0 0
19:41:02 0 0
19:41:03 0 0
19:41:04 0 0
19:41:05 0 0
19:41:06 0 0
19:41:07 0 0
19:41:08 0 0
19:41:09 0 0
19:41:10 0 0
19:41:11 0 0
19:41:12 0 0
19:41:13 0 0
19:41:14 0 0
19:41:15 0 0
19:41:16 0 0
19:41:17 0 0
19:41:18 0 0
19:41:19 0 0
19:41:20 0 0
19:41:21 0 0
19:41:22 0 0
19:41:23 0 0
19:41:24 0 0
19:41:25 0 0
19:41:26 0 0
19:41:27 0 0
19:41:28 0 0
19:41:29 0 0
19:41:30 0 0
19:41:31 0 0
19:41:32 0 0
19:41:33 0 0
19:41:34 0 0
19:41:35 0 0
19:41:36 0 0
19:41:37 0 0
19:41:38 0 0
19:41:39 0 0
19:41:40 0 0
19:41:41 0 0
19:41:42 0 0
19:41:43 0 0
19:41:44 0 0
19:41:45 0 0
19:41:46 0 0
19:41:47 0 0
19:41:48 0 0
19:41:49 0 0
19:41:50 0 0
19:41:51 0 0
19:41:52 0 0
19:41:53 0 0
19:41:54 0 0
19:41:55 0 0
19:41:56 0 0
19:41:57 0 0
19:41:58 0 0
19:41:59 1 0
19:42:00 2 0
19:42:01 1 0
19:42:02 0 0
19:42:03 1 0
19:42:04 3 0
19:42:05 3 0
19:42:06 1 0
19:42:07 3 0
19:42:08 3 0
19:42:09 3 0
19:42:10 0 0
19:42:11 1 0
19:42:12 0 0
19:42:13 1 0
19:42:14 0 0
19:42:15 1 0
19:42:16 0 0
19:42:17 1 0
19:42:18 1 0
19:42:19 3 0
19:42:20 4 0
19:42:21 6 0
19:42:22 6 0
19:42:23 0 0
19:42:24 2 0
19:42:25 3 0
19:42:26 4 0
19:42:27 3 0
19:42:28 1 0
19:42:29 0 0
19:42:30 1 0
19:42:31 2 0
19:42:32 2 0
19:42:33 4 0
19:42:34 6 0
19:42:35 8 0
19:42:36 10 1
19:42:37 11 0
19:42:38 10 0
19:42:39 0 0
19:42:40 0 0
19:42:41 2 0
19:42:42 4 0
19:42:43 5 0
19:42:44 1 0
19:42:45 3 0
19:42:46 2 0
19:42:47 4 0
19:42:48 2 0
19:42:49 0 0
19:42:50 3 0
19:42:51 4 0
19:42:52 5 0
19:42:53 5 0
19:42:54 4 0
19:42:55 3 0
19:42:56 1 0
19:42:57 2 0
19:42:58 2 0
19:42:59 1 0
19:43:00 1 0
19:43:01 0 0
19:43:02 1 0
19:43:03 0 0
19:43:04 2 0
19:43:05 3 0
19:43:06 3 0
19:43:07 5 0
19:43:08 3 0
19:43:09 1 0
19:43:10 0 0
19:43:11 0 0
19:43:12 0 0
19:43:13 1 0
19:43:14 2 0
19:43:15 4 0
19:43:16 3 0
19:43:17 0 0
19:43:18 0 0
19:43:19 3 0
19:43:20 4 0
19:43:21 5 0
19:43:22 3 0
19:43:23 3 0
19:43:24 1 0
19:43:25 0 0
19:43:26 1 0
19:43:27 0 0
19:43:28 2 0
19:43:29 2 0
19:43:30 3 0
19:43:31 3 0
19:43:32 2 0
19:43:33 2 0
19:43:35 2 0
19:43:36 4 0
19:43:37 5 0
19:43:38 5 0
19:43:39 0 0
19:43:40 2 0
19:43:41 4 0
19:43:42 5 0
19:43:43 5 0
19:43:44 0 0
19:43:45 1 0
19:43:46 1 0
19:43:47 2 0
19:43:48 2 0
19:43:49 1 0
19:43:50 0 0
19:43:51 2 0
19:43:52 3 0
19:43:53 3 0
19:43:54 0 0
19:43:55 0 0
19:43:56 0 0
19:43:57 3 0
19:43:58 5 0
19:43:59 7 0
19:44:00 9 0
19:44:01 11 0
19:44:02 13 0
19:44:03 13 0
19:44:04 6 0
19:44:05 1 0
19:44:06 2 0
19:44:07 2 0
19:44:08 4 0
19:44:09 4 0
19:44:10 6 0
19:44:11 7 0
19:44:12 3 0
19:44:13 0 0
19:44:14 0 0
19:44:15 0 0
19:44:16 0 0
19:44:17 0 0
19:44:18 0 0
19:44:19 0 0
19:44:20 0 0
19:44:21 0 0
19:44:22 0 0
19:44:23 0 0
19:44:24 0 0
19:44:25 0 0
19:44:26 0 0
19:44:27 0 0
19:44:28 0 0
19:44:29 0 0
19:44:30 0 0
19:44:31 0 0
19:44:32 0 0
19:44:33 0 0
19:44:34 0 0
19:44:35 0 0
19:44:36 0 0
19:44:37 0 0
19:44:38 0 0
19:44:39 0 0
19:44:40 0 0
19:44:41 0 0
19:44:42 0 0
19:44:43 0 0
19:44:44 0 0
19:44:45 0 0
19:44:46 0 0
19:44:47 0 0
19:44:48 0 0
19:44:49 0 0
19:44:50 0 0
19:44:51 0 0
19:44:52 0 0
19:44:53 0 0
19:44:54 0 0
19:44:55 0 0
19:44:56 0 0
19:44:57 0 0
