time     running waiting
19:51:50 0 0
19:51:51 0 0
19:51:52 0 0
19:51:53 0 0
19:51:54 0 0
19:51:55 0 0
19:51:56 0 0
19:51:57 0 0
19:51:58 0 0
19:51:59 0 0
19:52:00 0 0
19:52:01 0 0
19:52:03 0 0
19:52:04 0 0
19:52:05 0 0
19:52:06 0 0
19:52:07 0 0
19:52:08 0 0
19:52:09 0 0
19:52:10 0 0
19:52:11 0 0
19:52:12 0 0
19:52:13 0 0
19:52:14 0 0
19:52:15 0 0
19:52:16 0 0
19:52:17 0 0
19:52:18 0 0
19:52:19 0 0
19:52:20 0 0
19:52:21 0 0
19:52:22 0 0
19:52:23 0 0
19:52:24 0 0
19:52:25 0 0
19:52:26 0 0
19:52:27 0 0
19:52:28 0 0
19:52:29 0 0
19:52:30 0 0
19:52:31 0 0
19:52:32 0 0
19:52:33 0 0
19:52:34 0 0
19:52:35 0 0
19:52:36 0 0
19:52:37 0 0
19:52:38 0 0
19:52:39 0 0
19:52:40 0 0
19:52:41 0 0
19:52:42 0 0
19:52:43 0 0
19:52:44 0 0
19:52:45 0 0
19:52:46 0 0
19:52:47 0 0
19:52:48 0 0
19:52:49 0 0
19:52:50 0 0
19:52:51 0 0
19:52:52 0 0
19:52:53 0 0
19:52:54 0 0
19:52:55 0 0
19:52:56 0 0
19:52:57 0 0
19:52:58 0 0
19:52:59 0 0
19:53:00 0 0
19:53:01 0 0
19:53:02 0 0
19:53:03 0 0
19:53:04 0 0
19:53:05 0 0
19:53:06 0 0
19:53:07 0 0
19:53:08 0 0
19:53:09 0 0
19:53:10 0 0
19:53:11 0 0
19:53:12 0 0
19:53:13 0 0
19:53:14 0 0
19:53:15 0 0
19:53:16 0 0
19:53:17 0 0
19:53:18 0 0
19:53:19 0 0
19:53:20 0 0
19:53:21 0 0
19:53:22 0 0
19:53:23 0 0
19:53:24 0 0
19:53:25 0 0
19:53:26 1 0
19:53:27 0 0
19:53:28 1 0
19:53:29 3 0
19:53:30 3 0
19:53:31 1 0
19:53:32 0 0
19:53:33 0 0
19:53:34 2 0
19:53:35 4 0
19:53:36 6 0
19:53:37 6 0
19:53:38 0 0
19:53:39 1 0
19:53:40 2 0
19:53:41 4 0
19:53:42 3 0
19:53:43 4 0
19:53:44 2 0
19:53:45 0 0
19:53:46 2 0
19:53:47 2 0
19:53:48 2 0
19:53:49 3 0
19:53:50 4 0
19:53:51 5 0
19:53:52 7 0
19:53:53 9 0
19:53:54 8 0
19:53:55 10 0
19:53:56 2 0
19:53:57 3 0
19:53:58 0 0
19:53:59 2 0
19:54:00 4 0
19:54:01 5 0
19:54:02 7 0
19:54:03 9 0
19:54:04 10 0
19:54:05 10 0
19:54:06 10 0
19:54:07 11 0
19:54:08 11 0
19:54:09 8 0
19:54:10 9 0
19:54:11 11 0
19:54:12 12 0
19:54:13 9 0
19:54:14 9 0
19:54:15 10 0
19:54:16 4 0
19:54:17 3 0
19:54:18 2 0
19:54:19 2 0
19:54:20 2 0
19:54:21 0 0
19:54:22 0 0
19:54:23 3 0
19:54:24 3 0
19:54:25 5 0
19:54:26 4 0
19:54:27 4 0
19:54:28 3 0
19:54:29 2 0
19:54:30 1 0
19:54:31 0 0
19:54:32 2 0
19:54:33 4 1
19:54:34 7 0
19:54:35 9 0
19:54:36 11 0
19:54:38 13 0
19:54:39 14 0
19:54:40 16 0
19:54:41 16 0
19:54:42 16 0
19:54:43 6 0
19:54:44 3 0
19:54:45 5 0
19:54:46 6 0
19:54:47 4 0
19:54:48 0 0
19:54:49 0 0
19:54:50 3 0
19:54:51 4 0
19:54:52 5 0
19:54:53 2 0
19:54:54 3 0
19:54:55 5 0
19:54:56 7 1
19:54:57 9 1
19:54:58 9 0
19:54:59 10 0
19:55:00 12 0
19:55:01 13 0
19:55:02 4 0
19:55:03 0 0
19:55:04 1 0
19:55:05 3 0
19:55:06 4 0
19:55:07 3 0
19:55:08 0 0
19:55:09 2 0
19:55:10 3 0
19:55:11 2 0
19:55:12 0 0
19:55:13 0 0
19:55:14 0 0
19:55:15 0 0
19:55:16 0 0
19:55:17 0 0
19:55:18 0 0
19:55:19 0 0
19:55:20 0 0
19:55:21 0 0
19:55:22 0 0
19:55:23 0 0
19:55:24 0 0
19:55:25 0 0
19:55:26 0 0
19:55:27 0 0
19:55:28 0 0
19:55:29 0 0
19:55:30 0 0
19:55:31 0 0
19:55:32 0 0
19:55:33 0 0
19:55:34 0 0
19:55:35 0 0
19:55:36 0 0
19:55:37 0 0
19:55:38 0 0
19:55:39 0 0
19:55:40 0 0
19:55:41 0 0
19:55:42 0 0
19:55:43 0 0
19:55:44 0 0
19:55:45 0 0
19:55:46 0 0
19:55:47 0 0
19:55:48 0 0
19:55:49 0 0
19:55:50 0 0
19:55:51 0 0
19:55:52 0 0
19:55:53 0 0
19:55:54 0 0
19:55:55 0 0
19:55:56 0 0
