time     running waiting
19:29:22 0 0
19:29:23 0 0
19:29:24 0 0
19:29:25 0 0
19:29:26 0 0
19:29:27 0 0
19:29:28 0 0
19:29:29 0 0
19:29:30 0 0
19:29:31 0 0
19:29:32 0 0
19:29:33 0 0
19:29:34 0 0
19:29:35 0 0
19:29:36 0 0
19:29:37 0 0
19:29:38 0 0
19:29:39 0 0
19:29:40 0 0
19:29:41 0 0
19:29:42 0 0
19:29:43 0 0
19:29:44 0 0
19:29:45 0 0
19:29:46 0 0
19:29:47 0 0
19:29:48 0 0
19:29:49 0 0
19:29:50 0 0
19:29:51 0 0
19:29:52 0 0
19:29:53 0 0
19:29:54 0 0
19:29:55 0 0
19:29:56 0 0
19:29:57 0 0
19:29:58 0 0
19:29:59 0 0
19:30:00 0 0
19:30:01 0 0
19:30:02 0 0
19:30:03 0 0
19:30:04 0 0
19:30:05 0 0
19:30:06 0 0
19:30:07 0 0
19:30:08 0 0
19:30:09 0 0
19:30:10 0 0
19:30:11 0 0
19:30:12 0 0
19:30:13 0 0
19:30:14 0 0
19:30:15 0 0
19:30:16 0 0
19:30:17 0 0
19:30:18 0 0
19:30:19 0 0
19:30:20 0 0
19:30:21 0 0
19:30:22 0 0
19:30:23 0 0
19:30:24 0 0
19:30:25 0 0
19:30:26 0 0
19:30:27 0 0
19:30:28 0 0
19:30:29 0 0
19:30:30 0 0
19:30:31 0 0
19:30:32 0 0
19:30:33 0 0
19:30:34 0 0
19:30:36 0 0
19:30:37 0 0
19:30:38 0 0
19:30:39 0 0
19:30:40 0 0
19:30:41 0 0
19:30:42 0 0
19:30:43 0 0
19:30:44 0 0
19:30:45 0 0
19:30:46 0 0
19:30:47 0 0
19:30:48 0 0
19:30:49 1 0
19:30:50 3 0
19:30:51 3 0
19:30:52 0 0
19:30:53 0 0
19:30:54 0 0
19:30:55 2 0
19:30:56 4 0
19:30:57 5 0
19:30:58 4 0
19:30:59 1 0
19:31:00 3 0
19:31:01 5 0
19:31:02 6 0
19:31:03 6 0
19:31:04 1 0
19:31:05 2 0
19:31:06 3 0
19:31:07 5 0
19:31:08 7 0
19:31:09 7 0
19:31:10 8 0
19:31:11 9 0
19:31:12 11 0
19:31:13 7 0
19:31:14 8 0
19:31:15 3 0
19:31:16 4 0
19:31:17 3 0
19:31:18 2 0
19:31:19 4 0
19:31:20 5 0
19:31:21 4 0
19:31:22 0 0
19:31:23 1 0
19:31:24 0 0
19:31:25 2 0
19:31:26 3 0
19:31:27 4 0
19:31:28 4 0
19:31:29 1 0
19:31:30 1 0
19:31:31 2 0
19:31:32 4 0
19:31:33 4 0
19:31:34 6 0
19:31:35 8 0
19:31:36 6 0
19:31:37 6 0
19:31:38 1 0
19:31:39 0 0
19:31:40 1 0
19:31:41 0 0
19:31:42 0 0
19:31:43 0 0
19:31:44 3 0
19:31:45 4 0
19:31:46 3 0
19:31:47 4 0
19:31:48 2 0
19:31:49 0 0
19:31:50 1 0
19:31:51 0 0
19:31:52 0 0
19:31:53 2 0
19:31:54 4 0
19:31:55 5 0
19:31:56 6 0
19:31:57 1 0
19:31:58 0 0
19:31:59 2 0
19:32:00 3 0
19:32:01 2 0
19:32:02 2 0
19:32:03 3 0
19:32:04 1 0
19:32:05 2 0
19:32:06 4 0
19:32:07 4 0
19:32:08 0 0
19:32:09 2 0
19:32:10 2 0
19:32:11 1 0
19:32:12 2 0
19:32:13 0 0
19:32:14 2 0
19:32:15 3 0
19:32:16 1 0
19:32:17 0 0
19:32:18 0 0
19:32:19 0 0
19:32:20 3 0
19:32:21 3 0
19:32:22 4 0
19:32:23 2 0
19:32:24 3 0
19:32:25 2 0
19:32:26 1 0
19:32:27 0 0
19:32:28 0 0
19:32:29 1 0
19:32:30 2 0
19:32:31 4 0
19:32:32 3 0
19:32:33 3 0
19:32:34 4 0
19:32:35 4 0
19:32:36 2 0
19:32:37 1 0
19:32:38 3 0
19:32:39 5 0
19:32:40 6 0
19:32:41 8 0
19:32:42 8 0
19:32:43 8 0
19:32:44 0 0
19:32:45 0 0
19:32:46 3 0
19:32:47 4 0
19:32:48 5 0
19:32:49 7 0
19:32:50 8 0
19:32:51 6 0
19:32:52 7 0
19:32:53 5 0
19:32:54 2 0
19:32:55 0 0
19:32:56 0 0
19:32:57 0 0
19:32:58 0 0
19:32:59 0 0
19:33:00 0 0
19:33:01 0 0
19:33:02 0 0
19:33:03 0 0
19:33:04 0 0
19:33:05 0 0
19:33:06 0 0
19:33:07 0 0
19:33:08 0 0
19:33:09 0 0
19:33:10 0 0
19:33:11 0 0
19:33:12 0 0
19:33:13 0 0
19:33:14 0 0
19:33:15 0 0
19:33:16 0 0
19:33:17 0 0
19:33:18 0 0
19:33:19 0 0
19:33:20 0 0
19:33:21 0 0
19:33:22 0 0
19:33:23 0 0
19:33:24 0 0
19:33:25 0 0
19:33:27 0 0
19:33:28 0 0
19:33:29 0 0
19:33:30 0 0
19:33:31 0 0
19:33:32 0 0
19:33:33 0 0
19:33:34 0 0
19:33:35 0 0
19:33:36 0 0
19:33:37 0 0
19:33:38 0 0
19:33:39 0 0
19:33:40 0 0
