time     running waiting
19:18:19 0 0
19:18:20 0 0
19:18:21 0 0
19:18:22 0 0
19:18:23 0 0
19:18:24 0 0
19:18:25 0 0
19:18:26 0 0
19:18:27 0 0
19:18:28 0 0
19:18:29 0 0
19:18:30 0 0
19:18:31 0 0
19:18:32 0 0
19:18:33 0 0
19:18:34 0 0
19:18:35 0 0
19:18:36 0 0
19:18:37 0 0
19:18:38 0 0
19:18:39 0 0
19:18:40 0 0
19:18:41 0 0
19:18:42 0 0
19:18:43 0 0
19:18:44 0 0
19:18:45 0 0
19:18:46 0 0
19:18:47 0 0
19:18:48 0 0
19:18:49 0 0
19:18:50 0 0
19:18:51 0 0
19:18:52 0 0
19:18:53 0 0
19:18:54 0 0
19:18:55 0 0
19:18:56 0 0
19:18:57 0 0
19:18:58 0 0
19:18:59 0 0
19:19:00 0 0
19:19:01 0 0
19:19:02 0 0
19:19:03 0 0
19:19:04 0 0
19:19:05 0 0
19:19:06 0 0
19:19:07 0 0
19:19:08 0 0
19:19:09 0 0
19:19:10 0 0
19:19:11 0 0
19:19:12 0 0
19:19:13 0 0
19:19:14 0 0
19:19:15 0 0
19:19:16 0 0
19:19:17 0 0
19:19:18 0 0
19:19:19 0 0
19:19:20 0 0
19:19:21 0 0
19:19:22 0 0
19:19:23 0 0
19:19:24 0 0
19:19:25 0 0
19:19:26 0 0
19:19:27 0 0
19:19:28 0 0
19:19:30 0 0
19:19:31 0 0
19:19:32 0 0
19:19:33 0 0
19:19:34 0 0
19:19:35 0 0
19:19:36 0 0
19:19:37 0 0
19:19:38 0 0
19:19:39 0 0
19:19:40 0 0
19:19:41 0 0
19:19:42 0 0
19:19:43 0 0
19:19:44 0 0
19:19:45 0 0
19:19:46 0 0
19:19:47 0 0
19:19:48 0 0
19:19:49 0 0
19:19:50 0 0
19:19:51 0 0
19:19:52 0 0
19:19:53 1 0
19:19:54 0 0
19:19:55 1 0
19:19:56 2 0
19:19:57 3 0
19:19:58 5 0
19:19:59 5 0
19:20:00 0 0
19:20:01 2 0
19:20:02 4 0
19:20:03 6 0
19:20:04 7 0
19:20:05 8 0
19:20:06 3 0
19:20:07 0 0
19:20:08 1 0
19:20:09 0 0
19:20:10 1 0
19:20:11 3 0
19:20:12 4 0
19:20:13 0 0
19:20:14 0 0
19:20:15 3 0
19:20:16 4 0
19:20:17 5 0
19:20:18 0 0
19:20:19 1 0
19:20:20 3 0
19:20:21 5 1
19:20:22 8 0
19:20:23 8 0
19:20:24 8 0
19:20:25 3 0
19:20:26 3 0
19:20:27 0 0
19:20:28 0 0
19:20:29 1 0
19:20:30 0 0
19:20:31 3 0
19:20:32 5 0
19:20:33 6 0
19:20:34 8 0
19:20:35 9 0
19:20:36 4 0
19:20:37 5 0
19:20:38 7 0
19:20:39 4 0
19:20:40 0 0
19:20:41 2 0
19:20:42 2 0
19:20:43 3 0
19:20:44 6 0
19:20:45 7 0
19:20:46 6 0
19:20:47 7 0
19:20:48 3 0
19:20:49 2 0
19:20:50 0 0
19:20:51 1 0
19:20:52 0 0
19:20:53 1 0
19:20:54 0 0
19:20:55 1 0
19:20:56 3 0
19:20:57 4 0
19:20:58 4 0
19:20:59 1 0
19:21:00 1 0
19:21:01 1 0
19:21:02 0 0
19:21:03 1 0
19:21:04 0 0
19:21:05 0 0
19:21:06 2 0
19:21:07 4 0
19:21:08 6 0
19:21:09 7 0
19:21:10 5 0
19:21:11 1 0
19:21:12 0 0
19:21:13 2 0
19:21:14 4 0
19:21:15 6 0
19:21:16 8 0
19:21:17 8 0
19:21:18 1 0
19:21:19 1 0
19:21:20 3 0
19:21:21 5 0
19:21:22 6 0
19:21:23 6 0
19:21:24 8 0
19:21:25 7 0
19:21:26 7 0
19:21:27 6 0
19:21:28 8 0
19:21:29 10 0
19:21:30 12 1
19:21:31 14 0
19:21:32 10 0
19:21:33 10 0
19:21:34 2 0
19:21:35 3 0
19:21:36 1 0
19:21:37 2 0
19:21:38 4 0
19:21:39 5 0
19:21:40 7 0
19:21:41 7 0
19:21:42 3 0
19:21:43 1 0
19:21:44 1 0
19:21:45 0 0
19:21:46 0 0
19:21:47 2 0
19:21:48 2 0
19:21:49 1 0
19:21:50 0 0
19:21:51 0 0
19:21:52 0 0
19:21:53 0 0
19:21:54 0 0
19:21:55 0 0
19:21:56 0 0
19:21:57 0 0
19:21:58 0 0
19:21:59 0 0
19:22:00 0 0
19:22:01 0 0
19:22:02 0 0
19:22:03 0 0
19:22:04 0 0
19:22:05 0 0
19:22:06 0 0
19:22:07 0 0
19:22:08 0 0
19:22:09 0 0
19:22:10 0 0
19:22:11 0 0
19:22:12 0 0
19:22:13 0 0
19:22:14 0 0
19:22:15 0 0
19:22:16 0 0
19:22:17 0 0
19:22:18 0 0
19:22:19 0 0
19:22:21 0 0
19:22:22 0 0
19:22:23 0 0
19:22:24 0 0
19:22:25 0 0
19:22:26 0 0
19:22:27 0 0
19:22:28 0 0
19:22:29 0 0
19:22:30 0 0
19:22:31 0 0
19:22:32 0 0
19:22:33 0 0
19:22:34 0 0
19:22:35 0 0
