time     running waiting
21:55:09 0 0
21:55:10 0 0
21:55:11 0 0
21:55:12 0 0
21:55:13 0 0
21:55:14 0 0
21:55:15 0 0
21:55:16 0 0
21:55:17 0 0
21:55:18 0 0
21:55:19 0 0
21:55:20 0 0
21:55:21 0 0
21:55:22 0 0
21:55:23 0 0
21:55:24 0 0
21:55:25 0 0
21:55:26 0 0
21:55:27 0 0
21:55:28 0 0
21:55:29 0 0
21:55:30 0 0
21:55:31 0 0
21:55:32 0 0
21:55:33 0 0
21:55:34 0 0
21:55:35 ERROR timed out
22:10:42 ERROR timed out
22:10:47 ERROR timed out
22:10:52 ERROR timed out
22:10:57 ERROR timed out
22:11:02 ERROR timed out
22:11:07 ERROR timed out
22:11:12 ERROR timed out
22:11:17 ERROR timed out
22:11:22 ERROR timed out
22:27:09 ERROR [Errno 54] Connection reset by peer
22:27:10 ERROR <urlopen error [Errno 61] Connection refused>
22:27:11 ERROR <urlopen error [Errno 61] Connection refused>
22:27:12 ERROR <urlopen error [Errno 61] Connection refused>
22:27:13 ERROR <urlopen error [Errno 61] Connection refused>
22:27:14 ERROR <urlopen error [Errno 61] Connection refused>
22:27:15 ERROR <urlopen error [Errno 61] Connection refused>
22:27:16 ERROR <urlopen error [Errno 61] Connection refused>
22:27:17 ERROR <urlopen error [Errno 61] Connection refused>
22:27:18 ERROR <urlopen error [Errno 61] Connection refused>
22:27:19 ERROR <urlopen error [Errno 61] Connection refused>
22:27:20 ERROR <urlopen error [Errno 61] Connection refused>
22:27:21 ERROR <urlopen error [Errno 61] Connection refused>
22:27:22 ERROR <urlopen error [Errno 61] Connection refused>
22:27:23 ERROR <urlopen error [Errno 61] Connection refused>
22:27:24 ERROR <urlopen error [Errno 61] Connection refused>
22:27:25 ERROR <urlopen error [Errno 61] Connection refused>
22:27:26 ERROR <urlopen error [Errno 61] Connection refused>
22:27:27 ERROR <urlopen error [Errno 61] Connection refused>
22:27:28 ERROR <urlopen error [Errno 61] Connection refused>
22:27:29 ERROR <urlopen error [Errno 61] Connection refused>
22:27:30 ERROR <urlopen error [Errno 61] Connection refused>
22:27:31 ERROR <urlopen error [Errno 61] Connection refused>
22:27:32 ERROR <urlopen error [Errno 61] Connection refused>
22:27:33 ERROR <urlopen error [Errno 61] Connection refused>
22:27:34 ERROR <urlopen error [Errno 61] Connection refused>
22:27:35 ERROR <urlopen error [Errno 61] Connection refused>
22:27:36 ERROR <urlopen error [Errno 61] Connection refused>
22:27:37 ERROR <urlopen error [Errno 61] Connection refused>
22:27:38 ERROR <urlopen error [Errno 61] Connection refused>
22:27:39 ERROR <urlopen error [Errno 61] Connection refused>
22:27:40 ERROR <urlopen error [Errno 61] Connection refused>
22:27:41 ERROR <urlopen error [Errno 61] Connection refused>
22:27:42 ERROR <urlopen error [Errno 61] Connection refused>
22:27:43 ERROR <urlopen error [Errno 61] Connection refused>
22:27:44 ERROR <urlopen error [Errno 61] Connection refused>
22:27:45 ERROR <urlopen error [Errno 61] Connection refused>
22:27:46 ERROR <urlopen error [Errno 61] Connection refused>
22:27:47 ERROR <urlopen error [Errno 61] Connection refused>
22:27:48 ERROR <urlopen error [Errno 61] Connection refused>
22:27:49 ERROR <urlopen error [Errno 61] Connection refused>
22:27:50 ERROR <urlopen error [Errno 61] Connection refused>
22:27:51 ERROR <urlopen error [Errno 61] Connection refused>
22:27:52 ERROR <urlopen error [Errno 61] Connection refused>
22:27:53 ERROR <urlopen error [Errno 61] Connection refused>
22:27:54 ERROR <urlopen error [Errno 61] Connection refused>
22:27:55 ERROR <urlopen error [Errno 61] Connection refused>
22:27:56 ERROR <urlopen error [Errno 61] Connection refused>
22:27:57 ERROR <urlopen error [Errno 61] Connection refused>
22:27:58 ERROR <urlopen error [Errno 61] Connection refused>
22:27:59 ERROR <urlopen error [Errno 61] Connection refused>
22:28:00 ERROR <urlopen error [Errno 61] Connection refused>
22:28:01 ERROR <urlopen error [Errno 61] Connection refused>
22:28:02 ERROR <urlopen error [Errno 61] Connection refused>
22:28:03 ERROR <urlopen error [Errno 61] Connection refused>
22:28:04 ERROR <urlopen error [Errno 61] Connection refused>
22:28:05 ERROR <urlopen error [Errno 61] Connection refused>
22:28:06 ERROR <urlopen error [Errno 61] Connection refused>
22:28:07 ERROR <urlopen error [Errno 61] Connection refused>
22:28:08 ERROR <urlopen error [Errno 61] Connection refused>
22:28:09 ERROR <urlopen error [Errno 61] Connection refused>
22:28:10 ERROR <urlopen error [Errno 61] Connection refused>
22:28:11 ERROR <urlopen error [Errno 61] Connection refused>
22:28:12 ERROR <urlopen error [Errno 61] Connection refused>
22:28:13 ERROR <urlopen error [Errno 61] Connection refused>
22:28:14 ERROR <urlopen error [Errno 61] Connection refused>
22:28:15 ERROR <urlopen error [Errno 61] Connection refused>
22:28:16 ERROR <urlopen error [Errno 61] Connection refused>
22:28:17 ERROR <urlopen error [Errno 61] Connection refused>
22:28:18 ERROR <urlopen error [Errno 61] Connection refused>
22:28:19 ERROR <urlopen error [Errno 61] Connection refused>
22:28:20 ERROR <urlopen error [Errno 61] Connection refused>
22:28:21 ERROR <urlopen error [Errno 61] Connection refused>
22:28:22 ERROR <urlopen error [Errno 61] Connection refused>
22:28:23 ERROR <urlopen error [Errno 61] Connection refused>
22:28:25 ERROR <urlopen error [Errno 61] Connection refused>
22:28:26 ERROR <urlopen error [Errno 61] Connection refused>
22:28:27 ERROR <urlopen error [Errno 61] Connection refused>
22:28:28 ERROR <urlopen error [Errno 61] Connection refused>
22:28:29 ERROR <urlopen error [Errno 61] Connection refused>
22:28:30 ERROR <urlopen error [Errno 61] Connection refused>
22:28:31 ERROR <urlopen error [Errno 61] Connection refused>
22:28:32 ERROR <urlopen error [Errno 61] Connection refused>
22:28:33 ERROR <urlopen error [Errno 61] Connection refused>
22:28:34 ERROR <urlopen error [Errno 61] Connection refused>
22:28:35 ERROR <urlopen error [Errno 61] Connection refused>
22:28:36 ERROR <urlopen error [Errno 61] Connection refused>
22:28:37 ERROR <urlopen error [Errno 61] Connection refused>
22:28:38 ERROR <urlopen error [Errno 61] Connection refused>
22:28:39 ERROR <urlopen error [Errno 61] Connection refused>
22:28:40 ERROR <urlopen error [Errno 61] Connection refused>
22:28:41 ERROR <urlopen error [Errno 61] Connection refused>
22:28:42 ERROR <urlopen error [Errno 61] Connection refused>
22:28:43 ERROR <urlopen error [Errno 61] Connection refused>
22:28:44 ERROR <urlopen error [Errno 61] Connection refused>
22:28:45 ERROR <urlopen error [Errno 61] Connection refused>
22:28:46 ERROR <urlopen error [Errno 61] Connection refused>
22:28:47 ERROR <urlopen error [Errno 61] Connection refused>
22:28:48 ERROR <urlopen error [Errno 61] Connection refused>
22:28:49 ERROR <urlopen error [Errno 61] Connection refused>
22:28:50 ERROR <urlopen error [Errno 61] Connection refused>
22:28:51 ERROR <urlopen error [Errno 61] Connection refused>
22:28:52 ERROR <urlopen error [Errno 61] Connection refused>
22:28:53 ERROR <urlopen error [Errno 61] Connection refused>
22:28:54 ERROR <urlopen error [Errno 61] Connection refused>
22:28:55 ERROR <urlopen error [Errno 61] Connection refused>
22:28:56 ERROR <urlopen error [Errno 61] Connection refused>
22:28:57 ERROR <urlopen error [Errno 61] Connection refused>
22:28:58 ERROR <urlopen error [Errno 61] Connection refused>
22:28:59 ERROR <urlopen error [Errno 61] Connection refused>
22:29:00 ERROR <urlopen error [Errno 61] Connection refused>
22:29:01 ERROR <urlopen error [Errno 61] Connection refused>
22:29:02 ERROR <urlopen error [Errno 61] Connection refused>
22:29:03 ERROR <urlopen error [Errno 61] Connection refused>
22:29:04 ERROR <urlopen error [Errno 61] Connection refused>
22:29:05 ERROR <urlopen error [Errno 61] Connection refused>
22:29:06 ERROR <urlopen error [Errno 61] Connection refused>
22:29:07 ERROR <urlopen error [Errno 61] Connection refused>
22:29:08 ERROR <urlopen error [Errno 61] Connection refused>
22:29:09 ERROR <urlopen error [Errno 61] Connection refused>
22:29:10 ERROR <urlopen error [Errno 61] Connection refused>
22:29:11 ERROR <urlopen error [Errno 61] Connection refused>
22:29:12 ERROR <urlopen error [Errno 61] Connection refused>
22:29:13 ERROR <urlopen error [Errno 61] Connection refused>
22:29:14 ERROR <urlopen error [Errno 61] Connection refused>
22:29:15 ERROR <urlopen error [Errno 61] Connection refused>
22:29:16 ERROR <urlopen error [Errno 61] Connection refused>
22:29:17 ERROR <urlopen error [Errno 61] Connection refused>
22:29:18 ERROR <urlopen error [Errno 61] Connection refused>
22:29:19 ERROR <urlopen error [Errno 61] Connection refused>
22:29:20 ERROR <urlopen error [Errno 61] Connection refused>
22:29:21 ERROR <urlopen error [Errno 61] Connection refused>
22:29:22 ERROR <urlopen error [Errno 61] Connection refused>
22:29:23 ERROR <urlopen error [Errno 61] Connection refused>
22:29:24 ERROR <urlopen error [Errno 61] Connection refused>
22:29:25 ERROR <urlopen error [Errno 61] Connection refused>
22:29:26 ERROR <urlopen error [Errno 61] Connection refused>
22:29:27 ERROR <urlopen error [Errno 61] Connection refused>
22:29:28 ERROR <urlopen error [Errno 61] Connection refused>
22:29:29 ERROR <urlopen error [Errno 61] Connection refused>
22:29:30 ERROR <urlopen error [Errno 61] Connection refused>
22:29:31 ERROR <urlopen error [Errno 61] Connection refused>
22:29:32 ERROR <urlopen error [Errno 61] Connection refused>
22:29:33 ERROR <urlopen error [Errno 61] Connection refused>
22:29:34 ERROR <urlopen error [Errno 61] Connection refused>
22:29:35 ERROR <urlopen error [Errno 61] Connection refused>
22:29:36 ERROR <urlopen error [Errno 61] Connection refused>
22:29:37 ERROR <urlopen error [Errno 61] Connection refused>
22:29:38 ERROR <urlopen error [Errno 61] Connection refused>
22:29:39 ERROR <urlopen error [Errno 61] Connection refused>
22:29:40 ERROR <urlopen error [Errno 61] Connection refused>
22:29:41 ERROR <urlopen error [Errno 61] Connection refused>
22:29:42 ERROR <urlopen error [Errno 61] Connection refused>
22:29:43 ERROR <urlopen error [Errno 61] Connection refused>
22:29:44 ERROR <urlopen error [Errno 61] Connection refused>
22:29:45 ERROR <urlopen error [Errno 61] Connection refused>
22:29:46 ERROR <urlopen error [Errno 61] Connection refused>
22:29:47 ERROR <urlopen error [Errno 61] Connection refused>
22:29:48 ERROR <urlopen error [Errno 61] Connection refused>
22:29:49 ERROR <urlopen error [Errno 61] Connection refused>
22:29:50 ERROR <urlopen error [Errno 61] Connection refused>
22:29:51 ERROR <urlopen error [Errno 61] Connection refused>
22:29:52 ERROR <urlopen error [Errno 61] Connection refused>
22:29:53 ERROR <urlopen error [Errno 61] Connection refused>
22:29:54 ERROR <urlopen error [Errno 61] Connection refused>
22:29:55 ERROR <urlopen error [Errno 61] Connection refused>
22:29:56 ERROR <urlopen error [Errno 61] Connection refused>
22:29:57 ERROR <urlopen error [Errno 61] Connection refused>
22:29:58 ERROR <urlopen error [Errno 61] Connection refused>
22:29:59 ERROR <urlopen error [Errno 61] Connection refused>
22:30:00 ERROR <urlopen error [Errno 61] Connection refused>
22:30:01 ERROR <urlopen error [Errno 61] Connection refused>
22:30:02 ERROR <urlopen error [Errno 61] Connection refused>
22:30:03 ERROR <urlopen error [Errno 61] Connection refused>
22:30:04 ERROR <urlopen error [Errno 61] Connection refused>
22:30:05 ERROR <urlopen error [Errno 61] Connection refused>
22:30:06 ERROR <urlopen error [Errno 61] Connection refused>
22:30:07 ERROR <urlopen error [Errno 61] Connection refused>
22:30:08 ERROR <urlopen error [Errno 61] Connection refused>
22:30:09 ERROR <urlopen error [Errno 61] Connection refused>
22:30:10 ERROR <urlopen error [Errno 61] Connection refused>
22:30:11 ERROR <urlopen error [Errno 61] Connection refused>
22:30:12 ERROR <urlopen error [Errno 61] Connection refused>
22:30:13 ERROR <urlopen error [Errno 61] Connection refused>
22:30:14 ERROR <urlopen error [Errno 61] Connection refused>
22:30:15 ERROR <urlopen error [Errno 61] Connection refused>
22:30:16 ERROR <urlopen error [Errno 61] Connection refused>
22:30:17 ERROR <urlopen error [Errno 61] Connection refused>
22:30:18 ERROR <urlopen error [Errno 61] Connection refused>
22:30:19 ERROR <urlopen error [Errno 61] Connection refused>
22:30:20 ERROR <urlopen error [Errno 61] Connection refused>
22:30:21 ERROR <urlopen error [Errno 61] Connection refused>
22:30:22 ERROR <urlopen error [Errno 61] Connection refused>
22:30:23 ERROR <urlopen error [Errno 61] Connection refused>
22:30:24 ERROR <urlopen error [Errno 61] Connection refused>
22:30:25 ERROR <urlopen error [Errno 61] Connection refused>
22:30:26 ERROR <urlopen error [Errno 61] Connection refused>
22:30:27 ERROR <urlopen error [Errno 61] Connection refused>
22:30:28 ERROR <urlopen error [Errno 61] Connection refused>
22:30:29 ERROR <urlopen error [Errno 61] Connection refused>
22:30:30 ERROR <urlopen error [Errno 61] Connection refused>
22:30:31 ERROR <urlopen error [Errno 61] Connection refused>
22:30:32 ERROR <urlopen error [Errno 61] Connection refused>
22:30:33 ERROR <urlopen error [Errno 61] Connection refused>
22:30:34 ERROR <urlopen error [Errno 61] Connection refused>
22:30:35 ERROR <urlopen error [Errno 61] Connection refused>
22:30:36 ERROR <urlopen error [Errno 61] Connection refused>
22:30:37 ERROR <urlopen error [Errno 61] Connection refused>
22:30:38 ERROR <urlopen error [Errno 61] Connection refused>
22:30:39 ERROR <urlopen error [Errno 61] Connection refused>
22:30:40 ERROR <urlopen error [Errno 61] Connection refused>
22:30:41 ERROR <urlopen error [Errno 61] Connection refused>
22:30:42 ERROR <urlopen error [Errno 61] Connection refused>
22:30:43 ERROR <urlopen error [Errno 61] Connection refused>
22:30:44 ERROR <urlopen error [Errno 61] Connection refused>
22:30:45 ERROR <urlopen error [Errno 61] Connection refused>
22:30:46 ERROR <urlopen error [Errno 61] Connection refused>
22:30:47 ERROR <urlopen error [Errno 61] Connection refused>
22:30:48 ERROR <urlopen error [Errno 61] Connection refused>
22:30:49 ERROR <urlopen error [Errno 61] Connection refused>
22:30:50 ERROR <urlopen error [Errno 61] Connection refused>
22:30:51 ERROR <urlopen error [Errno 61] Connection refused>
22:30:52 ERROR <urlopen error [Errno 61] Connection refused>
22:30:53 ERROR <urlopen error [Errno 61] Connection refused>
22:30:54 ERROR <urlopen error [Errno 61] Connection refused>
22:30:55 ERROR <urlopen error [Errno 61] Connection refused>
22:30:56 ERROR <urlopen error [Errno 61] Connection refused>
22:30:57 ERROR <urlopen error [Errno 61] Connection refused>
22:30:58 ERROR <urlopen error [Errno 61] Connection refused>
22:30:59 ERROR <urlopen error [Errno 61] Connection refused>
22:31:00 ERROR <urlopen error [Errno 61] Connection refused>
22:31:01 ERROR <urlopen error [Errno 61] Connection refused>
22:31:02 ERROR <urlopen error [Errno 61] Connection refused>
22:31:03 ERROR <urlopen error [Errno 61] Connection refused>
22:31:04 ERROR <urlopen error [Errno 61] Connection refused>
22:31:05 ERROR <urlopen error [Errno 61] Connection refused>
22:31:06 ERROR <urlopen error [Errno 61] Connection refused>
22:31:07 ERROR <urlopen error [Errno 61] Connection refused>
22:31:08 ERROR <urlopen error [Errno 61] Connection refused>
22:31:09 ERROR <urlopen error [Errno 61] Connection refused>
22:31:10 ERROR <urlopen error [Errno 61] Connection refused>
22:31:11 ERROR <urlopen error [Errno 61] Connection refused>
22:31:12 ERROR <urlopen error [Errno 61] Connection refused>
22:31:13 ERROR <urlopen error [Errno 61] Connection refused>
22:31:14 ERROR <urlopen error [Errno 61] Connection refused>
22:31:15 ERROR <urlopen error [Errno 61] Connection refused>
22:31:16 ERROR <urlopen error [Errno 61] Connection refused>
22:31:17 ERROR <urlopen error [Errno 61] Connection refused>
22:31:18 ERROR <urlopen error [Errno 61] Connection refused>
22:31:19 ERROR <urlopen error [Errno 61] Connection refused>
22:31:20 ERROR <urlopen error [Errno 61] Connection refused>
22:31:21 ERROR <urlopen error [Errno 61] Connection refused>
22:31:22 ERROR <urlopen error [Errno 61] Connection refused>
22:31:23 ERROR <urlopen error [Errno 61] Connection refused>
22:31:24 ERROR <urlopen error [Errno 61] Connection refused>
22:31:26 ERROR <urlopen error [Errno 61] Connection refused>
22:31:27 ERROR <urlopen error [Errno 61] Connection refused>
22:31:28 ERROR <urlopen error [Errno 61] Connection refused>
22:31:29 ERROR <urlopen error [Errno 61] Connection refused>
22:31:30 ERROR <urlopen error [Errno 61] Connection refused>
22:31:31 ERROR <urlopen error [Errno 61] Connection refused>
22:31:32 ERROR <urlopen error [Errno 61] Connection refused>
22:31:33 ERROR <urlopen error [Errno 61] Connection refused>
22:31:34 ERROR <urlopen error [Errno 61] Connection refused>
22:31:35 ERROR <urlopen error [Errno 61] Connection refused>
22:31:36 ERROR <urlopen error [Errno 61] Connection refused>
22:31:37 ERROR <urlopen error [Errno 61] Connection refused>
22:31:38 ERROR <urlopen error [Errno 61] Connection refused>
22:31:39 ERROR <urlopen error [Errno 61] Connection refused>
22:31:40 ERROR <urlopen error [Errno 61] Connection refused>
22:31:41 ERROR <urlopen error [Errno 61] Connection refused>
22:31:42 ERROR <urlopen error [Errno 61] Connection refused>
22:31:43 ERROR <urlopen error [Errno 61] Connection refused>
22:31:44 ERROR <urlopen error [Errno 61] Connection refused>
22:31:45 ERROR <urlopen error [Errno 61] Connection refused>
22:31:46 ERROR <urlopen error [Errno 61] Connection refused>
22:31:47 ERROR <urlopen error [Errno 61] Connection refused>
22:31:48 ERROR <urlopen error [Errno 61] Connection refused>
22:31:49 ERROR <urlopen error [Errno 61] Connection refused>
22:31:50 ERROR <urlopen error [Errno 61] Connection refused>
22:31:51 ERROR <urlopen error [Errno 61] Connection refused>
22:31:52 ERROR <urlopen error [Errno 61] Connection refused>
22:31:53 ERROR <urlopen error [Errno 61] Connection refused>
22:31:54 ERROR <urlopen error [Errno 61] Connection refused>
22:31:55 ERROR <urlopen error [Errno 61] Connection refused>
22:31:56 ERROR <urlopen error [Errno 61] Connection refused>
22:31:57 ERROR <urlopen error [Errno 61] Connection refused>
22:31:58 ERROR <urlopen error [Errno 61] Connection refused>
22:31:59 ERROR <urlopen error [Errno 61] Connection refused>
22:32:00 ERROR <urlopen error [Errno 61] Connection refused>
22:32:01 ERROR <urlopen error [Errno 61] Connection refused>
22:32:02 ERROR <urlopen error [Errno 61] Connection refused>
22:32:03 ERROR <urlopen error [Errno 61] Connection refused>
22:32:04 ERROR <urlopen error [Errno 61] Connection refused>
22:32:05 ERROR <urlopen error [Errno 61] Connection refused>
22:32:06 ERROR <urlopen error [Errno 61] Connection refused>
22:32:07 ERROR <urlopen error [Errno 61] Connection refused>
22:32:08 ERROR <urlopen error [Errno 61] Connection refused>
22:32:09 ERROR <urlopen error [Errno 61] Connection refused>
22:32:10 ERROR <urlopen error [Errno 61] Connection refused>
22:32:11 ERROR <urlopen error [Errno 61] Connection refused>
22:32:12 ERROR <urlopen error [Errno 61] Connection refused>
22:32:13 ERROR <urlopen error [Errno 61] Connection refused>
22:32:14 ERROR <urlopen error [Errno 61] Connection refused>
22:32:15 ERROR <urlopen error [Errno 61] Connection refused>
22:32:16 ERROR <urlopen error [Errno 61] Connection refused>
22:32:17 ERROR <urlopen error [Errno 61] Connection refused>
22:32:18 ERROR <urlopen error [Errno 61] Connection refused>
22:32:19 ERROR <urlopen error [Errno 61] Connection refused>
22:32:20 ERROR <urlopen error [Errno 61] Connection refused>
22:32:21 ERROR <urlopen error [Errno 61] Connection refused>
22:32:22 ERROR <urlopen error [Errno 61] Connection refused>
22:32:23 ERROR <urlopen error [Errno 61] Connection refused>
22:32:24 ERROR <urlopen error [Errno 61] Connection refused>
22:32:25 ERROR <urlopen error [Errno 61] Connection refused>
22:32:26 ERROR <urlopen error [Errno 61] Connection refused>
22:32:27 ERROR <urlopen error [Errno 61] Connection refused>
22:32:28 ERROR <urlopen error [Errno 61] Connection refused>
22:32:29 ERROR <urlopen error [Errno 61] Connection refused>
22:32:30 ERROR <urlopen error [Errno 61] Connection refused>
22:32:31 ERROR <urlopen error [Errno 61] Connection refused>
22:32:32 ERROR <urlopen error [Errno 61] Connection refused>
22:32:33 ERROR <urlopen error [Errno 61] Connection refused>
22:32:34 ERROR <urlopen error [Errno 61] Connection refused>
22:32:35 ERROR <urlopen error [Errno 61] Connection refused>
22:32:36 ERROR <urlopen error [Errno 61] Connection refused>
22:32:37 ERROR <urlopen error [Errno 61] Connection refused>
22:32:38 ERROR <urlopen error [Errno 61] Connection refused>
22:32:39 ERROR <urlopen error [Errno 61] Connection refused>
22:32:40 ERROR <urlopen error [Errno 61] Connection refused>
22:32:41 ERROR <urlopen error [Errno 61] Connection refused>
22:32:42 ERROR <urlopen error [Errno 61] Connection refused>
22:32:43 ERROR <urlopen error [Errno 61] Connection refused>
22:32:44 ERROR <urlopen error [Errno 61] Connection refused>
22:32:45 ERROR <urlopen error [Errno 61] Connection refused>
22:32:46 ERROR <urlopen error [Errno 61] Connection refused>
22:32:47 ERROR <urlopen error [Errno 61] Connection refused>
22:32:48 ERROR <urlopen error [Errno 61] Connection refused>
22:32:49 ERROR <urlopen error [Errno 61] Connection refused>
22:32:50 ERROR <urlopen error [Errno 61] Connection refused>
22:32:51 ERROR <urlopen error [Errno 61] Connection refused>
22:32:52 ERROR <urlopen error [Errno 61] Connection refused>
22:32:53 ERROR <urlopen error [Errno 61] Connection refused>
22:32:54 ERROR <urlopen error [Errno 61] Connection refused>
22:32:55 ERROR <urlopen error [Errno 61] Connection refused>
22:32:56 ERROR <urlopen error [Errno 61] Connection refused>
22:32:57 ERROR <urlopen error [Errno 61] Connection refused>
22:32:58 ERROR <urlopen error [Errno 61] Connection refused>
22:32:59 ERROR <urlopen error [Errno 61] Connection refused>
22:33:00 ERROR <urlopen error [Errno 61] Connection refused>
22:33:01 ERROR <urlopen error [Errno 61] Connection refused>
22:33:02 ERROR <urlopen error [Errno 61] Connection refused>
22:33:03 ERROR <urlopen error [Errno 61] Connection refused>
22:33:04 ERROR <urlopen error [Errno 61] Connection refused>
22:33:05 ERROR <urlopen error [Errno 61] Connection refused>
22:33:06 ERROR <urlopen error [Errno 61] Connection refused>
22:33:07 ERROR <urlopen error [Errno 61] Connection refused>
22:33:08 ERROR <urlopen error [Errno 61] Connection refused>
22:33:09 ERROR <urlopen error [Errno 61] Connection refused>
22:33:10 ERROR <urlopen error [Errno 61] Connection refused>
22:33:11 ERROR <urlopen error [Errno 61] Connection refused>
22:33:12 ERROR <urlopen error [Errno 61] Connection refused>
22:33:13 ERROR <urlopen error [Errno 61] Connection refused>
22:33:14 ERROR <urlopen error [Errno 61] Connection refused>
22:33:15 ERROR <urlopen error [Errno 61] Connection refused>
22:33:16 ERROR <urlopen error [Errno 61] Connection refused>
22:33:17 ERROR <urlopen error [Errno 61] Connection refused>
22:33:18 ERROR <urlopen error [Errno 61] Connection refused>
22:33:19 ERROR <urlopen error [Errno 61] Connection refused>
22:33:20 ERROR <urlopen error [Errno 61] Connection refused>
22:33:21 ERROR <urlopen error [Errno 61] Connection refused>
22:33:22 ERROR <urlopen error [Errno 61] Connection refused>
22:33:23 ERROR <urlopen error [Errno 61] Connection refused>
22:33:24 ERROR <urlopen error [Errno 61] Connection refused>
22:33:25 ERROR <urlopen error [Errno 61] Connection refused>
22:33:26 ERROR <urlopen error [Errno 61] Connection refused>
22:33:27 ERROR <urlopen error [Errno 61] Connection refused>
22:33:28 ERROR <urlopen error [Errno 61] Connection refused>
22:33:29 ERROR <urlopen error [Errno 61] Connection refused>
22:33:30 ERROR <urlopen error [Errno 61] Connection refused>
22:33:31 ERROR <urlopen error [Errno 61] Connection refused>
22:33:32 ERROR <urlopen error [Errno 61] Connection refused>
22:33:33 ERROR <urlopen error [Errno 61] Connection refused>
22:33:34 ERROR <urlopen error [Errno 61] Connection refused>
22:33:35 ERROR <urlopen error [Errno 61] Connection refused>
22:33:36 ERROR <urlopen error [Errno 61] Connection refused>
22:33:37 ERROR <urlopen error [Errno 61] Connection refused>
22:33:38 ERROR <urlopen error [Errno 61] Connection refused>
22:33:39 ERROR <urlopen error [Errno 61] Connection refused>
22:33:40 ERROR <urlopen error [Errno 61] Connection refused>
22:33:41 ERROR <urlopen error [Errno 61] Connection refused>
22:33:42 ERROR <urlopen error [Errno 61] Connection refused>
22:33:43 ERROR <urlopen error [Errno 61] Connection refused>
22:33:44 ERROR <urlopen error [Errno 61] Connection refused>
22:33:45 ERROR <urlopen error [Errno 61] Connection refused>
22:33:46 ERROR <urlopen error [Errno 61] Connection refused>
22:33:47 ERROR <urlopen error [Errno 61] Connection refused>
22:33:48 ERROR <urlopen error [Errno 61] Connection refused>
22:33:49 ERROR <urlopen error [Errno 61] Connection refused>
22:33:50 ERROR <urlopen error [Errno 61] Connection refused>
22:33:51 ERROR <urlopen error [Errno 61] Connection refused>
22:33:52 ERROR <urlopen error [Errno 61] Connection refused>
22:33:53 ERROR <urlopen error [Errno 61] Connection refused>
22:33:54 ERROR <urlopen error [Errno 61] Connection refused>
22:33:55 ERROR <urlopen error [Errno 61] Connection refused>
22:33:56 ERROR <urlopen error [Errno 61] Connection refused>
22:33:57 ERROR <urlopen error [Errno 61] Connection refused>
22:33:58 ERROR <urlopen error [Errno 61] Connection refused>
22:33:59 ERROR <urlopen error [Errno 61] Connection refused>
22:34:00 ERROR <urlopen error [Errno 61] Connection refused>
22:34:01 ERROR <urlopen error [Errno 61] Connection refused>
22:34:02 ERROR <urlopen error [Errno 61] Connection refused>
22:34:03 ERROR <urlopen error [Errno 61] Connection refused>
22:34:04 ERROR <urlopen error [Errno 61] Connection refused>
22:34:05 ERROR <urlopen error [Errno 61] Connection refused>
22:34:06 ERROR <urlopen error [Errno 61] Connection refused>
22:34:07 ERROR <urlopen error [Errno 61] Connection refused>
22:34:08 ERROR <urlopen error [Errno 61] Connection refused>
22:34:09 ERROR <urlopen error [Errno 61] Connection refused>
22:34:10 ERROR <urlopen error [Errno 61] Connection refused>
22:34:11 ERROR <urlopen error [Errno 61] Connection refused>
22:34:12 ERROR <urlopen error [Errno 61] Connection refused>
22:34:13 ERROR <urlopen error [Errno 61] Connection refused>
22:34:14 ERROR <urlopen error [Errno 61] Connection refused>
22:34:15 ERROR <urlopen error [Errno 61] Connection refused>
22:34:16 ERROR <urlopen error [Errno 61] Connection refused>
22:34:17 ERROR <urlopen error [Errno 61] Connection refused>
22:34:18 ERROR <urlopen error [Errno 61] Connection refused>
22:34:19 ERROR <urlopen error [Errno 61] Connection refused>
22:34:20 ERROR <urlopen error [Errno 61] Connection refused>
22:34:21 ERROR <urlopen error [Errno 61] Connection refused>
22:34:22 ERROR <urlopen error [Errno 61] Connection refused>
22:34:23 ERROR <urlopen error [Errno 61] Connection refused>
22:34:24 ERROR <urlopen error [Errno 61] Connection refused>
22:34:25 ERROR <urlopen error [Errno 61] Connection refused>
22:34:26 ERROR <urlopen error [Errno 61] Connection refused>
22:34:27 ERROR <urlopen error [Errno 61] Connection refused>
22:34:28 ERROR <urlopen error [Errno 61] Connection refused>
22:34:29 ERROR <urlopen error [Errno 61] Connection refused>
22:34:30 ERROR <urlopen error [Errno 61] Connection refused>
22:34:31 ERROR <urlopen error [Errno 61] Connection refused>
22:34:32 ERROR <urlopen error [Errno 61] Connection refused>
22:34:33 ERROR <urlopen error [Errno 61] Connection refused>
22:34:34 ERROR <urlopen error [Errno 61] Connection refused>
22:34:35 ERROR <urlopen error [Errno 61] Connection refused>
22:34:36 ERROR <urlopen error [Errno 61] Connection refused>
22:34:37 ERROR <urlopen error [Errno 61] Connection refused>
22:34:38 ERROR <urlopen error [Errno 61] Connection refused>
22:34:39 ERROR <urlopen error [Errno 61] Connection refused>
22:34:40 ERROR <urlopen error [Errno 61] Connection refused>
22:34:41 ERROR <urlopen error [Errno 61] Connection refused>
22:34:42 ERROR <urlopen error [Errno 61] Connection refused>
22:34:43 ERROR <urlopen error [Errno 61] Connection refused>
22:34:44 ERROR <urlopen error [Errno 61] Connection refused>
22:34:45 ERROR <urlopen error [Errno 61] Connection refused>
22:34:47 ERROR <urlopen error [Errno 61] Connection refused>
22:34:48 ERROR <urlopen error [Errno 61] Connection refused>
22:34:49 ERROR <urlopen error [Errno 61] Connection refused>
22:34:50 ERROR <urlopen error [Errno 61] Connection refused>
22:34:51 ERROR <urlopen error [Errno 61] Connection refused>
22:34:52 ERROR <urlopen error [Errno 61] Connection refused>
22:34:53 ERROR <urlopen error [Errno 61] Connection refused>
22:34:54 ERROR <urlopen error [Errno 61] Connection refused>
22:34:55 ERROR <urlopen error [Errno 61] Connection refused>
22:34:56 ERROR <urlopen error [Errno 61] Connection refused>
22:34:57 ERROR <urlopen error [Errno 61] Connection refused>
22:34:58 ERROR <urlopen error [Errno 61] Connection refused>
22:34:59 ERROR <urlopen error [Errno 61] Connection refused>
22:35:00 ERROR <urlopen error [Errno 61] Connection refused>
22:35:01 ERROR <urlopen error [Errno 61] Connection refused>
22:35:02 ERROR <urlopen error [Errno 61] Connection refused>
22:35:03 ERROR <urlopen error [Errno 61] Connection refused>
22:35:04 ERROR <urlopen error [Errno 61] Connection refused>
22:35:05 ERROR <urlopen error [Errno 61] Connection refused>
22:35:06 ERROR <urlopen error [Errno 61] Connection refused>
22:35:07 ERROR <urlopen error [Errno 61] Connection refused>
22:35:08 ERROR <urlopen error [Errno 61] Connection refused>
22:35:09 ERROR <urlopen error [Errno 61] Connection refused>
22:35:10 ERROR <urlopen error [Errno 61] Connection refused>
22:35:11 ERROR <urlopen error [Errno 61] Connection refused>
22:35:12 ERROR <urlopen error [Errno 61] Connection refused>
22:35:13 ERROR <urlopen error [Errno 61] Connection refused>
22:35:14 ERROR <urlopen error [Errno 61] Connection refused>
22:35:15 ERROR <urlopen error [Errno 61] Connection refused>
22:35:16 ERROR <urlopen error [Errno 61] Connection refused>
22:35:17 ERROR <urlopen error [Errno 61] Connection refused>
22:35:18 ERROR <urlopen error [Errno 61] Connection refused>
22:35:19 ERROR <urlopen error [Errno 61] Connection refused>
22:35:20 ERROR <urlopen error [Errno 61] Connection refused>
22:35:21 ERROR <urlopen error [Errno 61] Connection refused>
22:35:22 ERROR <urlopen error [Errno 61] Connection refused>
22:35:23 ERROR <urlopen error [Errno 61] Connection refused>
22:35:24 ERROR <urlopen error [Errno 61] Connection refused>
22:35:25 ERROR <urlopen error [Errno 61] Connection refused>
22:35:26 ERROR <urlopen error [Errno 61] Connection refused>
22:35:27 ERROR <urlopen error [Errno 61] Connection refused>
22:35:28 ERROR <urlopen error [Errno 61] Connection refused>
22:35:29 ERROR <urlopen error [Errno 61] Connection refused>
22:35:30 ERROR <urlopen error [Errno 61] Connection refused>
22:35:31 ERROR <urlopen error [Errno 61] Connection refused>
22:35:32 ERROR <urlopen error [Errno 61] Connection refused>
22:35:33 ERROR <urlopen error [Errno 61] Connection refused>
22:35:34 ERROR <urlopen error [Errno 61] Connection refused>
22:35:35 ERROR <urlopen error [Errno 61] Connection refused>
22:35:36 ERROR <urlopen error [Errno 61] Connection refused>
22:35:37 ERROR <urlopen error [Errno 61] Connection refused>
22:35:38 ERROR <urlopen error [Errno 61] Connection refused>
22:35:39 ERROR <urlopen error [Errno 61] Connection refused>
22:35:40 ERROR <urlopen error [Errno 61] Connection refused>
22:35:41 ERROR <urlopen error [Errno 61] Connection refused>
22:35:42 ERROR <urlopen error [Errno 61] Connection refused>
22:35:43 ERROR <urlopen error [Errno 61] Connection refused>
22:35:44 ERROR <urlopen error [Errno 61] Connection refused>
22:35:45 ERROR <urlopen error [Errno 61] Connection refused>
22:35:46 ERROR <urlopen error [Errno 61] Connection refused>
22:35:47 ERROR <urlopen error [Errno 61] Connection refused>
22:35:48 ERROR <urlopen error [Errno 61] Connection refused>
22:35:49 ERROR <urlopen error [Errno 61] Connection refused>
22:35:50 ERROR <urlopen error [Errno 61] Connection refused>
22:35:51 ERROR <urlopen error [Errno 61] Connection refused>
22:35:52 ERROR <urlopen error [Errno 61] Connection refused>
22:35:53 ERROR <urlopen error [Errno 61] Connection refused>
22:35:54 ERROR <urlopen error [Errno 61] Connection refused>
22:35:55 ERROR <urlopen error [Errno 61] Connection refused>
22:35:56 ERROR <urlopen error [Errno 61] Connection refused>
22:35:57 ERROR <urlopen error [Errno 61] Connection refused>
22:35:58 ERROR <urlopen error [Errno 61] Connection refused>
22:35:59 ERROR <urlopen error [Errno 61] Connection refused>
22:36:00 ERROR <urlopen error [Errno 61] Connection refused>
22:36:01 ERROR <urlopen error [Errno 61] Connection refused>
22:36:02 ERROR <urlopen error [Errno 61] Connection refused>
22:36:03 ERROR <urlopen error [Errno 61] Connection refused>
22:36:04 ERROR <urlopen error [Errno 61] Connection refused>
22:36:05 ERROR <urlopen error [Errno 61] Connection refused>
22:36:06 ERROR <urlopen error [Errno 61] Connection refused>
22:36:07 ERROR <urlopen error [Errno 61] Connection refused>
22:36:08 ERROR <urlopen error [Errno 61] Connection refused>
22:36:09 ERROR <urlopen error [Errno 61] Connection refused>
22:36:10 ERROR <urlopen error [Errno 61] Connection refused>
22:36:11 ERROR <urlopen error [Errno 61] Connection refused>
22:36:12 ERROR <urlopen error [Errno 61] Connection refused>
22:36:13 ERROR <urlopen error [Errno 61] Connection refused>
22:36:14 ERROR <urlopen error [Errno 61] Connection refused>
22:36:15 ERROR <urlopen error [Errno 61] Connection refused>
22:36:16 ERROR <urlopen error [Errno 61] Connection refused>
22:36:17 ERROR <urlopen error [Errno 61] Connection refused>
22:36:18 ERROR <urlopen error [Errno 61] Connection refused>
22:36:19 ERROR <urlopen error [Errno 61] Connection refused>
22:36:20 ERROR <urlopen error [Errno 61] Connection refused>
22:36:21 ERROR <urlopen error [Errno 61] Connection refused>
22:36:22 ERROR <urlopen error [Errno 61] Connection refused>
22:36:23 ERROR <urlopen error [Errno 61] Connection refused>
22:36:24 ERROR <urlopen error [Errno 61] Connection refused>
22:36:25 ERROR <urlopen error [Errno 61] Connection refused>
22:36:26 ERROR <urlopen error [Errno 61] Connection refused>
22:36:27 ERROR <urlopen error [Errno 61] Connection refused>
22:36:28 ERROR <urlopen error [Errno 61] Connection refused>
22:36:29 ERROR <urlopen error [Errno 61] Connection refused>
22:36:30 ERROR <urlopen error [Errno 61] Connection refused>
22:36:31 ERROR <urlopen error [Errno 61] Connection refused>
22:36:32 ERROR <urlopen error [Errno 61] Connection refused>
22:36:33 ERROR <urlopen error [Errno 61] Connection refused>
22:36:34 ERROR <urlopen error [Errno 61] Connection refused>
22:36:35 ERROR <urlopen error [Errno 61] Connection refused>
22:36:36 ERROR <urlopen error [Errno 61] Connection refused>
22:36:37 ERROR <urlopen error [Errno 61] Connection refused>
22:36:38 ERROR <urlopen error [Errno 61] Connection refused>
22:36:39 ERROR <urlopen error [Errno 61] Connection refused>
22:36:40 ERROR <urlopen error [Errno 61] Connection refused>
22:36:41 ERROR <urlopen error [Errno 61] Connection refused>
22:36:42 ERROR <urlopen error [Errno 61] Connection refused>
22:36:43 ERROR <urlopen error [Errno 61] Connection refused>
22:36:44 ERROR <urlopen error [Errno 61] Connection refused>
22:36:45 ERROR <urlopen error [Errno 61] Connection refused>
22:36:46 ERROR <urlopen error [Errno 61] Connection refused>
22:36:47 ERROR <urlopen error [Errno 61] Connection refused>
22:36:48 ERROR <urlopen error [Errno 61] Connection refused>
22:36:49 ERROR <urlopen error [Errno 61] Connection refused>
22:36:50 ERROR <urlopen error [Errno 61] Connection refused>
22:36:51 ERROR <urlopen error [Errno 61] Connection refused>
22:36:52 ERROR <urlopen error [Errno 61] Connection refused>
22:36:53 ERROR <urlopen error [Errno 61] Connection refused>
22:36:54 ERROR <urlopen error [Errno 61] Connection refused>
22:36:55 ERROR <urlopen error [Errno 61] Connection refused>
22:36:56 ERROR <urlopen error [Errno 61] Connection refused>
22:36:57 ERROR <urlopen error [Errno 61] Connection refused>
22:36:58 ERROR <urlopen error [Errno 61] Connection refused>
22:36:59 ERROR <urlopen error [Errno 61] Connection refused>
22:37:00 ERROR <urlopen error [Errno 61] Connection refused>
22:37:01 ERROR <urlopen error [Errno 61] Connection refused>
22:37:02 ERROR <urlopen error [Errno 61] Connection refused>
22:37:03 ERROR <urlopen error [Errno 61] Connection refused>
22:37:04 ERROR <urlopen error [Errno 61] Connection refused>
22:37:05 ERROR <urlopen error [Errno 61] Connection refused>
22:37:06 ERROR <urlopen error [Errno 61] Connection refused>
22:37:07 ERROR <urlopen error [Errno 61] Connection refused>
22:37:08 ERROR <urlopen error [Errno 61] Connection refused>
22:37:09 ERROR <urlopen error [Errno 61] Connection refused>
22:37:10 ERROR <urlopen error [Errno 61] Connection refused>
22:37:11 ERROR <urlopen error [Errno 61] Connection refused>
22:37:12 ERROR <urlopen error [Errno 61] Connection refused>
22:37:13 ERROR <urlopen error [Errno 61] Connection refused>
22:37:14 ERROR <urlopen error [Errno 61] Connection refused>
22:37:15 ERROR <urlopen error [Errno 61] Connection refused>
22:37:16 ERROR <urlopen error [Errno 61] Connection refused>
22:37:17 ERROR <urlopen error [Errno 61] Connection refused>
22:37:18 ERROR <urlopen error [Errno 61] Connection refused>
22:37:19 ERROR <urlopen error [Errno 61] Connection refused>
22:37:20 ERROR <urlopen error [Errno 61] Connection refused>
22:37:21 ERROR <urlopen error [Errno 61] Connection refused>
22:37:22 ERROR <urlopen error [Errno 61] Connection refused>
22:37:23 ERROR <urlopen error [Errno 61] Connection refused>
22:37:24 ERROR <urlopen error [Errno 61] Connection refused>
22:37:25 ERROR <urlopen error [Errno 61] Connection refused>
22:37:26 ERROR <urlopen error [Errno 61] Connection refused>
22:37:27 ERROR <urlopen error [Errno 61] Connection refused>
22:37:28 ERROR <urlopen error [Errno 61] Connection refused>
22:37:29 ERROR <urlopen error [Errno 61] Connection refused>
22:37:30 ERROR <urlopen error [Errno 61] Connection refused>
22:37:31 ERROR <urlopen error [Errno 61] Connection refused>
22:37:32 ERROR <urlopen error [Errno 61] Connection refused>
22:37:33 ERROR <urlopen error [Errno 61] Connection refused>
22:37:34 ERROR <urlopen error [Errno 61] Connection refused>
22:37:35 ERROR <urlopen error [Errno 61] Connection refused>
22:37:36 ERROR <urlopen error [Errno 61] Connection refused>
22:37:37 ERROR <urlopen error [Errno 61] Connection refused>
22:37:38 ERROR <urlopen error [Errno 61] Connection refused>
22:37:39 ERROR <urlopen error [Errno 61] Connection refused>
22:37:40 ERROR <urlopen error [Errno 61] Connection refused>
22:37:41 ERROR <urlopen error [Errno 61] Connection refused>
22:37:42 ERROR <urlopen error [Errno 61] Connection refused>
22:37:43 ERROR <urlopen error [Errno 61] Connection refused>
22:37:44 ERROR <urlopen error [Errno 61] Connection refused>
22:37:45 ERROR <urlopen error [Errno 61] Connection refused>
22:37:46 ERROR <urlopen error [Errno 61] Connection refused>
22:37:47 ERROR <urlopen error [Errno 61] Connection refused>
22:37:48 ERROR <urlopen error [Errno 61] Connection refused>
22:37:49 ERROR <urlopen error [Errno 61] Connection refused>
22:37:50 ERROR <urlopen error [Errno 61] Connection refused>
22:37:51 ERROR <urlopen error [Errno 61] Connection refused>
22:37:52 ERROR <urlopen error [Errno 61] Connection refused>
22:37:53 ERROR <urlopen error [Errno 61] Connection refused>
22:37:54 ERROR <urlopen error [Errno 61] Connection refused>
22:37:55 ERROR <urlopen error [Errno 61] Connection refused>
22:37:56 ERROR <urlopen error [Errno 61] Connection refused>
22:37:57 ERROR <urlopen error [Errno 61] Connection refused>
22:37:58 ERROR <urlopen error [Errno 61] Connection refused>
22:37:59 ERROR <urlopen error [Errno 61] Connection refused>
22:38:01 ERROR <urlopen error [Errno 61] Connection refused>
22:38:02 ERROR <urlopen error [Errno 61] Connection refused>
22:38:03 ERROR <urlopen error [Errno 61] Connection refused>
22:38:04 ERROR <urlopen error [Errno 61] Connection refused>
22:38:05 ERROR <urlopen error [Errno 61] Connection refused>
22:38:06 ERROR <urlopen error [Errno 61] Connection refused>
22:38:07 ERROR <urlopen error [Errno 61] Connection refused>
22:38:08 ERROR <urlopen error [Errno 61] Connection refused>
22:38:09 ERROR <urlopen error [Errno 61] Connection refused>
22:38:10 ERROR <urlopen error [Errno 61] Connection refused>
22:38:11 ERROR <urlopen error [Errno 61] Connection refused>
22:38:12 ERROR <urlopen error [Errno 61] Connection refused>
22:38:13 ERROR <urlopen error [Errno 61] Connection refused>
22:38:14 ERROR <urlopen error [Errno 61] Connection refused>
22:38:15 ERROR <urlopen error [Errno 61] Connection refused>
22:38:16 ERROR <urlopen error [Errno 61] Connection refused>
22:38:17 ERROR <urlopen error [Errno 61] Connection refused>
22:38:18 ERROR <urlopen error [Errno 61] Connection refused>
22:38:19 ERROR <urlopen error [Errno 61] Connection refused>
22:38:20 ERROR <urlopen error [Errno 61] Connection refused>
22:38:21 ERROR <urlopen error [Errno 61] Connection refused>
22:38:22 ERROR <urlopen error [Errno 61] Connection refused>
22:38:23 ERROR <urlopen error [Errno 61] Connection refused>
22:38:24 ERROR <urlopen error [Errno 61] Connection refused>
22:38:25 ERROR <urlopen error [Errno 61] Connection refused>
22:38:26 ERROR <urlopen error [Errno 61] Connection refused>
22:38:27 ERROR <urlopen error [Errno 61] Connection refused>
22:38:28 ERROR <urlopen error [Errno 61] Connection refused>
22:38:29 ERROR <urlopen error [Errno 61] Connection refused>
22:38:30 ERROR <urlopen error [Errno 61] Connection refused>
22:38:31 ERROR <urlopen error [Errno 61] Connection refused>
22:38:32 ERROR <urlopen error [Errno 61] Connection refused>
22:38:33 ERROR <urlopen error [Errno 61] Connection refused>
22:38:34 ERROR <urlopen error [Errno 61] Connection refused>
22:38:35 ERROR <urlopen error [Errno 61] Connection refused>
22:38:36 ERROR <urlopen error [Errno 61] Connection refused>
22:38:37 ERROR <urlopen error [Errno 61] Connection refused>
22:38:38 ERROR <urlopen error [Errno 61] Connection refused>
22:38:39 ERROR <urlopen error [Errno 61] Connection refused>
22:38:40 ERROR <urlopen error [Errno 61] Connection refused>
22:38:41 ERROR <urlopen error [Errno 61] Connection refused>
22:38:42 ERROR <urlopen error [Errno 61] Connection refused>
22:38:43 ERROR <urlopen error [Errno 61] Connection refused>
22:38:44 ERROR <urlopen error [Errno 61] Connection refused>
22:38:45 ERROR <urlopen error [Errno 61] Connection refused>
22:38:46 ERROR <urlopen error [Errno 61] Connection refused>
22:38:47 ERROR <urlopen error [Errno 61] Connection refused>
22:38:48 ERROR <urlopen error [Errno 61] Connection refused>
22:38:49 ERROR <urlopen error [Errno 61] Connection refused>
22:38:50 ERROR <urlopen error [Errno 61] Connection refused>
22:38:51 ERROR <urlopen error [Errno 61] Connection refused>
22:38:52 ERROR <urlopen error [Errno 61] Connection refused>
22:38:53 ERROR <urlopen error [Errno 61] Connection refused>
22:38:54 ERROR <urlopen error [Errno 61] Connection refused>
22:38:55 ERROR <urlopen error [Errno 61] Connection refused>
22:38:56 ERROR <urlopen error [Errno 61] Connection refused>
22:38:57 ERROR <urlopen error [Errno 61] Connection refused>
22:38:58 ERROR <urlopen error [Errno 61] Connection refused>
22:38:59 ERROR <urlopen error [Errno 61] Connection refused>
22:39:00 ERROR <urlopen error [Errno 61] Connection refused>
22:39:01 ERROR <urlopen error [Errno 61] Connection refused>
22:39:02 ERROR <urlopen error [Errno 61] Connection refused>
22:39:03 ERROR <urlopen error [Errno 61] Connection refused>
22:39:04 ERROR <urlopen error [Errno 61] Connection refused>
22:39:05 ERROR <urlopen error [Errno 61] Connection refused>
22:39:06 ERROR <urlopen error [Errno 61] Connection refused>
22:39:07 ERROR <urlopen error [Errno 61] Connection refused>
22:39:08 ERROR <urlopen error [Errno 61] Connection refused>
22:39:09 ERROR <urlopen error [Errno 61] Connection refused>
22:39:10 ERROR <urlopen error [Errno 61] Connection refused>
22:39:11 ERROR <urlopen error [Errno 61] Connection refused>
22:39:12 ERROR <urlopen error [Errno 61] Connection refused>
22:39:13 ERROR <urlopen error [Errno 61] Connection refused>
22:39:14 ERROR <urlopen error [Errno 61] Connection refused>
22:39:15 ERROR <urlopen error [Errno 61] Connection refused>
22:39:16 ERROR <urlopen error [Errno 61] Connection refused>
22:39:17 ERROR <urlopen error [Errno 61] Connection refused>
22:39:18 ERROR <urlopen error [Errno 61] Connection refused>
22:39:19 ERROR <urlopen error [Errno 61] Connection refused>
22:39:20 ERROR <urlopen error [Errno 61] Connection refused>
22:39:21 ERROR <urlopen error [Errno 61] Connection refused>
22:39:22 ERROR <urlopen error [Errno 61] Connection refused>
22:39:23 ERROR <urlopen error [Errno 61] Connection refused>
22:39:24 ERROR <urlopen error [Errno 61] Connection refused>
22:39:25 ERROR <urlopen error [Errno 61] Connection refused>
22:39:26 ERROR <urlopen error [Errno 61] Connection refused>
22:39:27 ERROR <urlopen error [Errno 61] Connection refused>
22:39:28 ERROR <urlopen error [Errno 61] Connection refused>
22:39:29 ERROR <urlopen error [Errno 61] Connection refused>
22:39:30 ERROR <urlopen error [Errno 61] Connection refused>
22:39:31 ERROR <urlopen error [Errno 61] Connection refused>
22:39:32 ERROR <urlopen error [Errno 61] Connection refused>
22:39:33 ERROR <urlopen error [Errno 61] Connection refused>
22:39:34 ERROR <urlopen error [Errno 61] Connection refused>
22:39:35 ERROR <urlopen error [Errno 61] Connection refused>
22:39:36 ERROR <urlopen error [Errno 61] Connection refused>
22:39:37 ERROR <urlopen error [Errno 61] Connection refused>
22:39:38 ERROR <urlopen error [Errno 61] Connection refused>
22:39:39 ERROR <urlopen error [Errno 61] Connection refused>
22:39:40 ERROR <urlopen error [Errno 61] Connection refused>
22:39:41 ERROR <urlopen error [Errno 61] Connection refused>
22:39:42 ERROR <urlopen error [Errno 61] Connection refused>
22:39:43 ERROR <urlopen error [Errno 61] Connection refused>
22:39:44 ERROR <urlopen error [Errno 61] Connection refused>
22:39:45 ERROR <urlopen error [Errno 61] Connection refused>
22:39:46 ERROR <urlopen error [Errno 61] Connection refused>
22:39:47 ERROR <urlopen error [Errno 61] Connection refused>
22:39:48 ERROR <urlopen error [Errno 61] Connection refused>
22:39:49 ERROR <urlopen error [Errno 61] Connection refused>
22:39:50 ERROR <urlopen error [Errno 61] Connection refused>
22:39:51 ERROR <urlopen error [Errno 61] Connection refused>
22:39:52 ERROR <urlopen error [Errno 61] Connection refused>
22:39:53 ERROR <urlopen error [Errno 61] Connection refused>
22:39:54 ERROR <urlopen error [Errno 61] Connection refused>
22:39:55 ERROR <urlopen error [Errno 61] Connection refused>
22:39:56 ERROR <urlopen error [Errno 61] Connection refused>
22:39:57 ERROR <urlopen error [Errno 61] Connection refused>
22:39:58 ERROR <urlopen error [Errno 61] Connection refused>
22:39:59 ERROR <urlopen error [Errno 61] Connection refused>
22:40:00 ERROR <urlopen error [Errno 61] Connection refused>
22:40:01 ERROR <urlopen error [Errno 61] Connection refused>
22:40:02 ERROR <urlopen error [Errno 61] Connection refused>
22:40:03 ERROR <urlopen error [Errno 61] Connection refused>
22:40:04 ERROR <urlopen error [Errno 61] Connection refused>
22:40:05 ERROR <urlopen error [Errno 61] Connection refused>
22:40:06 ERROR <urlopen error [Errno 61] Connection refused>
22:40:07 ERROR <urlopen error [Errno 61] Connection refused>
22:40:08 ERROR <urlopen error [Errno 61] Connection refused>
22:40:09 ERROR <urlopen error [Errno 61] Connection refused>
22:40:10 ERROR <urlopen error [Errno 61] Connection refused>
22:40:11 ERROR <urlopen error [Errno 61] Connection refused>
22:40:12 ERROR <urlopen error [Errno 61] Connection refused>
22:40:13 ERROR <urlopen error [Errno 61] Connection refused>
22:40:14 ERROR <urlopen error [Errno 61] Connection refused>
22:40:15 ERROR <urlopen error [Errno 61] Connection refused>
22:40:16 ERROR <urlopen error [Errno 61] Connection refused>
22:40:17 ERROR <urlopen error [Errno 61] Connection refused>
22:40:18 ERROR <urlopen error [Errno 61] Connection refused>
22:40:19 ERROR <urlopen error [Errno 61] Connection refused>
22:40:20 ERROR <urlopen error [Errno 61] Connection refused>
22:40:21 ERROR <urlopen error [Errno 61] Connection refused>
22:40:22 ERROR <urlopen error [Errno 61] Connection refused>
22:40:23 ERROR <urlopen error [Errno 61] Connection refused>
22:40:24 ERROR <urlopen error [Errno 61] Connection refused>
22:40:25 ERROR <urlopen error [Errno 61] Connection refused>
22:40:26 ERROR <urlopen error [Errno 61] Connection refused>
22:40:27 ERROR <urlopen error [Errno 61] Connection refused>
22:40:28 ERROR <urlopen error [Errno 61] Connection refused>
22:40:29 ERROR <urlopen error [Errno 61] Connection refused>
22:40:30 ERROR <urlopen error [Errno 61] Connection refused>
22:40:31 ERROR <urlopen error [Errno 61] Connection refused>
22:40:32 ERROR <urlopen error [Errno 61] Connection refused>
22:40:33 ERROR <urlopen error [Errno 61] Connection refused>
22:40:34 ERROR <urlopen error [Errno 61] Connection refused>
22:40:35 ERROR <urlopen error [Errno 61] Connection refused>
22:40:36 ERROR <urlopen error [Errno 61] Connection refused>
22:40:37 ERROR <urlopen error [Errno 61] Connection refused>
22:40:38 ERROR <urlopen error [Errno 61] Connection refused>
22:40:39 ERROR <urlopen error [Errno 61] Connection refused>
22:40:40 ERROR <urlopen error [Errno 61] Connection refused>
22:40:41 ERROR <urlopen error [Errno 61] Connection refused>
22:40:42 ERROR <urlopen error [Errno 61] Connection refused>
22:40:43 ERROR <urlopen error [Errno 61] Connection refused>
22:40:45 ERROR <urlopen error [Errno 61] Connection refused>
22:40:46 ERROR <urlopen error [Errno 61] Connection refused>
22:40:47 ERROR <urlopen error [Errno 61] Connection refused>
22:40:48 ERROR <urlopen error [Errno 61] Connection refused>
22:40:49 ERROR <urlopen error [Errno 61] Connection refused>
22:40:50 ERROR <urlopen error [Errno 61] Connection refused>
22:40:51 ERROR <urlopen error [Errno 61] Connection refused>
22:40:52 ERROR <urlopen error [Errno 61] Connection refused>
22:40:53 ERROR <urlopen error [Errno 61] Connection refused>
22:40:54 ERROR <urlopen error [Errno 61] Connection refused>
22:40:55 ERROR <urlopen error [Errno 61] Connection refused>
22:40:56 ERROR <urlopen error [Errno 61] Connection refused>
22:40:57 ERROR <urlopen error [Errno 61] Connection refused>
22:40:58 ERROR <urlopen error [Errno 61] Connection refused>
22:40:59 ERROR <urlopen error [Errno 61] Connection refused>
22:41:00 ERROR <urlopen error [Errno 61] Connection refused>
22:41:01 ERROR <urlopen error [Errno 61] Connection refused>
22:41:02 ERROR <urlopen error [Errno 61] Connection refused>
22:41:03 ERROR <urlopen error [Errno 61] Connection refused>
22:41:04 ERROR <urlopen error [Errno 61] Connection refused>
22:41:05 ERROR <urlopen error [Errno 61] Connection refused>
22:41:06 ERROR <urlopen error [Errno 61] Connection refused>
22:41:07 ERROR <urlopen error [Errno 61] Connection refused>
22:41:08 ERROR <urlopen error [Errno 61] Connection refused>
22:41:09 ERROR <urlopen error [Errno 61] Connection refused>
22:41:10 ERROR <urlopen error [Errno 61] Connection refused>
22:41:11 ERROR <urlopen error [Errno 61] Connection refused>
22:41:12 ERROR <urlopen error [Errno 61] Connection refused>
22:41:13 ERROR <urlopen error [Errno 61] Connection refused>
22:41:14 ERROR <urlopen error [Errno 61] Connection refused>
22:41:15 ERROR <urlopen error [Errno 61] Connection refused>
22:41:16 ERROR <urlopen error [Errno 61] Connection refused>
22:41:17 ERROR <urlopen error [Errno 61] Connection refused>
22:41:18 ERROR <urlopen error [Errno 61] Connection refused>
22:41:19 ERROR <urlopen error [Errno 61] Connection refused>
22:41:20 ERROR <urlopen error [Errno 61] Connection refused>
22:41:21 ERROR <urlopen error [Errno 61] Connection refused>
22:41:22 ERROR <urlopen error [Errno 61] Connection refused>
22:41:23 ERROR <urlopen error [Errno 61] Connection refused>
22:41:24 ERROR <urlopen error [Errno 61] Connection refused>
22:41:25 ERROR <urlopen error [Errno 61] Connection refused>
22:41:26 ERROR <urlopen error [Errno 61] Connection refused>
22:41:27 ERROR <urlopen error [Errno 61] Connection refused>
22:41:28 ERROR <urlopen error [Errno 61] Connection refused>
22:41:29 ERROR <urlopen error [Errno 61] Connection refused>
22:41:30 ERROR <urlopen error [Errno 61] Connection refused>
22:41:31 ERROR <urlopen error [Errno 61] Connection refused>
22:41:32 ERROR <urlopen error [Errno 61] Connection refused>
22:41:33 ERROR <urlopen error [Errno 61] Connection refused>
22:41:34 ERROR <urlopen error [Errno 61] Connection refused>
22:41:35 ERROR <urlopen error [Errno 61] Connection refused>
22:41:36 ERROR <urlopen error [Errno 61] Connection refused>
22:41:37 ERROR <urlopen error [Errno 61] Connection refused>
22:41:38 ERROR <urlopen error [Errno 61] Connection refused>
22:41:39 ERROR <urlopen error [Errno 61] Connection refused>
22:41:40 ERROR <urlopen error [Errno 61] Connection refused>
