time     running waiting
22:59:14 0 0
22:59:15 0 0
22:59:16 0 0
22:59:17 0 0
22:59:18 0 0
22:59:19 0 0
22:59:20 0 0
22:59:21 0 0
22:59:22 0 0
22:59:23 0 0
22:59:24 0 0
22:59:25 0 0
22:59:26 0 0
22:59:27 0 0
22:59:28 0 0
22:59:29 0 0
22:59:30 0 0
22:59:31 0 0
22:59:32 0 0
22:59:33 0 0
22:59:34 0 0
22:59:35 0 0
22:59:36 0 0
22:59:37 0 0
22:59:38 0 0
22:59:39 0 0
22:59:40 0 0
22:59:41 0 0
22:59:42 0 0
22:59:43 0 0
22:59:44 0 0
22:59:45 0 0
22:59:46 0 0
22:59:47 0 0
22:59:48 0 0
22:59:49 0 0
22:59:50 0 0
22:59:51 0 0
22:59:52 1 0
22:59:53 0 0
22:59:54 0 0
22:59:55 1 0
22:59:56 0 0
22:59:57 0 0
22:59:58 0 0
22:59:59 0 0
23:00:00 0 0
23:00:01 0 0
23:00:02 0 0
23:00:03 0 0
23:00:04 0 0
23:00:05 0 0
23:00:06 1 0
23:00:07 1 0
23:00:08 0 0
23:00:09 0 0
23:00:10 0 0
23:00:11 1 0
23:00:12 0 0
23:00:13 0 0
23:00:14 1 0
23:00:15 1 0
23:00:16 0 0
23:00:17 0 0
23:00:18 0 0
23:00:19 0 0
23:00:20 0 0
23:00:21 0 0
23:00:22 0 0
23:00:23 2 0
23:00:24 2 0
23:00:25 0 0
23:00:26 1 0
23:00:27 0 0
23:00:28 0 0
23:00:29 0 0
23:00:30 0 0
23:00:31 1 0
23:00:32 0 0
23:00:33 1 0
23:00:34 0 0
23:00:35 1 0
23:00:36 1 0
23:00:37 1 0
23:00:38 1 0
23:00:39 0 0
23:00:40 0 0
23:00:41 0 0
23:00:42 0 0
23:00:43 0 0
23:00:44 0 0
23:00:45 0 0
23:00:46 0 0
23:00:47 0 0
23:00:48 0 0
23:00:49 0 0
23:00:50 1 0
23:00:51 2 0
23:00:52 1 0
23:00:53 0 0
23:00:54 1 0
23:00:55 2 0
23:00:56 0 0
23:00:57 0 0
23:00:58 0 0
23:00:59 1 0
23:01:00 3 0
23:01:01 4 0
23:01:02 3 0
23:01:03 0 1
23:01:04 1 0
23:01:05 1 0
23:01:06 1 0
23:01:07 0 0
23:01:08 0 0
23:01:09 0 0
23:01:10 0 0
23:01:11 0 0
23:01:12 0 0
23:01:13 0 0
23:01:14 0 0
23:01:15 2 0
23:01:16 3 0
23:01:17 1 0
23:01:18 1 0
23:01:19 2 0
23:01:20 0 0
23:01:21 0 1
23:01:22 1 0
23:01:23 1 0
23:01:24 0 0
23:01:25 0 0
23:01:26 1 0
23:01:27 2 0
23:01:28 3 0
23:01:29 3 0
23:01:30 3 0
23:01:31 2 0
23:01:32 0 0
23:01:33 0 0
23:01:34 0 0
23:01:35 0 0
23:01:36 1 0
23:01:37 0 0
23:01:38 0 0
23:01:39 0 0
23:01:40 0 0
23:01:41 2 0
23:01:42 3 0
23:01:43 3 0
23:01:44 0 0
23:01:45 1 0
23:01:46 1 0
23:01:47 0 0
23:01:48 0 0
23:01:49 1 0
23:01:50 0 0
23:01:51 0 0
23:01:52 0 0
23:01:53 0 0
23:01:54 0 0
23:01:55 0 0
23:01:56 0 0
23:01:57 0 0
23:01:58 0 0
23:01:59 0 0
23:02:00 0 0
23:02:01 0 0
23:02:02 0 0
23:02:03 0 0
23:02:04 0 0
23:02:05 0 0
23:02:06 0 0
23:02:07 0 0
23:02:08 0 0
23:02:10 0 0
23:02:11 0 0
23:02:12 0 0
23:02:13 0 0
23:02:14 0 0
23:02:15 0 0
23:02:16 0 0
23:02:17 0 0
23:02:18 0 0
23:02:19 0 0
23:02:20 0 0
23:02:21 0 0
23:02:22 0 0
23:02:23 0 0
23:02:24 0 0
23:02:25 0 0
23:02:26 0 0
23:02:27 0 0
23:02:28 0 0
23:02:29 0 0
23:02:30 0 0
23:02:31 0 0
23:02:32 0 0
23:02:33 0 0
23:02:34 0 0
23:02:35 0 0
