time     running waiting
23:11:06 0 0
23:11:07 0 0
23:11:08 0 0
23:11:09 0 0
23:11:10 0 0
23:11:11 0 0
23:11:12 0 0
23:11:13 0 0
23:11:14 0 0
23:11:15 0 0
23:11:16 0 0
23:11:17 0 0
23:11:18 0 0
23:11:19 0 0
23:11:20 0 0
23:11:21 0 0
23:11:22 0 0
23:11:23 0 0
23:11:24 0 0
23:11:25 0 0
23:11:26 0 0
23:11:27 0 0
23:11:28 0 0
23:11:29 0 0
23:11:30 0 0
23:11:31 0 0
23:11:32 0 0
23:11:33 0 0
23:11:34 0 0
23:11:35 0 0
23:11:36 0 0
23:11:37 0 0
23:11:38 0 0
23:11:39 0 0
23:11:40 0 0
23:11:41 0 0
23:11:42 0 0
23:11:43 0 0
23:11:44 1 0
23:11:45 0 0
23:11:46 1 0
23:11:47 0 0
23:11:48 0 0
23:11:49 0 0
23:11:50 0 0
23:11:51 0 0
23:11:52 0 0
23:11:53 1 0
23:11:54 1 0
23:11:55 0 0
23:11:56 1 0
23:11:57 0 0
23:11:58 1 0
23:12:00 1 0
23:12:01 2 0
23:12:02 0 0
23:12:03 0 0
23:12:04 0 0
23:12:05 0 0
23:12:06 0 0
23:12:07 0 0
23:12:08 0 0
23:12:09 0 0
23:12:10 0 0
23:12:11 0 0
23:12:12 0 0
23:12:13 0 0
23:12:14 0 0
23:12:15 1 0
23:12:16 1 0
23:12:17 0 0
23:12:18 0 0
23:12:19 0 0
23:12:20 0 0
23:12:21 0 0
23:12:22 1 0
23:12:23 2 0
23:12:24 1 0
23:12:25 0 0
23:12:26 0 0
23:12:27 1 0
23:12:28 2 0
23:12:29 1 0
23:12:30 0 0
23:12:31 0 0
23:12:32 0 0
23:12:33 0 0
23:12:34 0 0
23:12:35 0 0
23:12:36 1 0
23:12:37 1 0
23:12:38 0 0
23:12:39 0 0
23:12:40 0 0
23:12:41 1 0
23:12:42 1 0
23:12:43 0 0
23:12:44 0 0
23:12:45 1 0
23:12:46 2 0
23:12:47 1 0
23:12:48 1 0
23:12:49 2 0
23:12:50 1 0
23:12:51 1 0
23:12:52 1 0
23:12:53 0 0
23:12:54 0 0
23:12:55 0 0
23:12:56 0 0
23:12:57 0 0
23:12:58 1 0
23:12:59 2 0
23:13:00 3 0
23:13:01 1 0
23:13:02 0 0
23:13:03 3 0
23:13:04 4 0
23:13:05 5 0
23:13:06 1 0
23:13:07 0 0
23:13:08 0 0
23:13:09 0 0
23:13:10 0 0
23:13:11 0 0
23:13:12 0 0
23:13:13 0 0
23:13:14 0 0
23:13:15 0 0
23:13:16 0 0
23:13:17 0 0
23:13:18 0 0
23:13:19 2 0
23:13:20 2 0
23:13:21 0 0
23:13:22 0 0
23:13:23 1 0
23:13:24 2 0
23:13:25 0 0
23:13:26 1 0
23:13:27 2 0
23:13:28 0 0
23:13:29 1 0
23:13:30 0 0
23:13:31 1 0
23:13:32 0 0
23:13:33 1 0
23:13:34 0 0
23:13:35 0 0
23:13:36 0 0
23:13:37 0 0
23:13:38 0 0
23:13:39 0 0
23:13:40 0 0
23:13:41 0 0
23:13:42 0 0
23:13:43 0 0
23:13:44 0 0
23:13:45 0 0
23:13:46 0 0
23:13:47 0 0
23:13:48 0 0
23:13:49 0 0
23:13:50 0 0
23:13:51 0 0
23:13:52 0 1
23:13:53 1 0
23:13:54 0 0
23:13:55 0 0
23:13:56 0 0
23:13:57 0 0
23:13:58 0 0
23:13:59 0 0
23:14:00 0 0
23:14:01 0 0
23:14:02 1 0
23:14:03 2 0
23:14:04 1 0
23:14:05 0 0
23:14:06 0 0
23:14:07 0 0
23:14:08 0 0
23:14:09 0 0
23:14:10 0 0
23:14:11 1 0
23:14:12 0 0
23:14:13 2 0
23:14:14 2 0
23:14:15 0 0
23:14:16 0 0
23:14:17 0 0
23:14:18 0 0
23:14:19 0 0
23:14:20 0 0
23:14:21 0 0
23:14:22 0 0
23:14:23 0 0
23:14:24 0 0
23:14:25 0 0
23:14:26 0 0
23:14:27 0 0
23:14:28 0 0
23:14:29 0 0
23:14:30 0 0
23:14:31 0 0
23:14:32 0 0
23:14:33 0 0
23:14:34 0 0
23:14:35 0 0
23:14:36 0 0
23:14:37 0 0
23:14:38 0 0
23:14:39 0 0
23:14:40 0 0
23:14:41 0 0
23:14:42 0 0
23:14:44 0 0
23:14:45 0 0
23:14:46 0 0
23:14:47 0 0
23:14:48 0 0
23:14:49 0 0
23:14:50 0 0
23:14:51 0 0
23:14:52 0 0
23:14:53 0 0
23:14:54 0 0
23:14:55 0 0
23:14:56 0 0
23:14:57 0 0
23:14:58 0 0
23:14:59 0 0
23:15:00 0 0
