time     running waiting
22:48:42 0 0
22:48:43 0 0
22:48:44 0 0
22:48:45 0 0
22:48:46 0 0
22:48:47 0 0
22:48:48 0 0
22:48:49 0 0
22:48:50 0 0
22:48:51 0 0
22:48:52 0 0
22:48:53 0 0
22:48:54 0 0
22:48:55 0 0
22:48:56 0 0
22:48:57 0 0
22:48:58 0 0
22:48:59 0 0
22:49:00 0 0
22:49:01 0 0
22:49:02 0 0
22:49:03 0 0
22:49:04 0 0
22:49:05 0 0
22:49:06 0 0
22:49:07 0 0
22:49:08 0 0
22:49:09 0 0
22:49:10 0 0
22:49:11 0 0
22:49:12 0 0
22:49:13 0 0
22:49:14 0 0
22:49:15 0 0
22:49:16 0 0
22:49:17 0 0
22:49:18 0 0
22:49:19 0 0
22:49:20 1 0
22:49:21 0 0
22:49:22 1 0
22:49:23 0 0
22:49:24 0 0
22:49:25 0 0
22:49:26 0 0
22:49:27 0 0
22:49:28 1 0
22:49:29 2 0
22:49:30 0 0
22:49:31 0 0
22:49:32 0 0
22:49:33 1 0
22:49:34 0 0
22:49:35 1 0
22:49:36 0 0
22:49:37 0 0
22:49:38 1 0
22:49:40 0 0
22:49:41 1 0
22:49:42 1 0
22:49:43 0 0
22:49:44 0 0
22:49:45 1 0
22:49:46 0 0
22:49:47 0 0
22:49:48 0 0
22:49:49 0 0
22:49:50 0 1
22:49:51 2 0
22:49:52 2 0
22:49:53 0 0
22:49:54 0 0
22:49:55 0 0
22:49:56 1 0
22:49:57 1 0
22:49:58 1 0
22:49:59 1 0
22:50:00 2 0
22:50:01 3 0
22:50:02 4 0
22:50:03 0 0
22:50:04 0 0
22:50:05 0 0
22:50:06 0 0
22:50:07 1 0
22:50:08 1 0
22:50:09 0 0
22:50:10 0 0
22:50:11 0 0
22:50:12 0 0
22:50:13 0 0
22:50:14 0 0
22:50:15 0 0
22:50:16 0 0
22:50:17 0 0
22:50:18 1 0
22:50:19 0 0
22:50:20 0 0
22:50:21 0 0
22:50:22 0 0
22:50:23 0 0
22:50:24 0 0
22:50:25 0 0
22:50:26 0 0
22:50:27 0 0
22:50:28 0 0
22:50:29 0 0
22:50:30 1 0
22:50:31 1 0
22:50:32 0 0
22:50:33 0 0
22:50:34 0 0
22:50:35 0 0
22:50:36 0 0
22:50:37 1 0
22:50:38 1 0
22:50:39 0 0
22:50:40 0 0
22:50:41 1 0
22:50:42 1 0
22:50:43 0 0
22:50:44 1 0
22:50:45 1 0
22:50:46 0 0
22:50:47 0 0
22:50:48 2 0
22:50:49 2 0
22:50:50 0 0
22:50:51 0 0
22:50:52 0 0
22:50:53 1 0
22:50:54 1 0
22:50:55 0 0
22:50:56 0 0
22:50:57 0 0
22:50:58 2 0
22:50:59 2 0
22:51:00 0 0
22:51:01 0 0
22:51:02 1 0
22:51:03 2 0
22:51:04 3 0
22:51:05 1 0
22:51:06 0 0
22:51:07 0 0
22:51:08 0 0
22:51:09 0 0
22:51:10 0 0
22:51:11 0 0
22:51:12 0 0
22:51:13 0 0
22:51:14 1 0
22:51:15 1 0
22:51:16 0 0
22:51:17 1 1
22:51:18 3 0
22:51:19 3 0
22:51:20 1 0
22:51:21 0 0
22:51:22 0 0
22:51:23 0 0
22:51:24 1 0
22:51:25 2 0
22:51:26 2 0
22:51:27 1 0
22:51:28 1 0
22:51:29 1 0
22:51:30 0 0
22:51:31 0 0
22:51:32 0 0
22:51:33 0 0
22:51:34 0 0
22:51:35 0 0
22:51:36 0 0
22:51:37 0 0
22:51:38 0 0
22:51:39 0 0
22:51:40 0 0
22:51:41 0 0
22:51:42 0 0
22:51:43 0 0
22:51:44 0 0
22:51:45 0 0
22:51:46 0 0
22:51:47 0 0
22:51:48 0 0
22:51:49 0 0
22:51:50 0 0
22:51:51 0 0
22:51:52 0 0
22:51:53 0 0
22:51:54 0 0
22:51:55 0 0
22:51:56 0 0
22:51:57 0 0
22:51:58 0 0
22:51:59 0 0
22:52:00 0 0
22:52:01 0 0
22:52:02 0 0
22:52:03 0 0
22:52:04 0 0
22:52:05 0 0
22:52:06 0 0
22:52:07 0 0
22:52:08 0 0
22:52:09 0 0
22:52:10 0 0
22:52:11 0 0
22:52:12 0 0
22:52:13 0 0
22:52:14 0 0
