time     running waiting
10:11:07 0 0
10:11:08 0 0
10:11:09 0 0
10:11:10 0 0
10:11:11 0 0
10:11:12 0 0
10:11:13 0 0
10:11:14 0 0
10:11:15 0 0
10:11:16 0 0
10:11:17 0 0
10:11:18 0 0
10:11:19 0 0
10:11:20 0 0
10:11:21 0 0
10:11:22 0 0
10:11:23 0 0
10:11:24 0 0
10:11:25 0 0
10:11:26 0 0
10:11:27 0 0
10:11:28 0 0
10:11:29 0 0
10:11:30 0 0
10:11:31 0 0
10:11:32 0 0
10:11:33 0 0
10:11:34 0 0
10:11:35 0 0
10:11:36 0 0
10:11:37 0 0
10:11:38 0 0
10:11:39 0 0
10:11:40 0 0
10:11:41 1 0
10:11:42 0 0
10:11:43 1 0
10:11:44 0 0
10:11:45 0 0
10:11:46 0 0
10:11:47 0 0
10:11:48 0 0
10:11:49 0 0
10:11:51 0 0
10:11:52 0 0
10:11:53 0 0
10:11:54 0 0
10:11:55 2 0
10:11:56 3 0
10:11:57 2 0
10:11:58 1 0
10:11:59 0 0
10:12:00 0 0
10:12:01 1 0
10:12:02 0 0
10:12:03 1 0
10:12:04 0 0
10:12:05 0 0
10:12:06 0 0
10:12:07 1 0
10:12:08 3 0
10:12:09 5 0
10:12:10 5 0
10:12:11 7 0
10:12:12 7 0
10:12:13 0 0
10:12:14 0 0
10:12:15 0 0
10:12:16 1 0
10:12:17 1 0
10:12:18 1 0
10:12:19 2 0
10:12:20 0 0
10:12:21 0 0
10:12:22 0 0
10:12:23 0 0
10:12:24 1 0
10:12:25 2 0
10:12:26 0 0
10:12:27 0 0
10:12:28 1 0
10:12:29 2 0
10:12:30 0 0
10:12:31 0 0
10:12:32 0 0
10:12:33 2 0
10:12:34 3 0
10:12:35 1 0
10:12:36 0 0
10:12:37 2 0
10:12:38 4 0
10:12:39 4 0
10:12:40 0 0
10:12:41 0 0
10:12:42 1 0
10:12:43 0 0
10:12:44 0 0
10:12:45 0 0
10:12:46 0 0
10:12:47 0 0
10:12:48 0 0
10:12:49 0 0
10:12:50 0 0
10:12:51 0 0
10:12:52 0 0
10:12:53 0 0
10:12:54 0 0
10:12:55 0 0
10:12:56 0 0
10:12:57 0 0
10:12:58 0 0
10:12:59 0 0
10:13:00 0 0
10:13:01 0 0
10:13:02 0 0
10:13:03 0 0
10:13:04 0 0
10:13:05 0 0
10:13:06 0 0
10:13:07 0 0
10:13:08 0 0
10:13:09 0 0
10:13:10 0 0
10:13:11 0 0
10:13:12 0 0
10:13:13 0 0
10:13:14 0 0
10:13:15 0 0
10:13:16 0 0
10:13:17 0 0
10:13:18 0 0
10:13:19 0 0
10:13:20 0 0
10:13:21 0 0
10:13:22 0 0
10:13:23 0 0
10:13:24 0 0
10:13:25 0 0
10:13:26 0 0
10:13:27 0 0
