time     running waiting
10:06:42 0 0
10:06:43 0 0
10:06:44 0 0
10:06:45 0 0
10:06:46 0 0
10:06:47 0 0
10:06:48 0 0
10:06:49 0 0
10:06:50 0 0
10:06:51 0 0
10:06:52 0 0
10:06:53 0 0
10:06:54 0 0
10:06:55 0 0
10:06:56 0 0
10:06:57 0 0
10:06:58 0 0
10:06:59 0 0
10:07:00 0 0
10:07:01 0 0
10:07:02 0 0
10:07:03 0 0
10:07:04 0 0
10:07:05 0 0
10:07:06 0 0
10:07:07 0 0
10:07:08 0 0
10:07:09 0 0
10:07:10 0 0
10:07:11 0 0
10:07:12 0 0
10:07:13 0 0
10:07:14 0 0
10:07:15 0 0
10:07:16 0 0
10:07:17 1 0
10:07:18 1 0
10:07:19 1 0
10:07:20 3 0
10:07:21 2 0
10:07:22 0 0
10:07:23 1 0
10:07:24 0 0
10:07:25 0 0
10:07:26 1 0
10:07:27 3 0
10:07:28 3 0
10:07:29 4 0
10:07:30 3 0
10:07:31 2 0
10:07:32 0 0
10:07:33 0 0
10:07:34 2 0
10:07:35 0 0
10:07:36 0 0
10:07:37 0 0
10:07:38 0 0
10:07:39 1 0
10:07:40 0 0
10:07:41 2 0
10:07:42 4 0
10:07:43 4 0
10:07:44 0 0
10:07:45 2 0
10:07:46 4 0
10:07:47 4 0
10:07:48 0 0
10:07:49 1 0
10:07:50 2 0
10:07:51 2 0
10:07:52 1 0
10:07:53 0 0
10:07:54 0 0
10:07:55 1 0
10:07:56 0 0
10:07:57 2 0
10:07:58 1 0
10:07:59 0 0
10:08:00 0 0
10:08:01 1 0
10:08:02 0 0
10:08:03 0 0
10:08:04 0 0
10:08:05 0 0
10:08:06 0 0
10:08:07 0 0
10:08:08 0 0
10:08:10 0 0
10:08:11 0 0
10:08:12 0 0
10:08:13 0 0
10:08:14 0 0
10:08:15 0 0
10:08:16 0 0
10:08:17 0 0
10:08:18 0 0
10:08:19 0 0
10:08:20 0 0
10:08:21 0 0
10:08:22 0 0
10:08:23 0 0
10:08:24 0 0
10:08:25 0 0
10:08:26 0 0
10:08:27 0 0
10:08:28 0 0
10:08:29 0 0
10:08:30 0 0
10:08:31 0 0
10:08:32 0 0
10:08:33 0 0
10:08:34 0 0
10:08:35 0 0
10:08:36 0 0
10:08:37 0 0
10:08:39 0 0
10:08:40 0 0
10:08:41 0 0
10:08:42 0 0
10:08:43 0 0
10:08:44 0 0
10:08:45 0 0
10:08:46 0 0
10:08:47 0 0
10:08:48 0 0
