time     running waiting
10:13:29 0 0
10:13:30 0 0
10:13:31 0 0
10:13:32 0 0
10:13:33 0 0
10:13:34 0 0
10:13:35 0 0
10:13:36 0 0
10:13:37 0 0
10:13:38 0 0
10:13:39 0 0
10:13:40 0 0
10:13:41 0 0
10:13:42 0 0
10:13:43 0 0
10:13:44 0 0
10:13:45 0 0
10:13:46 0 0
10:13:47 0 0
10:13:48 0 0
10:13:49 0 0
10:13:50 0 0
10:13:51 0 0
10:13:52 0 0
10:13:53 0 0
10:13:54 0 0
10:13:55 0 0
10:13:56 0 0
10:13:57 0 0
10:13:58 0 0
10:13:59 0 0
10:14:00 0 0
10:14:01 0 0
10:14:02 0 0
10:14:03 2 0
10:14:04 3 0
10:14:05 0 0
10:14:06 0 0
10:14:07 1 0
10:14:08 3 0
10:14:09 4 0
10:14:10 3 0
10:14:11 0 0
10:14:12 2 0
10:14:13 0 0
10:14:14 0 0
10:14:15 0 0
10:14:16 1 0
10:14:17 0 0
10:14:18 0 0
10:14:19 1 0
10:14:20 0 0
10:14:21 0 0
10:14:22 0 0
10:14:23 1 0
10:14:24 2 0
10:14:25 4 0
10:14:26 6 0
10:14:27 6 0
10:14:28 7 0
10:14:29 9 0
10:14:30 5 0
10:14:31 0 0
10:14:32 1 0
10:14:33 2 0
10:14:34 3 0
10:14:35 3 0
10:14:36 0 0
10:14:37 0 0
10:14:38 2 0
10:14:39 2 0
10:14:40 1 0
10:14:41 0 0
10:14:42 1 0
10:14:43 2 0
10:14:44 1 0
10:14:45 0 0
10:14:46 0 0
10:14:47 0 0
10:14:48 0 0
10:14:49 0 0
10:14:50 0 0
10:14:51 0 0
10:14:52 0 0
10:14:53 0 0
10:14:54 0 0
10:14:55 0 0
10:14:56 0 0
10:14:57 0 0
10:14:58 0 0
10:14:59 0 0
10:15:00 0 0
10:15:01 0 0
10:15:02 0 0
10:15:04 0 0
10:15:05 0 0
10:15:06 0 0
10:15:07 0 0
10:15:08 0 0
10:15:09 0 0
10:15:10 0 0
10:15:11 0 0
10:15:12 0 0
10:15:13 0 0
10:15:14 0 0
10:15:15 0 0
10:15:16 0 0
10:15:17 0 0
10:15:18 0 0
10:15:19 0 0
10:15:20 0 0
10:15:21 0 0
10:15:22 0 0
10:15:23 0 0
10:15:24 0 0
10:15:25 0 0
10:15:26 0 0
10:15:27 0 0
10:15:28 0 0
10:15:29 0 0
10:15:30 0 0
