time     running waiting
14:57:14 0 0
14:57:15 0 0
14:57:16 0 0
14:57:17 0 0
14:57:18 0 0
14:57:19 0 0
14:57:20 0 0
14:57:21 0 0
14:57:22 0 0
14:57:23 0 0
14:57:24 0 0
14:57:25 0 0
14:57:26 0 0
14:57:27 0 0
14:57:28 0 0
14:57:29 0 0
14:57:30 0 0
14:57:31 0 0
14:57:32 0 0
14:57:33 0 0
14:57:34 0 0
14:57:35 0 0
14:57:36 0 0
14:57:37 0 0
14:57:38 0 0
14:57:39 0 0
14:57:40 0 0
14:57:41 0 0
14:57:42 0 0
14:57:43 0 0
14:57:44 0 0
14:57:45 0 0
14:57:46 0 0
14:57:47 0 0
14:57:48 0 0
14:57:49 0 0
14:57:50 0 0
14:57:51 0 0
14:57:52 0 0
14:57:53 0 0
14:57:54 0 0
14:57:55 0 0
14:57:56 0 0
14:57:57 0 0
14:57:58 0 0
14:57:59 0 0
14:58:00 0 0
14:58:01 0 0
14:58:02 0 0
14:58:03 0 0
14:58:04 0 0
14:58:05 0 0
14:58:06 0 0
14:58:07 0 0
14:58:08 0 0
14:58:09 0 0
14:58:10 0 0
14:58:11 0 0
14:58:12 0 0
14:58:13 0 0
14:58:14 0 0
14:58:15 0 0
14:58:16 0 0
14:58:17 0 0
14:58:18 0 0
14:58:19 0 0
14:58:20 0 0
14:58:21 0 0
14:58:22 0 0
14:58:23 0 0
14:58:24 0 0
14:58:25 0 0
14:58:26 0 0
14:58:27 0 0
14:58:28 0 0
14:58:29 0 0
14:58:30 0 0
14:58:31 0 0
14:58:32 0 0
14:58:33 0 0
14:58:34 0 0
14:58:35 0 0
14:58:36 0 0
14:58:37 0 0
14:58:38 0 0
14:58:39 0 0
14:58:40 0 0
14:58:41 0 0
14:58:42 0 0
14:58:43 0 0
14:58:44 0 0
14:58:45 0 0
14:58:46 0 0
14:58:47 0 0
14:58:48 1 0
14:58:49 0 0
14:58:50 1 0
14:58:51 0 0
14:58:52 1 0
14:58:53 0 0
14:58:54 0 0
14:58:55 1 0
14:58:56 0 0
14:58:57 0 0
14:58:58 2 0
14:58:59 3 0
14:59:00 3 0
14:59:01 4 0
14:59:02 4 1
14:59:03 5 0
14:59:04 6 1
14:59:05 7 1
14:59:06 8 0
14:59:07 7 0
14:59:08 4 0
14:59:09 5 2
14:59:10 6 1
14:59:11 6 1
14:59:12 7 1
14:59:13 8 0
14:59:14 6 0
14:59:15 7 1
14:59:16 8 0
14:59:17 6 0
14:59:18 6 0
14:59:19 7 1
14:59:20 8 0
14:59:21 6 0
14:59:22 5 0
14:59:23 6 0
14:59:24 7 0
14:59:25 6 0
14:59:26 2 0
14:59:27 3 0
14:59:28 4 0
14:59:29 4 0
14:59:30 4 0
14:59:31 5 1
14:59:32 6 0
14:59:33 7 0
14:59:34 8 0
14:59:35 5 0
14:59:36 6 1
14:59:37 6 1
14:59:38 7 0
14:59:39 8 0
14:59:40 6 0
14:59:41 7 0
14:59:42 8 0
14:59:43 4 0
14:59:44 5 0
14:59:45 6 2
14:59:46 7 1
14:59:47 8 0
14:59:48 6 0
14:59:49 6 0
14:59:50 7 1
14:59:51 8 0
14:59:52 4 0
14:59:53 5 1
14:59:55 6 0
14:59:56 7 0
14:59:57 8 0
14:59:58 8 0
14:59:59 3 0
15:00:00 3 0
15:00:01 4 0
15:00:02 3 0
15:00:03 4 0
15:00:04 5 0
15:00:05 6 0
15:00:06 7 0
15:00:07 8 0
15:00:08 5 0
15:00:09 6 0
15:00:10 7 1
15:00:11 8 0
15:00:12 4 0
15:00:13 5 0
15:00:14 6 2
15:00:15 7 1
15:00:16 8 0
15:00:17 4 0
15:00:18 4 0
15:00:19 6 1
15:00:20 7 0
15:00:21 7 1
15:00:22 8 0
15:00:23 6 0
15:00:24 7 0
15:00:25 7 0
15:00:26 8 0
15:00:27 4 0
15:00:28 5 0
15:00:29 6 2
15:00:30 7 1
15:00:31 8 0
15:00:32 6 0
15:00:33 6 0
15:00:34 6 1
15:00:35 7 0
15:00:36 8 0
15:00:37 7 0
15:00:38 7 0
15:00:39 4 0
15:00:40 5 2
15:00:41 6 1
15:00:42 7 1
15:00:43 7 0
15:00:44 6 0
15:00:45 7 0
15:00:46 8 0
15:00:47 6 0
15:00:48 7 0
15:00:49 8 0
15:00:50 5 0
15:00:51 6 2
15:00:52 6 2
15:00:53 7 1
15:00:54 8 0
15:00:55 5 0
15:00:56 6 2
15:00:57 6 1
15:00:58 7 0
15:00:59 7 0
15:01:00 8 0
15:01:01 7 0
15:01:02 7 0
15:01:03 7 0
15:01:04 8 0
15:01:05 6 0
15:01:06 6 0
15:01:07 8 0
15:01:08 8 0
15:01:09 3 0
15:01:10 4 0
15:01:11 5 2
15:01:12 6 1
15:01:13 7 1
15:01:14 8 0
15:01:15 4 0
15:01:16 3 0
15:01:17 4 2
15:01:18 5 1
15:01:19 6 2
15:01:20 7 1
15:01:21 8 0
15:01:22 8 0
15:01:23 5 0
15:01:24 6 0
15:01:25 6 1
15:01:26 7 0
15:01:27 8 0
15:01:28 6 0
15:01:29 6 0
15:01:30 7 1
15:01:31 8 0
15:01:32 5 0
15:01:33 6 0
15:01:34 7 1
15:01:35 8 0
15:01:36 5 0
15:01:37 4 0
15:01:38 0 0
15:01:39 0 0
15:01:40 0 0
15:01:41 0 0
15:01:42 0 0
15:01:43 0 0
15:01:44 0 0
15:01:45 0 0
15:01:46 0 0
15:01:47 0 0
15:01:48 0 0
15:01:49 0 0
15:01:50 0 0
15:01:51 0 0
15:01:52 0 0
15:01:53 0 0
15:01:54 0 0
15:01:55 0 0
15:01:56 0 0
15:01:57 0 0
15:01:58 0 0
15:01:59 0 0
15:02:00 0 0
15:02:01 0 0
15:02:02 0 0
15:02:03 0 0
15:02:04 0 0
15:02:05 0 0
15:02:06 0 0
15:02:07 0 0
15:02:08 0 0
15:02:09 0 0
15:02:10 0 0
15:02:11 0 0
15:02:12 0 0
15:02:13 0 0
15:02:14 0 0
15:02:15 0 0
15:02:16 0 0
15:02:17 0 0
15:02:18 0 0
15:02:19 0 0
15:02:20 0 0
15:02:21 0 0
15:02:22 0 0
