time     running waiting
17:39:46 0 0
17:39:47 0 0
17:39:48 0 0
17:39:49 0 0
17:39:50 0 0
17:39:51 0 0
17:39:52 0 0
17:39:53 0 0
17:39:54 0 0
17:39:55 0 0
17:39:56 0 0
17:39:57 0 0
17:39:58 0 0
17:39:59 0 0
17:40:00 0 0
17:40:01 0 0
17:40:02 0 0
17:40:03 0 0
17:40:04 0 0
17:40:05 0 0
17:40:06 0 0
17:40:07 0 0
17:40:08 0 0
17:40:09 0 0
17:40:10 0 0
17:40:11 0 0
17:40:12 0 0
17:40:13 0 0
17:40:14 0 0
17:40:15 0 0
17:40:16 0 0
17:40:17 0 0
17:40:18 0 0
17:40:19 0 0
17:40:20 0 0
17:40:21 0 0
17:40:22 0 0
17:40:23 0 0
17:40:24 0 0
17:40:25 0 0
17:40:26 0 0
17:40:27 0 0
17:40:28 0 0
17:40:29 0 0
17:40:30 1 0
17:40:31 0 0
17:40:32 0 0
17:40:33 1 0
17:40:34 0 0
17:40:35 0 0
17:40:36 1 0
17:40:37 0 0
17:40:38 0 0
17:40:39 0 0
17:40:40 0 0
17:40:41 0 0
17:40:42 0 0
17:40:43 0 0
17:40:44 1 0
17:40:45 2 0
17:40:46 1 0
17:40:47 0 0
17:40:49 1 0
17:40:50 0 0
17:40:51 0 0
17:40:52 0 0
17:40:53 0 0
17:40:54 0 0
17:40:55 1 0
17:40:56 0 0
17:40:57 0 0
17:40:58 0 0
17:40:59 1 0
17:41:00 0 0
17:41:01 0 0
17:41:02 0 0
17:41:03 0 0
17:41:04 0 0
17:41:05 0 0
17:41:06 0 0
17:41:07 0 0
17:41:08 2 0
17:41:09 1 0
17:41:10 0 0
17:41:11 1 0
17:41:12 1 0
17:41:13 0 0
17:41:14 0 0
17:41:15 1 0
17:41:16 0 0
17:41:17 0 0
17:41:18 0 0
17:41:19 0 0
17:41:20 0 0
17:41:21 0 0
17:41:22 0 0
17:41:23 0 0
17:41:24 0 0
17:41:25 0 0
17:41:26 0 0
17:41:27 1 0
17:41:28 0 0
17:41:29 0 0
17:41:30 0 0
17:41:31 0 0
17:41:32 0 0
17:41:33 0 0
17:41:34 1 0
17:41:35 0 0
17:41:36 0 0
17:41:37 0 0
17:41:38 0 0
17:41:39 0 0
17:41:40 0 0
17:41:41 0 0
17:41:42 0 0
17:41:43 0 0
17:41:44 0 0
17:41:45 0 0
17:41:46 0 0
17:41:47 0 0
17:41:48 0 0
17:41:49 0 0
17:41:50 1 0
17:41:51 0 0
17:41:52 0 0
17:41:53 0 0
17:41:54 1 0
17:41:55 0 0
17:41:56 0 0
17:41:57 0 0
17:41:58 0 0
17:41:59 0 0
17:42:00 0 0
17:42:01 1 0
17:42:02 0 0
17:42:03 0 0
17:42:04 1 0
17:42:05 1 0
17:42:06 1 0
17:42:07 0 0
17:42:08 1 0
17:42:09 0 0
17:42:10 0 0
17:42:11 0 0
17:42:12 0 0
17:42:13 0 0
17:42:14 1 0
17:42:15 3 0
17:42:16 3 0
17:42:17 2 0
17:42:18 0 0
17:42:19 0 0
17:42:20 1 0
17:42:21 0 0
17:42:22 0 0
17:42:23 0 0
17:42:24 1 0
17:42:25 2 0
17:42:26 0 0
17:42:27 0 0
17:42:28 0 0
17:42:29 0 0
17:42:30 2 0
17:42:31 3 0
17:42:32 1 0
17:42:33 0 0
17:42:34 0 0
17:42:35 1 0
17:42:36 0 0
17:42:37 0 0
17:42:38 0 0
17:42:39 0 0
17:42:40 1 0
17:42:41 0 0
17:42:42 0 0
17:42:43 0 0
17:42:44 0 0
17:42:45 2 0
17:42:46 2 0
17:42:47 0 0
17:42:48 1 0
17:42:49 0 0
17:42:50 1 0
17:42:51 0 0
17:42:52 0 0
17:42:53 1 0
17:42:54 2 0
17:42:55 0 0
17:42:56 0 0
17:42:57 0 0
17:42:58 0 0
17:42:59 0 0
17:43:00 0 0
17:43:01 0 0
17:43:02 1 0
17:43:03 0 0
17:43:04 0 0
17:43:05 0 0
17:43:06 0 0
17:43:07 0 0
17:43:08 0 0
17:43:09 0 0
17:43:10 0 0
17:43:11 0 0
17:43:12 0 0
17:43:13 0 0
17:43:14 0 0
17:43:15 0 0
17:43:16 0 0
17:43:18 0 0
17:43:19 0 0
17:43:20 0 0
17:43:21 0 0
17:43:22 0 0
17:43:23 0 0
17:43:24 0 0
17:43:25 0 0
17:43:26 0 0
17:43:27 0 0
17:43:28 0 0
17:43:29 0 0
17:43:30 0 0
17:43:31 0 0
17:43:32 0 0
17:43:33 0 0
17:43:34 0 0
17:43:35 0 0
17:43:36 0 0
17:43:37 0 0
17:43:38 0 0
17:43:39 0 0
17:43:40 0 0
17:43:41 0 0
17:43:42 0 0
17:43:43 0 0
17:43:44 0 0
17:43:45 0 0
17:43:46 0 0
17:43:47 0 0
17:43:48 0 0
