time     running waiting
17:50:42 0 0
17:50:43 0 0
17:50:44 0 0
17:50:45 0 0
17:50:46 0 0
17:50:47 0 0
17:50:48 0 0
17:50:49 0 0
17:50:50 0 0
17:50:51 0 0
17:50:52 0 0
17:50:53 0 0
17:50:54 0 0
17:50:55 0 0
17:50:56 0 0
17:50:57 0 0
17:50:58 0 0
17:50:59 0 0
17:51:00 0 0
17:51:01 0 0
17:51:02 0 0
17:51:04 0 0
17:51:05 0 0
17:51:06 0 0
17:51:07 0 0
17:51:08 0 0
17:51:09 0 0
17:51:10 0 0
17:51:11 0 0
17:51:12 0 0
17:51:13 0 0
17:51:14 0 0
17:51:15 0 0
17:51:16 0 0
17:51:17 0 0
17:51:18 0 0
17:51:19 0 0
17:51:20 0 0
17:51:21 0 0
17:51:22 0 0
17:51:23 0 0
17:51:24 0 0
17:51:25 0 0
17:51:26 0 0
17:51:27 1 0
17:51:28 0 0
17:51:29 1 0
17:51:30 0 0
17:51:31 0 0
17:51:32 1 0
17:51:33 1 0
17:51:34 1 0
17:51:35 1 0
17:51:36 0 0
17:51:37 0 0
17:51:38 0 0
17:51:39 2 0
17:51:40 1 0
17:51:41 2 0
17:51:42 0 0
17:51:43 1 0
17:51:44 0 0
17:51:45 0 0
17:51:46 0 0
17:51:47 2 0
17:51:48 3 0
17:51:49 1 0
17:51:50 0 0
17:51:51 0 0
17:51:52 0 0
17:51:53 1 0
17:51:54 1 0
17:51:55 2 0
17:51:56 4 0
17:51:57 6 0
17:51:58 6 0
17:51:59 7 0
17:52:00 0 0
17:52:01 0 0
17:52:02 1 0
17:52:03 0 0
17:52:04 0 0
17:52:05 1 0
17:52:06 0 0
17:52:07 0 0
17:52:08 0 0
17:52:09 0 0
17:52:10 0 0
17:52:11 0 0
17:52:12 0 0
17:52:13 0 0
17:52:14 1 0
17:52:15 2 0
17:52:16 0 0
17:52:17 0 0
17:52:18 1 0
17:52:19 0 0
17:52:20 1 0
17:52:21 2 0
17:52:22 1 0
17:52:23 0 0
17:52:24 0 0
17:52:25 0 0
17:52:26 0 0
17:52:27 0 0
17:52:28 0 0
17:52:29 0 0
17:52:30 0 0
17:52:31 0 0
17:52:32 2 0
17:52:33 2 0
17:52:34 0 0
17:52:35 0 0
17:52:36 1 0
17:52:37 0 0
17:52:38 0 0
17:52:39 0 0
17:52:40 0 0
17:52:41 0 0
17:52:42 0 0
17:52:43 2 0
17:52:44 3 0
17:52:45 3 0
17:52:46 0 0
17:52:47 2 0
17:52:48 3 0
17:52:49 5 0
17:52:50 6 0
17:52:51 7 0
17:52:52 1 0
17:52:53 0 0
17:52:54 0 0
17:52:55 0 0
17:52:56 0 0
17:52:57 0 0
17:52:58 0 0
17:52:59 0 0
17:53:00 0 0
17:53:01 0 0
17:53:02 0 0
17:53:03 0 0
17:53:04 0 0
17:53:05 0 0
17:53:06 0 0
17:53:07 0 0
17:53:08 0 0
17:53:09 0 0
17:53:10 0 0
17:53:11 0 0
17:53:12 0 0
17:53:13 0 0
17:53:14 0 0
17:53:15 0 0
17:53:16 0 0
17:53:17 0 0
17:53:18 0 0
17:53:19 0 0
17:53:20 0 0
17:53:21 0 0
17:53:22 0 0
17:53:23 0 0
17:53:24 0 0
17:53:25 0 0
17:53:26 0 0
17:53:27 0 0
17:53:28 0 0
17:53:29 0 0
17:53:30 0 0
17:53:31 0 0
17:53:32 0 0
17:53:33 0 0
17:53:34 0 0
17:53:35 0 0
17:53:36 0 0
17:53:37 0 0
