time     running waiting
18:02:37 0 0
18:02:38 0 0
18:02:39 0 0
18:02:40 0 0
18:02:41 0 0
18:02:42 0 0
18:02:43 0 0
18:02:44 0 0
18:02:45 0 0
18:02:46 0 0
18:02:47 0 0
18:02:48 0 0
18:02:49 0 0
18:02:50 0 0
18:02:51 0 0
18:02:52 0 0
18:02:53 0 0
18:02:54 0 0
18:02:55 0 0
18:02:56 0 0
18:02:57 0 0
18:02:58 0 0
18:02:59 0 0
18:03:00 0 0
18:03:01 0 0
18:03:02 0 0
18:03:03 0 0
18:03:04 0 0
18:03:05 0 0
18:03:06 0 0
18:03:07 0 0
18:03:08 0 0
18:03:09 0 0
18:03:10 0 0
18:03:11 0 0
18:03:12 0 0
18:03:13 0 0
18:03:14 0 0
18:03:15 0 0
18:03:16 0 0
18:03:17 0 0
18:03:18 0 0
18:03:19 0 0
18:03:20 1 0
18:03:21 2 0
18:03:22 1 0
18:03:23 1 0
18:03:24 0 0
18:03:25 0 0
18:03:26 1 0
18:03:27 1 0
18:03:28 0 0
18:03:29 0 0
18:03:30 1 0
18:03:31 0 0
18:03:32 0 0
18:03:33 2 0
18:03:34 1 0
18:03:35 0 0
18:03:36 0 0
18:03:37 0 0
18:03:38 0 0
18:03:39 0 0
18:03:40 0 0
18:03:41 0 0
18:03:42 0 0
18:03:43 0 0
18:03:44 0 0
18:03:45 0 0
18:03:46 0 0
18:03:47 1 0
18:03:48 0 0
18:03:49 0 0
18:03:50 0 0
18:03:51 0 0
18:03:52 0 0
18:03:53 0 0
18:03:54 0 0
18:03:55 0 0
18:03:56 1 0
18:03:57 0 0
18:03:58 0 0
18:03:59 0 0
18:04:00 1 0
18:04:01 0 0
18:04:02 1 0
18:04:03 0 0
18:04:04 0 0
18:04:05 1 0
18:04:06 0 0
18:04:07 1 0
18:04:08 0 0
18:04:09 1 0
18:04:10 0 0
18:04:11 0 0
18:04:12 0 0
18:04:14 1 0
18:04:15 2 0
18:04:16 1 0
18:04:17 0 0
18:04:18 0 0
18:04:19 0 0
18:04:20 0 0
18:04:21 1 0
18:04:22 1 0
18:04:23 0 0
18:04:24 1 0
18:04:25 0 0
18:04:26 0 0
18:04:27 0 0
18:04:28 2 0
18:04:29 2 0
18:04:30 0 0
18:04:31 1 0
18:04:32 0 0
18:04:33 0 0
18:04:34 1 0
18:04:35 0 0
18:04:36 0 0
18:04:37 0 0
18:04:38 1 0
18:04:39 0 0
18:04:40 0 0
18:04:41 0 0
18:04:42 0 0
18:04:43 0 0
18:04:44 0 0
18:04:45 1 0
18:04:46 0 0
18:04:47 0 0
18:04:48 0 0
18:04:49 0 0
18:04:50 0 0
18:04:51 0 0
18:04:52 1 0
18:04:53 0 0
18:04:54 1 0
18:04:55 0 0
18:04:56 0 0
18:04:57 1 0
18:04:58 0 0
18:04:59 0 0
18:05:00 0 0
18:05:01 0 0
18:05:02 1 0
18:05:03 0 0
18:05:04 0 0
18:05:05 0 0
18:05:06 0 0
18:05:07 1 0
18:05:08 0 0
18:05:09 0 0
18:05:10 0 0
18:05:11 0 0
18:05:12 1 0
18:05:13 0 0
18:05:14 0 0
18:05:15 0 0
18:05:16 0 0
18:05:17 0 0
18:05:18 0 0
18:05:19 0 0
18:05:20 0 0
18:05:21 0 0
18:05:22 0 0
18:05:23 0 0
18:05:24 0 0
18:05:25 0 0
18:05:26 0 0
18:05:27 0 0
18:05:28 0 0
18:05:29 0 0
18:05:30 0 0
18:05:31 0 0
18:05:32 2 0
18:05:33 1 0
18:05:34 0 0
18:05:35 0 0
18:05:36 1 0
18:05:37 0 0
18:05:38 0 0
18:05:39 0 0
18:05:40 0 0
18:05:41 2 0
18:05:42 1 0
18:05:43 0 0
18:05:44 1 0
18:05:45 0 0
18:05:46 1 0
18:05:47 0 0
18:05:48 2 0
18:05:49 1 0
18:05:50 0 0
18:05:51 0 0
18:05:52 0 0
18:05:53 0 0
18:05:54 0 0
18:05:55 0 0
18:05:56 0 0
18:05:57 0 0
18:05:58 0 0
18:05:59 0 0
18:06:00 0 0
18:06:01 0 0
18:06:02 0 0
18:06:03 0 0
18:06:04 0 0
18:06:05 0 0
18:06:06 0 0
18:06:07 0 0
18:06:08 0 0
18:06:09 0 0
18:06:10 0 0
18:06:11 0 0
18:06:12 0 0
18:06:13 0 0
18:06:14 0 0
18:06:15 0 0
18:06:16 0 0
18:06:17 0 0
18:06:18 0 0
18:06:19 0 0
18:06:20 0 0
18:06:21 0 0
18:06:22 0 0
18:06:23 0 0
18:06:24 0 0
18:06:25 0 0
18:06:26 0 0
18:06:27 0 0
18:06:28 0 0
18:06:29 0 0
18:06:30 0 0
18:06:31 0 0
18:06:32 0 0
18:06:33 0 0
18:06:34 0 0
