time     running waiting
17:06:22 0 0
17:06:25 0 0
17:06:27 0 0
17:06:29 0 0
17:06:30 0 0
17:06:31 0 0
17:06:32 0 0
17:06:33 0 0
17:06:34 0 0
17:06:35 0 0
17:06:36 0 0
17:06:37 0 0
17:06:38 ERROR timed out
17:06:43 ERROR timed out
17:06:48 0 0
17:06:50 0 0
17:06:55 ERROR timed out
17:07:00 0 0
17:07:02 0 0
17:07:04 0 0
17:07:05 0 0
17:07:06 0 0
17:07:07 1 0
17:07:08 0 0
17:07:09 0 0
17:07:10 1 0
17:07:11 0 0
17:07:12 0 0
17:07:13 0 0
17:07:14 0 0
17:07:15 ERROR timed out
17:07:20 0 0
17:07:23 1 0
17:07:28 0 0
17:07:30 0 0
17:07:34 0 0
17:07:38 2 0
17:07:42 2 0
17:07:43 0 0
17:07:44 0 0
17:07:45 0 0
17:07:46 1 0
17:07:47 0 0
17:07:48 2 0
17:07:49 2 0
17:07:50 3 0
17:07:51 2 0
17:07:52 0 0
17:07:53 0 0
17:07:54 1 0
17:07:55 0 0
17:07:56 1 0
17:07:57 0 0
17:07:58 0 0
17:07:59 0 0
17:08:00 1 0
17:08:01 2 0
17:08:02 1 0
17:08:03 0 0
17:08:04 0 0
17:08:05 1 0
17:08:06 0 0
17:08:07 0 0
17:08:08 0 0
17:08:09 0 0
17:08:10 0 0
17:08:11 0 0
17:08:12 0 0
17:08:13 0 0
17:08:14 1 0
17:08:15 0 0
17:08:16 0 0
17:08:17 0 0
17:08:18 1 0
17:08:19 0 0
17:08:20 0 0
17:08:21 0 0
17:08:23 0 0
17:08:28 0 0
17:08:33 0 0
17:08:36 1 0
17:08:41 1 0
17:08:43 1 0
17:08:44 0 0
17:08:45 0 0
17:08:46 0 0
17:08:47 0 0
17:08:48 2 0
17:08:49 2 0
17:08:50 0 0
17:08:51 0 0
17:08:52 0 0
17:08:53 0 0
17:08:54 0 0
17:08:57 0 0
17:09:01 1 0
17:09:04 3 0
17:09:09 0 0
17:09:13 0 0
17:09:17 0 0
17:09:22 ERROR timed out
17:09:27 0 0
17:09:30 0 0
17:09:34 0 0
17:09:39 0 0
17:09:43 0 0
17:09:47 0 0
17:09:52 0 0
17:09:53 0 0
17:09:54 0 0
17:09:55 0 0
17:09:56 0 0
17:09:57 0 0
17:09:58 0 0
17:09:59 0 0
17:10:00 0 0
17:10:01 0 0
17:10:03 0 0
17:10:04 0 0
17:10:05 0 0
17:10:06 0 0
17:10:08 0 0
17:10:12 0 0
17:10:14 0 0
17:10:17 0 0
17:10:19 0 0
17:10:21 0 0
17:10:23 0 0
17:10:25 0 0
17:10:27 0 0
17:10:30 0 0
17:10:33 0 0
17:10:36 0 0
17:10:37 0 0
17:10:40 0 0
17:10:43 0 0
17:10:45 0 0
17:10:48 0 0
17:10:50 0 0
17:10:52 0 0
17:10:55 0 0
17:10:56 0 0
17:10:57 0 0
17:10:58 0 0
17:10:59 0 0
17:11:00 0 0
