time     running waiting
16:51:05 0 0
16:51:08 0 0
16:51:11 0 0
16:51:14 0 0
16:51:18 0 0
16:51:20 0 0
16:51:24 0 0
16:51:28 0 0
16:51:31 0 0
16:51:35 0 0
16:51:38 0 0
16:51:43 0 0
16:51:46 0 0
16:51:49 0 0
16:51:53 0 0
16:51:56 1 0
16:52:00 1 0
16:52:03 0 0
16:52:08 0 0
16:52:11 0 0
16:52:15 0 0
16:52:19 0 0
16:52:22 0 0
16:52:26 0 0
16:52:29 3 0
16:52:30 3 0
16:52:31 0 0
16:52:32 1 0
16:52:33 2 0
16:52:34 1 0
16:52:35 0 0
16:52:36 0 0
16:52:37 0 0
16:52:38 0 0
16:52:39 0 0
16:52:40 1 0
16:52:41 0 0
16:52:42 2 0
16:52:43 2 0
16:52:44 0 0
16:52:45 0 0
16:52:46 0 0
16:52:48 0 0
16:52:50 0 0
16:52:51 0 0
16:52:52 0 0
16:52:53 0 0
16:52:55 1 0
16:52:56 0 0
16:52:58 0 0
16:52:59 2 0
16:53:01 1 0
16:53:02 0 0
16:53:03 0 0
16:53:04 1 0
16:53:07 2 0
16:53:10 1 0
16:53:13 1 0
16:53:17 0 0
16:53:20 0 0
16:53:22 2 0
16:53:26 1 0
16:53:29 0 0
16:53:32 2 0
16:53:36 0 0
16:53:39 2 0
16:53:42 0 0
16:53:46 0 0
16:53:49 2 0
16:53:51 0 0
16:53:54 1 0
16:53:57 1 0
16:54:00 0 0
16:54:04 0 0
16:54:07 0 0
16:54:11 0 0
16:54:13 0 0
16:54:16 0 0
16:54:20 0 0
16:54:23 0 0
16:54:26 0 0
16:54:27 0 0
16:54:28 0 0
16:54:29 0 0
16:54:30 0 0
16:54:31 0 0
16:54:32 0 0
16:54:33 0 0
16:54:34 0 0
16:54:35 0 0
16:54:36 0 0
16:54:37 0 0
16:54:38 0 0
16:54:39 0 0
16:54:40 0 0
16:54:41 0 0
16:54:44 0 0
16:54:46 0 0
16:54:47 0 0
16:54:48 0 0
16:54:49 0 0
16:54:50 0 0
16:54:51 0 0
16:54:52 0 0
16:54:53 0 0
16:54:54 0 0
16:54:55 0 0
16:54:56 0 0
16:54:57 0 0
16:54:58 0 0
16:54:59 0 0
16:55:00 0 0
16:55:01 0 0
16:55:02 0 0
16:55:03 0 0
16:55:04 0 0
16:55:05 0 0
