time     running waiting
15:30:38 0 0
15:30:39 0 0
15:30:40 0 0
15:30:41 0 0
15:30:42 0 0
15:30:43 0 0
15:30:44 0 0
15:30:45 0 0
15:30:46 0 0
15:30:47 0 0
15:30:48 0 0
15:30:49 0 0
15:30:50 0 0
15:30:51 0 0
15:30:52 0 0
15:30:53 0 0
15:30:54 0 0
15:30:55 0 0
15:30:56 0 0
15:30:57 0 0
15:30:58 0 0
15:30:59 0 0
15:31:00 0 0
15:31:01 0 0
15:31:02 0 0
15:31:03 0 0
15:31:04 0 0
15:31:05 0 0
15:31:06 0 0
15:31:07 0 0
15:31:08 0 0
15:31:09 0 0
15:31:10 0 0
15:31:11 0 0
15:31:12 0 0
15:31:13 0 0
15:31:14 0 0
15:31:15 0 0
15:31:16 0 0
15:31:17 0 0
15:31:18 0 0
15:31:19 0 0
15:31:20 0 0
15:31:21 0 0
15:31:22 0 0
15:31:23 0 0
15:31:24 0 0
15:31:25 0 0
15:31:26 0 0
15:31:27 0 0
15:31:28 0 0
15:31:29 0 0
15:31:30 0 0
15:31:31 0 0
15:31:32 0 0
15:31:33 0 0
15:31:34 0 0
15:31:35 0 0
15:31:36 0 0
15:31:37 0 0
15:31:38 0 0
15:31:39 0 0
15:31:40 0 0
15:31:41 0 0
15:31:42 0 0
15:31:43 0 0
15:31:44 0 0
15:31:45 0 0
15:31:46 0 0
15:31:47 0 0
15:31:48 0 0
15:31:49 0 0
15:31:50 0 0
15:31:51 0 0
15:31:52 0 0
15:31:53 0 0
15:31:54 0 0
15:31:55 0 0
15:31:56 0 0
15:31:57 0 0
15:31:58 0 0
15:31:59 1 0
15:32:00 0 0
15:32:01 1 0
15:32:02 0 0
15:32:03 0 0
15:32:04 1 0
15:32:05 0 0
15:32:06 0 0
15:32:07 0 0
15:32:08 0 0
15:32:09 0 0
15:32:10 0 0
15:32:11 0 0
15:32:12 0 0
15:32:13 0 0
15:32:14 1 0
15:32:15 1 0
15:32:16 0 0
15:32:17 0 0
15:32:18 0 0
15:32:19 0 0
15:32:20 0 0
15:32:21 0 0
15:32:22 0 0
15:32:23 0 0
15:32:24 0 0
15:32:25 0 0
15:32:26 0 0
15:32:27 0 0
15:32:28 0 0
15:32:29 1 0
15:32:30 1 0
15:32:31 2 0
15:32:32 1 0
15:32:33 0 0
15:32:34 0 0
15:32:35 0 0
15:32:36 0 0
15:32:37 1 0
15:32:38 1 0
15:32:39 2 0
15:32:40 1 0
15:32:41 0 0
15:32:42 0 0
15:32:43 0 1
15:32:44 2 0
15:32:45 2 0
15:32:46 1 0
15:32:47 0 0
15:32:48 0 0
15:32:49 1 0
15:32:50 2 0
15:32:51 3 0
15:32:52 4 0
15:32:53 1 0
15:32:54 1 0
15:32:55 0 0
15:32:56 0 0
15:32:57 0 0
15:32:58 0 0
15:32:59 0 0
15:33:00 0 0
15:33:01 0 0
15:33:02 0 0
15:33:03 0 0
15:33:04 0 0
15:33:05 1 0
15:33:06 2 0
15:33:07 2 0
15:33:08 2 0
15:33:09 0 0
15:33:10 0 0
15:33:11 0 0
15:33:12 1 0
15:33:13 1 0
15:33:14 0 0
15:33:15 0 0
15:33:16 0 0
15:33:17 0 0
15:33:18 0 0
15:33:19 0 0
15:33:20 0 0
15:33:21 1 0
15:33:22 2 0
15:33:23 2 0
15:33:24 2 0
15:33:25 0 0
15:33:26 0 0
15:33:27 0 0
15:33:28 1 0
15:33:29 2 0
15:33:30 1 0
15:33:31 0 0
15:33:32 0 0
15:33:33 0 0
15:33:34 0 0
15:33:35 0 0
15:33:36 0 0
15:33:37 0 0
15:33:38 0 0
15:33:39 0 0
15:33:40 0 0
15:33:41 1 0
15:33:42 1 0
15:33:43 1 0
15:33:44 2 0
15:33:45 1 0
15:33:46 0 0
15:33:47 0 0
15:33:48 0 0
15:33:49 0 0
15:33:50 0 0
15:33:51 0 0
15:33:52 0 0
15:33:53 0 0
15:33:54 0 0
15:33:55 0 0
15:33:56 0 0
15:33:57 0 0
15:33:58 0 0
15:33:59 0 0
15:34:00 1 0
15:34:01 1 0
15:34:02 1 0
15:34:03 0 0
15:34:04 0 0
15:34:05 0 0
15:34:06 0 0
15:34:07 0 0
15:34:08 0 0
15:34:09 0 0
15:34:10 0 0
15:34:11 0 0
15:34:12 1 0
15:34:13 0 0
15:34:14 0 0
15:34:15 0 0
15:34:16 0 0
15:34:17 0 0
15:34:18 0 0
15:34:19 0 0
15:34:20 0 0
15:34:21 0 0
15:34:22 0 0
15:34:23 0 0
15:34:24 0 0
15:34:25 0 0
15:34:26 0 0
15:34:27 1 0
15:34:28 1 1
15:34:29 2 0
15:34:30 1 0
15:34:31 1 0
15:34:32 0 0
15:34:33 0 0
15:34:34 0 0
15:34:35 0 0
15:34:36 0 0
15:34:37 1 0
15:34:38 2 0
15:34:39 1 0
15:34:40 1 0
15:34:41 0 0
15:34:42 0 0
15:34:43 0 0
15:34:44 0 0
15:34:45 1 0
15:34:46 1 0
15:34:47 1 0
15:34:48 0 0
15:34:49 0 0
15:34:50 1 0
15:34:51 2 0
15:34:52 2 0
15:34:53 1 0
15:34:54 0 0
15:34:55 0 0
15:34:56 0 0
15:34:57 0 0
15:34:58 1 0
15:34:59 2 0
15:35:00 1 0
15:35:01 1 0
15:35:02 0 0
15:35:03 0 0
15:35:04 0 0
15:35:05 0 0
15:35:06 0 0
15:35:08 0 0
15:35:09 0 0
15:35:10 0 0
15:35:11 0 0
15:35:12 0 0
15:35:13 1 0
15:35:14 1 0
15:35:15 2 0
15:35:16 2 0
15:35:17 1 0
15:35:18 0 0
15:35:19 1 0
15:35:20 1 0
15:35:21 0 0
15:35:22 0 0
15:35:23 0 0
15:35:24 0 0
15:35:25 0 0
15:35:26 1 0
15:35:27 1 0
15:35:28 0 0
15:35:29 0 0
15:35:30 0 0
15:35:31 1 0
15:35:32 1 0
15:35:33 1 0
15:35:34 0 0
15:35:35 1 0
15:35:36 2 0
15:35:37 1 0
15:35:38 0 0
15:35:39 0 0
15:35:40 0 0
15:35:41 0 0
15:35:42 0 0
15:35:43 0 0
15:35:44 0 0
15:35:45 0 0
15:35:46 1 0
15:35:47 1 0
15:35:48 0 0
15:35:49 1 0
15:35:50 0 0
15:35:51 0 0
15:35:52 1 0
15:35:53 0 0
15:35:54 0 0
15:35:55 0 0
15:35:56 0 0
15:35:57 0 0
15:35:58 0 0
15:35:59 1 0
15:36:00 1 0
15:36:01 0 0
15:36:02 1 0
15:36:03 1 0
15:36:04 0 0
15:36:05 0 0
15:36:06 0 0
15:36:07 0 0
15:36:08 1 0
15:36:09 1 0
15:36:10 0 0
15:36:11 0 0
15:36:12 0 0
15:36:13 0 0
15:36:14 0 0
15:36:15 0 0
15:36:16 0 0
15:36:17 0 0
15:36:18 1 0
15:36:19 1 0
15:36:20 0 0
15:36:21 1 0
15:36:22 2 0
15:36:23 1 0
15:36:24 0 0
15:36:25 0 0
15:36:26 0 0
15:36:27 0 0
15:36:28 0 0
15:36:29 0 0
15:36:30 0 0
15:36:31 0 0
15:36:32 0 0
15:36:33 0 0
15:36:34 0 0
15:36:35 1 0
15:36:36 1 0
15:36:37 0 0
15:36:38 0 0
15:36:39 0 0
15:36:40 0 0
15:36:41 0 0
15:36:42 0 0
15:36:43 0 0
15:36:44 0 0
15:36:45 1 0
15:36:46 1 0
15:36:47 0 0
15:36:48 1 0
15:36:49 1 0
15:36:50 0 0
15:36:51 0 0
15:36:52 0 0
15:36:53 0 1
15:36:54 1 0
15:36:55 0 0
15:36:56 0 0
15:36:57 1 0
15:36:58 1 0
15:36:59 0 0
15:37:00 1 0
15:37:01 2 0
15:37:02 2 0
15:37:03 1 0
15:37:04 0 0
15:37:05 0 0
15:37:06 0 0
15:37:07 0 0
15:37:08 0 0
15:37:09 1 0
15:37:10 1 0
15:37:11 1 0
15:37:12 2 0
15:37:13 1 0
15:37:14 0 0
15:37:15 0 0
15:37:16 1 0
15:37:17 1 0
15:37:18 0 0
15:37:19 0 0
15:37:20 0 0
15:37:21 0 0
15:37:22 0 0
15:37:23 1 0
15:37:24 1 0
15:37:25 1 0
15:37:26 0 0
15:37:27 0 0
15:37:28 0 0
15:37:29 0 0
15:37:30 0 0
15:37:31 0 0
15:37:32 0 0
15:37:33 0 0
15:37:34 0 0
15:37:35 0 0
15:37:36 0 0
15:37:37 1 0
15:37:38 2 0
15:37:39 3 1
15:37:40 4 0
15:37:41 5 0
15:37:42 5 0
15:37:43 2 0
15:37:44 0 0
15:37:45 0 0
15:37:46 0 0
15:37:47 0 0
15:37:48 0 0
15:37:49 0 0
15:37:50 0 0
15:37:51 0 0
15:37:52 0 0
15:37:53 0 0
15:37:54 1 0
15:37:55 0 0
15:37:56 0 0
15:37:57 0 0
15:37:58 1 0
15:37:59 1 0
15:38:00 1 0
15:38:01 2 0
15:38:02 2 0
15:38:03 2 0
15:38:04 1 0
15:38:05 1 0
15:38:06 1 0
15:38:07 1 0
15:38:08 1 0
15:38:09 0 0
15:38:10 0 0
15:38:11 1 0
15:38:12 1 0
15:38:13 1 0
15:38:14 2 0
15:38:15 0 0
15:38:16 0 0
15:38:17 0 0
15:38:18 0 0
15:38:19 0 0
15:38:20 0 1
15:38:21 1 0
15:38:22 1 0
15:38:23 0 0
15:38:24 0 0
15:38:25 0 0
15:38:26 0 0
15:38:27 1 0
15:38:28 1 0
15:38:29 0 0
15:38:30 0 0
15:38:31 1 0
15:38:32 2 0
15:38:33 1 0
15:38:34 0 0
15:38:35 0 0
15:38:36 1 0
15:38:37 2 0
15:38:38 2 0
15:38:39 1 0
15:38:40 0 0
15:38:41 0 0
15:38:42 0 0
15:38:43 0 0
15:38:44 0 0
15:38:45 0 0
15:38:46 0 0
15:38:47 0 0
15:38:48 0 0
15:38:49 0 0
15:38:50 0 0
15:38:51 0 0
15:38:52 0 0
15:38:53 0 0
15:38:54 0 0
15:38:55 1 0
15:38:56 0 0
15:38:57 1 0
15:38:58 1 0
15:38:59 1 0
15:39:00 2 0
15:39:01 2 0
15:39:02 3 0
15:39:03 2 0
15:39:04 0 0
15:39:05 0 0
15:39:06 0 0
15:39:07 0 0
15:39:08 0 0
15:39:09 1 0
15:39:10 1 0
15:39:11 1 0
15:39:12 0 0
15:39:13 1 0
15:39:14 2 0
15:39:15 1 0
15:39:16 0 0
15:39:17 0 0
15:39:18 0 0
15:39:19 0 0
15:39:21 0 0
15:39:22 0 0
15:39:23 0 0
15:39:24 0 0
15:39:25 0 0
15:39:26 0 0
15:39:27 0 0
15:39:28 0 0
15:39:29 1 0
15:39:30 1 0
15:39:31 0 0
15:39:32 0 0
15:39:33 0 0
15:39:34 0 0
15:39:35 1 0
15:39:36 0 0
15:39:37 0 0
15:39:38 0 0
15:39:39 0 0
15:39:40 0 0
15:39:41 0 0
15:39:42 0 0
15:39:43 0 0
15:39:44 0 1
15:39:45 1 0
15:39:46 1 0
15:39:47 0 0
15:39:48 0 0
15:39:49 0 0
15:39:50 1 0
15:39:51 1 0
15:39:52 1 0
15:39:53 2 0
15:39:54 0 0
15:39:55 0 0
15:39:56 0 0
15:39:57 1 0
15:39:58 1 0
15:39:59 1 0
15:40:00 0 0
15:40:01 0 0
15:40:02 1 0
15:40:03 1 0
15:40:04 0 0
15:40:05 0 0
15:40:06 0 0
15:40:07 0 0
15:40:08 1 0
15:40:09 2 0
15:40:10 2 0
15:40:11 2 0
15:40:12 1 0
15:40:13 0 0
15:40:14 0 0
15:40:15 0 0
15:40:16 0 0
15:40:17 0 0
15:40:18 0 0
15:40:19 1 0
15:40:20 2 0
15:40:21 2 0
15:40:22 3 1
15:40:23 4 0
15:40:24 1 0
15:40:25 0 0
15:40:26 0 0
15:40:27 0 0
15:40:28 1 0
15:40:29 0 0
15:40:30 0 0
15:40:31 1 0
15:40:32 2 0
15:40:33 0 0
15:40:34 0 0
15:40:35 1 0
15:40:36 1 0
15:40:37 1 0
15:40:38 0 0
15:40:39 0 0
15:40:40 0 0
15:40:41 0 0
15:40:42 0 0
15:40:43 0 0
15:40:44 0 0
15:40:45 0 0
15:40:46 0 0
15:40:47 0 0
15:40:48 1 0
15:40:49 2 0
15:40:50 1 0
15:40:51 0 1
15:40:52 1 0
15:40:53 1 0
15:40:54 1 0
15:40:55 1 0
15:40:56 1 0
15:40:57 0 0
15:40:58 0 0
15:40:59 0 0
15:41:00 0 0
15:41:01 0 0
15:41:02 0 0
15:41:03 0 0
15:41:04 1 0
15:41:05 2 0
15:41:06 2 1
15:41:07 3 0
15:41:08 3 0
15:41:09 0 0
15:41:10 0 0
15:41:11 0 0
15:41:12 0 0
15:41:13 1 0
15:41:14 1 0
15:41:15 0 0
15:41:16 0 0
15:41:17 0 0
15:41:18 0 0
15:41:19 1 0
15:41:20 1 0
15:41:21 1 0
15:41:22 2 0
15:41:23 1 0
15:41:24 1 0
15:41:25 1 0
15:41:26 2 0
15:41:27 2 0
15:41:28 2 0
15:41:29 1 0
15:41:30 0 0
15:41:31 0 0
15:41:32 0 0
15:41:33 0 0
15:41:34 0 0
15:41:35 0 0
15:41:36 0 0
15:41:37 0 0
15:41:38 0 0
15:41:39 1 0
15:41:40 1 0
15:41:41 1 0
15:41:42 0 0
15:41:43 0 0
15:41:44 0 0
15:41:45 0 0
15:41:46 0 0
15:41:47 0 0
15:41:48 0 0
15:41:49 0 0
15:41:50 0 0
15:41:51 0 0
15:41:52 0 0
15:41:53 0 0
15:41:54 0 0
15:41:55 0 0
15:41:56 0 0
15:41:57 0 0
15:41:58 0 0
15:41:59 1 0
15:42:00 1 0
15:42:01 1 0
15:42:02 0 0
15:42:03 0 0
15:42:04 0 0
15:42:05 0 0
15:42:06 0 0
15:42:07 0 0
15:42:08 1 0
15:42:09 1 0
15:42:10 0 0
15:42:11 0 0
15:42:12 0 0
15:42:13 0 0
15:42:15 1 0
15:42:16 1 0
15:42:17 1 0
15:42:18 0 0
15:42:19 0 0
15:42:20 1 0
15:42:21 0 0
15:42:22 0 0
15:42:23 0 0
15:42:24 0 0
15:42:25 0 0
15:42:26 0 0
15:42:27 0 0
15:42:28 0 0
15:42:29 0 0
15:42:30 0 0
15:42:31 0 0
15:42:32 0 0
15:42:33 0 0
15:42:34 0 0
15:42:35 0 0
15:42:36 0 0
15:42:37 0 0
15:42:38 0 0
15:42:39 0 0
15:42:40 0 0
15:42:41 0 0
15:42:42 0 0
15:42:43 0 0
15:42:44 0 0
15:42:45 0 0
15:42:46 0 0
15:42:47 0 0
15:42:48 0 0
15:42:49 0 0
15:42:50 0 0
15:42:51 0 0
15:42:52 0 0
15:42:53 0 0
15:42:54 0 0
15:42:55 0 0
15:42:56 0 0
15:42:57 0 0
15:42:58 0 0
15:42:59 0 0
15:43:00 0 0
15:43:01 0 0
15:43:02 0 0
15:43:03 0 0
15:43:04 0 0
15:43:05 0 0
