logger=cleanup t=2026-07-21T08:53:25.183945391Z level=info msg="Completed cleanup jobs" duration=26.254227ms
logger=plugins.update.checker t=2026-07-21T08:53:25.291110733Z level=info msg="flag evaluation succeeded" flag="{Value:false EvaluationDetails:{FlagKey:pluginsAutoUpdate FlagType:bool ResolutionDetail:{Variant:default Reason:STATIC ErrorCode: ErrorMessage: FlagMetadata:map[]}}}" details="{Value:false EvaluationDetails:{FlagKey:pluginsAutoUpdate FlagType:bool ResolutionDetail:{Variant:default Reason:STATIC ErrorCode: ErrorMessage: FlagMetadata:map[]}}}"
logger=plugins.update.checker t=2026-07-21T08:53:25.291156492Z level=info msg="flag evaluation succeeded" flag="{Value:false EvaluationDetails:{FlagKey:pluginsAutoUpdate FlagType:bool ResolutionDetail:{Variant:default Reason:STATIC ErrorCode: ErrorMessage: FlagMetadata:map[]}}}" details="{Value:false EvaluationDetails:{FlagKey:pluginsAutoUpdate FlagType:bool ResolutionDetail:{Variant:default Reason:STATIC ErrorCode: ErrorMessage: FlagMetadata:map[]}}}"
logger=plugins.update.checker t=2026-07-21T08:53:25.291165822Z level=info msg="Update check succeeded" duration=61.317834ms
logger=plugins.update.checker t=2026-07-21T08:53:25.291171402Z level=info msg="flag evaluation succeeded" flag="{Value:false EvaluationDetails:{FlagKey:pluginsAutoUpdate FlagType:bool ResolutionDetail:{Variant:default Reason:STATIC ErrorCode: ErrorMessage: FlagMetadata:map[]}}}" details="{Value:false EvaluationDetails:{FlagKey:pluginsAutoUpdate FlagType:bool ResolutionDetail:{Variant:default Reason:STATIC ErrorCode: ErrorMessage: FlagMetadata:map[]}}}"
logger=bleve-backend namespace=default group=provisioning.grafana.app resource=repositories reason=getStats t=2026-07-21T08:55:09.167846059Z level=info msg="Building index using memory"
logger=bleve-backend namespace=default group=provisioning.grafana.app resource=repositories reason=getStats t=2026-07-21T08:55:09.168159354Z level=info msg="Finished building index" elapsed=280.806µs listRV=1
logger=bleve-backend namespace=default group=provisioning.grafana.app resource=repositories reason=getStats t=2026-07-21T08:55:09.168172743Z level=info msg="Storing index in cache" key="{Namespace:default Group:provisioning.grafana.app Resource:repositories}" expiration=2026-07-21T09:05:09.168172123Z
logger=bleve-backend namespace=default group=playlist.grafana.app resource=playlists reason=getStats t=2026-07-21T08:55:09.168456889Z level=info msg="Building index using memory"
logger=bleve-backend namespace=default group=playlist.grafana.app resource=playlists reason=getStats t=2026-07-21T08:55:09.168618706Z level=info msg="Finished building index" elapsed=155.827µs listRV=1
logger=bleve-backend namespace=default group=playlist.grafana.app resource=playlists reason=getStats t=2026-07-21T08:55:09.168630726Z level=info msg="Storing index in cache" key="{Namespace:default Group:playlist.grafana.app Resource:playlists}" expiration=2026-07-21T09:05:09.168630086Z
logger=bleve-backend namespace=default group=folder.grafana.app resource=folders reason=getStats t=2026-07-21T08:55:09.168873502Z level=info msg="Building index using memory"
logger=bleve-backend namespace=default group=folder.grafana.app resource=folders reason=getStats t=2026-07-21T08:55:09.16903712Z level=info msg="Finished building index" elapsed=158.148µs listRV=1783931004528987
logger=bleve-backend namespace=default group=folder.grafana.app resource=folders reason=getStats t=2026-07-21T08:55:09.1690427Z level=info msg="Storing index in cache" key="{Namespace:default Group:folder.grafana.app Resource:folders}" expiration=2026-07-21T09:05:09.16904212Z
logger=bleve-backend namespace=default group=dashboard.grafana.app resource=dashboards reason=getStats t=2026-07-21T08:55:09.169280676Z level=info msg="Building index using memory"
logger=bleve-backend namespace=default group=dashboard.grafana.app resource=dashboards reason=getStats t=2026-07-21T08:55:09.170468957Z level=info msg="Finished building index" elapsed=1.181581ms listRV=1783933868355016
logger=bleve-backend namespace=default group=dashboard.grafana.app resource=dashboards reason=getStats t=2026-07-21T08:55:09.170479447Z level=info msg="Storing index in cache" key="{Namespace:default Group:dashboard.grafana.app Resource:dashboards}" expiration=2026-07-21T09:05:09.170478837Z
logger=infra.usagestats t=2026-07-21T08:55:09.17088615Z level=info msg="Usage stats are ready to report"
logger=cleanup t=2026-07-21T09:03:25.174277582Z level=info msg="Completed cleanup jobs" duration=16.825635ms
logger=plugins.update.checker t=2026-07-21T09:03:25.291341059Z level=info msg="flag evaluation succeeded" flag="{Value:false EvaluationDetails:{FlagKey:pluginsAutoUpdate FlagType:bool ResolutionDetail:{Variant:default Reason:STATIC ErrorCode: ErrorMessage: FlagMetadata:map[]}}}" details="{Value:false EvaluationDetails:{FlagKey:pluginsAutoUpdate FlagType:bool ResolutionDetail:{Variant:default Reason:STATIC ErrorCode: ErrorMessage: FlagMetadata:map[]}}}"
logger=plugins.update.checker t=2026-07-21T09:03:25.291385198Z level=info msg="flag evaluation succeeded" flag="{Value:false EvaluationDetails:{FlagKey:pluginsAutoUpdate FlagType:bool ResolutionDetail:{Variant:default Reason:STATIC ErrorCode: ErrorMessage: FlagMetadata:map[]}}}" details="{Value:false EvaluationDetails:{FlagKey:pluginsAutoUpdate FlagType:bool ResolutionDetail:{Variant:default Reason:STATIC ErrorCode: ErrorMessage: FlagMetadata:map[]}}}"
logger=plugins.update.checker t=2026-07-21T09:03:25.291394728Z level=info msg="Update check succeeded" duration=61.997606ms
logger=plugins.update.checker t=2026-07-21T09:03:25.291399568Z level=info msg="flag evaluation succeeded" flag="{Value:false EvaluationDetails:{FlagKey:pluginsAutoUpdate FlagType:bool ResolutionDetail:{Variant:default Reason:STATIC ErrorCode: ErrorMessage: FlagMetadata:map[]}}}" details="{Value:false EvaluationDetails:{FlagKey:pluginsAutoUpdate FlagType:bool ResolutionDetail:{Variant:default Reason:STATIC ErrorCode: ErrorMessage: FlagMetadata:map[]}}}"
logger=bleve-backend t=2026-07-21T09:05:24.490366172Z level=info msg="index evicted from cache" reason=expired key="{Namespace:default Group:playlist.grafana.app Resource:playlists}" storage=memory
logger=bleve-backend t=2026-07-21T09:05:24.490443111Z level=info msg="index evicted from cache" reason=expired key="{Namespace:default Group:folder.grafana.app Resource:folders}" storage=memory
logger=bleve-backend t=2026-07-21T09:05:24.490451791Z level=info msg="index evicted from cache" reason=expired key="{Namespace:default Group:dashboard.grafana.app Resource:dashboards}" storage=memory
logger=bleve-backend t=2026-07-21T09:05:24.490469141Z level=info msg="index evicted from cache" reason=expired key="{Namespace:default Group:provisioning.grafana.app Resource:repositories}" storage=memory
logger=cleanup t=2026-07-21T09:13:25.168672094Z level=info msg="Completed cleanup jobs" duration=10.705521ms
logger=plugins.update.checker t=2026-07-21T09:13:25.287329962Z level=info msg="flag evaluation succeeded" flag="{Value:false EvaluationDetails:{FlagKey:pluginsAutoUpdate FlagType:bool ResolutionDetail:{Variant:default Reason:STATIC ErrorCode: ErrorMessage: FlagMetadata:map[]}}}" details="{Value:false EvaluationDetails:{FlagKey:pluginsAutoUpdate FlagType:bool ResolutionDetail:{Variant:default Reason:STATIC ErrorCode: ErrorMessage: FlagMetadata:map[]}}}"
logger=plugins.update.checker t=2026-07-21T09:13:25.287374572Z level=info msg="flag evaluation succeeded" flag="{Value:false EvaluationDetails:{FlagKey:pluginsAutoUpdate FlagType:bool ResolutionDetail:{Variant:default Reason:STATIC ErrorCode: ErrorMessage: FlagMetadata:map[]}}}" details="{Value:false EvaluationDetails:{FlagKey:pluginsAutoUpdate FlagType:bool ResolutionDetail:{Variant:default Reason:STATIC ErrorCode: ErrorMessage: FlagMetadata:map[]}}}"
logger=plugins.update.checker t=2026-07-21T09:13:25.287386912Z level=info msg="Update check succeeded" duration=58.119904ms
logger=plugins.update.checker t=2026-07-21T09:13:25.287392962Z level=info msg="flag evaluation succeeded" flag="{Value:false EvaluationDetails:{FlagKey:pluginsAutoUpdate FlagType:bool ResolutionDetail:{Variant:default Reason:STATIC ErrorCode: ErrorMessage: FlagMetadata:map[]}}}" details="{Value:false EvaluationDetails:{FlagKey:pluginsAutoUpdate FlagType:bool ResolutionDetail:{Variant:default Reason:STATIC ErrorCode: ErrorMessage: FlagMetadata:map[]}}}"
