time     running waiting
16:56:03 0 0
16:56:04 0 0
16:56:05 0 0
16:56:06 0 0
16:56:07 0 0
16:56:08 0 0
16:56:09 0 0
16:56:10 0 0
16:56:11 0 0
16:56:12 0 0
16:56:13 0 0
16:56:14 0 0
16:56:15 0 0
16:56:16 0 0
16:56:17 0 0
16:56:18 0 0
16:56:19 0 0
16:56:20 0 0
16:56:21 0 0
16:56:22 0 0
16:56:23 0 0
16:56:24 0 0
16:56:25 0 0
16:56:26 0 0
16:56:27 0 0
16:56:28 0 0
16:56:29 0 0
16:56:30 0 0
16:56:31 0 0
16:56:32 0 0
16:56:33 0 0
16:56:34 0 0
16:56:35 0 0
16:56:36 0 0
16:56:37 0 0
16:56:38 0 0
16:56:39 0 0
16:56:40 0 0
16:56:41 0 0
16:56:42 0 0
16:56:43 0 0
16:56:44 0 0
16:56:45 0 0
16:56:46 0 0
16:56:47 0 0
16:56:48 0 0
16:56:49 0 0
16:56:50 0 0
16:56:51 0 0
16:56:52 0 0
16:56:53 0 0
16:56:54 0 0
16:56:55 0 0
16:56:56 0 0
16:56:57 0 0
16:56:58 0 0
16:56:59 0 0
16:57:00 0 0
16:57:01 0 0
16:57:02 0 0
16:57:03 0 0
16:57:04 0 0
16:57:05 0 0
16:57:06 0 0
16:57:07 0 0
16:57:08 0 0
16:57:09 0 0
16:57:10 0 0
16:57:11 0 0
16:57:12 0 0
16:57:13 0 0
16:57:14 0 0
16:57:15 0 0
16:57:16 0 0
16:57:17 0 0
16:57:18 0 0
16:57:19 0 0
16:57:20 0 0
16:57:21 0 0
16:57:22 0 0
16:57:23 0 0
16:57:24 0 0
16:57:25 0 0
16:57:26 0 0
16:57:27 0 0
16:57:28 0 0
16:57:29 0 0
16:57:30 0 0
16:57:31 0 0
16:57:32 0 0
16:57:33 1 0
16:57:34 1 0
16:57:35 0 0
16:57:36 1 0
16:57:37 1 0
16:57:38 2 0
16:57:39 1 0
16:57:40 2 0
16:57:41 3 0
16:57:42 4 1
16:57:43 5 0
16:57:44 4 2
16:57:45 5 1
16:57:46 6 0
16:57:47 7 1
16:57:48 8 0
16:57:49 6 0
16:57:50 1 0
16:57:51 2 2
16:57:52 3 0
16:57:53 4 3
16:57:54 5 2
16:57:55 6 2
16:57:56 7 1
16:57:57 8 0
16:57:58 6 0
16:57:59 6 0
16:58:00 7 1
16:58:01 8 0
16:58:02 5 0
16:58:03 4 0
16:58:04 5 1
16:58:05 6 0
16:58:06 6 1
16:58:07 7 0
16:58:08 7 1
16:58:09 7 0
16:58:10 4 1
16:58:11 5 1
16:58:12 6 0
16:58:13 7 1
16:58:14 8 0
16:58:15 6 0
16:58:16 5 0
16:58:17 6 1
16:58:18 7 0
16:58:19 8 0
16:58:20 6 0
16:58:21 6 0
16:58:22 7 1
16:58:23 8 0
16:58:24 3 0
16:58:26 3 0
16:58:27 4 1
16:58:28 5 0
16:58:29 5 2
16:58:30 6 1
16:58:31 7 1
16:58:32 8 0
16:58:33 3 0
16:58:34 3 0
16:58:35 4 1
16:58:36 5 3
16:58:37 6 1
16:58:38 6 0
16:58:39 7 0
16:58:40 7 0
16:58:41 6 0
16:58:42 7 0
16:58:43 8 0
16:58:44 7 0
16:58:45 5 0
16:58:46 5 1
16:58:47 5 1
16:58:48 5 1
16:58:49 6 1
16:58:50 7 1
16:58:51 8 0
16:58:52 4 0
16:58:53 2 0
16:58:54 3 1
16:58:55 4 0
16:58:56 5 3
16:58:57 6 2
16:58:58 8 0
16:58:59 7 0
16:59:00 4 0
16:59:01 5 1
16:59:02 5 0
16:59:03 7 0
16:59:04 7 1
16:59:05 8 0
16:59:06 6 0
16:59:07 6 0
16:59:08 7 1
16:59:09 8 0
16:59:10 7 0
16:59:11 3 0
16:59:12 4 1
16:59:13 5 0
16:59:14 5 2
16:59:15 6 1
16:59:16 7 1
16:59:17 8 0
16:59:18 6 0
16:59:19 6 0
16:59:20 5 1
16:59:21 6 0
16:59:22 6 1
16:59:23 7 1
16:59:24 7 0
16:59:25 5 0
16:59:26 5 1
16:59:27 6 0
16:59:28 7 1
16:59:29 8 0
16:59:30 6 0
16:59:31 5 0
16:59:32 6 2
16:59:33 7 1
16:59:34 8 0
16:59:35 7 0
16:59:36 5 0
16:59:37 5 1
16:59:38 6 1
16:59:39 7 1
16:59:40 8 0
16:59:41 4 0
16:59:42 2 0
16:59:43 4 0
16:59:44 4 0
16:59:45 5 3
16:59:46 6 2
16:59:47 7 1
16:59:48 8 0
16:59:49 7 0
16:59:50 5 0
16:59:51 6 1
16:59:52 7 0
16:59:53 7 0
16:59:54 8 0
16:59:55 8 0
16:59:56 3 0
16:59:57 3 2
16:59:58 5 1
16:59:59 6 2
17:00:00 7 1
17:00:01 8 0
17:00:02 6 0
17:00:03 5 0
17:00:04 2 0
17:00:05 0 0
17:00:06 0 0
17:00:07 0 0
17:00:08 0 0
17:00:09 0 0
17:00:10 0 0
17:00:11 0 0
17:00:12 0 0
17:00:13 0 0
17:00:14 0 0
17:00:15 0 0
17:00:16 0 0
17:00:17 0 0
17:00:18 0 0
17:00:19 0 0
17:00:20 0 0
17:00:21 0 0
17:00:22 0 0
17:00:23 0 0
17:00:24 0 0
17:00:25 0 0
17:00:26 0 0
17:00:27 0 0
17:00:28 0 0
17:00:29 0 0
17:00:30 0 0
17:00:31 0 0
17:00:32 0 0
17:00:33 0 0
17:00:34 0 0
17:00:35 0 0
17:00:36 0 0
17:00:37 0 0
17:00:38 0 0
17:00:39 0 0
17:00:40 0 0
17:00:41 0 0
17:00:42 0 0
17:00:43 0 0
17:00:44 0 0
17:00:45 0 0
17:00:46 0 0
17:00:47 0 0
17:00:48 0 0
17:00:49 0 0
