time     running waiting
14:47:23 0 0
14:47:24 0 0
14:47:25 0 0
14:47:26 0 0
14:47:27 0 0
14:47:28 0 0
14:47:29 0 0
14:47:30 0 0
14:47:31 0 0
14:47:32 0 0
14:47:33 0 0
14:47:34 0 0
14:47:35 0 0
14:47:36 0 0
14:47:37 0 0
14:47:38 0 0
14:47:39 0 0
14:47:40 0 0
14:47:41 0 0
14:47:42 0 0
14:47:43 0 0
14:47:44 0 0
14:47:45 0 0
14:47:46 0 0
14:47:47 0 0
14:47:48 0 0
14:47:49 0 0
14:47:50 0 0
14:47:51 0 0
14:47:52 0 0
14:47:53 0 0
14:47:54 0 0
14:47:55 0 0
14:47:56 0 0
14:47:57 0 0
14:47:58 0 0
14:47:59 0 0
14:48:00 0 0
14:48:01 0 0
14:48:02 0 0
14:48:03 0 0
14:48:04 0 0
14:48:05 0 0
14:48:06 0 0
14:48:07 0 0
14:48:08 0 0
14:48:09 0 0
14:48:10 0 0
14:48:11 0 0
14:48:12 0 0
14:48:13 0 0
14:48:14 0 0
14:48:15 0 0
14:48:16 0 0
14:48:17 0 0
14:48:18 0 0
14:48:19 0 0
14:48:20 0 0
14:48:21 0 0
14:48:22 0 0
14:48:23 0 0
14:48:24 0 0
14:48:25 0 0
14:48:26 0 0
14:48:27 0 0
14:48:28 0 0
14:48:29 0 0
14:48:30 0 0
14:48:31 0 0
14:48:32 0 0
14:48:33 0 0
14:48:34 0 0
14:48:35 0 0
14:48:36 0 0
14:48:37 0 0
14:48:38 0 0
14:48:39 0 0
14:48:40 0 0
14:48:41 0 0
14:48:42 0 0
14:48:43 0 0
14:48:44 0 0
14:48:45 0 0
14:48:46 0 0
14:48:47 0 0
14:48:48 0 0
14:48:49 0 0
14:48:50 0 0
14:48:51 0 0
14:48:52 0 0
14:48:53 0 0
14:48:54 0 0
14:48:55 1 0
14:48:56 0 0
14:48:57 1 0
14:48:58 0 0
14:48:59 1 0
14:49:00 0 0
14:49:01 0 0
14:49:02 0 0
14:49:03 1 0
14:49:04 0 0
14:49:05 0 0
14:49:06 0 0
14:49:07 0 0
14:49:08 0 0
14:49:09 2 0
14:49:10 2 0
14:49:11 2 0
14:49:12 3 0
14:49:13 4 0
14:49:14 3 0
14:49:15 3 0
14:49:16 4 0
14:49:17 5 1
14:49:18 5 1
14:49:19 6 1
14:49:20 7 0
14:49:21 4 0
14:49:22 1 0
14:49:23 2 0
14:49:24 2 1
14:49:25 3 0
14:49:26 3 0
14:49:27 3 0
14:49:28 1 0
14:49:29 0 0
14:49:30 2 0
14:49:31 2 0
14:49:32 3 0
14:49:33 4 0
14:49:34 3 0
14:49:35 1 0
14:49:36 0 0
14:49:37 0 0
14:49:38 2 0
14:49:39 2 0
14:49:40 1 0
14:49:41 1 0
14:49:42 0 0
14:49:43 0 0
14:49:44 0 0
14:49:45 0 0
14:49:46 1 0
14:49:47 1 0
14:49:48 0 0
14:49:49 0 0
14:49:50 1 0
14:49:51 0 0
14:49:52 0 0
14:49:53 0 0
14:49:54 0 0
14:49:55 0 0
14:49:56 1 0
14:49:57 2 0
14:49:58 2 0
14:49:59 1 0
14:50:00 2 0
14:50:01 3 1
14:50:02 4 0
14:50:03 4 0
14:50:04 2 0
14:50:05 3 0
14:50:06 4 0
14:50:07 3 0
14:50:08 4 0
14:50:09 5 0
14:50:10 3 0
14:50:11 1 0
14:50:12 0 0
14:50:13 0 0
14:50:14 1 0
14:50:15 2 0
14:50:16 3 0
14:50:17 3 0
14:50:18 1 0
14:50:19 2 0
14:50:20 1 0
14:50:21 0 0
14:50:22 2 0
14:50:23 3 0
14:50:24 3 0
14:50:25 2 0
14:50:26 0 0
14:50:27 0 0
14:50:28 2 0
14:50:29 3 0
14:50:30 2 0
14:50:31 0 0
14:50:32 0 0
14:50:33 2 0
14:50:34 2 0
14:50:35 0 0
14:50:36 0 0
14:50:37 1 0
14:50:38 0 0
14:50:39 0 0
14:50:40 0 0
14:50:41 2 0
14:50:42 3 0
14:50:43 1 0
14:50:44 1 0
14:50:45 0 0
14:50:46 0 0
14:50:47 1 0
14:50:48 0 0
14:50:49 0 0
14:50:50 0 0
14:50:51 1 0
14:50:52 2 0
14:50:53 3 0
14:50:54 2 0
14:50:55 3 0
14:50:56 4 0
14:50:57 5 1
14:50:58 5 1
14:50:59 5 0
14:51:00 6 0
14:51:01 7 0
14:51:02 7 0
14:51:03 8 0
14:51:04 6 0
14:51:05 0 0
14:51:06 1 0
14:51:07 1 0
14:51:08 1 0
14:51:09 0 0
14:51:10 0 0
14:51:11 0 0
14:51:12 3 0
14:51:13 4 0
14:51:14 4 1
14:51:15 4 1
14:51:16 5 0
14:51:17 4 0
14:51:18 3 0
14:51:19 1 0
14:51:20 0 0
14:51:21 2 0
14:51:22 3 1
14:51:23 4 0
14:51:24 4 0
14:51:25 5 0
14:51:26 5 0
14:51:27 4 0
14:51:28 4 0
14:51:29 5 0
14:51:30 1 0
14:51:31 2 0
14:51:32 2 0
14:51:33 2 0
14:51:34 3 0
14:51:35 4 0
14:51:36 5 0
14:51:37 3 0
14:51:38 1 0
14:51:39 0 0
14:51:40 0 0
14:51:41 0 0
14:51:42 0 0
14:51:43 2 0
14:51:45 3 0
14:51:46 3 0
14:51:47 5 0
14:51:48 5 0
14:51:49 5 0
14:51:50 5 0
14:51:51 6 0
14:51:52 6 0
14:51:53 3 0
14:51:54 0 0
14:51:55 0 0
14:51:56 0 0
14:51:57 1 0
14:51:58 1 0
14:51:59 2 0
14:52:00 0 0
14:52:01 0 0
14:52:02 0 0
14:52:03 0 0
14:52:04 1 0
14:52:05 0 0
14:52:06 2 0
14:52:07 2 0
14:52:08 2 0
14:52:09 2 0
14:52:10 3 0
14:52:11 2 0
14:52:12 1 0
14:52:13 1 0
14:52:14 2 0
14:52:15 2 0
14:52:16 1 0
14:52:17 2 0
14:52:18 3 1
14:52:19 4 0
14:52:20 5 0
14:52:21 6 0
14:52:22 6 1
14:52:23 7 0
14:52:24 8 0
14:52:25 7 0
14:52:26 3 0
14:52:27 0 0
14:52:28 0 0
14:52:29 2 0
14:52:30 3 0
14:52:31 4 0
14:52:32 4 0
14:52:33 3 0
14:52:34 1 0
14:52:35 2 0
14:52:36 3 0
14:52:37 4 0
14:52:38 4 0
14:52:39 4 0
14:52:40 3 0
14:52:41 4 0
14:52:42 5 1
14:52:43 6 0
14:52:44 7 1
14:52:45 8 0
14:52:46 5 0
14:52:47 3 0
14:52:48 1 0
14:52:49 0 0
14:52:50 1 0
14:52:51 1 0
14:52:52 0 0
14:52:53 0 0
14:52:54 0 0
14:52:55 0 0
14:52:56 0 0
14:52:57 0 0
14:52:58 1 0
14:52:59 1 0
14:53:00 0 0
14:53:01 1 0
14:53:02 1 0
14:53:03 1 0
14:53:04 1 0
14:53:05 2 0
14:53:06 1 0
14:53:07 0 0
14:53:08 0 0
14:53:09 0 0
14:53:10 0 0
14:53:11 0 0
14:53:12 0 0
14:53:13 0 0
14:53:14 0 0
14:53:15 0 0
14:53:16 0 0
14:53:17 0 0
14:53:18 0 0
14:53:19 0 0
14:53:20 0 0
14:53:21 0 0
14:53:22 0 0
14:53:23 0 0
14:53:24 0 0
14:53:25 0 0
14:53:26 0 0
14:53:27 0 0
14:53:28 0 0
14:53:29 0 0
14:53:30 0 0
14:53:31 0 0
14:53:32 0 0
14:53:33 0 0
14:53:34 0 0
14:53:35 0 0
14:53:36 0 0
14:53:37 0 0
14:53:38 0 0
14:53:39 0 0
14:53:40 0 0
14:53:41 0 0
14:53:42 0 0
14:53:43 0 0
14:53:44 0 0
14:53:45 0 0
14:53:46 0 0
14:53:47 0 0
14:53:48 0 0
14:53:49 0 0
14:53:50 0 0
14:53:51 0 0
